[2025-08-20 22:56:23] Fold 1
[2025-08-20 22:56:23] ----------------------------------------------------------------------------------------------------
[2025-08-20 22:56:24] ANN_model saved with Val_ACC: 0.5181
[2025-08-20 22:56:24] ----------------------------------------------------------------------------------------------------
[2025-08-20 22:56:24] fold_1: Epoch [1/10], Loss: 0.7023, ACC: 0.5181, AUC: 0.5184
[2025-08-20 22:56:25] ANN_model saved with Val_ACC: 0.7479
[2025-08-20 22:56:25] ----------------------------------------------------------------------------------------------------
[2025-08-20 22:56:25] ANN_model saved with Val_ACC: 0.7911
[2025-08-20 22:56:25] ----------------------------------------------------------------------------------------------------
[2025-08-20 22:56:25] ANN_model saved with Val_ACC: 0.8044
[2025-08-20 22:56:25] ----------------------------------------------------------------------------------------------------
[2025-08-20 22:56:26] ANN_model saved with Val_ACC: 0.8076
[2025-08-20 22:56:26] ----------------------------------------------------------------------------------------------------
[2025-08-20 22:56:26] ANN_model saved with Val_ACC: 0.8279
[2025-08-20 22:56:26] ----------------------------------------------------------------------------------------------------
[2025-08-20 22:56:26] ANN_model saved with Val_ACC: 0.8349
[2025-08-20 22:56:26] ----------------------------------------------------------------------------------------------------
[2025-08-20 22:56:27] ANN_model saved with Val_ACC: 0.8451
[2025-08-20 22:56:27] ----------------------------------------------------------------------------------------------------
[2025-08-20 22:56:27] ANN_model saved with Val_ACC: 0.8590
[2025-08-20 22:56:27] ----------------------------------------------------------------------------------------------------
[2025-08-20 22:56:28] ANN_model saved with Val_ACC: 0.8679
[2025-08-20 22:56:28] ----------------------------------------------------------------------------------------------------
[2025-08-20 22:57:43] Finall ensemble results of fold_1 for MACSynDCR:
[2025-08-20 22:57:43] ----------------------------------------------------------------------------------------------------
[2025-08-20 22:57:43] Ensemble Accuracy: 0.8876, AUC-ROC: 0.9545, 
Ensemble AUC-PR: 0.9559, Precision: 0.8863, 
Ensemble Recall: 0.8875, F1 Score: 0.8869, 
Ensemble RMSE: 13.3041
[2025-08-20 22:57:43] ----------------------------------------------------------------------------------------------------
[2025-08-20 22:57:43] Fold 2
[2025-08-20 22:57:43] ----------------------------------------------------------------------------------------------------
[2025-08-20 22:57:43] ANN_model saved with Val_ACC: 0.4997
[2025-08-20 22:57:43] ----------------------------------------------------------------------------------------------------
[2025-08-20 22:57:43] fold_2: Epoch [1/10], Loss: 0.6905, ACC: 0.4997, AUC: 0.5142
[2025-08-20 22:57:44] ANN_model saved with Val_ACC: 0.7670
[2025-08-20 22:57:44] ----------------------------------------------------------------------------------------------------
[2025-08-20 22:57:44] ANN_model saved with Val_ACC: 0.8216
[2025-08-20 22:57:44] ----------------------------------------------------------------------------------------------------
[2025-08-20 22:57:44] ANN_model saved with Val_ACC: 0.8324
[2025-08-20 22:57:44] ----------------------------------------------------------------------------------------------------
[2025-08-20 22:57:45] ANN_model saved with Val_ACC: 0.8419
[2025-08-20 22:57:45] ----------------------------------------------------------------------------------------------------
[2025-08-20 22:57:45] ANN_model saved with Val_ACC: 0.8457
[2025-08-20 22:57:45] ----------------------------------------------------------------------------------------------------
[2025-08-20 22:57:46] ANN_model saved with Val_ACC: 0.8470
[2025-08-20 22:57:46] ----------------------------------------------------------------------------------------------------
[2025-08-20 22:57:46] ANN_model saved with Val_ACC: 0.8629
[2025-08-20 22:57:46] ----------------------------------------------------------------------------------------------------
[2025-08-20 22:57:47] ANN_model saved with Val_ACC: 0.8654
[2025-08-20 22:57:47] ----------------------------------------------------------------------------------------------------
[2025-08-20 22:57:47] ANN_model saved with Val_ACC: 0.8698
[2025-08-20 22:57:47] ----------------------------------------------------------------------------------------------------
[2025-08-20 22:59:00] Finall ensemble results of fold_2 for MACSynDCR:
[2025-08-20 22:59:00] ----------------------------------------------------------------------------------------------------
[2025-08-20 22:59:00] Ensemble Accuracy: 0.8965, AUC-ROC: 0.9554, 
Ensemble AUC-PR: 0.9493, Precision: 0.8953, 
Ensemble Recall: 0.8942, F1 Score: 0.8948, 
Ensemble RMSE: 12.7671
[2025-08-20 22:59:00] ----------------------------------------------------------------------------------------------------
[2025-08-20 22:59:00] Fold 3
[2025-08-20 22:59:00] ----------------------------------------------------------------------------------------------------
[2025-08-20 22:59:00] ANN_model saved with Val_ACC: 0.5257
[2025-08-20 22:59:00] ----------------------------------------------------------------------------------------------------
[2025-08-20 22:59:00] fold_3: Epoch [1/10], Loss: 0.6943, ACC: 0.5257, AUC: 0.5160
[2025-08-20 22:59:01] ANN_model saved with Val_ACC: 0.7524
[2025-08-20 22:59:01] ----------------------------------------------------------------------------------------------------
[2025-08-20 22:59:01] ANN_model saved with Val_ACC: 0.8108
[2025-08-20 22:59:01] ----------------------------------------------------------------------------------------------------
[2025-08-20 22:59:02] ANN_model saved with Val_ACC: 0.8286
[2025-08-20 22:59:02] ----------------------------------------------------------------------------------------------------
[2025-08-20 22:59:02] ANN_model saved with Val_ACC: 0.8368
[2025-08-20 22:59:02] ----------------------------------------------------------------------------------------------------
[2025-08-20 22:59:02] ANN_model saved with Val_ACC: 0.8508
[2025-08-20 22:59:02] ----------------------------------------------------------------------------------------------------
[2025-08-20 22:59:03] ANN_model saved with Val_ACC: 0.8578
[2025-08-20 22:59:03] ----------------------------------------------------------------------------------------------------
[2025-08-20 22:59:03] ANN_model saved with Val_ACC: 0.8629
[2025-08-20 22:59:03] ----------------------------------------------------------------------------------------------------
[2025-08-20 22:59:04] ANN_model saved with Val_ACC: 0.8686
[2025-08-20 22:59:04] ----------------------------------------------------------------------------------------------------
[2025-08-20 22:59:04] ANN_model saved with Val_ACC: 0.8768
[2025-08-20 22:59:04] ----------------------------------------------------------------------------------------------------
[2025-08-20 23:00:14] Finall ensemble results of fold_3 for MACSynDCR:
[2025-08-20 23:00:14] ----------------------------------------------------------------------------------------------------
[2025-08-20 23:00:14] Ensemble Accuracy: 0.8921, AUC-ROC: 0.9538, 
Ensemble AUC-PR: 0.9456, Precision: 0.8764, 
Ensemble Recall: 0.9061, F1 Score: 0.8910, 
Ensemble RMSE: 13.0384
[2025-08-20 23:00:14] ----------------------------------------------------------------------------------------------------
[2025-08-20 23:00:14] Fold 4
[2025-08-20 23:00:14] ----------------------------------------------------------------------------------------------------
[2025-08-20 23:00:14] ANN_model saved with Val_ACC: 0.5035
[2025-08-20 23:00:14] ----------------------------------------------------------------------------------------------------
[2025-08-20 23:00:15] fold_4: Epoch [1/10], Loss: 0.7062, ACC: 0.5035, AUC: 0.5111
[2025-08-20 23:00:15] ANN_model saved with Val_ACC: 0.7257
[2025-08-20 23:00:15] ----------------------------------------------------------------------------------------------------
[2025-08-20 23:00:15] ANN_model saved with Val_ACC: 0.8095
[2025-08-20 23:00:15] ----------------------------------------------------------------------------------------------------
[2025-08-20 23:00:16] ANN_model saved with Val_ACC: 0.8216
[2025-08-20 23:00:16] ----------------------------------------------------------------------------------------------------
[2025-08-20 23:00:16] ANN_model saved with Val_ACC: 0.8349
[2025-08-20 23:00:16] ----------------------------------------------------------------------------------------------------
[2025-08-20 23:00:16] ANN_model saved with Val_ACC: 0.8476
[2025-08-20 23:00:16] ----------------------------------------------------------------------------------------------------
[2025-08-20 23:00:17] ANN_model saved with Val_ACC: 0.8616
[2025-08-20 23:00:17] ----------------------------------------------------------------------------------------------------
[2025-08-20 23:00:18] ANN_model saved with Val_ACC: 0.8654
[2025-08-20 23:00:18] ----------------------------------------------------------------------------------------------------
[2025-08-20 23:00:19] ANN_model saved with Val_ACC: 0.8717
[2025-08-20 23:00:19] ----------------------------------------------------------------------------------------------------
[2025-08-20 23:00:19] ANN_model saved with Val_ACC: 0.8762
[2025-08-20 23:00:19] ----------------------------------------------------------------------------------------------------
[2025-08-20 23:01:27] Finall ensemble results of fold_4 for MACSynDCR:
[2025-08-20 23:01:27] ----------------------------------------------------------------------------------------------------
[2025-08-20 23:01:27] Ensemble Accuracy: 0.9067, AUC-ROC: 0.9578, 
Ensemble AUC-PR: 0.9567, Precision: 0.9080, 
Ensemble Recall: 0.9091, F1 Score: 0.9085, 
Ensemble RMSE: 12.1244
[2025-08-20 23:01:27] ----------------------------------------------------------------------------------------------------
[2025-08-20 23:01:27] Fold 5
[2025-08-20 23:01:27] ----------------------------------------------------------------------------------------------------
[2025-08-20 23:01:27] ANN_model saved with Val_ACC: 0.4968
[2025-08-20 23:01:27] ----------------------------------------------------------------------------------------------------
[2025-08-20 23:01:27] fold_5: Epoch [1/10], Loss: 0.7016, ACC: 0.4968, AUC: 0.4853
[2025-08-20 23:01:28] ANN_model saved with Val_ACC: 0.7618
[2025-08-20 23:01:28] ----------------------------------------------------------------------------------------------------
[2025-08-20 23:01:28] ANN_model saved with Val_ACC: 0.8050
[2025-08-20 23:01:28] ----------------------------------------------------------------------------------------------------
[2025-08-20 23:01:28] ANN_model saved with Val_ACC: 0.8202
[2025-08-20 23:01:28] ----------------------------------------------------------------------------------------------------
[2025-08-20 23:01:29] ANN_model saved with Val_ACC: 0.8386
[2025-08-20 23:01:29] ----------------------------------------------------------------------------------------------------
[2025-08-20 23:01:29] ANN_model saved with Val_ACC: 0.8571
[2025-08-20 23:01:29] ----------------------------------------------------------------------------------------------------
[2025-08-20 23:01:30] ANN_model saved with Val_ACC: 0.8640
[2025-08-20 23:01:30] ----------------------------------------------------------------------------------------------------
[2025-08-20 23:01:30] ANN_model saved with Val_ACC: 0.8691
[2025-08-20 23:01:30] ----------------------------------------------------------------------------------------------------
[2025-08-20 23:01:30] ANN_model saved with Val_ACC: 0.8787
[2025-08-20 23:01:30] ----------------------------------------------------------------------------------------------------
[2025-08-20 23:01:31] ANN_model saved with Val_ACC: 0.8818
[2025-08-20 23:01:31] ----------------------------------------------------------------------------------------------------
[2025-08-20 23:02:39] Finall ensemble results of fold_5 for MACSynDCR:
[2025-08-20 23:02:39] ----------------------------------------------------------------------------------------------------
[2025-08-20 23:02:39] Ensemble Accuracy: 0.9053, AUC-ROC: 0.9587, 
Ensemble AUC-PR: 0.9574, Precision: 0.9145, 
Ensemble Recall: 0.8974, F1 Score: 0.9059, 
Ensemble RMSE: 12.2066
[2025-08-20 23:02:39] ----------------------------------------------------------------------------------------------------
[2025-08-20 23:02:39] ****************************************************************************************************
[2025-08-20 23:02:39] *          Final MACSynCDR Results:
[2025-08-20 23:02:39] ****************************************************************************************************
[2025-08-20 23:02:39]  AUC: 0.9561 ± 0.0019
[2025-08-20 23:02:39]  Accuracy: 0.8976 ± 0.0074
[2025-08-20 23:02:39]  AUC-PR: 0.9530 ± 0.0047
[2025-08-20 23:02:39]  Precision: 0.8961 ± 0.0139
[2025-08-20 23:02:39]  Recall: 0.8989 ± 0.0079
[2025-08-20 23:02:39]  F1: 0.8974 ± 0.0084
[2025-08-20 23:02:39]  RMSE: 12.6881 ± 0.4600
[2025-08-20 23:02:39]  PCC: 0.8272 ± 0.0099



C:\Users\srahaman2\Documents\PhD research\MACSynDCR\LapMGAN>python MACSynDCR_CV_RUN_with_LMGAN_shape.py --epoch 10 --suffix Ablation_FP
2025-08-20 22:56:14.212862: I tensorflow/core/util/port.cc:153] oneDNN custom operations are on. You may see slightly different numerical results due to floating-point round-off errors from different computation orders. To turn them off, set the environment variable `TF_ENABLE_ONEDNN_OPTS=0`.
2025-08-20 22:56:15.173375: I tensorflow/core/util/port.cc:153] oneDNN custom operations are on. You may see slightly different numerical results due to floating-point round-off errors from different computation orders. To turn them off, set the environment variable `TF_ENABLE_ONEDNN_OPTS=0`.
Fold 1
Data processing and Training of MACSynDCR_ANN model:
ANN_model saved with Val_ACC: 0.5181 Val_AUC: 0.5184
fold_1: Epoch [1/10], Loss: 0.7023, Val_ACC: 0.5181, Val_AUC: 0.5184
ANN_model saved with Val_ACC: 0.7479 Val_AUC: 0.8196
ANN_model saved with Val_ACC: 0.7911 Val_AUC: 0.8728
ANN_model saved with Val_ACC: 0.8044 Val_AUC: 0.8922
ANN_model saved with Val_ACC: 0.8076 Val_AUC: 0.9038
ANN_model saved with Val_ACC: 0.8279 Val_AUC: 0.9116
ANN_model saved with Val_ACC: 0.8349 Val_AUC: 0.9194
ANN_model saved with Val_ACC: 0.8451 Val_AUC: 0.9280
ANN_model saved with Val_ACC: 0.8590 Val_AUC: 0.9356
ANN_model saved with Val_ACC: 0.8679 Val_AUC: 0.9386
Accuracy: 0.8679, AUC-ROC: 0.9386
 AUC-PR: 0.9396, Precision: 0.8633, Recall: 0.8721, F1 Score: 0.8677
RMSE: 12.4056 , PCC: 0.7816
Data processing and Training of MACSynDCR_ANN model:
2025-08-20 22:56:28.514275: I tensorflow/core/platform/cpu_feature_guard.cc:210] This TensorFlow binary is optimized to use available CPU instructions in performance-critical operations.
To enable the following instructions: AVX2 FMA, in other operations, rebuild TensorFlow with the appropriate compiler flags.
MACSynDCR_ANN model:
Model: "sequential"
????????????????????????????????????????????????????????????????????????????????????????
? Layer (type)                         ? Output Shape                ?         Param # ?
????????????????????????????????????????????????????????????????????????????????????????
¦ dense (Dense)                        ¦ (None, 2048)                ¦       4,458,496 ¦
+--------------------------------------+-----------------------------+-----------------¦
¦ batch_normalization                  ¦ (None, 2048)                ¦           8,192 ¦
¦ (BatchNormalization)                 ¦                             ¦                 ¦
+--------------------------------------+-----------------------------+-----------------¦
¦ dense_1 (Dense)                      ¦ (None, 1024)                ¦       2,098,176 ¦
+--------------------------------------+-----------------------------+-----------------¦
¦ batch_normalization_1                ¦ (None, 1024)                ¦           4,096 ¦
¦ (BatchNormalization)                 ¦                             ¦                 ¦
+--------------------------------------+-----------------------------+-----------------¦
¦ dense_2 (Dense)                      ¦ (None, 512)                 ¦         524,800 ¦
+--------------------------------------+-----------------------------+-----------------¦
¦ batch_normalization_2                ¦ (None, 512)                 ¦           2,048 ¦
¦ (BatchNormalization)                 ¦                             ¦                 ¦
+--------------------------------------+-----------------------------+-----------------¦
¦ dense_3 (Dense)                      ¦ (None, 256)                 ¦         131,328 ¦
+--------------------------------------+-----------------------------+-----------------¦
¦ batch_normalization_3                ¦ (None, 256)                 ¦           1,024 ¦
¦ (BatchNormalization)                 ¦                             ¦                 ¦
+--------------------------------------+-----------------------------+-----------------¦
¦ dense_4 (Dense)                      ¦ (None, 128)                 ¦          32,896 ¦
+--------------------------------------+-----------------------------+-----------------¦
¦ batch_normalization_4                ¦ (None, 128)                 ¦             512 ¦
¦ (BatchNormalization)                 ¦                             ¦                 ¦
+--------------------------------------+-----------------------------+-----------------¦
¦ dense_5 (Dense)                      ¦ (None, 2)                   ¦             258 ¦
+--------------------------------------------------------------------------------------+
 Total params: 7,261,826 (27.70 MB)
 Trainable params: 7,253,890 (27.67 MB)
 Non-trainable params: 7,936 (31.00 KB)
Epoch 1/10
49/50 ???????????????????? 0s 46ms/step - acc: 0.7265 - auc: 0.8005 - loss: 0.6426
Epoch 1: val_auc improved from -inf to 0.75233, saving model to saved_models/best_MACSynDCR_ANN_model.keras
50/50 ???????????????????? 6s 67ms/step - acc: 0.7289 - auc: 0.8030 - loss: 0.6369 - val_acc: 0.6730 - val_auc: 0.7523 - val_loss: 0.6999
Epoch 2/10
50/50 ???????????????????? 0s 47ms/step - acc: 0.8824 - auc: 0.9506 - loss: 0.2847
Epoch 2: val_auc improved from 0.75233 to 0.78846, saving model to saved_models/best_MACSynDCR_ANN_model.keras
50/50 ???????????????????? 3s 63ms/step - acc: 0.8825 - auc: 0.9506 - loss: 0.2846 - val_acc: 0.7175 - val_auc: 0.7885 - val_loss: 0.5797
Epoch 3/10
50/50 ???????????????????? 0s 46ms/step - acc: 0.9184 - auc: 0.9760 - loss: 0.2005
Epoch 3: val_auc improved from 0.78846 to 0.79776, saving model to saved_models/best_MACSynDCR_ANN_model.keras
50/50 ???????????????????? 3s 60ms/step - acc: 0.9183 - auc: 0.9759 - loss: 0.2009 - val_acc: 0.7086 - val_auc: 0.7978 - val_loss: 0.6233
Epoch 4/10
49/50 ???????????????????? 0s 46ms/step - acc: 0.9299 - auc: 0.9811 - loss: 0.1783
Epoch 4: val_auc improved from 0.79776 to 0.86342, saving model to saved_models/best_MACSynDCR_ANN_model.keras
50/50 ???????????????????? 3s 61ms/step - acc: 0.9297 - auc: 0.9811 - loss: 0.1785 - val_acc: 0.7848 - val_auc: 0.8634 - val_loss: 0.5450
Epoch 5/10
49/50 ???????????????????? 0s 46ms/step - acc: 0.9360 - auc: 0.9818 - loss: 0.1701
Epoch 5: val_auc improved from 0.86342 to 0.92320, saving model to saved_models/best_MACSynDCR_ANN_model.keras
50/50 ???????????????????? 3s 62ms/step - acc: 0.9358 - auc: 0.9817 - loss: 0.1703 - val_acc: 0.8349 - val_auc: 0.9232 - val_loss: 0.4216
Epoch 6/10
49/50 ???????????????????? 0s 46ms/step - acc: 0.9613 - auc: 0.9931 - loss: 0.1094
Epoch 6: val_auc improved from 0.92320 to 0.92393, saving model to saved_models/best_MACSynDCR_ANN_model.keras
50/50 ???????????????????? 3s 61ms/step - acc: 0.9610 - auc: 0.9930 - loss: 0.1101 - val_acc: 0.8425 - val_auc: 0.9239 - val_loss: 0.4326
Epoch 7/10
50/50 ???????????????????? 0s 46ms/step - acc: 0.9435 - auc: 0.9876 - loss: 0.1411
Epoch 7: val_auc improved from 0.92393 to 0.93544, saving model to saved_models/best_MACSynDCR_ANN_model.keras
50/50 ???????????????????? 4s 78ms/step - acc: 0.9435 - auc: 0.9875 - loss: 0.1412 - val_acc: 0.8571 - val_auc: 0.9354 - val_loss: 0.3954
Epoch 8/10
50/50 ???????????????????? 0s 47ms/step - acc: 0.9637 - auc: 0.9932 - loss: 0.1022
Epoch 8: val_auc did not improve from 0.93544
50/50 ???????????????????? 3s 50ms/step - acc: 0.9637 - auc: 0.9932 - loss: 0.1022 - val_acc: 0.8622 - val_auc: 0.9332 - val_loss: 0.4453
Epoch 9/10
49/50 ???????????????????? 0s 46ms/step - acc: 0.9775 - auc: 0.9973 - loss: 0.0647
Epoch 9: val_auc improved from 0.93544 to 0.94941, saving model to saved_models/best_MACSynDCR_ANN_model.keras
50/50 ???????????????????? 3s 61ms/step - acc: 0.9775 - auc: 0.9973 - loss: 0.0649 - val_acc: 0.8768 - val_auc: 0.9494 - val_loss: 0.3604
Epoch 10/10
49/50 ???????????????????? 0s 46ms/step - acc: 0.9809 - auc: 0.9974 - loss: 0.0573
Epoch 10: val_auc did not improve from 0.94941
50/50 ???????????????????? 2s 49ms/step - acc: 0.9809 - auc: 0.9974 - loss: 0.0574 - val_acc: 0.8686 - val_auc: 0.9405 - val_loss: 0.4154
50/50 ???????????????????? 0s 6ms/step
50/50 ???????????????????? 0s 4ms/step
ANN: Accuracy: 0.8768, AUC-ROC: 0.9522
ANN: AUC-PR: 0.9505, Precision: 0.8779,
ANN Recall: 0.8734, F1 Score: 0.8756
\ANN:RMSE: 13.9284 , PCC: 0.8002
Data processing and Training of MACSynDCR_CNN model:
MACSynDCR_CNN model:
Model: "sequential_1"
????????????????????????????????????????????????????????????????????????????????????????
? Layer (type)                         ? Output Shape                ?         Param # ?
????????????????????????????????????????????????????????????????????????????????????????
¦ conv2d (Conv2D)                      ¦ (None, 66, 30, 32)          ¦             320 ¦
+--------------------------------------+-----------------------------+-----------------¦
¦ max_pooling2d (MaxPooling2D)         ¦ (None, 33, 15, 32)          ¦               0 ¦
+--------------------------------------+-----------------------------+-----------------¦
¦ dropout (Dropout)                    ¦ (None, 33, 15, 32)          ¦               0 ¦
+--------------------------------------+-----------------------------+-----------------¦
¦ conv2d_1 (Conv2D)                    ¦ (None, 31, 13, 64)          ¦          18,496 ¦
+--------------------------------------+-----------------------------+-----------------¦
¦ max_pooling2d_1 (MaxPooling2D)       ¦ (None, 15, 6, 64)           ¦               0 ¦
+--------------------------------------+-----------------------------+-----------------¦
¦ dropout_1 (Dropout)                  ¦ (None, 15, 6, 64)           ¦               0 ¦
+--------------------------------------+-----------------------------+-----------------¦
¦ conv2d_2 (Conv2D)                    ¦ (None, 13, 4, 128)          ¦          73,856 ¦
+--------------------------------------+-----------------------------+-----------------¦
¦ max_pooling2d_2 (MaxPooling2D)       ¦ (None, 6, 2, 128)           ¦               0 ¦
+--------------------------------------+-----------------------------+-----------------¦
¦ dropout_2 (Dropout)                  ¦ (None, 6, 2, 128)           ¦               0 ¦
+--------------------------------------+-----------------------------+-----------------¦
¦ flatten (Flatten)                    ¦ (None, 1536)                ¦               0 ¦
+--------------------------------------+-----------------------------+-----------------¦
¦ dense_6 (Dense)                      ¦ (None, 128)                 ¦         196,736 ¦
+--------------------------------------+-----------------------------+-----------------¦
¦ dense_7 (Dense)                      ¦ (None, 2)                   ¦             258 ¦
+--------------------------------------------------------------------------------------+
 Total params: 289,666 (1.10 MB)
 Trainable params: 289,666 (1.10 MB)
 Non-trainable params: 0 (0.00 B)
Epoch 1/10
49/50 ???????????????????? 0s 47ms/step - acc: 0.4891 - auc: 0.4824 - loss: 0.7104
Epoch 1: val_acc improved from -inf to 0.50349, saving model to saved_models/best_MACSynDCR_CNN_model.keras
50/50 ???????????????????? 5s 58ms/step - acc: 0.4892 - auc: 0.4826 - loss: 0.7099 - val_acc: 0.5035 - val_auc: 0.5645 - val_loss: 0.6927
Epoch 2/10
50/50 ???????????????????? 0s 45ms/step - acc: 0.5134 - auc: 0.5235 - loss: 0.6924
Epoch 2: val_acc did not improve from 0.50349
50/50 ???????????????????? 3s 50ms/step - acc: 0.5133 - auc: 0.5234 - loss: 0.6925 - val_acc: 0.4965 - val_auc: 0.5258 - val_loss: 0.6923
Epoch 3/10
49/50 ???????????????????? 0s 56ms/step - acc: 0.5286 - auc: 0.5408 - loss: 0.6912
Epoch 3: val_acc improved from 0.50349 to 0.56127, saving model to saved_models/best_MACSynDCR_CNN_model.keras
50/50 ???????????????????? 3s 65ms/step - acc: 0.5295 - auc: 0.5420 - loss: 0.6910 - val_acc: 0.5613 - val_auc: 0.7051 - val_loss: 0.6607
Epoch 4/10
49/50 ???????????????????? 0s 58ms/step - acc: 0.6380 - auc: 0.7004 - loss: 0.6347
Epoch 4: val_acc improved from 0.56127 to 0.73206, saving model to saved_models/best_MACSynDCR_CNN_model.keras
50/50 ???????????????????? 5s 64ms/step - acc: 0.6395 - auc: 0.7021 - loss: 0.6334 - val_acc: 0.7321 - val_auc: 0.8200 - val_loss: 0.5268
Epoch 5/10
49/50 ???????????????????? 0s 52ms/step - acc: 0.7546 - auc: 0.8295 - loss: 0.5105
Epoch 5: val_acc improved from 0.73206 to 0.77079, saving model to saved_models/best_MACSynDCR_CNN_model.keras
50/50 ???????????????????? 3s 57ms/step - acc: 0.7548 - auc: 0.8296 - loss: 0.5103 - val_acc: 0.7708 - val_auc: 0.8502 - val_loss: 0.4844
Epoch 6/10
50/50 ???????????????????? 0s 49ms/step - acc: 0.7710 - auc: 0.8523 - loss: 0.4787
Epoch 6: val_acc improved from 0.77079 to 0.79810, saving model to saved_models/best_MACSynDCR_CNN_model.keras
50/50 ???????????????????? 3s 53ms/step - acc: 0.7712 - auc: 0.8524 - loss: 0.4785 - val_acc: 0.7981 - val_auc: 0.8739 - val_loss: 0.4475
Epoch 7/10
49/50 ???????????????????? 0s 48ms/step - acc: 0.7968 - auc: 0.8797 - loss: 0.4363
Epoch 7: val_acc improved from 0.79810 to 0.80889, saving model to saved_models/best_MACSynDCR_CNN_model.keras
50/50 ???????????????????? 3s 52ms/step - acc: 0.7969 - auc: 0.8797 - loss: 0.4363 - val_acc: 0.8089 - val_auc: 0.8863 - val_loss: 0.4319
Epoch 8/10
49/50 ???????????????????? 0s 46ms/step - acc: 0.7985 - auc: 0.8828 - loss: 0.4325
Epoch 8: val_acc did not improve from 0.80889
50/50 ???????????????????? 3s 50ms/step - acc: 0.7985 - auc: 0.8829 - loss: 0.4323 - val_acc: 0.7721 - val_auc: 0.8627 - val_loss: 0.4620
Epoch 9/10
49/50 ???????????????????? 0s 47ms/step - acc: 0.7989 - auc: 0.8841 - loss: 0.4285
Epoch 9: val_acc improved from 0.80889 to 0.81651, saving model to saved_models/best_MACSynDCR_CNN_model.keras
50/50 ???????????????????? 3s 51ms/step - acc: 0.7991 - auc: 0.8843 - loss: 0.4282 - val_acc: 0.8165 - val_auc: 0.8919 - val_loss: 0.4153
Epoch 10/10
50/50 ???????????????????? 0s 47ms/step - acc: 0.8174 - auc: 0.8998 - loss: 0.4003
Epoch 10: val_acc did not improve from 0.81651
50/50 ???????????????????? 3s 51ms/step - acc: 0.8174 - auc: 0.8998 - loss: 0.4004 - val_acc: 0.8127 - val_auc: 0.8937 - val_loss: 0.4115
50/50 ???????????????????? 0s 6ms/step
50/50 ???????????????????? 0s 4ms/step
CNN: Accuracy: 0.8165, AUC-ROC: 0.8917
CNN: AUC-PR: 0.8902, Precision: 0.8291,
CNN Recall: 0.7941, F1 Score: 0.8112
CNN:RMSE: 17.0000 , PCC: 0.6858
Evaluation of Keras MACSynDCR_ANN model:
50/50 ???????????????????? 1s 4ms/step - acc: 0.8632 - auc: 0.9408 - loss: 0.3890
Evaluate->  Loss: 0.3604, Accuracy: 0.8768,AUC: 0.9494
50/50 ???????????????????? 0s 6ms/step
197/197 ???????????????????? 1s 3ms/step
ANN: Accuracy: 0.8768, AUC-ROC: 0.9522
ANN: AUC-PR: 0.9505, Precision: 0.8779,
ANN Recall: 0.8734, F1 Score: 0.8756
ANN:RMSE: 13.9284 , PCC: 0.8002
****************************************************************************************************
Evaluation of Keras MACSynDCR_CNN model:
50/50 ???????????????????? 1s 5ms/step - acc: 0.8107 - auc: 0.8853 - loss: 0.4272
Evaluate->  Loss: 0.4153, Accuracy: 0.8165,Accuracy: 0.8919
50/50 ???????????????????? 0s 6ms/step
197/197 ???????????????????? 1s 5ms/step
CNN: Accuracy: 0.8165, AUC-ROC: 0.8917
CNN: AUC-PR: 0.8902, Precision: 0.8291,
CNN Recall: 0.7941, F1 Score: 0.8112
CNN:RMSE: 17.0000 , PCC: 0.6858
****************************************************************************************************
Accuracy Score and AUC for ANN = AUC: 0.9386, Accuracy: 0.8679
Accuracy Score and AUC for KANN = AUC: 0.9522, Accuracy: 0.8768
Accuracy Score and AUC for KCNN = AUC: 0.8917, Accuracy: 0.8165
Average AUC = AUC: 0.9493, Accuracy: 0.8756
MAX AUC = AUC: 0.9483, Accuracy: 0.8540
Fitting 5 folds for each of 14 candidates, totalling 70 fits
Finall ensemble results of fold_1 for MACSynDCR:
----------------------------------------------------------------------------------------------------
Ensemble Accuracy: 0.8876, AUC-ROC: 0.9545
Ensemble AUC-PR: 0.9559, Precision: 0.8863,
Ensemble Recall: 0.8875, F1 Score: 0.8869
Ensemble RMSE: 13.3041 , PCC: 0.8122
----------------------------------------------------------------------------------------------------
Fold 2
Data processing and Training of MACSynDCR_ANN model:
ANN_model saved with Val_ACC: 0.4997 Val_AUC: 0.5142
fold_2: Epoch [1/10], Loss: 0.6905, Val_ACC: 0.4997, Val_AUC: 0.5142
ANN_model saved with Val_ACC: 0.7670 Val_AUC: 0.8434
ANN_model saved with Val_ACC: 0.8216 Val_AUC: 0.8891
ANN_model saved with Val_ACC: 0.8324 Val_AUC: 0.9057
ANN_model saved with Val_ACC: 0.8419 Val_AUC: 0.9157
ANN_model saved with Val_ACC: 0.8457 Val_AUC: 0.9218
ANN_model saved with Val_ACC: 0.8470 Val_AUC: 0.9260
ANN_model saved with Val_ACC: 0.8629 Val_AUC: 0.9311
ANN_model saved with Val_ACC: 0.8654 Val_AUC: 0.9374
ANN_model saved with Val_ACC: 0.8698 Val_AUC: 0.9404
Accuracy: 0.8698, AUC-ROC: 0.9404
 AUC-PR: 0.9386, Precision: 0.8562, Recall: 0.8839, F1 Score: 0.8698
RMSE: 12.2179 , PCC: 0.7899
Data processing and Training of MACSynDCR_ANN model:
MACSynDCR_ANN model:
Model: "sequential_2"
????????????????????????????????????????????????????????????????????????????????????????
? Layer (type)                         ? Output Shape                ?         Param # ?
????????????????????????????????????????????????????????????????????????????????????????
¦ dense_8 (Dense)                      ¦ (None, 2048)                ¦       4,458,496 ¦
+--------------------------------------+-----------------------------+-----------------¦
¦ batch_normalization_5                ¦ (None, 2048)                ¦           8,192 ¦
¦ (BatchNormalization)                 ¦                             ¦                 ¦
+--------------------------------------+-----------------------------+-----------------¦
¦ dense_9 (Dense)                      ¦ (None, 1024)                ¦       2,098,176 ¦
+--------------------------------------+-----------------------------+-----------------¦
¦ batch_normalization_6                ¦ (None, 1024)                ¦           4,096 ¦
¦ (BatchNormalization)                 ¦                             ¦                 ¦
+--------------------------------------+-----------------------------+-----------------¦
¦ dense_10 (Dense)                     ¦ (None, 512)                 ¦         524,800 ¦
+--------------------------------------+-----------------------------+-----------------¦
¦ batch_normalization_7                ¦ (None, 512)                 ¦           2,048 ¦
¦ (BatchNormalization)                 ¦                             ¦                 ¦
+--------------------------------------+-----------------------------+-----------------¦
¦ dense_11 (Dense)                     ¦ (None, 256)                 ¦         131,328 ¦
+--------------------------------------+-----------------------------+-----------------¦
¦ batch_normalization_8                ¦ (None, 256)                 ¦           1,024 ¦
¦ (BatchNormalization)                 ¦                             ¦                 ¦
+--------------------------------------+-----------------------------+-----------------¦
¦ dense_12 (Dense)                     ¦ (None, 128)                 ¦          32,896 ¦
+--------------------------------------+-----------------------------+-----------------¦
¦ batch_normalization_9                ¦ (None, 128)                 ¦             512 ¦
¦ (BatchNormalization)                 ¦                             ¦                 ¦
+--------------------------------------+-----------------------------+-----------------¦
¦ dense_13 (Dense)                     ¦ (None, 2)                   ¦             258 ¦
+--------------------------------------------------------------------------------------+
 Total params: 7,261,826 (27.70 MB)
 Trainable params: 7,253,890 (27.67 MB)
 Non-trainable params: 7,936 (31.00 KB)
Epoch 1/10
49/50 ???????????????????? 0s 49ms/step - acc: 0.7180 - auc: 0.8003 - loss: 0.6410
Epoch 1: val_auc improved from -inf to 0.70752, saving model to saved_models/best_MACSynDCR_ANN_model.keras
50/50 ???????????????????? 7s 70ms/step - acc: 0.7204 - auc: 0.8027 - loss: 0.6352 - val_acc: 0.5937 - val_auc: 0.7075 - val_loss: 0.8258
Epoch 2/10
49/50 ???????????????????? 0s 48ms/step - acc: 0.8812 - auc: 0.9522 - loss: 0.2815
Epoch 2: val_auc improved from 0.70752 to 0.71697, saving model to saved_models/best_MACSynDCR_ANN_model.keras
50/50 ???????????????????? 3s 62ms/step - acc: 0.8812 - auc: 0.9522 - loss: 0.2816 - val_acc: 0.5968 - val_auc: 0.7170 - val_loss: 0.9521
Epoch 3/10
50/50 ???????????????????? 0s 50ms/step - acc: 0.9156 - auc: 0.9702 - loss: 0.2209
Epoch 3: val_auc improved from 0.71697 to 0.83197, saving model to saved_models/best_MACSynDCR_ANN_model.keras
50/50 ???????????????????? 3s 65ms/step - acc: 0.9155 - auc: 0.9701 - loss: 0.2210 - val_acc: 0.7486 - val_auc: 0.8320 - val_loss: 0.5426
Epoch 4/10
49/50 ???????????????????? 0s 50ms/step - acc: 0.9252 - auc: 0.9811 - loss: 0.1771
Epoch 4: val_auc improved from 0.83197 to 0.90738, saving model to saved_models/best_MACSynDCR_ANN_model.keras
50/50 ???????????????????? 3s 65ms/step - acc: 0.9252 - auc: 0.9811 - loss: 0.1773 - val_acc: 0.8260 - val_auc: 0.9074 - val_loss: 0.4390
Epoch 5/10
50/50 ???????????????????? 0s 52ms/step - acc: 0.9314 - auc: 0.9828 - loss: 0.1660
Epoch 5: val_auc improved from 0.90738 to 0.92320, saving model to saved_models/best_MACSynDCR_ANN_model.keras
50/50 ???????????????????? 3s 66ms/step - acc: 0.9314 - auc: 0.9828 - loss: 0.1661 - val_acc: 0.8362 - val_auc: 0.9232 - val_loss: 0.3890
Epoch 6/10
50/50 ???????????????????? 0s 49ms/step - acc: 0.9574 - auc: 0.9925 - loss: 0.1115
Epoch 6: val_auc improved from 0.92320 to 0.94058, saving model to saved_models/best_MACSynDCR_ANN_model.keras
50/50 ???????????????????? 3s 62ms/step - acc: 0.9573 - auc: 0.9925 - loss: 0.1117 - val_acc: 0.8660 - val_auc: 0.9406 - val_loss: 0.3693
Epoch 7/10
49/50 ???????????????????? 0s 50ms/step - acc: 0.9577 - auc: 0.9923 - loss: 0.1087
Epoch 7: val_auc improved from 0.94058 to 0.94468, saving model to saved_models/best_MACSynDCR_ANN_model.keras
50/50 ???????????????????? 3s 65ms/step - acc: 0.9576 - auc: 0.9923 - loss: 0.1088 - val_acc: 0.8660 - val_auc: 0.9447 - val_loss: 0.3564
Epoch 8/10
50/50 ???????????????????? 0s 54ms/step - acc: 0.9682 - auc: 0.9950 - loss: 0.0889
Epoch 8: val_auc improved from 0.94468 to 0.94701, saving model to saved_models/best_MACSynDCR_ANN_model.keras
50/50 ???????????????????? 4s 71ms/step - acc: 0.9682 - auc: 0.9950 - loss: 0.0889 - val_acc: 0.8781 - val_auc: 0.9470 - val_loss: 0.3594
Epoch 9/10
49/50 ???????????????????? 0s 53ms/step - acc: 0.9574 - auc: 0.9894 - loss: 0.1233
Epoch 9: val_auc did not improve from 0.94701
50/50 ???????????????????? 3s 56ms/step - acc: 0.9575 - auc: 0.9895 - loss: 0.1232 - val_acc: 0.8806 - val_auc: 0.9420 - val_loss: 0.4202
Epoch 10/10
50/50 ???????????????????? 0s 48ms/step - acc: 0.9682 - auc: 0.9935 - loss: 0.0959
Epoch 10: val_auc improved from 0.94701 to 0.94903, saving model to saved_models/best_MACSynDCR_ANN_model.keras
50/50 ???????????????????? 3s 64ms/step - acc: 0.9681 - auc: 0.9935 - loss: 0.0959 - val_acc: 0.8851 - val_auc: 0.9490 - val_loss: 0.3681
50/50 ???????????????????? 0s 6ms/step
50/50 ???????????????????? 0s 4ms/step
ANN: Accuracy: 0.8851, AUC-ROC: 0.9531
ANN: AUC-PR: 0.9532, Precision: 0.8613,
ANN Recall: 0.9135, F1 Score: 0.8867
\ANN:RMSE: 13.4536 , PCC: 0.8050
Data processing and Training of MACSynDCR_CNN model:
MACSynDCR_CNN model:
Model: "sequential_3"
????????????????????????????????????????????????????????????????????????????????????????
? Layer (type)                         ? Output Shape                ?         Param # ?
????????????????????????????????????????????????????????????????????????????????????????
¦ conv2d_3 (Conv2D)                    ¦ (None, 66, 30, 32)          ¦             320 ¦
+--------------------------------------+-----------------------------+-----------------¦
¦ max_pooling2d_3 (MaxPooling2D)       ¦ (None, 33, 15, 32)          ¦               0 ¦
+--------------------------------------+-----------------------------+-----------------¦
¦ dropout_3 (Dropout)                  ¦ (None, 33, 15, 32)          ¦               0 ¦
+--------------------------------------+-----------------------------+-----------------¦
¦ conv2d_4 (Conv2D)                    ¦ (None, 31, 13, 64)          ¦          18,496 ¦
+--------------------------------------+-----------------------------+-----------------¦
¦ max_pooling2d_4 (MaxPooling2D)       ¦ (None, 15, 6, 64)           ¦               0 ¦
+--------------------------------------+-----------------------------+-----------------¦
¦ dropout_4 (Dropout)                  ¦ (None, 15, 6, 64)           ¦               0 ¦
+--------------------------------------+-----------------------------+-----------------¦
¦ conv2d_5 (Conv2D)                    ¦ (None, 13, 4, 128)          ¦          73,856 ¦
+--------------------------------------+-----------------------------+-----------------¦
¦ max_pooling2d_5 (MaxPooling2D)       ¦ (None, 6, 2, 128)           ¦               0 ¦
+--------------------------------------+-----------------------------+-----------------¦
¦ dropout_5 (Dropout)                  ¦ (None, 6, 2, 128)           ¦               0 ¦
+--------------------------------------+-----------------------------+-----------------¦
¦ flatten_1 (Flatten)                  ¦ (None, 1536)                ¦               0 ¦
+--------------------------------------+-----------------------------+-----------------¦
¦ dense_14 (Dense)                     ¦ (None, 128)                 ¦         196,736 ¦
+--------------------------------------+-----------------------------+-----------------¦
¦ dense_15 (Dense)                     ¦ (None, 2)                   ¦             258 ¦
+--------------------------------------------------------------------------------------+
 Total params: 289,666 (1.10 MB)
 Trainable params: 289,666 (1.10 MB)
 Non-trainable params: 0 (0.00 B)
Epoch 1/10
49/50 ???????????????????? 0s 54ms/step - acc: 0.4924 - auc: 0.4944 - loss: 0.7099
Epoch 1: val_acc improved from -inf to 0.49206, saving model to saved_models/best_MACSynDCR_CNN_model.keras
50/50 ???????????????????? 5s 64ms/step - acc: 0.4928 - auc: 0.4946 - loss: 0.7094 - val_acc: 0.4921 - val_auc: 0.4984 - val_loss: 0.6924
Epoch 2/10
49/50 ???????????????????? 0s 49ms/step - acc: 0.5248 - auc: 0.5414 - loss: 0.6918
Epoch 2: val_acc improved from 0.49206 to 0.68952, saving model to saved_models/best_MACSynDCR_CNN_model.keras
50/50 ???????????????????? 3s 53ms/step - acc: 0.5252 - auc: 0.5419 - loss: 0.6917 - val_acc: 0.6895 - val_auc: 0.7848 - val_loss: 0.6719
Epoch 3/10
49/50 ???????????????????? 0s 45ms/step - acc: 0.6107 - auc: 0.6667 - loss: 0.6512
Epoch 3: val_acc improved from 0.68952 to 0.78032, saving model to saved_models/best_MACSynDCR_CNN_model.keras
50/50 ???????????????????? 2s 49ms/step - acc: 0.6128 - auc: 0.6693 - loss: 0.6496 - val_acc: 0.7803 - val_auc: 0.8425 - val_loss: 0.4974
Epoch 4/10
50/50 ???????????????????? 0s 44ms/step - acc: 0.7514 - auc: 0.8280 - loss: 0.5107
Epoch 4: val_acc improved from 0.78032 to 0.80508, saving model to saved_models/best_MACSynDCR_CNN_model.keras
50/50 ???????????????????? 2s 49ms/step - acc: 0.7515 - auc: 0.8282 - loss: 0.5103 - val_acc: 0.8051 - val_auc: 0.8845 - val_loss: 0.4299
Epoch 5/10
49/50 ???????????????????? 0s 45ms/step - acc: 0.7836 - auc: 0.8685 - loss: 0.4548
Epoch 5: val_acc improved from 0.80508 to 0.81778, saving model to saved_models/best_MACSynDCR_CNN_model.keras
50/50 ???????????????????? 2s 49ms/step - acc: 0.7838 - auc: 0.8684 - loss: 0.4549 - val_acc: 0.8178 - val_auc: 0.8949 - val_loss: 0.4148
Epoch 6/10
50/50 ???????????????????? 0s 46ms/step - acc: 0.7987 - auc: 0.8810 - loss: 0.4341
Epoch 6: val_acc did not improve from 0.81778
50/50 ???????????????????? 2s 49ms/step - acc: 0.7987 - auc: 0.8810 - loss: 0.4340 - val_acc: 0.8159 - val_auc: 0.8970 - val_loss: 0.4072
Epoch 7/10
49/50 ???????????????????? 0s 49ms/step - acc: 0.8020 - auc: 0.8868 - loss: 0.4231
Epoch 7: val_acc improved from 0.81778 to 0.83048, saving model to saved_models/best_MACSynDCR_CNN_model.keras
50/50 ???????????????????? 3s 55ms/step - acc: 0.8022 - auc: 0.8868 - loss: 0.4231 - val_acc: 0.8305 - val_auc: 0.9013 - val_loss: 0.3993
Epoch 8/10
49/50 ???????????????????? 0s 57ms/step - acc: 0.8200 - auc: 0.9003 - loss: 0.3991
Epoch 8: val_acc did not improve from 0.83048
50/50 ???????????????????? 3s 61ms/step - acc: 0.8198 - auc: 0.9000 - loss: 0.3996 - val_acc: 0.8305 - val_auc: 0.9030 - val_loss: 0.3950
Epoch 9/10
49/50 ???????????????????? 0s 54ms/step - acc: 0.8184 - auc: 0.8974 - loss: 0.4048
Epoch 9: val_acc did not improve from 0.83048
50/50 ???????????????????? 3s 57ms/step - acc: 0.8181 - auc: 0.8973 - loss: 0.4050 - val_acc: 0.8184 - val_auc: 0.9040 - val_loss: 0.3933
Epoch 10/10
49/50 ???????????????????? 0s 48ms/step - acc: 0.8247 - auc: 0.9040 - loss: 0.3941
Epoch 10: val_acc improved from 0.83048 to 0.84000, saving model to saved_models/best_MACSynDCR_CNN_model.keras
50/50 ???????????????????? 3s 52ms/step - acc: 0.8245 - auc: 0.9039 - loss: 0.3942 - val_acc: 0.8400 - val_auc: 0.9118 - val_loss: 0.3784
50/50 ???????????????????? 0s 6ms/step
50/50 ???????????????????? 0s 4ms/step
CNN: Accuracy: 0.8400, AUC-ROC: 0.9122
CNN: AUC-PR: 0.9085, Precision: 0.8445,
CNN Recall: 0.8271, F1 Score: 0.8357
CNN:RMSE: 15.8745 , PCC: 0.7295
Evaluation of Keras MACSynDCR_ANN model:
50/50 ???????????????????? 1s 4ms/step - acc: 0.8800 - auc: 0.9473 - loss: 0.3745
Evaluate->  Loss: 0.3681, Accuracy: 0.8851,AUC: 0.9490
50/50 ???????????????????? 0s 6ms/step
197/197 ???????????????????? 1s 3ms/step
ANN: Accuracy: 0.8851, AUC-ROC: 0.9531
ANN: AUC-PR: 0.9532, Precision: 0.8613,
ANN Recall: 0.9135, F1 Score: 0.8867
ANN:RMSE: 13.4536 , PCC: 0.8050
****************************************************************************************************
Evaluation of Keras MACSynDCR_CNN model:
50/50 ???????????????????? 1s 4ms/step - acc: 0.8542 - auc: 0.9219 - loss: 0.3587
Evaluate->  Loss: 0.3784, Accuracy: 0.8400,Accuracy: 0.9118
50/50 ???????????????????? 0s 5ms/step
197/197 ???????????????????? 1s 4ms/step
CNN: Accuracy: 0.8400, AUC-ROC: 0.9122
CNN: AUC-PR: 0.9085, Precision: 0.8445,
CNN Recall: 0.8271, F1 Score: 0.8357
CNN:RMSE: 15.8745 , PCC: 0.7295
****************************************************************************************************
Accuracy Score and AUC for ANN = AUC: 0.9404, Accuracy: 0.8698
Accuracy Score and AUC for KANN = AUC: 0.9531, Accuracy: 0.8851
Accuracy Score and AUC for KCNN = AUC: 0.9122, Accuracy: 0.8400
Average AUC = AUC: 0.9539, Accuracy: 0.8908
MAX AUC = AUC: 0.9520, Accuracy: 0.8457
Fitting 5 folds for each of 14 candidates, totalling 70 fits
Finall ensemble results of fold_2 for MACSynDCR:
----------------------------------------------------------------------------------------------------
Ensemble Accuracy: 0.8965, AUC-ROC: 0.9554
Ensemble AUC-PR: 0.9493, Precision: 0.8953,
Ensemble Recall: 0.8942, F1 Score: 0.8948
Ensemble RMSE: 12.7671 , PCC: 0.8333
----------------------------------------------------------------------------------------------------
Fold 3
Data processing and Training of MACSynDCR_ANN model:
ANN_model saved with Val_ACC: 0.5257 Val_AUC: 0.5160
fold_3: Epoch [1/10], Loss: 0.6943, Val_ACC: 0.5257, Val_AUC: 0.5160
ANN_model saved with Val_ACC: 0.7524 Val_AUC: 0.8578
ANN_model saved with Val_ACC: 0.8108 Val_AUC: 0.8949
ANN_model saved with Val_ACC: 0.8286 Val_AUC: 0.9120
ANN_model saved with Val_ACC: 0.8368 Val_AUC: 0.9207
ANN_model saved with Val_ACC: 0.8508 Val_AUC: 0.9271
ANN_model saved with Val_ACC: 0.8578 Val_AUC: 0.9320
ANN_model saved with Val_ACC: 0.8629 Val_AUC: 0.9370
ANN_model saved with Val_ACC: 0.8686 Val_AUC: 0.9400
ANN_model saved with Val_ACC: 0.8768 Val_AUC: 0.9430
Accuracy: 0.8768, AUC-ROC: 0.9430
 AUC-PR: 0.9360, Precision: 0.8765, Recall: 0.8696, F1 Score: 0.8730
RMSE: 12.0171 , PCC: 0.7957
Data processing and Training of MACSynDCR_ANN model:
MACSynDCR_ANN model:
Model: "sequential_4"
????????????????????????????????????????????????????????????????????????????????????????
? Layer (type)                         ? Output Shape                ?         Param # ?
????????????????????????????????????????????????????????????????????????????????????????
¦ dense_16 (Dense)                     ¦ (None, 2048)                ¦       4,458,496 ¦
+--------------------------------------+-----------------------------+-----------------¦
¦ batch_normalization_10               ¦ (None, 2048)                ¦           8,192 ¦
¦ (BatchNormalization)                 ¦                             ¦                 ¦
+--------------------------------------+-----------------------------+-----------------¦
¦ dense_17 (Dense)                     ¦ (None, 1024)                ¦       2,098,176 ¦
+--------------------------------------+-----------------------------+-----------------¦
¦ batch_normalization_11               ¦ (None, 1024)                ¦           4,096 ¦
¦ (BatchNormalization)                 ¦                             ¦                 ¦
+--------------------------------------+-----------------------------+-----------------¦
¦ dense_18 (Dense)                     ¦ (None, 512)                 ¦         524,800 ¦
+--------------------------------------+-----------------------------+-----------------¦
¦ batch_normalization_12               ¦ (None, 512)                 ¦           2,048 ¦
¦ (BatchNormalization)                 ¦                             ¦                 ¦
+--------------------------------------+-----------------------------+-----------------¦
¦ dense_19 (Dense)                     ¦ (None, 256)                 ¦         131,328 ¦
+--------------------------------------+-----------------------------+-----------------¦
¦ batch_normalization_13               ¦ (None, 256)                 ¦           1,024 ¦
¦ (BatchNormalization)                 ¦                             ¦                 ¦
+--------------------------------------+-----------------------------+-----------------¦
¦ dense_20 (Dense)                     ¦ (None, 128)                 ¦          32,896 ¦
+--------------------------------------+-----------------------------+-----------------¦
¦ batch_normalization_14               ¦ (None, 128)                 ¦             512 ¦
¦ (BatchNormalization)                 ¦                             ¦                 ¦
+--------------------------------------+-----------------------------+-----------------¦
¦ dense_21 (Dense)                     ¦ (None, 2)                   ¦             258 ¦
+--------------------------------------------------------------------------------------+
 Total params: 7,261,826 (27.70 MB)
 Trainable params: 7,253,890 (27.67 MB)
 Non-trainable params: 7,936 (31.00 KB)
Epoch 1/10
49/50 ???????????????????? 0s 47ms/step - acc: 0.7217 - auc: 0.7927 - loss: 0.6516
Epoch 1: val_auc improved from -inf to 0.84808, saving model to saved_models/best_MACSynDCR_ANN_model.keras
50/50 ???????????????????? 7s 68ms/step - acc: 0.7239 - auc: 0.7952 - loss: 0.6458 - val_acc: 0.7587 - val_auc: 0.8481 - val_loss: 0.4971
Epoch 2/10
50/50 ???????????????????? 0s 47ms/step - acc: 0.8748 - auc: 0.9463 - loss: 0.3011
Epoch 2: val_auc improved from 0.84808 to 0.85164, saving model to saved_models/best_MACSynDCR_ANN_model.keras
50/50 ???????????????????? 3s 63ms/step - acc: 0.8748 - auc: 0.9463 - loss: 0.3010 - val_acc: 0.7600 - val_auc: 0.8516 - val_loss: 0.5274
Epoch 3/10
49/50 ???????????????????? 0s 51ms/step - acc: 0.9193 - auc: 0.9740 - loss: 0.2092
Epoch 3: val_auc improved from 0.85164 to 0.88381, saving model to saved_models/best_MACSynDCR_ANN_model.keras
50/50 ???????????????????? 3s 66ms/step - acc: 0.9190 - auc: 0.9738 - loss: 0.2097 - val_acc: 0.7911 - val_auc: 0.8838 - val_loss: 0.4839
Epoch 4/10
49/50 ???????????????????? 0s 49ms/step - acc: 0.9285 - auc: 0.9784 - loss: 0.1884
Epoch 4: val_auc improved from 0.88381 to 0.90197, saving model to saved_models/best_MACSynDCR_ANN_model.keras
50/50 ???????????????????? 3s 64ms/step - acc: 0.9283 - auc: 0.9784 - loss: 0.1886 - val_acc: 0.8241 - val_auc: 0.9020 - val_loss: 0.4471
Epoch 5/10
50/50 ???????????????????? 0s 47ms/step - acc: 0.9379 - auc: 0.9836 - loss: 0.1629
Epoch 5: val_auc improved from 0.90197 to 0.92673, saving model to saved_models/best_MACSynDCR_ANN_model.keras
50/50 ???????????????????? 3s 63ms/step - acc: 0.9379 - auc: 0.9836 - loss: 0.1629 - val_acc: 0.8590 - val_auc: 0.9267 - val_loss: 0.4270
Epoch 6/10
49/50 ???????????????????? 0s 48ms/step - acc: 0.9397 - auc: 0.9850 - loss: 0.1536
Epoch 6: val_auc improved from 0.92673 to 0.93703, saving model to saved_models/best_MACSynDCR_ANN_model.keras
50/50 ???????????????????? 3s 65ms/step - acc: 0.9398 - auc: 0.9850 - loss: 0.1535 - val_acc: 0.8603 - val_auc: 0.9370 - val_loss: 0.3675
Epoch 7/10
49/50 ???????????????????? 0s 47ms/step - acc: 0.9554 - auc: 0.9914 - loss: 0.1170
Epoch 7: val_auc improved from 0.93703 to 0.94392, saving model to saved_models/best_MACSynDCR_ANN_model.keras
50/50 ???????????????????? 3s 62ms/step - acc: 0.9553 - auc: 0.9913 - loss: 0.1173 - val_acc: 0.8781 - val_auc: 0.9439 - val_loss: 0.3640
Epoch 8/10
49/50 ???????????????????? 0s 47ms/step - acc: 0.9683 - auc: 0.9949 - loss: 0.0908
Epoch 8: val_auc did not improve from 0.94392
50/50 ???????????????????? 2s 49ms/step - acc: 0.9682 - auc: 0.9949 - loss: 0.0911 - val_acc: 0.8749 - val_auc: 0.9335 - val_loss: 0.4606
Epoch 9/10
50/50 ???????????????????? 0s 48ms/step - acc: 0.9647 - auc: 0.9914 - loss: 0.1087
Epoch 9: val_auc did not improve from 0.94392
50/50 ???????????????????? 3s 50ms/step - acc: 0.9646 - auc: 0.9914 - loss: 0.1088 - val_acc: 0.8794 - val_auc: 0.9416 - val_loss: 0.4264
Epoch 10/10
49/50 ???????????????????? 0s 47ms/step - acc: 0.9666 - auc: 0.9937 - loss: 0.0936
Epoch 10: val_auc improved from 0.94392 to 0.94544, saving model to saved_models/best_MACSynDCR_ANN_model.keras
50/50 ???????????????????? 3s 61ms/step - acc: 0.9665 - auc: 0.9938 - loss: 0.0936 - val_acc: 0.8794 - val_auc: 0.9454 - val_loss: 0.3932
50/50 ???????????????????? 0s 6ms/step
50/50 ???????????????????? 0s 4ms/step
ANN: Accuracy: 0.8794, AUC-ROC: 0.9538
ANN: AUC-PR: 0.9538, Precision: 0.8540,
ANN Recall: 0.9074, F1 Score: 0.8799
\ANN:RMSE: 13.7840 , PCC: 0.8010
Data processing and Training of MACSynDCR_CNN model:
MACSynDCR_CNN model:
Model: "sequential_5"
????????????????????????????????????????????????????????????????????????????????????????
? Layer (type)                         ? Output Shape                ?         Param # ?
????????????????????????????????????????????????????????????????????????????????????????
¦ conv2d_6 (Conv2D)                    ¦ (None, 66, 30, 32)          ¦             320 ¦
+--------------------------------------+-----------------------------+-----------------¦
¦ max_pooling2d_6 (MaxPooling2D)       ¦ (None, 33, 15, 32)          ¦               0 ¦
+--------------------------------------+-----------------------------+-----------------¦
¦ dropout_6 (Dropout)                  ¦ (None, 33, 15, 32)          ¦               0 ¦
+--------------------------------------+-----------------------------+-----------------¦
¦ conv2d_7 (Conv2D)                    ¦ (None, 31, 13, 64)          ¦          18,496 ¦
+--------------------------------------+-----------------------------+-----------------¦
¦ max_pooling2d_7 (MaxPooling2D)       ¦ (None, 15, 6, 64)           ¦               0 ¦
+--------------------------------------+-----------------------------+-----------------¦
¦ dropout_7 (Dropout)                  ¦ (None, 15, 6, 64)           ¦               0 ¦
+--------------------------------------+-----------------------------+-----------------¦
¦ conv2d_8 (Conv2D)                    ¦ (None, 13, 4, 128)          ¦          73,856 ¦
+--------------------------------------+-----------------------------+-----------------¦
¦ max_pooling2d_8 (MaxPooling2D)       ¦ (None, 6, 2, 128)           ¦               0 ¦
+--------------------------------------+-----------------------------+-----------------¦
¦ dropout_8 (Dropout)                  ¦ (None, 6, 2, 128)           ¦               0 ¦
+--------------------------------------+-----------------------------+-----------------¦
¦ flatten_2 (Flatten)                  ¦ (None, 1536)                ¦               0 ¦
+--------------------------------------+-----------------------------+-----------------¦
¦ dense_22 (Dense)                     ¦ (None, 128)                 ¦         196,736 ¦
+--------------------------------------+-----------------------------+-----------------¦
¦ dense_23 (Dense)                     ¦ (None, 2)                   ¦             258 ¦
+--------------------------------------------------------------------------------------+
 Total params: 289,666 (1.10 MB)
 Trainable params: 289,666 (1.10 MB)
 Non-trainable params: 0 (0.00 B)
Epoch 1/10
49/50 ???????????????????? 0s 46ms/step - acc: 0.4848 - auc: 0.4835 - loss: 0.7415
Epoch 1: val_acc improved from -inf to 0.48698, saving model to saved_models/best_MACSynDCR_CNN_model.keras
50/50 ???????????????????? 4s 55ms/step - acc: 0.4850 - auc: 0.4836 - loss: 0.7402 - val_acc: 0.4870 - val_auc: 0.5408 - val_loss: 0.6932
Epoch 2/10
50/50 ???????????????????? 0s 46ms/step - acc: 0.4985 - auc: 0.4965 - loss: 0.6932
Epoch 2: val_acc did not improve from 0.48698
50/50 ???????????????????? 3s 50ms/step - acc: 0.4985 - auc: 0.4966 - loss: 0.6932 - val_acc: 0.4870 - val_auc: 0.4876 - val_loss: 0.6932
Epoch 3/10
49/50 ???????????????????? 0s 48ms/step - acc: 0.5027 - auc: 0.4988 - loss: 0.6933
Epoch 3: val_acc did not improve from 0.48698
50/50 ???????????????????? 3s 52ms/step - acc: 0.5028 - auc: 0.4989 - loss: 0.6933 - val_acc: 0.4870 - val_auc: 0.4870 - val_loss: 0.6929
Epoch 4/10
49/50 ???????????????????? 0s 47ms/step - acc: 0.5127 - auc: 0.5146 - loss: 0.6928
Epoch 4: val_acc improved from 0.48698 to 0.56508, saving model to saved_models/best_MACSynDCR_CNN_model.keras
50/50 ???????????????????? 3s 52ms/step - acc: 0.5129 - auc: 0.5145 - loss: 0.6929 - val_acc: 0.5651 - val_auc: 0.5893 - val_loss: 0.6912
Epoch 5/10
50/50 ???????????????????? 0s 46ms/step - acc: 0.5279 - auc: 0.5392 - loss: 0.6912
Epoch 5: val_acc improved from 0.56508 to 0.71048, saving model to saved_models/best_MACSynDCR_CNN_model.keras
50/50 ???????????????????? 3s 51ms/step - acc: 0.5281 - auc: 0.5396 - loss: 0.6912 - val_acc: 0.7105 - val_auc: 0.7618 - val_loss: 0.6716
Epoch 6/10
49/50 ???????????????????? 0s 46ms/step - acc: 0.6067 - auc: 0.6624 - loss: 0.6518
Epoch 6: val_acc improved from 0.71048 to 0.76000, saving model to saved_models/best_MACSynDCR_CNN_model.keras
50/50 ???????????????????? 2s 50ms/step - acc: 0.6089 - auc: 0.6649 - loss: 0.6503 - val_acc: 0.7600 - val_auc: 0.8274 - val_loss: 0.5169
Epoch 7/10
49/50 ???????????????????? 0s 46ms/step - acc: 0.7417 - auc: 0.8184 - loss: 0.5249
Epoch 7: val_acc improved from 0.76000 to 0.78603, saving model to saved_models/best_MACSynDCR_CNN_model.keras
50/50 ???????????????????? 3s 50ms/step - acc: 0.7419 - auc: 0.8186 - loss: 0.5246 - val_acc: 0.7860 - val_auc: 0.8651 - val_loss: 0.4678
Epoch 8/10
49/50 ???????????????????? 0s 47ms/step - acc: 0.7648 - auc: 0.8455 - loss: 0.4890
Epoch 8: val_acc improved from 0.78603 to 0.80063, saving model to saved_models/best_MACSynDCR_CNN_model.keras
50/50 ???????????????????? 3s 51ms/step - acc: 0.7651 - auc: 0.8458 - loss: 0.4885 - val_acc: 0.8006 - val_auc: 0.8802 - val_loss: 0.4374
Epoch 9/10
50/50 ???????????????????? 0s 45ms/step - acc: 0.7890 - auc: 0.8716 - loss: 0.4486
Epoch 9: val_acc improved from 0.80063 to 0.80381, saving model to saved_models/best_MACSynDCR_CNN_model.keras
50/50 ???????????????????? 3s 50ms/step - acc: 0.7889 - auc: 0.8715 - loss: 0.4488 - val_acc: 0.8038 - val_auc: 0.8891 - val_loss: 0.4239
Epoch 10/10
49/50 ???????????????????? 0s 47ms/step - acc: 0.7864 - auc: 0.8734 - loss: 0.4466
Epoch 10: val_acc improved from 0.80381 to 0.80952, saving model to saved_models/best_MACSynDCR_CNN_model.keras
50/50 ???????????????????? 3s 51ms/step - acc: 0.7867 - auc: 0.8735 - loss: 0.4464 - val_acc: 0.8095 - val_auc: 0.8941 - val_loss: 0.4127
50/50 ???????????????????? 0s 5ms/step
50/50 ???????????????????? 0s 4ms/step
CNN: Accuracy: 0.8095, AUC-ROC: 0.8953
CNN: AUC-PR: 0.8963, Precision: 0.8284,
CNN Recall: 0.7679, F1 Score: 0.7970
CNN:RMSE: 17.3205 , PCC: 0.6862
Evaluation of Keras MACSynDCR_ANN model:
50/50 ???????????????????? 1s 4ms/step - acc: 0.8767 - auc: 0.9414 - loss: 0.4217
Evaluate->  Loss: 0.3932, Accuracy: 0.8794,AUC: 0.9454
50/50 ???????????????????? 0s 6ms/step
197/197 ???????????????????? 1s 3ms/step
ANN: Accuracy: 0.8794, AUC-ROC: 0.9538
ANN: AUC-PR: 0.9538, Precision: 0.8540,
ANN Recall: 0.9074, F1 Score: 0.8799
ANN:RMSE: 13.7840 , PCC: 0.8010
****************************************************************************************************
Evaluation of Keras MACSynDCR_CNN model:
50/50 ???????????????????? 1s 4ms/step - acc: 0.8226 - auc: 0.9064 - loss: 0.3893
Evaluate->  Loss: 0.4127, Accuracy: 0.8095,Accuracy: 0.8941
50/50 ???????????????????? 0s 5ms/step
197/197 ???????????????????? 1s 4ms/step
CNN: Accuracy: 0.8095, AUC-ROC: 0.8953
CNN: AUC-PR: 0.8963, Precision: 0.8284,
CNN Recall: 0.7679, F1 Score: 0.7970
CNN:RMSE: 17.3205 , PCC: 0.6862
****************************************************************************************************
Accuracy Score and AUC for ANN = AUC: 0.9430, Accuracy: 0.8768
Accuracy Score and AUC for KANN = AUC: 0.9538, Accuracy: 0.8794
Accuracy Score and AUC for KCNN = AUC: 0.8953, Accuracy: 0.8095
Average AUC = AUC: 0.9497, Accuracy: 0.8844
MAX AUC = AUC: 0.9513, Accuracy: 0.8521
Fitting 5 folds for each of 14 candidates, totalling 70 fits
Finall ensemble results of fold_3 for MACSynDCR:
----------------------------------------------------------------------------------------------------
Ensemble Accuracy: 0.8921, AUC-ROC: 0.9538
Ensemble AUC-PR: 0.9456, Precision: 0.8764,
Ensemble Recall: 0.9061, F1 Score: 0.8910
Ensemble RMSE: 13.0384 , PCC: 0.8186
----------------------------------------------------------------------------------------------------
Fold 4
Data processing and Training of MACSynDCR_ANN model:
ANN_model saved with Val_ACC: 0.5035 Val_AUC: 0.5111
fold_4: Epoch [1/10], Loss: 0.7062, Val_ACC: 0.5035, Val_AUC: 0.5111
ANN_model saved with Val_ACC: 0.7257 Val_AUC: 0.8493
ANN_model saved with Val_ACC: 0.8095 Val_AUC: 0.8923
ANN_model saved with Val_ACC: 0.8216 Val_AUC: 0.9069
ANN_model saved with Val_ACC: 0.8349 Val_AUC: 0.9175
ANN_model saved with Val_ACC: 0.8476 Val_AUC: 0.9273
ANN_model saved with Val_ACC: 0.8616 Val_AUC: 0.9354
ANN_model saved with Val_ACC: 0.8654 Val_AUC: 0.9420
ANN_model saved with Val_ACC: 0.8717 Val_AUC: 0.9475
ANN_model saved with Val_ACC: 0.8762 Val_AUC: 0.9513
Accuracy: 0.8762, AUC-ROC: 0.9513
 AUC-PR: 0.9504, Precision: 0.8938, Recall: 0.8593, F1 Score: 0.8762
RMSE: 11.7505 , PCC: 0.8081
Data processing and Training of MACSynDCR_ANN model:
MACSynDCR_ANN model:
Model: "sequential_6"
????????????????????????????????????????????????????????????????????????????????????????
? Layer (type)                         ? Output Shape                ?         Param # ?
????????????????????????????????????????????????????????????????????????????????????????
¦ dense_24 (Dense)                     ¦ (None, 2048)                ¦       4,458,496 ¦
+--------------------------------------+-----------------------------+-----------------¦
¦ batch_normalization_15               ¦ (None, 2048)                ¦           8,192 ¦
¦ (BatchNormalization)                 ¦                             ¦                 ¦
+--------------------------------------+-----------------------------+-----------------¦
¦ dense_25 (Dense)                     ¦ (None, 1024)                ¦       2,098,176 ¦
+--------------------------------------+-----------------------------+-----------------¦
¦ batch_normalization_16               ¦ (None, 1024)                ¦           4,096 ¦
¦ (BatchNormalization)                 ¦                             ¦                 ¦
+--------------------------------------+-----------------------------+-----------------¦
¦ dense_26 (Dense)                     ¦ (None, 512)                 ¦         524,800 ¦
+--------------------------------------+-----------------------------+-----------------¦
¦ batch_normalization_17               ¦ (None, 512)                 ¦           2,048 ¦
¦ (BatchNormalization)                 ¦                             ¦                 ¦
+--------------------------------------+-----------------------------+-----------------¦
¦ dense_27 (Dense)                     ¦ (None, 256)                 ¦         131,328 ¦
+--------------------------------------+-----------------------------+-----------------¦
¦ batch_normalization_18               ¦ (None, 256)                 ¦           1,024 ¦
¦ (BatchNormalization)                 ¦                             ¦                 ¦
+--------------------------------------+-----------------------------+-----------------¦
¦ dense_28 (Dense)                     ¦ (None, 128)                 ¦          32,896 ¦
+--------------------------------------+-----------------------------+-----------------¦
¦ batch_normalization_19               ¦ (None, 128)                 ¦             512 ¦
¦ (BatchNormalization)                 ¦                             ¦                 ¦
+--------------------------------------+-----------------------------+-----------------¦
¦ dense_29 (Dense)                     ¦ (None, 2)                   ¦             258 ¦
+--------------------------------------------------------------------------------------+
 Total params: 7,261,826 (27.70 MB)
 Trainable params: 7,253,890 (27.67 MB)
 Non-trainable params: 7,936 (31.00 KB)
Epoch 1/10
49/50 ???????????????????? 0s 46ms/step - acc: 0.7259 - auc: 0.7899 - loss: 0.6724
Epoch 1: val_auc improved from -inf to 0.76122, saving model to saved_models/best_MACSynDCR_ANN_model.keras
50/50 ???????????????????? 6s 69ms/step - acc: 0.7279 - auc: 0.7924 - loss: 0.6663 - val_acc: 0.6692 - val_auc: 0.7612 - val_loss: 0.5745
Epoch 2/10
49/50 ???????????????????? 0s 47ms/step - acc: 0.8792 - auc: 0.9498 - loss: 0.2890
Epoch 2: val_auc did not improve from 0.76122
50/50 ???????????????????? 2s 49ms/step - acc: 0.8792 - auc: 0.9497 - loss: 0.2893 - val_acc: 0.6241 - val_auc: 0.7284 - val_loss: 0.7211
Epoch 3/10
49/50 ???????????????????? 0s 47ms/step - acc: 0.9150 - auc: 0.9725 - loss: 0.2137
Epoch 3: val_auc improved from 0.76122 to 0.88910, saving model to saved_models/best_MACSynDCR_ANN_model.keras
50/50 ???????????????????? 3s 61ms/step - acc: 0.9148 - auc: 0.9724 - loss: 0.2141 - val_acc: 0.8044 - val_auc: 0.8891 - val_loss: 0.4194
Epoch 4/10
49/50 ???????????????????? 0s 47ms/step - acc: 0.9293 - auc: 0.9808 - loss: 0.1793
Epoch 4: val_auc improved from 0.88910 to 0.91820, saving model to saved_models/best_MACSynDCR_ANN_model.keras
50/50 ???????????????????? 3s 61ms/step - acc: 0.9293 - auc: 0.9808 - loss: 0.1796 - val_acc: 0.8425 - val_auc: 0.9182 - val_loss: 0.3840
Epoch 5/10
49/50 ???????????????????? 0s 47ms/step - acc: 0.9506 - auc: 0.9901 - loss: 0.1291
Epoch 5: val_auc improved from 0.91820 to 0.94196, saving model to saved_models/best_MACSynDCR_ANN_model.keras
50/50 ???????????????????? 3s 62ms/step - acc: 0.9506 - auc: 0.9900 - loss: 0.1294 - val_acc: 0.8749 - val_auc: 0.9420 - val_loss: 0.3319
Epoch 6/10
49/50 ???????????????????? 0s 47ms/step - acc: 0.9547 - auc: 0.9915 - loss: 0.1180
Epoch 6: val_auc did not improve from 0.94196
50/50 ???????????????????? 2s 49ms/step - acc: 0.9543 - auc: 0.9914 - loss: 0.1188 - val_acc: 0.8730 - val_auc: 0.9396 - val_loss: 0.3764
Epoch 7/10
50/50 ???????????????????? 0s 46ms/step - acc: 0.9569 - auc: 0.9908 - loss: 0.1167
Epoch 7: val_auc improved from 0.94196 to 0.94583, saving model to saved_models/best_MACSynDCR_ANN_model.keras
50/50 ???????????????????? 3s 59ms/step - acc: 0.9569 - auc: 0.9908 - loss: 0.1167 - val_acc: 0.8781 - val_auc: 0.9458 - val_loss: 0.3592
Epoch 8/10
49/50 ???????????????????? 0s 48ms/step - acc: 0.9505 - auc: 0.9910 - loss: 0.1210
Epoch 8: val_auc improved from 0.94583 to 0.94642, saving model to saved_models/best_MACSynDCR_ANN_model.keras
50/50 ???????????????????? 3s 62ms/step - acc: 0.9506 - auc: 0.9910 - loss: 0.1209 - val_acc: 0.8844 - val_auc: 0.9464 - val_loss: 0.3818
Epoch 9/10
49/50 ???????????????????? 0s 47ms/step - acc: 0.9733 - auc: 0.9953 - loss: 0.0798
Epoch 9: val_auc improved from 0.94642 to 0.95051, saving model to saved_models/best_MACSynDCR_ANN_model.keras
50/50 ???????????????????? 3s 60ms/step - acc: 0.9733 - auc: 0.9953 - loss: 0.0798 - val_acc: 0.8889 - val_auc: 0.9505 - val_loss: 0.3573
Epoch 10/10
50/50 ???????????????????? 0s 47ms/step - acc: 0.9708 - auc: 0.9963 - loss: 0.0763
Epoch 10: val_auc did not improve from 0.95051
50/50 ???????????????????? 2s 49ms/step - acc: 0.9708 - auc: 0.9963 - loss: 0.0764 - val_acc: 0.8927 - val_auc: 0.9488 - val_loss: 0.3874
50/50 ???????????????????? 0s 6ms/step
50/50 ???????????????????? 0s 3ms/step
ANN: Accuracy: 0.8889, AUC-ROC: 0.9544
ANN: AUC-PR: 0.9525, Precision: 0.8896,
ANN Recall: 0.8929, F1 Score: 0.8912
\ANN:RMSE: 13.2288 , PCC: 0.8177
Data processing and Training of MACSynDCR_CNN model:
MACSynDCR_CNN model:
Model: "sequential_7"
????????????????????????????????????????????????????????????????????????????????????????
? Layer (type)                         ? Output Shape                ?         Param # ?
????????????????????????????????????????????????????????????????????????????????????????
¦ conv2d_9 (Conv2D)                    ¦ (None, 66, 30, 32)          ¦             320 ¦
+--------------------------------------+-----------------------------+-----------------¦
¦ max_pooling2d_9 (MaxPooling2D)       ¦ (None, 33, 15, 32)          ¦               0 ¦
+--------------------------------------+-----------------------------+-----------------¦
¦ dropout_9 (Dropout)                  ¦ (None, 33, 15, 32)          ¦               0 ¦
+--------------------------------------+-----------------------------+-----------------¦
¦ conv2d_10 (Conv2D)                   ¦ (None, 31, 13, 64)          ¦          18,496 ¦
+--------------------------------------+-----------------------------+-----------------¦
¦ max_pooling2d_10 (MaxPooling2D)      ¦ (None, 15, 6, 64)           ¦               0 ¦
+--------------------------------------+-----------------------------+-----------------¦
¦ dropout_10 (Dropout)                 ¦ (None, 15, 6, 64)           ¦               0 ¦
+--------------------------------------+-----------------------------+-----------------¦
¦ conv2d_11 (Conv2D)                   ¦ (None, 13, 4, 128)          ¦          73,856 ¦
+--------------------------------------+-----------------------------+-----------------¦
¦ max_pooling2d_11 (MaxPooling2D)      ¦ (None, 6, 2, 128)           ¦               0 ¦
+--------------------------------------+-----------------------------+-----------------¦
¦ dropout_11 (Dropout)                 ¦ (None, 6, 2, 128)           ¦               0 ¦
+--------------------------------------+-----------------------------+-----------------¦
¦ flatten_3 (Flatten)                  ¦ (None, 1536)                ¦               0 ¦
+--------------------------------------+-----------------------------+-----------------¦
¦ dense_30 (Dense)                     ¦ (None, 128)                 ¦         196,736 ¦
+--------------------------------------+-----------------------------+-----------------¦
¦ dense_31 (Dense)                     ¦ (None, 2)                   ¦             258 ¦
+--------------------------------------------------------------------------------------+
 Total params: 289,666 (1.10 MB)
 Trainable params: 289,666 (1.10 MB)
 Non-trainable params: 0 (0.00 B)
Epoch 1/10
50/50 ???????????????????? 0s 47ms/step - acc: 0.5066 - auc: 0.5035 - loss: 0.7045
Epoch 1: val_acc improved from -inf to 0.55238, saving model to saved_models/best_MACSynDCR_CNN_model.keras
50/50 ???????????????????? 4s 57ms/step - acc: 0.5068 - auc: 0.5036 - loss: 0.7044 - val_acc: 0.5524 - val_auc: 0.6013 - val_loss: 0.6914
Epoch 2/10
49/50 ???????????????????? 0s 47ms/step - acc: 0.5332 - auc: 0.5633 - loss: 0.6897
Epoch 2: val_acc improved from 0.55238 to 0.62286, saving model to saved_models/best_MACSynDCR_CNN_model.keras
50/50 ???????????????????? 3s 51ms/step - acc: 0.5337 - auc: 0.5639 - loss: 0.6895 - val_acc: 0.6229 - val_auc: 0.7226 - val_loss: 0.6617
Epoch 3/10
49/50 ???????????????????? 0s 44ms/step - acc: 0.6545 - auc: 0.7127 - loss: 0.6382
Epoch 3: val_acc improved from 0.62286 to 0.77016, saving model to saved_models/best_MACSynDCR_CNN_model.keras
50/50 ???????????????????? 2s 48ms/step - acc: 0.6561 - auc: 0.7145 - loss: 0.6365 - val_acc: 0.7702 - val_auc: 0.8489 - val_loss: 0.4892
Epoch 4/10
49/50 ???????????????????? 0s 46ms/step - acc: 0.7510 - auc: 0.8228 - loss: 0.5223
Epoch 4: val_acc improved from 0.77016 to 0.77270, saving model to saved_models/best_MACSynDCR_CNN_model.keras
50/50 ???????????????????? 3s 50ms/step - acc: 0.7514 - auc: 0.8232 - loss: 0.5216 - val_acc: 0.7727 - val_auc: 0.8623 - val_loss: 0.4673
Epoch 5/10
48/50 ???????????????????? 0s 45ms/step - acc: 0.7774 - auc: 0.8562 - loss: 0.4728
Epoch 5: val_acc improved from 0.77270 to 0.80000, saving model to saved_models/best_MACSynDCR_CNN_model.keras
50/50 ???????????????????? 2s 49ms/step - acc: 0.7779 - auc: 0.8568 - loss: 0.4719 - val_acc: 0.8000 - val_auc: 0.8828 - val_loss: 0.4313
Epoch 6/10
49/50 ???????????????????? 0s 46ms/step - acc: 0.7925 - auc: 0.8755 - loss: 0.4423
Epoch 6: val_acc improved from 0.80000 to 0.81841, saving model to saved_models/best_MACSynDCR_CNN_model.keras
50/50 ???????????????????? 2s 49ms/step - acc: 0.7927 - auc: 0.8757 - loss: 0.4421 - val_acc: 0.8184 - val_auc: 0.8940 - val_loss: 0.4118
Epoch 7/10
49/50 ???????????????????? 0s 45ms/step - acc: 0.8099 - auc: 0.8864 - loss: 0.4257
Epoch 7: val_acc did not improve from 0.81841
50/50 ???????????????????? 2s 48ms/step - acc: 0.8098 - auc: 0.8864 - loss: 0.4257 - val_acc: 0.8146 - val_auc: 0.9013 - val_loss: 0.3982
Epoch 8/10
50/50 ???????????????????? 0s 44ms/step - acc: 0.8029 - auc: 0.8811 - loss: 0.4343
Epoch 8: val_acc improved from 0.81841 to 0.83238, saving model to saved_models/best_MACSynDCR_CNN_model.keras
50/50 ???????????????????? 2s 49ms/step - acc: 0.8030 - auc: 0.8812 - loss: 0.4341 - val_acc: 0.8324 - val_auc: 0.9041 - val_loss: 0.3924
Epoch 9/10
49/50 ???????????????????? 0s 47ms/step - acc: 0.8207 - auc: 0.9004 - loss: 0.3994
Epoch 9: val_acc did not improve from 0.83238
50/50 ???????????????????? 3s 51ms/step - acc: 0.8206 - auc: 0.9003 - loss: 0.3996 - val_acc: 0.8254 - val_auc: 0.9075 - val_loss: 0.3871
Epoch 10/10
49/50 ???????????????????? 0s 48ms/step - acc: 0.8173 - auc: 0.8959 - loss: 0.4082
Epoch 10: val_acc did not improve from 0.83238
50/50 ???????????????????? 3s 51ms/step - acc: 0.8174 - auc: 0.8961 - loss: 0.4079 - val_acc: 0.8248 - val_auc: 0.9096 - val_loss: 0.3820
50/50 ???????????????????? 0s 5ms/step
50/50 ???????????????????? 0s 4ms/step
CNN: Accuracy: 0.8324, AUC-ROC: 0.9055
CNN: AUC-PR: 0.9033, Precision: 0.8205,
CNN Recall: 0.8593, F1 Score: 0.8394
CNN:RMSE: 16.2481 , PCC: 0.7134
Evaluation of Keras MACSynDCR_ANN model:
50/50 ???????????????????? 1s 4ms/step - acc: 0.8855 - auc: 0.9460 - loss: 0.3816
Evaluate->  Loss: 0.3573, Accuracy: 0.8889,AUC: 0.9505
50/50 ???????????????????? 0s 6ms/step
197/197 ???????????????????? 1s 4ms/step
ANN: Accuracy: 0.8889, AUC-ROC: 0.9544
ANN: AUC-PR: 0.9525, Precision: 0.8896,
ANN Recall: 0.8929, F1 Score: 0.8912
ANN:RMSE: 13.2288 , PCC: 0.8177
****************************************************************************************************
Evaluation of Keras MACSynDCR_CNN model:
50/50 ???????????????????? 1s 4ms/step - acc: 0.8267 - auc: 0.9008 - loss: 0.3976
Evaluate->  Loss: 0.3924, Accuracy: 0.8324,Accuracy: 0.9041
50/50 ???????????????????? 0s 5ms/step
197/197 ???????????????????? 1s 4ms/step
CNN: Accuracy: 0.8324, AUC-ROC: 0.9055
CNN: AUC-PR: 0.9033, Precision: 0.8205,
CNN Recall: 0.8593, F1 Score: 0.8394
CNN:RMSE: 16.2481 , PCC: 0.7134
****************************************************************************************************
Accuracy Score and AUC for ANN = AUC: 0.9513, Accuracy: 0.8762
Accuracy Score and AUC for KANN = AUC: 0.9544, Accuracy: 0.8889
Accuracy Score and AUC for KCNN = AUC: 0.9055, Accuracy: 0.8324
Average AUC = AUC: 0.9536, Accuracy: 0.8990
MAX AUC = AUC: 0.9498, Accuracy: 0.8533
Fitting 5 folds for each of 14 candidates, totalling 70 fits
Finall ensemble results of fold_4 for MACSynDCR:
----------------------------------------------------------------------------------------------------
Ensemble Accuracy: 0.9067, AUC-ROC: 0.9578
Ensemble AUC-PR: 0.9567, Precision: 0.9080,
Ensemble Recall: 0.9091, F1 Score: 0.9085
Ensemble RMSE: 12.1244 , PCC: 0.8353
----------------------------------------------------------------------------------------------------
Fold 5
Data processing and Training of MACSynDCR_ANN model:
ANN_model saved with Val_ACC: 0.4968 Val_AUC: 0.4853
fold_5: Epoch [1/10], Loss: 0.7016, Val_ACC: 0.4968, Val_AUC: 0.4853
ANN_model saved with Val_ACC: 0.7618 Val_AUC: 0.8414
ANN_model saved with Val_ACC: 0.8050 Val_AUC: 0.8873
ANN_model saved with Val_ACC: 0.8202 Val_AUC: 0.9075
ANN_model saved with Val_ACC: 0.8386 Val_AUC: 0.9224
ANN_model saved with Val_ACC: 0.8571 Val_AUC: 0.9335
ANN_model saved with Val_ACC: 0.8640 Val_AUC: 0.9405
ANN_model saved with Val_ACC: 0.8691 Val_AUC: 0.9439
ANN_model saved with Val_ACC: 0.8787 Val_AUC: 0.9467
ANN_model saved with Val_ACC: 0.8818 Val_AUC: 0.9489
Accuracy: 0.8818, AUC-ROC: 0.9489
 AUC-PR: 0.9482, Precision: 0.8914, Recall: 0.8736, F1 Score: 0.8824
RMSE: 11.6595 , PCC: 0.8106
Data processing and Training of MACSynDCR_ANN model:
MACSynDCR_ANN model:
Model: "sequential_8"
????????????????????????????????????????????????????????????????????????????????????????
? Layer (type)                         ? Output Shape                ?         Param # ?
????????????????????????????????????????????????????????????????????????????????????????
¦ dense_32 (Dense)                     ¦ (None, 2048)                ¦       4,458,496 ¦
+--------------------------------------+-----------------------------+-----------------¦
¦ batch_normalization_20               ¦ (None, 2048)                ¦           8,192 ¦
¦ (BatchNormalization)                 ¦                             ¦                 ¦
+--------------------------------------+-----------------------------+-----------------¦
¦ dense_33 (Dense)                     ¦ (None, 1024)                ¦       2,098,176 ¦
+--------------------------------------+-----------------------------+-----------------¦
¦ batch_normalization_21               ¦ (None, 1024)                ¦           4,096 ¦
¦ (BatchNormalization)                 ¦                             ¦                 ¦
+--------------------------------------+-----------------------------+-----------------¦
¦ dense_34 (Dense)                     ¦ (None, 512)                 ¦         524,800 ¦
+--------------------------------------+-----------------------------+-----------------¦
¦ batch_normalization_22               ¦ (None, 512)                 ¦           2,048 ¦
¦ (BatchNormalization)                 ¦                             ¦                 ¦
+--------------------------------------+-----------------------------+-----------------¦
¦ dense_35 (Dense)                     ¦ (None, 256)                 ¦         131,328 ¦
+--------------------------------------+-----------------------------+-----------------¦
¦ batch_normalization_23               ¦ (None, 256)                 ¦           1,024 ¦
¦ (BatchNormalization)                 ¦                             ¦                 ¦
+--------------------------------------+-----------------------------+-----------------¦
¦ dense_36 (Dense)                     ¦ (None, 128)                 ¦          32,896 ¦
+--------------------------------------+-----------------------------+-----------------¦
¦ batch_normalization_24               ¦ (None, 128)                 ¦             512 ¦
¦ (BatchNormalization)                 ¦                             ¦                 ¦
+--------------------------------------+-----------------------------+-----------------¦
¦ dense_37 (Dense)                     ¦ (None, 2)                   ¦             258 ¦
+--------------------------------------------------------------------------------------+
 Total params: 7,261,826 (27.70 MB)
 Trainable params: 7,253,890 (27.67 MB)
 Non-trainable params: 7,936 (31.00 KB)
Epoch 1/10
50/50 ???????????????????? 0s 47ms/step - acc: 0.7278 - auc: 0.7957 - loss: 0.6469
Epoch 1: val_auc improved from -inf to 0.66726, saving model to saved_models/best_MACSynDCR_ANN_model.keras
50/50 ???????????????????? 6s 67ms/step - acc: 0.7289 - auc: 0.7970 - loss: 0.6440 - val_acc: 0.5102 - val_auc: 0.6673 - val_loss: 1.9137
Epoch 2/10
49/50 ???????????????????? 0s 47ms/step - acc: 0.8708 - auc: 0.9459 - loss: 0.2973
Epoch 2: val_auc improved from 0.66726 to 0.69188, saving model to saved_models/best_MACSynDCR_ANN_model.keras
50/50 ???????????????????? 3s 60ms/step - acc: 0.8710 - auc: 0.9460 - loss: 0.2972 - val_acc: 0.5394 - val_auc: 0.6919 - val_loss: 1.3556
Epoch 3/10
50/50 ???????????????????? 0s 47ms/step - acc: 0.9187 - auc: 0.9745 - loss: 0.2059
Epoch 3: val_auc improved from 0.69188 to 0.84132, saving model to saved_models/best_MACSynDCR_ANN_model.keras
50/50 ???????????????????? 3s 59ms/step - acc: 0.9186 - auc: 0.9744 - loss: 0.2061 - val_acc: 0.7573 - val_auc: 0.8413 - val_loss: 0.5184
Epoch 4/10
50/50 ???????????????????? 0s 47ms/step - acc: 0.9370 - auc: 0.9834 - loss: 0.1665
Epoch 4: val_auc improved from 0.84132 to 0.88880, saving model to saved_models/best_MACSynDCR_ANN_model.keras
50/50 ???????????????????? 3s 61ms/step - acc: 0.9370 - auc: 0.9834 - loss: 0.1666 - val_acc: 0.8081 - val_auc: 0.8888 - val_loss: 0.5201
Epoch 5/10
50/50 ???????????????????? 0s 47ms/step - acc: 0.9498 - auc: 0.9885 - loss: 0.1359
Epoch 5: val_auc improved from 0.88880 to 0.92417, saving model to saved_models/best_MACSynDCR_ANN_model.keras
50/50 ???????????????????? 3s 61ms/step - acc: 0.9497 - auc: 0.9885 - loss: 0.1359 - val_acc: 0.8494 - val_auc: 0.9242 - val_loss: 0.4173
Epoch 6/10
49/50 ???????????????????? 0s 47ms/step - acc: 0.9562 - auc: 0.9901 - loss: 0.1228
Epoch 6: val_auc improved from 0.92417 to 0.93208, saving model to saved_models/best_MACSynDCR_ANN_model.keras
50/50 ???????????????????? 3s 60ms/step - acc: 0.9558 - auc: 0.9900 - loss: 0.1237 - val_acc: 0.8526 - val_auc: 0.9321 - val_loss: 0.3909
Epoch 7/10
49/50 ???????????????????? 0s 47ms/step - acc: 0.9468 - auc: 0.9872 - loss: 0.1423
Epoch 7: val_auc improved from 0.93208 to 0.94126, saving model to saved_models/best_MACSynDCR_ANN_model.keras
50/50 ???????????????????? 3s 60ms/step - acc: 0.9471 - auc: 0.9873 - loss: 0.1416 - val_acc: 0.8831 - val_auc: 0.9413 - val_loss: 0.4011
Epoch 8/10
50/50 ???????????????????? 0s 52ms/step - acc: 0.9689 - auc: 0.9941 - loss: 0.0902
Epoch 8: val_auc improved from 0.94126 to 0.95058, saving model to saved_models/best_MACSynDCR_ANN_model.keras
50/50 ???????????????????? 3s 67ms/step - acc: 0.9689 - auc: 0.9941 - loss: 0.0902 - val_acc: 0.8869 - val_auc: 0.9506 - val_loss: 0.3585
Epoch 9/10
49/50 ???????????????????? 0s 49ms/step - acc: 0.9739 - auc: 0.9958 - loss: 0.0783
Epoch 9: val_auc did not improve from 0.95058
50/50 ???????????????????? 3s 52ms/step - acc: 0.9738 - auc: 0.9958 - loss: 0.0784 - val_acc: 0.8831 - val_auc: 0.9430 - val_loss: 0.4015
Epoch 10/10
49/50 ???????????????????? 0s 47ms/step - acc: 0.9758 - auc: 0.9973 - loss: 0.0659
Epoch 10: val_auc did not improve from 0.95058
50/50 ???????????????????? 2s 49ms/step - acc: 0.9756 - auc: 0.9972 - loss: 0.0662 - val_acc: 0.8780 - val_auc: 0.9457 - val_loss: 0.4021
50/50 ???????????????????? 0s 6ms/step
50/50 ???????????????????? 0s 3ms/step
ANN: Accuracy: 0.8869, AUC-ROC: 0.9553
ANN: AUC-PR: 0.9555, Precision: 0.9059,
ANN Recall: 0.8673, F1 Score: 0.8862
\ANN:RMSE: 13.3417 , PCC: 0.8092
Data processing and Training of MACSynDCR_CNN model:
MACSynDCR_CNN model:
Model: "sequential_9"
????????????????????????????????????????????????????????????????????????????????????????
? Layer (type)                         ? Output Shape                ?         Param # ?
????????????????????????????????????????????????????????????????????????????????????????
¦ conv2d_12 (Conv2D)                   ¦ (None, 66, 30, 32)          ¦             320 ¦
+--------------------------------------+-----------------------------+-----------------¦
¦ max_pooling2d_12 (MaxPooling2D)      ¦ (None, 33, 15, 32)          ¦               0 ¦
+--------------------------------------+-----------------------------+-----------------¦
¦ dropout_12 (Dropout)                 ¦ (None, 33, 15, 32)          ¦               0 ¦
+--------------------------------------+-----------------------------+-----------------¦
¦ conv2d_13 (Conv2D)                   ¦ (None, 31, 13, 64)          ¦          18,496 ¦
+--------------------------------------+-----------------------------+-----------------¦
¦ max_pooling2d_13 (MaxPooling2D)      ¦ (None, 15, 6, 64)           ¦               0 ¦
+--------------------------------------+-----------------------------+-----------------¦
¦ dropout_13 (Dropout)                 ¦ (None, 15, 6, 64)           ¦               0 ¦
+--------------------------------------+-----------------------------+-----------------¦
¦ conv2d_14 (Conv2D)                   ¦ (None, 13, 4, 128)          ¦          73,856 ¦
+--------------------------------------+-----------------------------+-----------------¦
¦ max_pooling2d_14 (MaxPooling2D)      ¦ (None, 6, 2, 128)           ¦               0 ¦
+--------------------------------------+-----------------------------+-----------------¦
¦ dropout_14 (Dropout)                 ¦ (None, 6, 2, 128)           ¦               0 ¦
+--------------------------------------+-----------------------------+-----------------¦
¦ flatten_4 (Flatten)                  ¦ (None, 1536)                ¦               0 ¦
+--------------------------------------+-----------------------------+-----------------¦
¦ dense_38 (Dense)                     ¦ (None, 128)                 ¦         196,736 ¦
+--------------------------------------+-----------------------------+-----------------¦
¦ dense_39 (Dense)                     ¦ (None, 2)                   ¦             258 ¦
+--------------------------------------------------------------------------------------+
 Total params: 289,666 (1.10 MB)
 Trainable params: 289,666 (1.10 MB)
 Non-trainable params: 0 (0.00 B)
Epoch 1/10
49/50 ???????????????????? 0s 48ms/step - acc: 0.5088 - auc: 0.5133 - loss: 0.6965
Epoch 1: val_acc improved from -inf to 0.49238, saving model to saved_models/best_MACSynDCR_CNN_model.keras
50/50 ???????????????????? 4s 57ms/step - acc: 0.5090 - auc: 0.5134 - loss: 0.6964 - val_acc: 0.4924 - val_auc: 0.6097 - val_loss: 0.6901
Epoch 2/10
49/50 ???????????????????? 0s 47ms/step - acc: 0.5611 - auc: 0.5870 - loss: 0.6817
Epoch 2: val_acc improved from 0.49238 to 0.65756, saving model to saved_models/best_MACSynDCR_CNN_model.keras
50/50 ???????????????????? 3s 51ms/step - acc: 0.5624 - auc: 0.5890 - loss: 0.6810 - val_acc: 0.6576 - val_auc: 0.7483 - val_loss: 0.5988
Epoch 3/10
49/50 ???????????????????? 0s 47ms/step - acc: 0.7053 - auc: 0.7707 - loss: 0.5766
Epoch 3: val_acc improved from 0.65756 to 0.75286, saving model to saved_models/best_MACSynDCR_CNN_model.keras
50/50 ???????????????????? 3s 51ms/step - acc: 0.7061 - auc: 0.7716 - loss: 0.5757 - val_acc: 0.7529 - val_auc: 0.8452 - val_loss: 0.4941
Epoch 4/10
49/50 ???????????????????? 0s 48ms/step - acc: 0.7541 - auc: 0.8306 - loss: 0.5092
Epoch 4: val_acc improved from 0.75286 to 0.78526, saving model to saved_models/best_MACSynDCR_CNN_model.keras
50/50 ???????????????????? 3s 53ms/step - acc: 0.7543 - auc: 0.8309 - loss: 0.5088 - val_acc: 0.7853 - val_auc: 0.8764 - val_loss: 0.4502
Epoch 5/10
50/50 ???????????????????? 0s 47ms/step - acc: 0.7814 - auc: 0.8645 - loss: 0.4611
Epoch 5: val_acc improved from 0.78526 to 0.80940, saving model to saved_models/best_MACSynDCR_CNN_model.keras
50/50 ???????????????????? 3s 52ms/step - acc: 0.7814 - auc: 0.8645 - loss: 0.4611 - val_acc: 0.8094 - val_auc: 0.8949 - val_loss: 0.4120
Epoch 6/10
49/50 ???????????????????? 0s 45ms/step - acc: 0.7941 - auc: 0.8718 - loss: 0.4487
Epoch 6: val_acc did not improve from 0.80940
50/50 ???????????????????? 2s 48ms/step - acc: 0.7942 - auc: 0.8720 - loss: 0.4484 - val_acc: 0.8094 - val_auc: 0.9012 - val_loss: 0.3986
Epoch 7/10
49/50 ???????????????????? 0s 45ms/step - acc: 0.8082 - auc: 0.8877 - loss: 0.4228
Epoch 7: val_acc did not improve from 0.80940
50/50 ???????????????????? 2s 48ms/step - acc: 0.8083 - auc: 0.8877 - loss: 0.4228 - val_acc: 0.8011 - val_auc: 0.8920 - val_loss: 0.4145
Epoch 8/10
49/50 ???????????????????? 0s 45ms/step - acc: 0.7939 - auc: 0.8794 - loss: 0.4384
Epoch 8: val_acc improved from 0.80940 to 0.82592, saving model to saved_models/best_MACSynDCR_CNN_model.keras
50/50 ???????????????????? 2s 49ms/step - acc: 0.7942 - auc: 0.8797 - loss: 0.4378 - val_acc: 0.8259 - val_auc: 0.9095 - val_loss: 0.3830
Epoch 9/10
49/50 ???????????????????? 0s 44ms/step - acc: 0.8051 - auc: 0.8921 - loss: 0.4141
Epoch 9: val_acc improved from 0.82592 to 0.82656, saving model to saved_models/best_MACSynDCR_CNN_model.keras
50/50 ???????????????????? 2s 49ms/step - acc: 0.8053 - auc: 0.8922 - loss: 0.4140 - val_acc: 0.8266 - val_auc: 0.9116 - val_loss: 0.3809
Epoch 10/10
49/50 ???????????????????? 0s 45ms/step - acc: 0.8102 - auc: 0.8961 - loss: 0.4076
Epoch 10: val_acc did not improve from 0.82656
50/50 ???????????????????? 2s 48ms/step - acc: 0.8102 - auc: 0.8961 - loss: 0.4075 - val_acc: 0.8266 - val_auc: 0.9103 - val_loss: 0.3809
50/50 ???????????????????? 0s 5ms/step
50/50 ???????????????????? 0s 4ms/step
CNN: Accuracy: 0.8266, AUC-ROC: 0.9116
CNN: AUC-PR: 0.9102, Precision: 0.8346,
CNN Recall: 0.8210, F1 Score: 0.8278
CNN:RMSE: 16.5227 , PCC: 0.7240
Evaluation of Keras MACSynDCR_ANN model:
50/50 ???????????????????? 1s 3ms/step - acc: 0.9028 - auc: 0.9582 - loss: 0.3090
Evaluate->  Loss: 0.3585, Accuracy: 0.8869,AUC: 0.9506
50/50 ???????????????????? 0s 6ms/step
197/197 ???????????????????? 1s 4ms/step
ANN: Accuracy: 0.8869, AUC-ROC: 0.9553
ANN: AUC-PR: 0.9555, Precision: 0.9059,
ANN Recall: 0.8673, F1 Score: 0.8862
ANN:RMSE: 13.3417 , PCC: 0.8092
****************************************************************************************************
Evaluation of Keras MACSynDCR_CNN model:
50/50 ???????????????????? 1s 4ms/step - acc: 0.8369 - auc: 0.9189 - loss: 0.3677
Evaluate->  Loss: 0.3809, Accuracy: 0.8266,Accuracy: 0.9116
50/50 ???????????????????? 0s 5ms/step
197/197 ???????????????????? 1s 4ms/step
CNN: Accuracy: 0.8266, AUC-ROC: 0.9116
CNN: AUC-PR: 0.9102, Precision: 0.8346,
CNN Recall: 0.8210, F1 Score: 0.8278
CNN:RMSE: 16.5227 , PCC: 0.7240
****************************************************************************************************
Accuracy Score and AUC for ANN = AUC: 0.9489, Accuracy: 0.8818
Accuracy Score and AUC for KANN = AUC: 0.9553, Accuracy: 0.8869
Accuracy Score and AUC for KCNN = AUC: 0.9116, Accuracy: 0.8266
Average AUC = AUC: 0.9557, Accuracy: 0.8964
MAX AUC = AUC: 0.9503, Accuracy: 0.8609
Fitting 5 folds for each of 14 candidates, totalling 70 fits
Finall ensemble results of fold_5 for MACSynDCR:
----------------------------------------------------------------------------------------------------
Ensemble Accuracy: 0.9053, AUC-ROC: 0.9587
Ensemble AUC-PR: 0.9574, Precision: 0.9145,
Ensemble Recall: 0.8974, F1 Score: 0.9059
Ensemble RMSE: 12.2066 , PCC: 0.8364
----------------------------------------------------------------------------------------------------
****************************************************************************************************
*           Final MACSynCDR Results:
****************************************************************************************************
 AUC: 0.9561 ± 0.0019
 Accuracy: 0.8976 ± 0.0074
 AUC-PR: 0.9530 ± 0.0047
 Precision: 0.8961 ± 0.0139
 Recall: 0.8989 ± 0.0079
 F1: 0.8974 ± 0.0084
 RMSE: 12.6881 ± 0.4600
 PCC: 0.8272 ± 0.0099
Max AUC: 0.9587
Max ACC: 0.9067
Max AUC-PR: 0.9574
Max Precision: 0.9145
Max Reacall: 0.9091
Max F1: 0.9085
MIN RMSE: 12.1244
Max PCC: 0.8364
