[2025-08-20 23:29:14] Fold 1
[2025-08-20 23:29:14] ----------------------------------------------------------------------------------------------------
[2025-08-20 23:29:15] ANN_model saved with Val_ACC: 0.5029
[2025-08-20 23:29:15] ----------------------------------------------------------------------------------------------------
[2025-08-20 23:29:16] fold_1: Epoch [1/10], Loss: 0.6986, ACC: 0.5029, AUC: 0.5109
[2025-08-20 23:29:16] ANN_model saved with Val_ACC: 0.7562
[2025-08-20 23:29:16] ----------------------------------------------------------------------------------------------------
[2025-08-20 23:29:16] ANN_model saved with Val_ACC: 0.7810
[2025-08-20 23:29:16] ----------------------------------------------------------------------------------------------------
[2025-08-20 23:29:17] ANN_model saved with Val_ACC: 0.8133
[2025-08-20 23:29:17] ----------------------------------------------------------------------------------------------------
[2025-08-20 23:29:17] ANN_model saved with Val_ACC: 0.8140
[2025-08-20 23:29:17] ----------------------------------------------------------------------------------------------------
[2025-08-20 23:29:17] ANN_model saved with Val_ACC: 0.8210
[2025-08-20 23:29:17] ----------------------------------------------------------------------------------------------------
[2025-08-20 23:29:18] ANN_model saved with Val_ACC: 0.8375
[2025-08-20 23:29:18] ----------------------------------------------------------------------------------------------------
[2025-08-20 23:29:18] ANN_model saved with Val_ACC: 0.8597
[2025-08-20 23:29:18] ----------------------------------------------------------------------------------------------------
[2025-08-20 23:29:18] ANN_model saved with Val_ACC: 0.8660
[2025-08-20 23:29:18] ----------------------------------------------------------------------------------------------------
[2025-08-20 23:30:28] Finall ensemble results of fold_1 for MACSynDCR:
[2025-08-20 23:30:28] ----------------------------------------------------------------------------------------------------
[2025-08-20 23:30:28] Ensemble Accuracy: 0.8863, AUC-ROC: 0.9510, 
Ensemble AUC-PR: 0.9501, Precision: 0.8821, 
Ensemble Recall: 0.8900, F1 Score: 0.8861, 
Ensemble RMSE: 13.3791
[2025-08-20 23:30:28] ----------------------------------------------------------------------------------------------------
[2025-08-20 23:30:28] Fold 2
[2025-08-20 23:30:28] ----------------------------------------------------------------------------------------------------
[2025-08-20 23:30:29] ANN_model saved with Val_ACC: 0.5371
[2025-08-20 23:30:29] ----------------------------------------------------------------------------------------------------
[2025-08-20 23:30:29] fold_2: Epoch [1/10], Loss: 0.6938, ACC: 0.5371, AUC: 0.5499
[2025-08-20 23:30:29] ANN_model saved with Val_ACC: 0.7651
[2025-08-20 23:30:29] ----------------------------------------------------------------------------------------------------
[2025-08-20 23:30:29] ANN_model saved with Val_ACC: 0.8216
[2025-08-20 23:30:29] ----------------------------------------------------------------------------------------------------
[2025-08-20 23:30:30] ANN_model saved with Val_ACC: 0.8406
[2025-08-20 23:30:30] ----------------------------------------------------------------------------------------------------
[2025-08-20 23:30:30] ANN_model saved with Val_ACC: 0.8451
[2025-08-20 23:30:30] ----------------------------------------------------------------------------------------------------
[2025-08-20 23:30:30] ANN_model saved with Val_ACC: 0.8571
[2025-08-20 23:30:30] ----------------------------------------------------------------------------------------------------
[2025-08-20 23:30:31] ANN_model saved with Val_ACC: 0.8679
[2025-08-20 23:30:31] ----------------------------------------------------------------------------------------------------
[2025-08-20 23:30:31] ANN_model saved with Val_ACC: 0.8705
[2025-08-20 23:30:31] ----------------------------------------------------------------------------------------------------
[2025-08-20 23:30:32] ANN_model saved with Val_ACC: 0.8800
[2025-08-20 23:30:32] ----------------------------------------------------------------------------------------------------
[2025-08-20 23:31:38] Finall ensemble results of fold_2 for MACSynDCR:
[2025-08-20 23:31:38] ----------------------------------------------------------------------------------------------------
[2025-08-20 23:31:38] Ensemble Accuracy: 0.8883, AUC-ROC: 0.9538, 
Ensemble AUC-PR: 0.9484, Precision: 0.8825, 
Ensemble Recall: 0.8916, F1 Score: 0.8870, 
Ensemble RMSE: 13.2665
[2025-08-20 23:31:38] ----------------------------------------------------------------------------------------------------
[2025-08-20 23:31:38] Fold 3
[2025-08-20 23:31:38] ----------------------------------------------------------------------------------------------------
[2025-08-20 23:31:39] ANN_model saved with Val_ACC: 0.4825
[2025-08-20 23:31:39] ----------------------------------------------------------------------------------------------------
[2025-08-20 23:31:39] fold_3: Epoch [1/10], Loss: 0.7042, ACC: 0.4825, AUC: 0.4798
[2025-08-20 23:31:39] ANN_model saved with Val_ACC: 0.7790
[2025-08-20 23:31:39] ----------------------------------------------------------------------------------------------------
[2025-08-20 23:31:39] ANN_model saved with Val_ACC: 0.8171
[2025-08-20 23:31:39] ----------------------------------------------------------------------------------------------------
[2025-08-20 23:31:40] ANN_model saved with Val_ACC: 0.8260
[2025-08-20 23:31:40] ----------------------------------------------------------------------------------------------------
[2025-08-20 23:31:40] ANN_model saved with Val_ACC: 0.8387
[2025-08-20 23:31:40] ----------------------------------------------------------------------------------------------------
[2025-08-20 23:31:40] ANN_model saved with Val_ACC: 0.8419
[2025-08-20 23:31:40] ----------------------------------------------------------------------------------------------------
[2025-08-20 23:31:41] ANN_model saved with Val_ACC: 0.8533
[2025-08-20 23:31:41] ----------------------------------------------------------------------------------------------------
[2025-08-20 23:31:41] ANN_model saved with Val_ACC: 0.8571
[2025-08-20 23:31:41] ----------------------------------------------------------------------------------------------------
[2025-08-20 23:31:42] ANN_model saved with Val_ACC: 0.8705
[2025-08-20 23:31:42] ----------------------------------------------------------------------------------------------------
[2025-08-20 23:31:42] ANN_model saved with Val_ACC: 0.8768
[2025-08-20 23:31:42] ----------------------------------------------------------------------------------------------------
[2025-08-20 23:32:50] Finall ensemble results of fold_3 for MACSynDCR:
[2025-08-20 23:32:50] ----------------------------------------------------------------------------------------------------
[2025-08-20 23:32:50] Ensemble Accuracy: 0.8952, AUC-ROC: 0.9566, 
Ensemble AUC-PR: 0.9485, Precision: 0.8930, 
Ensemble Recall: 0.8918, F1 Score: 0.8924, 
Ensemble RMSE: 12.8452
[2025-08-20 23:32:50] ----------------------------------------------------------------------------------------------------
[2025-08-20 23:32:50] Fold 4
[2025-08-20 23:32:50] ----------------------------------------------------------------------------------------------------
[2025-08-20 23:32:51] ANN_model saved with Val_ACC: 0.4813
[2025-08-20 23:32:51] ----------------------------------------------------------------------------------------------------
[2025-08-20 23:32:51] fold_4: Epoch [1/10], Loss: 0.7004, ACC: 0.4813, AUC: 0.4773
[2025-08-20 23:32:51] ANN_model saved with Val_ACC: 0.7575
[2025-08-20 23:32:51] ----------------------------------------------------------------------------------------------------
[2025-08-20 23:32:51] ANN_model saved with Val_ACC: 0.8102
[2025-08-20 23:32:51] ----------------------------------------------------------------------------------------------------
[2025-08-20 23:32:52] ANN_model saved with Val_ACC: 0.8235
[2025-08-20 23:32:52] ----------------------------------------------------------------------------------------------------
[2025-08-20 23:32:52] ANN_model saved with Val_ACC: 0.8305
[2025-08-20 23:32:52] ----------------------------------------------------------------------------------------------------
[2025-08-20 23:32:52] ANN_model saved with Val_ACC: 0.8362
[2025-08-20 23:32:52] ----------------------------------------------------------------------------------------------------
[2025-08-20 23:32:53] ANN_model saved with Val_ACC: 0.8470
[2025-08-20 23:32:53] ----------------------------------------------------------------------------------------------------
[2025-08-20 23:32:53] ANN_model saved with Val_ACC: 0.8610
[2025-08-20 23:32:53] ----------------------------------------------------------------------------------------------------
[2025-08-20 23:32:54] ANN_model saved with Val_ACC: 0.8686
[2025-08-20 23:32:54] ----------------------------------------------------------------------------------------------------
[2025-08-20 23:32:54] ANN_model saved with Val_ACC: 0.8730
[2025-08-20 23:32:54] ----------------------------------------------------------------------------------------------------
[2025-08-20 23:34:00] Finall ensemble results of fold_4 for MACSynDCR:
[2025-08-20 23:34:00] ----------------------------------------------------------------------------------------------------
[2025-08-20 23:34:00] Ensemble Accuracy: 0.9003, AUC-ROC: 0.9578, 
Ensemble AUC-PR: 0.9586, Precision: 0.9048, 
Ensemble Recall: 0.8991, F1 Score: 0.9019, 
Ensemble RMSE: 12.5300
[2025-08-20 23:34:00] ----------------------------------------------------------------------------------------------------
[2025-08-20 23:34:00] Fold 5
[2025-08-20 23:34:00] ----------------------------------------------------------------------------------------------------
[2025-08-20 23:34:00] ANN_model saved with Val_ACC: 0.5038
[2025-08-20 23:34:00] ----------------------------------------------------------------------------------------------------
[2025-08-20 23:34:00] fold_5: Epoch [1/10], Loss: 0.6998, ACC: 0.5038, AUC: 0.5003
[2025-08-20 23:34:00] ANN_model saved with Val_ACC: 0.7554
[2025-08-20 23:34:00] ----------------------------------------------------------------------------------------------------
[2025-08-20 23:34:01] ANN_model saved with Val_ACC: 0.8030
[2025-08-20 23:34:01] ----------------------------------------------------------------------------------------------------
[2025-08-20 23:34:01] ANN_model saved with Val_ACC: 0.8247
[2025-08-20 23:34:01] ----------------------------------------------------------------------------------------------------
[2025-08-20 23:34:02] ANN_model saved with Val_ACC: 0.8386
[2025-08-20 23:34:02] ----------------------------------------------------------------------------------------------------
[2025-08-20 23:34:02] ANN_model saved with Val_ACC: 0.8526
[2025-08-20 23:34:02] ----------------------------------------------------------------------------------------------------
[2025-08-20 23:34:02] ANN_model saved with Val_ACC: 0.8634
[2025-08-20 23:34:02] ----------------------------------------------------------------------------------------------------
[2025-08-20 23:34:03] ANN_model saved with Val_ACC: 0.8679
[2025-08-20 23:34:03] ----------------------------------------------------------------------------------------------------
[2025-08-20 23:34:03] ANN_model saved with Val_ACC: 0.8736
[2025-08-20 23:34:03] ----------------------------------------------------------------------------------------------------
[2025-08-20 23:34:04] ANN_model saved with Val_ACC: 0.8818
[2025-08-20 23:34:04] ----------------------------------------------------------------------------------------------------
[2025-08-20 23:35:10] Finall ensemble results of fold_5 for MACSynDCR:
[2025-08-20 23:35:10] ----------------------------------------------------------------------------------------------------
[2025-08-20 23:35:10] Ensemble Accuracy: 0.8933, AUC-ROC: 0.9564, 
Ensemble AUC-PR: 0.9537, Precision: 0.8939, 
Ensemble Recall: 0.8961, F1 Score: 0.8950, 
Ensemble RMSE: 12.9615
[2025-08-20 23:35:10] ----------------------------------------------------------------------------------------------------
[2025-08-20 23:35:10] ****************************************************************************************************
[2025-08-20 23:35:10] *          Final MACSynCDR Results:
[2025-08-20 23:35:10] ****************************************************************************************************
[2025-08-20 23:35:10]  AUC: 0.9551 ± 0.0024
[2025-08-20 23:35:10]  Accuracy: 0.8927 ± 0.0050
[2025-08-20 23:35:10]  AUC-PR: 0.9519 ± 0.0039
[2025-08-20 23:35:10]  Precision: 0.8912 ± 0.0084
[2025-08-20 23:35:10]  Recall: 0.8937 ± 0.0034
[2025-08-20 23:35:10]  F1: 0.8925 ± 0.0058
[2025-08-20 23:35:10]  RMSE: 12.9965 ± 0.3037
[2025-08-20 23:35:10]  PCC: 0.8221 ± 0.0059



C:\Users\srahaman2\Documents\PhD research\MACSynDCR\LapMGAN>python MACSynDCR_CV_RUN_with_LMGAN_shape.py --epoch 10 --suffix Ablation_DMG
2025-08-20 23:29:05.692437: I tensorflow/core/util/port.cc:153] oneDNN custom operations are on. You may see slightly different numerical results due to floating-point round-off errors from different computation orders. To turn them off, set the environment variable `TF_ENABLE_ONEDNN_OPTS=0`.
2025-08-20 23:29:06.666786: I tensorflow/core/util/port.cc:153] oneDNN custom operations are on. You may see slightly different numerical results due to floating-point round-off errors from different computation orders. To turn them off, set the environment variable `TF_ENABLE_ONEDNN_OPTS=0`.
Fold 1
Data processing and Training of MACSynDCR_ANN model:
ANN_model saved with Val_ACC: 0.5029 Val_AUC: 0.5109
fold_1: Epoch [1/10], Loss: 0.6986, Val_ACC: 0.5029, Val_AUC: 0.5109
ANN_model saved with Val_ACC: 0.7562 Val_AUC: 0.8238
ANN_model saved with Val_ACC: 0.7810 Val_AUC: 0.8697
ANN_model saved with Val_ACC: 0.8133 Val_AUC: 0.8942
ANN_model saved with Val_ACC: 0.8140 Val_AUC: 0.9059
ANN_model saved with Val_ACC: 0.8210 Val_AUC: 0.9125
ANN_model saved with Val_ACC: 0.8375 Val_AUC: 0.9210
ANN_model saved with Val_ACC: 0.8597 Val_AUC: 0.9318
ANN_model saved with Val_ACC: 0.8660 Val_AUC: 0.9370
Accuracy: 0.8660, AUC-ROC: 0.9370
 AUC-PR: 0.9396, Precision: 0.8703, Recall: 0.8581, F1 Score: 0.8641
RMSE: 12.3992 , PCC: 0.7808
Data processing and Training of MACSynDCR_ANN model:
2025-08-20 23:29:19.400644: I tensorflow/core/platform/cpu_feature_guard.cc:210] This TensorFlow binary is optimized to use available CPU instructions in performance-critical operations.
To enable the following instructions: AVX2 FMA, in other operations, rebuild TensorFlow with the appropriate compiler flags.
MACSynDCR_ANN model:
Model: "sequential"
????????????????????????????????????????????????????????????????????????????????????????
? Layer (type)                         ? Output Shape                ?         Param # ?
????????????????????????????????????????????????????????????????????????????????????????
¦ dense (Dense)                        ¦ (None, 2048)                ¦       4,458,496 ¦
+--------------------------------------+-----------------------------+-----------------¦
¦ batch_normalization                  ¦ (None, 2048)                ¦           8,192 ¦
¦ (BatchNormalization)                 ¦                             ¦                 ¦
+--------------------------------------+-----------------------------+-----------------¦
¦ dense_1 (Dense)                      ¦ (None, 1024)                ¦       2,098,176 ¦
+--------------------------------------+-----------------------------+-----------------¦
¦ batch_normalization_1                ¦ (None, 1024)                ¦           4,096 ¦
¦ (BatchNormalization)                 ¦                             ¦                 ¦
+--------------------------------------+-----------------------------+-----------------¦
¦ dense_2 (Dense)                      ¦ (None, 512)                 ¦         524,800 ¦
+--------------------------------------+-----------------------------+-----------------¦
¦ batch_normalization_2                ¦ (None, 512)                 ¦           2,048 ¦
¦ (BatchNormalization)                 ¦                             ¦                 ¦
+--------------------------------------+-----------------------------+-----------------¦
¦ dense_3 (Dense)                      ¦ (None, 256)                 ¦         131,328 ¦
+--------------------------------------+-----------------------------+-----------------¦
¦ batch_normalization_3                ¦ (None, 256)                 ¦           1,024 ¦
¦ (BatchNormalization)                 ¦                             ¦                 ¦
+--------------------------------------+-----------------------------+-----------------¦
¦ dense_4 (Dense)                      ¦ (None, 128)                 ¦          32,896 ¦
+--------------------------------------+-----------------------------+-----------------¦
¦ batch_normalization_4                ¦ (None, 128)                 ¦             512 ¦
¦ (BatchNormalization)                 ¦                             ¦                 ¦
+--------------------------------------+-----------------------------+-----------------¦
¦ dense_5 (Dense)                      ¦ (None, 2)                   ¦             258 ¦
+--------------------------------------------------------------------------------------+
 Total params: 7,261,826 (27.70 MB)
 Trainable params: 7,253,890 (27.67 MB)
 Non-trainable params: 7,936 (31.00 KB)
Epoch 1/10
50/50 ???????????????????? 0s 46ms/step - acc: 0.7356 - auc: 0.8040 - loss: 0.6055
Epoch 1: val_auc improved from -inf to 0.72252, saving model to saved_models/best_MACSynDCR_ANN_model.keras
50/50 ???????????????????? 7s 69ms/step - acc: 0.7366 - auc: 0.8053 - loss: 0.6030 - val_acc: 0.6267 - val_auc: 0.7225 - val_loss: 0.8192
Epoch 2/10
49/50 ???????????????????? 0s 46ms/step - acc: 0.8827 - auc: 0.9482 - loss: 0.2918
Epoch 2: val_auc improved from 0.72252 to 0.81588, saving model to saved_models/best_MACSynDCR_ANN_model.keras
50/50 ???????????????????? 3s 62ms/step - acc: 0.8826 - auc: 0.9483 - loss: 0.2915 - val_acc: 0.7352 - val_auc: 0.8159 - val_loss: 0.5607
Epoch 3/10
50/50 ???????????????????? 0s 46ms/step - acc: 0.9147 - auc: 0.9738 - loss: 0.2090
Epoch 3: val_auc improved from 0.81588 to 0.84889, saving model to saved_models/best_MACSynDCR_ANN_model.keras
50/50 ???????????????????? 3s 62ms/step - acc: 0.9147 - auc: 0.9738 - loss: 0.2092 - val_acc: 0.7632 - val_auc: 0.8489 - val_loss: 0.5628
Epoch 4/10
49/50 ???????????????????? 0s 47ms/step - acc: 0.9223 - auc: 0.9770 - loss: 0.1938
Epoch 4: val_auc improved from 0.84889 to 0.87899, saving model to saved_models/best_MACSynDCR_ANN_model.keras
50/50 ???????????????????? 3s 63ms/step - acc: 0.9222 - auc: 0.9770 - loss: 0.1942 - val_acc: 0.7917 - val_auc: 0.8790 - val_loss: 0.5101
Epoch 5/10
49/50 ???????????????????? 0s 47ms/step - acc: 0.9337 - auc: 0.9820 - loss: 0.1697
Epoch 5: val_auc improved from 0.87899 to 0.91483, saving model to saved_models/best_MACSynDCR_ANN_model.keras
50/50 ???????????????????? 3s 61ms/step - acc: 0.9337 - auc: 0.9820 - loss: 0.1696 - val_acc: 0.8356 - val_auc: 0.9148 - val_loss: 0.4332
Epoch 6/10
49/50 ???????????????????? 0s 47ms/step - acc: 0.9576 - auc: 0.9918 - loss: 0.1170
Epoch 6: val_auc improved from 0.91483 to 0.92848, saving model to saved_models/best_MACSynDCR_ANN_model.keras
50/50 ???????????????????? 3s 62ms/step - acc: 0.9573 - auc: 0.9918 - loss: 0.1175 - val_acc: 0.8622 - val_auc: 0.9285 - val_loss: 0.4009
Epoch 7/10
50/50 ???????????????????? 0s 46ms/step - acc: 0.9465 - auc: 0.9890 - loss: 0.1336
Epoch 7: val_auc did not improve from 0.92848
50/50 ???????????????????? 3s 49ms/step - acc: 0.9465 - auc: 0.9889 - loss: 0.1336 - val_acc: 0.8444 - val_auc: 0.9103 - val_loss: 0.5318
Epoch 8/10
49/50 ???????????????????? 0s 47ms/step - acc: 0.9590 - auc: 0.9914 - loss: 0.1160
Epoch 8: val_auc improved from 0.92848 to 0.93297, saving model to saved_models/best_MACSynDCR_ANN_model.keras
50/50 ???????????????????? 3s 61ms/step - acc: 0.9590 - auc: 0.9914 - loss: 0.1161 - val_acc: 0.8673 - val_auc: 0.9330 - val_loss: 0.4433
Epoch 9/10
50/50 ???????????????????? 0s 46ms/step - acc: 0.9663 - auc: 0.9946 - loss: 0.0925
Epoch 9: val_auc did not improve from 0.93297
50/50 ???????????????????? 2s 49ms/step - acc: 0.9662 - auc: 0.9946 - loss: 0.0925 - val_acc: 0.8597 - val_auc: 0.9271 - val_loss: 0.4677
Epoch 10/10
49/50 ???????????????????? 0s 46ms/step - acc: 0.9731 - auc: 0.9947 - loss: 0.0812
Epoch 10: val_auc improved from 0.93297 to 0.93515, saving model to saved_models/best_MACSynDCR_ANN_model.keras
50/50 ???????????????????? 3s 59ms/step - acc: 0.9730 - auc: 0.9947 - loss: 0.0813 - val_acc: 0.8660 - val_auc: 0.9351 - val_loss: 0.4493
50/50 ???????????????????? 0s 6ms/step
50/50 ???????????????????? 0s 3ms/step
ANN: Accuracy: 0.8660, AUC-ROC: 0.9383
ANN: AUC-PR: 0.9366, Precision: 0.8512,
ANN Recall: 0.8849, F1 Score: 0.8677
\ANN:RMSE: 14.5258 , PCC: 0.7785
Data processing and Training of MACSynDCR_CNN model:
MACSynDCR_CNN model:
Model: "sequential_1"
????????????????????????????????????????????????????????????????????????????????????????
? Layer (type)                         ? Output Shape                ?         Param # ?
????????????????????????????????????????????????????????????????????????????????????????
¦ conv2d (Conv2D)                      ¦ (None, 66, 30, 32)          ¦             320 ¦
+--------------------------------------+-----------------------------+-----------------¦
¦ max_pooling2d (MaxPooling2D)         ¦ (None, 33, 15, 32)          ¦               0 ¦
+--------------------------------------+-----------------------------+-----------------¦
¦ dropout (Dropout)                    ¦ (None, 33, 15, 32)          ¦               0 ¦
+--------------------------------------+-----------------------------+-----------------¦
¦ conv2d_1 (Conv2D)                    ¦ (None, 31, 13, 64)          ¦          18,496 ¦
+--------------------------------------+-----------------------------+-----------------¦
¦ max_pooling2d_1 (MaxPooling2D)       ¦ (None, 15, 6, 64)           ¦               0 ¦
+--------------------------------------+-----------------------------+-----------------¦
¦ dropout_1 (Dropout)                  ¦ (None, 15, 6, 64)           ¦               0 ¦
+--------------------------------------+-----------------------------+-----------------¦
¦ conv2d_2 (Conv2D)                    ¦ (None, 13, 4, 128)          ¦          73,856 ¦
+--------------------------------------+-----------------------------+-----------------¦
¦ max_pooling2d_2 (MaxPooling2D)       ¦ (None, 6, 2, 128)           ¦               0 ¦
+--------------------------------------+-----------------------------+-----------------¦
¦ dropout_2 (Dropout)                  ¦ (None, 6, 2, 128)           ¦               0 ¦
+--------------------------------------+-----------------------------+-----------------¦
¦ flatten (Flatten)                    ¦ (None, 1536)                ¦               0 ¦
+--------------------------------------+-----------------------------+-----------------¦
¦ dense_6 (Dense)                      ¦ (None, 128)                 ¦         196,736 ¦
+--------------------------------------+-----------------------------+-----------------¦
¦ dense_7 (Dense)                      ¦ (None, 2)                   ¦             258 ¦
+--------------------------------------------------------------------------------------+
 Total params: 289,666 (1.10 MB)
 Trainable params: 289,666 (1.10 MB)
 Non-trainable params: 0 (0.00 B)
Epoch 1/10
50/50 ???????????????????? 0s 46ms/step - acc: 0.4939 - auc: 0.4925 - loss: 0.7124
Epoch 1: val_acc improved from -inf to 0.55175, saving model to saved_models/best_MACSynDCR_CNN_model.keras
50/50 ???????????????????? 4s 56ms/step - acc: 0.4942 - auc: 0.4926 - loss: 0.7121 - val_acc: 0.5517 - val_auc: 0.5796 - val_loss: 0.6924
Epoch 2/10
50/50 ???????????????????? 0s 45ms/step - acc: 0.5201 - auc: 0.5407 - loss: 0.6916
Epoch 2: val_acc improved from 0.55175 to 0.66222, saving model to saved_models/best_MACSynDCR_CNN_model.keras
50/50 ???????????????????? 3s 50ms/step - acc: 0.5206 - auc: 0.5414 - loss: 0.6915 - val_acc: 0.6622 - val_auc: 0.7300 - val_loss: 0.6678
Epoch 3/10
49/50 ???????????????????? 0s 46ms/step - acc: 0.6430 - auc: 0.6963 - loss: 0.6464
Epoch 3: val_acc improved from 0.66222 to 0.75111, saving model to saved_models/best_MACSynDCR_CNN_model.keras
50/50 ???????????????????? 3s 50ms/step - acc: 0.6439 - auc: 0.6975 - loss: 0.6452 - val_acc: 0.7511 - val_auc: 0.8263 - val_loss: 0.5202
Epoch 4/10
48/50 ???????????????????? 0s 45ms/step - acc: 0.7393 - auc: 0.8108 - loss: 0.5347
Epoch 4: val_acc improved from 0.75111 to 0.75556, saving model to saved_models/best_MACSynDCR_CNN_model.keras
50/50 ???????????????????? 3s 49ms/step - acc: 0.7402 - auc: 0.8116 - loss: 0.5337 - val_acc: 0.7556 - val_auc: 0.8268 - val_loss: 0.5153
Epoch 5/10
49/50 ???????????????????? 0s 46ms/step - acc: 0.7710 - auc: 0.8514 - loss: 0.4828
Epoch 5: val_acc improved from 0.75556 to 0.78032, saving model to saved_models/best_MACSynDCR_CNN_model.keras
50/50 ???????????????????? 3s 51ms/step - acc: 0.7712 - auc: 0.8516 - loss: 0.4824 - val_acc: 0.7803 - val_auc: 0.8716 - val_loss: 0.4567
Epoch 6/10
49/50 ???????????????????? 0s 45ms/step - acc: 0.7907 - auc: 0.8730 - loss: 0.4490
Epoch 6: val_acc improved from 0.78032 to 0.79746, saving model to saved_models/best_MACSynDCR_CNN_model.keras
50/50 ???????????????????? 2s 49ms/step - acc: 0.7910 - auc: 0.8732 - loss: 0.4486 - val_acc: 0.7975 - val_auc: 0.8792 - val_loss: 0.4386
Epoch 7/10
49/50 ???????????????????? 0s 46ms/step - acc: 0.7956 - auc: 0.8786 - loss: 0.4389
Epoch 7: val_acc improved from 0.79746 to 0.79873, saving model to saved_models/best_MACSynDCR_CNN_model.keras
50/50 ???????????????????? 3s 51ms/step - acc: 0.7957 - auc: 0.8787 - loss: 0.4387 - val_acc: 0.7987 - val_auc: 0.8825 - val_loss: 0.4321
Epoch 8/10
49/50 ???????????????????? 0s 45ms/step - acc: 0.8087 - auc: 0.8847 - loss: 0.4275
Epoch 8: val_acc did not improve from 0.79873
50/50 ???????????????????? 2s 48ms/step - acc: 0.8087 - auc: 0.8849 - loss: 0.4273 - val_acc: 0.7727 - val_auc: 0.8599 - val_loss: 0.4676
Epoch 9/10
49/50 ???????????????????? 0s 45ms/step - acc: 0.7959 - auc: 0.8796 - loss: 0.4354
Epoch 9: val_acc improved from 0.79873 to 0.80127, saving model to saved_models/best_MACSynDCR_CNN_model.keras
50/50 ???????????????????? 3s 50ms/step - acc: 0.7962 - auc: 0.8798 - loss: 0.4351 - val_acc: 0.8013 - val_auc: 0.8812 - val_loss: 0.4342
Epoch 10/10
49/50 ???????????????????? 0s 48ms/step - acc: 0.8130 - auc: 0.8955 - loss: 0.4083
Epoch 10: val_acc improved from 0.80127 to 0.80381, saving model to saved_models/best_MACSynDCR_CNN_model.keras
50/50 ???????????????????? 3s 53ms/step - acc: 0.8127 - auc: 0.8953 - loss: 0.4087 - val_acc: 0.8038 - val_auc: 0.8831 - val_loss: 0.4318
50/50 ???????????????????? 0s 5ms/step
50/50 ???????????????????? 0s 4ms/step
CNN: Accuracy: 0.8038, AUC-ROC: 0.8852
CNN: AUC-PR: 0.8841, Precision: 0.8235,
CNN Recall: 0.7698, F1 Score: 0.7958
CNN:RMSE: 17.5784 , PCC: 0.6724
Evaluation of Keras MACSynDCR_ANN model:
50/50 ???????????????????? 1s 4ms/step - acc: 0.8700 - auc: 0.9360 - loss: 0.4225
Evaluate->  Loss: 0.4493, Accuracy: 0.8660,AUC: 0.9351
50/50 ???????????????????? 0s 6ms/step
197/197 ???????????????????? 1s 3ms/step
ANN: Accuracy: 0.8660, AUC-ROC: 0.9383
ANN: AUC-PR: 0.9366, Precision: 0.8512,
ANN Recall: 0.8849, F1 Score: 0.8677
ANN:RMSE: 14.5258 , PCC: 0.7785
****************************************************************************************************
Evaluation of Keras MACSynDCR_CNN model:
50/50 ???????????????????? 1s 4ms/step - acc: 0.7974 - auc: 0.8742 - loss: 0.4464
Evaluate->  Loss: 0.4318, Accuracy: 0.8038,Accuracy: 0.8831
50/50 ???????????????????? 1s 5ms/step
197/197 ???????????????????? 1s 4ms/step
CNN: Accuracy: 0.8038, AUC-ROC: 0.8852
CNN: AUC-PR: 0.8841, Precision: 0.8235,
CNN Recall: 0.7698, F1 Score: 0.7958
CNN:RMSE: 17.5784 , PCC: 0.6724
****************************************************************************************************
Accuracy Score and AUC for ANN = AUC: 0.9370, Accuracy: 0.8660
Accuracy Score and AUC for KANN = AUC: 0.9383, Accuracy: 0.8660
Accuracy Score and AUC for KCNN = AUC: 0.8852, Accuracy: 0.8038
Average AUC = AUC: 0.9456, Accuracy: 0.8806
MAX AUC = AUC: 0.9420, Accuracy: 0.8438
Fitting 5 folds for each of 14 candidates, totalling 70 fits
Finall ensemble results of fold_1 for MACSynDCR:
----------------------------------------------------------------------------------------------------
Ensemble Accuracy: 0.8863, AUC-ROC: 0.9510
Ensemble AUC-PR: 0.9501, Precision: 0.8821,
Ensemble Recall: 0.8900, F1 Score: 0.8861
Ensemble RMSE: 13.3791 , PCC: 0.8120
----------------------------------------------------------------------------------------------------
Fold 2
Data processing and Training of MACSynDCR_ANN model:
ANN_model saved with Val_ACC: 0.5371 Val_AUC: 0.5499
fold_2: Epoch [1/10], Loss: 0.6938, Val_ACC: 0.5371, Val_AUC: 0.5499
ANN_model saved with Val_ACC: 0.7651 Val_AUC: 0.8514
ANN_model saved with Val_ACC: 0.8216 Val_AUC: 0.8953
ANN_model saved with Val_ACC: 0.8406 Val_AUC: 0.9118
ANN_model saved with Val_ACC: 0.8451 Val_AUC: 0.9191
ANN_model saved with Val_ACC: 0.8571 Val_AUC: 0.9249
ANN_model saved with Val_ACC: 0.8679 Val_AUC: 0.9295
ANN_model saved with Val_ACC: 0.8705 Val_AUC: 0.9333
ANN_model saved with Val_ACC: 0.8800 Val_AUC: 0.9404
Accuracy: 0.8800, AUC-ROC: 0.9404
 AUC-PR: 0.9359, Precision: 0.8728, Recall: 0.8852, F1 Score: 0.8789
RMSE: 12.0794 , PCC: 0.7933
Data processing and Training of MACSynDCR_ANN model:
MACSynDCR_ANN model:
Model: "sequential_2"
????????????????????????????????????????????????????????????????????????????????????????
? Layer (type)                         ? Output Shape                ?         Param # ?
????????????????????????????????????????????????????????????????????????????????????????
¦ dense_8 (Dense)                      ¦ (None, 2048)                ¦       4,458,496 ¦
+--------------------------------------+-----------------------------+-----------------¦
¦ batch_normalization_5                ¦ (None, 2048)                ¦           8,192 ¦
¦ (BatchNormalization)                 ¦                             ¦                 ¦
+--------------------------------------+-----------------------------+-----------------¦
¦ dense_9 (Dense)                      ¦ (None, 1024)                ¦       2,098,176 ¦
+--------------------------------------+-----------------------------+-----------------¦
¦ batch_normalization_6                ¦ (None, 1024)                ¦           4,096 ¦
¦ (BatchNormalization)                 ¦                             ¦                 ¦
+--------------------------------------+-----------------------------+-----------------¦
¦ dense_10 (Dense)                     ¦ (None, 512)                 ¦         524,800 ¦
+--------------------------------------+-----------------------------+-----------------¦
¦ batch_normalization_7                ¦ (None, 512)                 ¦           2,048 ¦
¦ (BatchNormalization)                 ¦                             ¦                 ¦
+--------------------------------------+-----------------------------+-----------------¦
¦ dense_11 (Dense)                     ¦ (None, 256)                 ¦         131,328 ¦
+--------------------------------------+-----------------------------+-----------------¦
¦ batch_normalization_8                ¦ (None, 256)                 ¦           1,024 ¦
¦ (BatchNormalization)                 ¦                             ¦                 ¦
+--------------------------------------+-----------------------------+-----------------¦
¦ dense_12 (Dense)                     ¦ (None, 128)                 ¦          32,896 ¦
+--------------------------------------+-----------------------------+-----------------¦
¦ batch_normalization_9                ¦ (None, 128)                 ¦             512 ¦
¦ (BatchNormalization)                 ¦                             ¦                 ¦
+--------------------------------------+-----------------------------+-----------------¦
¦ dense_13 (Dense)                     ¦ (None, 2)                   ¦             258 ¦
+--------------------------------------------------------------------------------------+
 Total params: 7,261,826 (27.70 MB)
 Trainable params: 7,253,890 (27.67 MB)
 Non-trainable params: 7,936 (31.00 KB)
Epoch 1/10
49/50 ???????????????????? 0s 47ms/step - acc: 0.7324 - auc: 0.8047 - loss: 0.6119
Epoch 1: val_auc improved from -inf to 0.80196, saving model to saved_models/best_MACSynDCR_ANN_model.keras
50/50 ???????????????????? 6s 69ms/step - acc: 0.7347 - auc: 0.8072 - loss: 0.6067 - val_acc: 0.7187 - val_auc: 0.8020 - val_loss: 0.5529
Epoch 2/10
50/50 ???????????????????? 0s 47ms/step - acc: 0.8824 - auc: 0.9519 - loss: 0.2822
Epoch 2: val_auc did not improve from 0.80196
50/50 ???????????????????? 3s 50ms/step - acc: 0.8824 - auc: 0.9519 - loss: 0.2822 - val_acc: 0.6260 - val_auc: 0.7423 - val_loss: 0.8365
Epoch 3/10
49/50 ???????????????????? 0s 46ms/step - acc: 0.9044 - auc: 0.9687 - loss: 0.2271
Epoch 3: val_auc improved from 0.80196 to 0.88003, saving model to saved_models/best_MACSynDCR_ANN_model.keras
50/50 ???????????????????? 3s 62ms/step - acc: 0.9045 - auc: 0.9687 - loss: 0.2271 - val_acc: 0.7886 - val_auc: 0.8800 - val_loss: 0.4414
Epoch 4/10
50/50 ???????????????????? 0s 47ms/step - acc: 0.9298 - auc: 0.9824 - loss: 0.1730
Epoch 4: val_auc did not improve from 0.88003
50/50 ???????????????????? 3s 50ms/step - acc: 0.9296 - auc: 0.9824 - loss: 0.1733 - val_acc: 0.7956 - val_auc: 0.8716 - val_loss: 0.5280
Epoch 5/10
50/50 ???????????????????? 0s 46ms/step - acc: 0.9376 - auc: 0.9831 - loss: 0.1647
Epoch 5: val_auc improved from 0.88003 to 0.93841, saving model to saved_models/best_MACSynDCR_ANN_model.keras
50/50 ???????????????????? 3s 61ms/step - acc: 0.9375 - auc: 0.9831 - loss: 0.1648 - val_acc: 0.8590 - val_auc: 0.9384 - val_loss: 0.3454
Epoch 6/10
50/50 ???????????????????? 0s 46ms/step - acc: 0.9582 - auc: 0.9923 - loss: 0.1120
Epoch 6: val_auc did not improve from 0.93841
50/50 ???????????????????? 2s 49ms/step - acc: 0.9582 - auc: 0.9922 - loss: 0.1122 - val_acc: 0.8463 - val_auc: 0.9249 - val_loss: 0.4299
Epoch 7/10
50/50 ???????????????????? 0s 46ms/step - acc: 0.9523 - auc: 0.9900 - loss: 0.1261
Epoch 7: val_auc did not improve from 0.93841
50/50 ???????????????????? 2s 48ms/step - acc: 0.9523 - auc: 0.9900 - loss: 0.1261 - val_acc: 0.8705 - val_auc: 0.9365 - val_loss: 0.4275
Epoch 8/10
49/50 ???????????????????? 0s 46ms/step - acc: 0.9541 - auc: 0.9918 - loss: 0.1135
Epoch 8: val_auc improved from 0.93841 to 0.94480, saving model to saved_models/best_MACSynDCR_ANN_model.keras
50/50 ???????????????????? 3s 61ms/step - acc: 0.9541 - auc: 0.9918 - loss: 0.1134 - val_acc: 0.8800 - val_auc: 0.9448 - val_loss: 0.3726
Epoch 9/10
49/50 ???????????????????? 0s 47ms/step - acc: 0.9628 - auc: 0.9944 - loss: 0.0943
Epoch 9: val_auc improved from 0.94480 to 0.94496, saving model to saved_models/best_MACSynDCR_ANN_model.keras
50/50 ???????????????????? 3s 64ms/step - acc: 0.9628 - auc: 0.9944 - loss: 0.0944 - val_acc: 0.8794 - val_auc: 0.9450 - val_loss: 0.4064
Epoch 10/10
49/50 ???????????????????? 0s 46ms/step - acc: 0.9710 - auc: 0.9959 - loss: 0.0784
Epoch 10: val_auc did not improve from 0.94496
50/50 ???????????????????? 2s 49ms/step - acc: 0.9709 - auc: 0.9959 - loss: 0.0787 - val_acc: 0.8705 - val_auc: 0.9401 - val_loss: 0.4098
50/50 ???????????????????? 0s 6ms/step
50/50 ???????????????????? 0s 3ms/step
ANN: Accuracy: 0.8794, AUC-ROC: 0.9492
ANN: AUC-PR: 0.9489, Precision: 0.8736,
ANN Recall: 0.8826, F1 Score: 0.8780
\ANN:RMSE: 13.7840 , PCC: 0.7910
Data processing and Training of MACSynDCR_CNN model:
MACSynDCR_CNN model:
Model: "sequential_3"
????????????????????????????????????????????????????????????????????????????????????????
? Layer (type)                         ? Output Shape                ?         Param # ?
????????????????????????????????????????????????????????????????????????????????????????
¦ conv2d_3 (Conv2D)                    ¦ (None, 66, 30, 32)          ¦             320 ¦
+--------------------------------------+-----------------------------+-----------------¦
¦ max_pooling2d_3 (MaxPooling2D)       ¦ (None, 33, 15, 32)          ¦               0 ¦
+--------------------------------------+-----------------------------+-----------------¦
¦ dropout_3 (Dropout)                  ¦ (None, 33, 15, 32)          ¦               0 ¦
+--------------------------------------+-----------------------------+-----------------¦
¦ conv2d_4 (Conv2D)                    ¦ (None, 31, 13, 64)          ¦          18,496 ¦
+--------------------------------------+-----------------------------+-----------------¦
¦ max_pooling2d_4 (MaxPooling2D)       ¦ (None, 15, 6, 64)           ¦               0 ¦
+--------------------------------------+-----------------------------+-----------------¦
¦ dropout_4 (Dropout)                  ¦ (None, 15, 6, 64)           ¦               0 ¦
+--------------------------------------+-----------------------------+-----------------¦
¦ conv2d_5 (Conv2D)                    ¦ (None, 13, 4, 128)          ¦          73,856 ¦
+--------------------------------------+-----------------------------+-----------------¦
¦ max_pooling2d_5 (MaxPooling2D)       ¦ (None, 6, 2, 128)           ¦               0 ¦
+--------------------------------------+-----------------------------+-----------------¦
¦ dropout_5 (Dropout)                  ¦ (None, 6, 2, 128)           ¦               0 ¦
+--------------------------------------+-----------------------------+-----------------¦
¦ flatten_1 (Flatten)                  ¦ (None, 1536)                ¦               0 ¦
+--------------------------------------+-----------------------------+-----------------¦
¦ dense_14 (Dense)                     ¦ (None, 128)                 ¦         196,736 ¦
+--------------------------------------+-----------------------------+-----------------¦
¦ dense_15 (Dense)                     ¦ (None, 2)                   ¦             258 ¦
+--------------------------------------------------------------------------------------+
 Total params: 289,666 (1.10 MB)
 Trainable params: 289,666 (1.10 MB)
 Non-trainable params: 0 (0.00 B)
Epoch 1/10
49/50 ???????????????????? 0s 45ms/step - acc: 0.5003 - auc: 0.4982 - loss: 0.6967
Epoch 1: val_acc improved from -inf to 0.67683, saving model to saved_models/best_MACSynDCR_CNN_model.keras
50/50 ???????????????????? 4s 53ms/step - acc: 0.5004 - auc: 0.4985 - loss: 0.6966 - val_acc: 0.6768 - val_auc: 0.7353 - val_loss: 0.6865
Epoch 2/10
49/50 ???????????????????? 0s 46ms/step - acc: 0.5742 - auc: 0.6032 - loss: 0.6806
Epoch 2: val_acc improved from 0.67683 to 0.69206, saving model to saved_models/best_MACSynDCR_CNN_model.keras
50/50 ???????????????????? 3s 51ms/step - acc: 0.5755 - auc: 0.6051 - loss: 0.6798 - val_acc: 0.6921 - val_auc: 0.7607 - val_loss: 0.5836
Epoch 3/10
48/50 ???????????????????? 0s 45ms/step - acc: 0.7223 - auc: 0.7912 - loss: 0.5555
Epoch 3: val_acc improved from 0.69206 to 0.78857, saving model to saved_models/best_MACSynDCR_CNN_model.keras
50/50 ???????????????????? 2s 49ms/step - acc: 0.7232 - auc: 0.7927 - loss: 0.5539 - val_acc: 0.7886 - val_auc: 0.8598 - val_loss: 0.4680
Epoch 4/10
49/50 ???????????????????? 0s 45ms/step - acc: 0.7754 - auc: 0.8569 - loss: 0.4714
Epoch 4: val_acc improved from 0.78857 to 0.80698, saving model to saved_models/best_MACSynDCR_CNN_model.keras
50/50 ???????????????????? 3s 50ms/step - acc: 0.7754 - auc: 0.8569 - loss: 0.4713 - val_acc: 0.8070 - val_auc: 0.8834 - val_loss: 0.4313
Epoch 5/10
49/50 ???????????????????? 0s 46ms/step - acc: 0.7859 - auc: 0.8753 - loss: 0.4428
Epoch 5: val_acc did not improve from 0.80698
50/50 ???????????????????? 3s 50ms/step - acc: 0.7859 - auc: 0.8753 - loss: 0.4428 - val_acc: 0.7943 - val_auc: 0.8813 - val_loss: 0.4347
Epoch 6/10
50/50 ???????????????????? 0s 48ms/step - acc: 0.8043 - auc: 0.8842 - loss: 0.4289
Epoch 6: val_acc improved from 0.80698 to 0.81079, saving model to saved_models/best_MACSynDCR_CNN_model.keras
50/50 ???????????????????? 3s 53ms/step - acc: 0.8043 - auc: 0.8842 - loss: 0.4290 - val_acc: 0.8108 - val_auc: 0.8938 - val_loss: 0.4130
Epoch 7/10
49/50 ???????????????????? 0s 45ms/step - acc: 0.8010 - auc: 0.8834 - loss: 0.4293
Epoch 7: val_acc improved from 0.81079 to 0.81905, saving model to saved_models/best_MACSynDCR_CNN_model.keras
50/50 ???????????????????? 2s 49ms/step - acc: 0.8012 - auc: 0.8835 - loss: 0.4292 - val_acc: 0.8190 - val_auc: 0.8952 - val_loss: 0.4173
Epoch 8/10
49/50 ???????????????????? 0s 45ms/step - acc: 0.8082 - auc: 0.8948 - loss: 0.4097
Epoch 8: val_acc improved from 0.81905 to 0.82730, saving model to saved_models/best_MACSynDCR_CNN_model.keras
50/50 ???????????????????? 2s 49ms/step - acc: 0.8080 - auc: 0.8946 - loss: 0.4101 - val_acc: 0.8273 - val_auc: 0.9000 - val_loss: 0.4009
Epoch 9/10
49/50 ???????????????????? 0s 46ms/step - acc: 0.8117 - auc: 0.8964 - loss: 0.4069
Epoch 9: val_acc did not improve from 0.82730
50/50 ???????????????????? 2s 49ms/step - acc: 0.8115 - auc: 0.8962 - loss: 0.4073 - val_acc: 0.8140 - val_auc: 0.8970 - val_loss: 0.4064
Epoch 10/10
48/50 ???????????????????? 0s 45ms/step - acc: 0.8138 - auc: 0.8914 - loss: 0.4157
Epoch 10: val_acc did not improve from 0.82730
50/50 ???????????????????? 2s 48ms/step - acc: 0.8135 - auc: 0.8916 - loss: 0.4154 - val_acc: 0.8108 - val_auc: 0.8949 - val_loss: 0.4106
50/50 ???????????????????? 0s 5ms/step
50/50 ???????????????????? 0s 4ms/step
CNN: Accuracy: 0.8273, AUC-ROC: 0.9004
CNN: AUC-PR: 0.8954, Precision: 0.8140,
CNN Recall: 0.8413, F1 Score: 0.8274
CNN:RMSE: 16.4924 , PCC: 0.7041
Evaluation of Keras MACSynDCR_ANN model:
50/50 ???????????????????? 1s 4ms/step - acc: 0.8852 - auc: 0.9503 - loss: 0.3771
Evaluate->  Loss: 0.4064, Accuracy: 0.8794,AUC: 0.9450
50/50 ???????????????????? 0s 6ms/step
197/197 ???????????????????? 1s 3ms/step
ANN: Accuracy: 0.8794, AUC-ROC: 0.9492
ANN: AUC-PR: 0.9489, Precision: 0.8736,
ANN Recall: 0.8826, F1 Score: 0.8780
ANN:RMSE: 13.7840 , PCC: 0.7910
****************************************************************************************************
Evaluation of Keras MACSynDCR_CNN model:
50/50 ???????????????????? 1s 4ms/step - acc: 0.8429 - auc: 0.9147 - loss: 0.3741
Evaluate->  Loss: 0.4009, Accuracy: 0.8273,Accuracy: 0.9000
50/50 ???????????????????? 0s 6ms/step
197/197 ???????????????????? 1s 4ms/step
CNN: Accuracy: 0.8273, AUC-ROC: 0.9004
CNN: AUC-PR: 0.8954, Precision: 0.8140,
CNN Recall: 0.8413, F1 Score: 0.8274
CNN:RMSE: 16.4924 , PCC: 0.7041
****************************************************************************************************
Accuracy Score and AUC for ANN = AUC: 0.9404, Accuracy: 0.8800
Accuracy Score and AUC for KANN = AUC: 0.9492, Accuracy: 0.8794
Accuracy Score and AUC for KCNN = AUC: 0.9004, Accuracy: 0.8273
Average AUC = AUC: 0.9518, Accuracy: 0.8883
MAX AUC = AUC: 0.9457, Accuracy: 0.8406
Fitting 5 folds for each of 14 candidates, totalling 70 fits
Finall ensemble results of fold_2 for MACSynDCR:
----------------------------------------------------------------------------------------------------
Ensemble Accuracy: 0.8883, AUC-ROC: 0.9538
Ensemble AUC-PR: 0.9484, Precision: 0.8825,
Ensemble Recall: 0.8916, F1 Score: 0.8870
Ensemble RMSE: 13.2665 , PCC: 0.8205
----------------------------------------------------------------------------------------------------
Fold 3
Data processing and Training of MACSynDCR_ANN model:
ANN_model saved with Val_ACC: 0.4825 Val_AUC: 0.4798
fold_3: Epoch [1/10], Loss: 0.7042, Val_ACC: 0.4825, Val_AUC: 0.4798
ANN_model saved with Val_ACC: 0.7790 Val_AUC: 0.8536
ANN_model saved with Val_ACC: 0.8171 Val_AUC: 0.8971
ANN_model saved with Val_ACC: 0.8260 Val_AUC: 0.9106
ANN_model saved with Val_ACC: 0.8387 Val_AUC: 0.9207
ANN_model saved with Val_ACC: 0.8419 Val_AUC: 0.9272
ANN_model saved with Val_ACC: 0.8533 Val_AUC: 0.9311
ANN_model saved with Val_ACC: 0.8571 Val_AUC: 0.9354
ANN_model saved with Val_ACC: 0.8705 Val_AUC: 0.9403
ANN_model saved with Val_ACC: 0.8768 Val_AUC: 0.9444
Accuracy: 0.8768, AUC-ROC: 0.9444
 AUC-PR: 0.9352, Precision: 0.8687, Recall: 0.8801, F1 Score: 0.8744
RMSE: 12.0530 , PCC: 0.7952
Data processing and Training of MACSynDCR_ANN model:
MACSynDCR_ANN model:
Model: "sequential_4"
????????????????????????????????????????????????????????????????????????????????????????
? Layer (type)                         ? Output Shape                ?         Param # ?
????????????????????????????????????????????????????????????????????????????????????????
¦ dense_16 (Dense)                     ¦ (None, 2048)                ¦       4,458,496 ¦
+--------------------------------------+-----------------------------+-----------------¦
¦ batch_normalization_10               ¦ (None, 2048)                ¦           8,192 ¦
¦ (BatchNormalization)                 ¦                             ¦                 ¦
+--------------------------------------+-----------------------------+-----------------¦
¦ dense_17 (Dense)                     ¦ (None, 1024)                ¦       2,098,176 ¦
+--------------------------------------+-----------------------------+-----------------¦
¦ batch_normalization_11               ¦ (None, 1024)                ¦           4,096 ¦
¦ (BatchNormalization)                 ¦                             ¦                 ¦
+--------------------------------------+-----------------------------+-----------------¦
¦ dense_18 (Dense)                     ¦ (None, 512)                 ¦         524,800 ¦
+--------------------------------------+-----------------------------+-----------------¦
¦ batch_normalization_12               ¦ (None, 512)                 ¦           2,048 ¦
¦ (BatchNormalization)                 ¦                             ¦                 ¦
+--------------------------------------+-----------------------------+-----------------¦
¦ dense_19 (Dense)                     ¦ (None, 256)                 ¦         131,328 ¦
+--------------------------------------+-----------------------------+-----------------¦
¦ batch_normalization_13               ¦ (None, 256)                 ¦           1,024 ¦
¦ (BatchNormalization)                 ¦                             ¦                 ¦
+--------------------------------------+-----------------------------+-----------------¦
¦ dense_20 (Dense)                     ¦ (None, 128)                 ¦          32,896 ¦
+--------------------------------------+-----------------------------+-----------------¦
¦ batch_normalization_14               ¦ (None, 128)                 ¦             512 ¦
¦ (BatchNormalization)                 ¦                             ¦                 ¦
+--------------------------------------+-----------------------------+-----------------¦
¦ dense_21 (Dense)                     ¦ (None, 2)                   ¦             258 ¦
+--------------------------------------------------------------------------------------+
 Total params: 7,261,826 (27.70 MB)
 Trainable params: 7,253,890 (27.67 MB)
 Non-trainable params: 7,936 (31.00 KB)
Epoch 1/10
49/50 ???????????????????? 0s 47ms/step - acc: 0.7235 - auc: 0.7925 - loss: 0.6475
Epoch 1: val_auc improved from -inf to 0.73026, saving model to saved_models/best_MACSynDCR_ANN_model.keras
50/50 ???????????????????? 7s 69ms/step - acc: 0.7257 - auc: 0.7952 - loss: 0.6417 - val_acc: 0.6394 - val_auc: 0.7303 - val_loss: 0.6671
Epoch 2/10
49/50 ???????????????????? 0s 46ms/step - acc: 0.8830 - auc: 0.9504 - loss: 0.2855
Epoch 2: val_auc improved from 0.73026 to 0.83948, saving model to saved_models/best_MACSynDCR_ANN_model.keras
50/50 ???????????????????? 3s 62ms/step - acc: 0.8828 - auc: 0.9503 - loss: 0.2856 - val_acc: 0.7517 - val_auc: 0.8395 - val_loss: 0.4996
Epoch 3/10
50/50 ???????????????????? 0s 46ms/step - acc: 0.9164 - auc: 0.9752 - loss: 0.2048
Epoch 3: val_auc improved from 0.83948 to 0.87833, saving model to saved_models/best_MACSynDCR_ANN_model.keras
50/50 ???????????????????? 3s 62ms/step - acc: 0.9163 - auc: 0.9751 - loss: 0.2051 - val_acc: 0.7803 - val_auc: 0.8783 - val_loss: 0.4430
Epoch 4/10
49/50 ???????????????????? 0s 46ms/step - acc: 0.9310 - auc: 0.9806 - loss: 0.1794
Epoch 4: val_auc improved from 0.87833 to 0.92745, saving model to saved_models/best_MACSynDCR_ANN_model.keras
50/50 ???????????????????? 3s 62ms/step - acc: 0.9307 - auc: 0.9805 - loss: 0.1796 - val_acc: 0.8476 - val_auc: 0.9275 - val_loss: 0.3583
Epoch 5/10
49/50 ???????????????????? 0s 47ms/step - acc: 0.9283 - auc: 0.9808 - loss: 0.1770
Epoch 5: val_auc did not improve from 0.92745
50/50 ???????????????????? 2s 49ms/step - acc: 0.9282 - auc: 0.9807 - loss: 0.1774 - val_acc: 0.8463 - val_auc: 0.9111 - val_loss: 0.4706
Epoch 6/10
49/50 ???????????????????? 0s 47ms/step - acc: 0.9523 - auc: 0.9878 - loss: 0.1376
Epoch 6: val_auc improved from 0.92745 to 0.93688, saving model to saved_models/best_MACSynDCR_ANN_model.keras
50/50 ???????????????????? 3s 61ms/step - acc: 0.9521 - auc: 0.9877 - loss: 0.1378 - val_acc: 0.8768 - val_auc: 0.9369 - val_loss: 0.3865
Epoch 7/10
49/50 ???????????????????? 0s 46ms/step - acc: 0.9609 - auc: 0.9934 - loss: 0.1015
Epoch 7: val_auc did not improve from 0.93688
50/50 ???????????????????? 2s 48ms/step - acc: 0.9607 - auc: 0.9934 - loss: 0.1020 - val_acc: 0.8698 - val_auc: 0.9358 - val_loss: 0.4052
Epoch 8/10
49/50 ???????????????????? 0s 47ms/step - acc: 0.9615 - auc: 0.9918 - loss: 0.1111
Epoch 8: val_auc did not improve from 0.93688
50/50 ???????????????????? 3s 50ms/step - acc: 0.9615 - auc: 0.9918 - loss: 0.1109 - val_acc: 0.8705 - val_auc: 0.9336 - val_loss: 0.4202
Epoch 9/10
50/50 ???????????????????? 0s 46ms/step - acc: 0.9656 - auc: 0.9943 - loss: 0.0919
Epoch 9: val_auc improved from 0.93688 to 0.94072, saving model to saved_models/best_MACSynDCR_ANN_model.keras
50/50 ???????????????????? 3s 60ms/step - acc: 0.9655 - auc: 0.9943 - loss: 0.0920 - val_acc: 0.8883 - val_auc: 0.9407 - val_loss: 0.3950
Epoch 10/10
49/50 ???????????????????? 0s 47ms/step - acc: 0.9664 - auc: 0.9947 - loss: 0.0892
Epoch 10: val_auc improved from 0.94072 to 0.94719, saving model to saved_models/best_MACSynDCR_ANN_model.keras
50/50 ???????????????????? 3s 62ms/step - acc: 0.9662 - auc: 0.9946 - loss: 0.0897 - val_acc: 0.8813 - val_auc: 0.9472 - val_loss: 0.3708
50/50 ???????????????????? 0s 6ms/step
50/50 ???????????????????? 0s 3ms/step
ANN: Accuracy: 0.8813, AUC-ROC: 0.9495
ANN: AUC-PR: 0.9473, Precision: 0.8867,
ANN Recall: 0.8670, F1 Score: 0.8767
\ANN:RMSE: 13.6748 , PCC: 0.8009
Data processing and Training of MACSynDCR_CNN model:
MACSynDCR_CNN model:
Model: "sequential_5"
????????????????????????????????????????????????????????????????????????????????????????
? Layer (type)                         ? Output Shape                ?         Param # ?
????????????????????????????????????????????????????????????????????????????????????????
¦ conv2d_6 (Conv2D)                    ¦ (None, 66, 30, 32)          ¦             320 ¦
+--------------------------------------+-----------------------------+-----------------¦
¦ max_pooling2d_6 (MaxPooling2D)       ¦ (None, 33, 15, 32)          ¦               0 ¦
+--------------------------------------+-----------------------------+-----------------¦
¦ dropout_6 (Dropout)                  ¦ (None, 33, 15, 32)          ¦               0 ¦
+--------------------------------------+-----------------------------+-----------------¦
¦ conv2d_7 (Conv2D)                    ¦ (None, 31, 13, 64)          ¦          18,496 ¦
+--------------------------------------+-----------------------------+-----------------¦
¦ max_pooling2d_7 (MaxPooling2D)       ¦ (None, 15, 6, 64)           ¦               0 ¦
+--------------------------------------+-----------------------------+-----------------¦
¦ dropout_7 (Dropout)                  ¦ (None, 15, 6, 64)           ¦               0 ¦
+--------------------------------------+-----------------------------+-----------------¦
¦ conv2d_8 (Conv2D)                    ¦ (None, 13, 4, 128)          ¦          73,856 ¦
+--------------------------------------+-----------------------------+-----------------¦
¦ max_pooling2d_8 (MaxPooling2D)       ¦ (None, 6, 2, 128)           ¦               0 ¦
+--------------------------------------+-----------------------------+-----------------¦
¦ dropout_8 (Dropout)                  ¦ (None, 6, 2, 128)           ¦               0 ¦
+--------------------------------------+-----------------------------+-----------------¦
¦ flatten_2 (Flatten)                  ¦ (None, 1536)                ¦               0 ¦
+--------------------------------------+-----------------------------+-----------------¦
¦ dense_22 (Dense)                     ¦ (None, 128)                 ¦         196,736 ¦
+--------------------------------------+-----------------------------+-----------------¦
¦ dense_23 (Dense)                     ¦ (None, 2)                   ¦             258 ¦
+--------------------------------------------------------------------------------------+
 Total params: 289,666 (1.10 MB)
 Trainable params: 289,666 (1.10 MB)
 Non-trainable params: 0 (0.00 B)
Epoch 1/10
49/50 ???????????????????? 0s 50ms/step - acc: 0.4925 - auc: 0.4971 - loss: 0.7003
Epoch 1: val_acc improved from -inf to 0.55873, saving model to saved_models/best_MACSynDCR_CNN_model.keras
50/50 ???????????????????? 5s 60ms/step - acc: 0.4930 - auc: 0.4976 - loss: 0.7001 - val_acc: 0.5587 - val_auc: 0.6439 - val_loss: 0.6872
Epoch 2/10
49/50 ???????????????????? 0s 46ms/step - acc: 0.5817 - auc: 0.6216 - loss: 0.6756
Epoch 2: val_acc improved from 0.55873 to 0.70349, saving model to saved_models/best_MACSynDCR_CNN_model.keras
50/50 ???????????????????? 3s 50ms/step - acc: 0.5826 - auc: 0.6228 - loss: 0.6750 - val_acc: 0.7035 - val_auc: 0.7827 - val_loss: 0.5855
Epoch 3/10
49/50 ???????????????????? 0s 46ms/step - acc: 0.7185 - auc: 0.7934 - loss: 0.5591
Epoch 3: val_acc improved from 0.70349 to 0.75048, saving model to saved_models/best_MACSynDCR_CNN_model.keras
50/50 ???????????????????? 3s 50ms/step - acc: 0.7191 - auc: 0.7940 - loss: 0.5583 - val_acc: 0.7505 - val_auc: 0.8403 - val_loss: 0.4957
Epoch 4/10
49/50 ???????????????????? 0s 47ms/step - acc: 0.7728 - auc: 0.8474 - loss: 0.4857
Epoch 4: val_acc improved from 0.75048 to 0.79683, saving model to saved_models/best_MACSynDCR_CNN_model.keras
50/50 ???????????????????? 3s 52ms/step - acc: 0.7729 - auc: 0.8476 - loss: 0.4854 - val_acc: 0.7968 - val_auc: 0.8810 - val_loss: 0.4349
Epoch 5/10
49/50 ???????????????????? 0s 46ms/step - acc: 0.7872 - auc: 0.8690 - loss: 0.4530
Epoch 5: val_acc improved from 0.79683 to 0.80444, saving model to saved_models/best_MACSynDCR_CNN_model.keras
50/50 ???????????????????? 3s 50ms/step - acc: 0.7871 - auc: 0.8688 - loss: 0.4533 - val_acc: 0.8044 - val_auc: 0.8865 - val_loss: 0.4273
Epoch 6/10
50/50 ???????????????????? 0s 45ms/step - acc: 0.7976 - auc: 0.8757 - loss: 0.4430
Epoch 6: val_acc improved from 0.80444 to 0.80825, saving model to saved_models/best_MACSynDCR_CNN_model.keras
50/50 ???????????????????? 2s 49ms/step - acc: 0.7977 - auc: 0.8757 - loss: 0.4429 - val_acc: 0.8083 - val_auc: 0.8912 - val_loss: 0.4179
Epoch 7/10
50/50 ???????????????????? 0s 44ms/step - acc: 0.7926 - auc: 0.8793 - loss: 0.4363
Epoch 7: val_acc improved from 0.80825 to 0.82032, saving model to saved_models/best_MACSynDCR_CNN_model.keras
50/50 ???????????????????? 2s 49ms/step - acc: 0.7927 - auc: 0.8793 - loss: 0.4362 - val_acc: 0.8203 - val_auc: 0.8994 - val_loss: 0.4026
Epoch 8/10
49/50 ???????????????????? 0s 45ms/step - acc: 0.8135 - auc: 0.8897 - loss: 0.4196
Epoch 8: val_acc did not improve from 0.82032
50/50 ???????????????????? 2s 48ms/step - acc: 0.8132 - auc: 0.8895 - loss: 0.4198 - val_acc: 0.8203 - val_auc: 0.8996 - val_loss: 0.4070
Epoch 9/10
49/50 ???????????????????? 0s 45ms/step - acc: 0.8023 - auc: 0.8855 - loss: 0.4259
Epoch 9: val_acc did not improve from 0.82032
50/50 ???????????????????? 2s 48ms/step - acc: 0.8026 - auc: 0.8857 - loss: 0.4256 - val_acc: 0.8127 - val_auc: 0.8953 - val_loss: 0.4087
Epoch 10/10
49/50 ???????????????????? 0s 46ms/step - acc: 0.8092 - auc: 0.8911 - loss: 0.4169
Epoch 10: val_acc did not improve from 0.82032
50/50 ???????????????????? 2s 49ms/step - acc: 0.8092 - auc: 0.8911 - loss: 0.4169 - val_acc: 0.8190 - val_auc: 0.9023 - val_loss: 0.3975
50/50 ???????????????????? 0s 5ms/step
50/50 ???????????????????? 0s 4ms/step
CNN: Accuracy: 0.8203, AUC-ROC: 0.9001
CNN: AUC-PR: 0.9009, Precision: 0.8176,
CNN Recall: 0.8123, F1 Score: 0.8149
CNN:RMSE: 16.8226 , PCC: 0.6962
Evaluation of Keras MACSynDCR_ANN model:
50/50 ???????????????????? 1s 4ms/step - acc: 0.8851 - auc: 0.9480 - loss: 0.3562
Evaluate->  Loss: 0.3708, Accuracy: 0.8813,AUC: 0.9472
50/50 ???????????????????? 0s 6ms/step
197/197 ???????????????????? 1s 4ms/step
ANN: Accuracy: 0.8813, AUC-ROC: 0.9495
ANN: AUC-PR: 0.9473, Precision: 0.8867,
ANN Recall: 0.8670, F1 Score: 0.8767
ANN:RMSE: 13.6748 , PCC: 0.8009
****************************************************************************************************
Evaluation of Keras MACSynDCR_CNN model:
50/50 ???????????????????? 1s 4ms/step - acc: 0.8355 - auc: 0.9115 - loss: 0.3799
Evaluate->  Loss: 0.4026, Accuracy: 0.8203,Accuracy: 0.8994
50/50 ???????????????????? 0s 5ms/step
197/197 ???????????????????? 1s 4ms/step
CNN: Accuracy: 0.8203, AUC-ROC: 0.9001
CNN: AUC-PR: 0.9009, Precision: 0.8176,
CNN Recall: 0.8123, F1 Score: 0.8149
CNN:RMSE: 16.8226 , PCC: 0.6962
****************************************************************************************************
Accuracy Score and AUC for ANN = AUC: 0.9444, Accuracy: 0.8768
Accuracy Score and AUC for KANN = AUC: 0.9495, Accuracy: 0.8813
Accuracy Score and AUC for KCNN = AUC: 0.9001, Accuracy: 0.8203
Average AUC = AUC: 0.9534, Accuracy: 0.8889
MAX AUC = AUC: 0.9464, Accuracy: 0.8495
Fitting 5 folds for each of 14 candidates, totalling 70 fits
Finall ensemble results of fold_3 for MACSynDCR:
----------------------------------------------------------------------------------------------------
Ensemble Accuracy: 0.8952, AUC-ROC: 0.9566
Ensemble AUC-PR: 0.9485, Precision: 0.8930,
Ensemble Recall: 0.8918, F1 Score: 0.8924
Ensemble RMSE: 12.8452 , PCC: 0.8221
----------------------------------------------------------------------------------------------------
Fold 4
Data processing and Training of MACSynDCR_ANN model:
ANN_model saved with Val_ACC: 0.4813 Val_AUC: 0.4773
fold_4: Epoch [1/10], Loss: 0.7004, Val_ACC: 0.4813, Val_AUC: 0.4773
ANN_model saved with Val_ACC: 0.7575 Val_AUC: 0.8561
ANN_model saved with Val_ACC: 0.8102 Val_AUC: 0.8929
ANN_model saved with Val_ACC: 0.8235 Val_AUC: 0.9060
ANN_model saved with Val_ACC: 0.8305 Val_AUC: 0.9158
ANN_model saved with Val_ACC: 0.8362 Val_AUC: 0.9255
ANN_model saved with Val_ACC: 0.8470 Val_AUC: 0.9337
ANN_model saved with Val_ACC: 0.8610 Val_AUC: 0.9402
ANN_model saved with Val_ACC: 0.8686 Val_AUC: 0.9435
ANN_model saved with Val_ACC: 0.8730 Val_AUC: 0.9470
Accuracy: 0.8730, AUC-ROC: 0.9470
 AUC-PR: 0.9495, Precision: 0.8831, Recall: 0.8655, F1 Score: 0.8742
RMSE: 11.9546 , PCC: 0.7987
Data processing and Training of MACSynDCR_ANN model:
MACSynDCR_ANN model:
Model: "sequential_6"
????????????????????????????????????????????????????????????????????????????????????????
? Layer (type)                         ? Output Shape                ?         Param # ?
????????????????????????????????????????????????????????????????????????????????????????
¦ dense_24 (Dense)                     ¦ (None, 2048)                ¦       4,458,496 ¦
+--------------------------------------+-----------------------------+-----------------¦
¦ batch_normalization_15               ¦ (None, 2048)                ¦           8,192 ¦
¦ (BatchNormalization)                 ¦                             ¦                 ¦
+--------------------------------------+-----------------------------+-----------------¦
¦ dense_25 (Dense)                     ¦ (None, 1024)                ¦       2,098,176 ¦
+--------------------------------------+-----------------------------+-----------------¦
¦ batch_normalization_16               ¦ (None, 1024)                ¦           4,096 ¦
¦ (BatchNormalization)                 ¦                             ¦                 ¦
+--------------------------------------+-----------------------------+-----------------¦
¦ dense_26 (Dense)                     ¦ (None, 512)                 ¦         524,800 ¦
+--------------------------------------+-----------------------------+-----------------¦
¦ batch_normalization_17               ¦ (None, 512)                 ¦           2,048 ¦
¦ (BatchNormalization)                 ¦                             ¦                 ¦
+--------------------------------------+-----------------------------+-----------------¦
¦ dense_27 (Dense)                     ¦ (None, 256)                 ¦         131,328 ¦
+--------------------------------------+-----------------------------+-----------------¦
¦ batch_normalization_18               ¦ (None, 256)                 ¦           1,024 ¦
¦ (BatchNormalization)                 ¦                             ¦                 ¦
+--------------------------------------+-----------------------------+-----------------¦
¦ dense_28 (Dense)                     ¦ (None, 128)                 ¦          32,896 ¦
+--------------------------------------+-----------------------------+-----------------¦
¦ batch_normalization_19               ¦ (None, 128)                 ¦             512 ¦
¦ (BatchNormalization)                 ¦                             ¦                 ¦
+--------------------------------------+-----------------------------+-----------------¦
¦ dense_29 (Dense)                     ¦ (None, 2)                   ¦             258 ¦
+--------------------------------------------------------------------------------------+
 Total params: 7,261,826 (27.70 MB)
 Trainable params: 7,253,890 (27.67 MB)
 Non-trainable params: 7,936 (31.00 KB)
Epoch 1/10
50/50 ???????????????????? 0s 46ms/step - acc: 0.7372 - auc: 0.8047 - loss: 0.6123
Epoch 1: val_auc improved from -inf to 0.73691, saving model to saved_models/best_MACSynDCR_ANN_model.keras
50/50 ???????????????????? 6s 65ms/step - acc: 0.7381 - auc: 0.8059 - loss: 0.6099 - val_acc: 0.6349 - val_auc: 0.7369 - val_loss: 0.7779
Epoch 2/10
49/50 ???????????????????? 0s 47ms/step - acc: 0.8800 - auc: 0.9521 - loss: 0.2836
Epoch 2: val_auc did not improve from 0.73691
50/50 ???????????????????? 2s 49ms/step - acc: 0.8800 - auc: 0.9520 - loss: 0.2839 - val_acc: 0.6006 - val_auc: 0.7077 - val_loss: 0.9353
Epoch 3/10
49/50 ???????????????????? 0s 46ms/step - acc: 0.9055 - auc: 0.9700 - loss: 0.2234
Epoch 3: val_auc improved from 0.73691 to 0.89893, saving model to saved_models/best_MACSynDCR_ANN_model.keras
50/50 ???????????????????? 3s 58ms/step - acc: 0.9055 - auc: 0.9699 - loss: 0.2236 - val_acc: 0.8140 - val_auc: 0.8989 - val_loss: 0.4175
Epoch 4/10
50/50 ???????????????????? 0s 46ms/step - acc: 0.9249 - auc: 0.9812 - loss: 0.1782
Epoch 4: val_auc improved from 0.89893 to 0.90417, saving model to saved_models/best_MACSynDCR_ANN_model.keras
50/50 ???????????????????? 3s 58ms/step - acc: 0.9247 - auc: 0.9811 - loss: 0.1785 - val_acc: 0.8241 - val_auc: 0.9042 - val_loss: 0.4352
Epoch 5/10
49/50 ???????????????????? 0s 46ms/step - acc: 0.9270 - auc: 0.9788 - loss: 0.1853
Epoch 5: val_auc did not improve from 0.90417
50/50 ???????????????????? 2s 49ms/step - acc: 0.9271 - auc: 0.9789 - loss: 0.1850 - val_acc: 0.8273 - val_auc: 0.9022 - val_loss: 0.4698
Epoch 6/10
50/50 ???????????????????? 0s 46ms/step - acc: 0.9430 - auc: 0.9877 - loss: 0.1393
Epoch 6: val_auc improved from 0.90417 to 0.93911, saving model to saved_models/best_MACSynDCR_ANN_model.keras
50/50 ???????????????????? 3s 59ms/step - acc: 0.9430 - auc: 0.9877 - loss: 0.1394 - val_acc: 0.8692 - val_auc: 0.9391 - val_loss: 0.3605
Epoch 7/10
49/50 ???????????????????? 0s 46ms/step - acc: 0.9559 - auc: 0.9914 - loss: 0.1187
Epoch 7: val_auc did not improve from 0.93911
50/50 ???????????????????? 2s 49ms/step - acc: 0.9559 - auc: 0.9913 - loss: 0.1187 - val_acc: 0.8578 - val_auc: 0.9297 - val_loss: 0.4104
Epoch 8/10
50/50 ???????????????????? 0s 46ms/step - acc: 0.9534 - auc: 0.9908 - loss: 0.1215
Epoch 8: val_auc improved from 0.93911 to 0.94924, saving model to saved_models/best_MACSynDCR_ANN_model.keras
50/50 ???????????????????? 3s 61ms/step - acc: 0.9534 - auc: 0.9908 - loss: 0.1215 - val_acc: 0.8863 - val_auc: 0.9492 - val_loss: 0.3557
Epoch 9/10
49/50 ???????????????????? 0s 46ms/step - acc: 0.9700 - auc: 0.9953 - loss: 0.0846
Epoch 9: val_auc did not improve from 0.94924
50/50 ???????????????????? 2s 49ms/step - acc: 0.9699 - auc: 0.9953 - loss: 0.0846 - val_acc: 0.8743 - val_auc: 0.9401 - val_loss: 0.4063
Epoch 10/10
49/50 ???????????????????? 0s 47ms/step - acc: 0.9595 - auc: 0.9914 - loss: 0.1103
Epoch 10: val_auc did not improve from 0.94924
50/50 ???????????????????? 2s 49ms/step - acc: 0.9595 - auc: 0.9914 - loss: 0.1104 - val_acc: 0.8857 - val_auc: 0.9471 - val_loss: 0.3857
50/50 ???????????????????? 0s 6ms/step
50/50 ???????????????????? 0s 4ms/step
ANN: Accuracy: 0.8863, AUC-ROC: 0.9539
ANN: AUC-PR: 0.9548, Precision: 0.8833,
ANN Recall: 0.8954, F1 Score: 0.8893
\ANN:RMSE: 13.3791 , PCC: 0.8048
Data processing and Training of MACSynDCR_CNN model:
MACSynDCR_CNN model:
Model: "sequential_7"
????????????????????????????????????????????????????????????????????????????????????????
? Layer (type)                         ? Output Shape                ?         Param # ?
????????????????????????????????????????????????????????????????????????????????????????
¦ conv2d_9 (Conv2D)                    ¦ (None, 66, 30, 32)          ¦             320 ¦
+--------------------------------------+-----------------------------+-----------------¦
¦ max_pooling2d_9 (MaxPooling2D)       ¦ (None, 33, 15, 32)          ¦               0 ¦
+--------------------------------------+-----------------------------+-----------------¦
¦ dropout_9 (Dropout)                  ¦ (None, 33, 15, 32)          ¦               0 ¦
+--------------------------------------+-----------------------------+-----------------¦
¦ conv2d_10 (Conv2D)                   ¦ (None, 31, 13, 64)          ¦          18,496 ¦
+--------------------------------------+-----------------------------+-----------------¦
¦ max_pooling2d_10 (MaxPooling2D)      ¦ (None, 15, 6, 64)           ¦               0 ¦
+--------------------------------------+-----------------------------+-----------------¦
¦ dropout_10 (Dropout)                 ¦ (None, 15, 6, 64)           ¦               0 ¦
+--------------------------------------+-----------------------------+-----------------¦
¦ conv2d_11 (Conv2D)                   ¦ (None, 13, 4, 128)          ¦          73,856 ¦
+--------------------------------------+-----------------------------+-----------------¦
¦ max_pooling2d_11 (MaxPooling2D)      ¦ (None, 6, 2, 128)           ¦               0 ¦
+--------------------------------------+-----------------------------+-----------------¦
¦ dropout_11 (Dropout)                 ¦ (None, 6, 2, 128)           ¦               0 ¦
+--------------------------------------+-----------------------------+-----------------¦
¦ flatten_3 (Flatten)                  ¦ (None, 1536)                ¦               0 ¦
+--------------------------------------+-----------------------------+-----------------¦
¦ dense_30 (Dense)                     ¦ (None, 128)                 ¦         196,736 ¦
+--------------------------------------+-----------------------------+-----------------¦
¦ dense_31 (Dense)                     ¦ (None, 2)                   ¦             258 ¦
+--------------------------------------------------------------------------------------+
 Total params: 289,666 (1.10 MB)
 Trainable params: 289,666 (1.10 MB)
 Non-trainable params: 0 (0.00 B)
Epoch 1/10
49/50 ???????????????????? 0s 45ms/step - acc: 0.5154 - auc: 0.5169 - loss: 0.7018
Epoch 1: val_acc improved from -inf to 0.55302, saving model to saved_models/best_MACSynDCR_CNN_model.keras
50/50 ???????????????????? 4s 54ms/step - acc: 0.5151 - auc: 0.5167 - loss: 0.7016 - val_acc: 0.5530 - val_auc: 0.6070 - val_loss: 0.6920
Epoch 2/10
50/50 ???????????????????? 0s 44ms/step - acc: 0.5518 - auc: 0.5581 - loss: 0.6911
Epoch 2: val_acc improved from 0.55302 to 0.65651, saving model to saved_models/best_MACSynDCR_CNN_model.keras
50/50 ???????????????????? 2s 49ms/step - acc: 0.5519 - auc: 0.5583 - loss: 0.6911 - val_acc: 0.6565 - val_auc: 0.7481 - val_loss: 0.6692
Epoch 3/10
48/50 ???????????????????? 0s 44ms/step - acc: 0.6413 - auc: 0.7035 - loss: 0.6404
Epoch 3: val_acc improved from 0.65651 to 0.76508, saving model to saved_models/best_MACSynDCR_CNN_model.keras
50/50 ???????????????????? 2s 48ms/step - acc: 0.6435 - auc: 0.7061 - loss: 0.6381 - val_acc: 0.7651 - val_auc: 0.8295 - val_loss: 0.5163
Epoch 4/10
49/50 ???????????????????? 0s 45ms/step - acc: 0.7397 - auc: 0.8192 - loss: 0.5220
Epoch 4: val_acc improved from 0.76508 to 0.79619, saving model to saved_models/best_MACSynDCR_CNN_model.keras
50/50 ???????????????????? 2s 49ms/step - acc: 0.7403 - auc: 0.8197 - loss: 0.5214 - val_acc: 0.7962 - val_auc: 0.8744 - val_loss: 0.4466
Epoch 5/10
50/50 ???????????????????? 0s 45ms/step - acc: 0.7858 - auc: 0.8642 - loss: 0.4615
Epoch 5: val_acc improved from 0.79619 to 0.80127, saving model to saved_models/best_MACSynDCR_CNN_model.keras
50/50 ???????????????????? 2s 49ms/step - acc: 0.7858 - auc: 0.8642 - loss: 0.4615 - val_acc: 0.8013 - val_auc: 0.8831 - val_loss: 0.4327
Epoch 6/10
49/50 ???????????????????? 0s 46ms/step - acc: 0.7812 - auc: 0.8609 - loss: 0.4659
Epoch 6: val_acc improved from 0.80127 to 0.80444, saving model to saved_models/best_MACSynDCR_CNN_model.keras
50/50 ???????????????????? 3s 51ms/step - acc: 0.7815 - auc: 0.8612 - loss: 0.4654 - val_acc: 0.8044 - val_auc: 0.8920 - val_loss: 0.4181
Epoch 7/10
50/50 ???????????????????? 0s 46ms/step - acc: 0.8013 - auc: 0.8853 - loss: 0.4274
Epoch 7: val_acc improved from 0.80444 to 0.81206, saving model to saved_models/best_MACSynDCR_CNN_model.keras
50/50 ???????????????????? 3s 51ms/step - acc: 0.8013 - auc: 0.8852 - loss: 0.4275 - val_acc: 0.8121 - val_auc: 0.8959 - val_loss: 0.4089
Epoch 8/10
49/50 ???????????????????? 0s 45ms/step - acc: 0.8012 - auc: 0.8804 - loss: 0.4342
Epoch 8: val_acc did not improve from 0.81206
50/50 ???????????????????? 2s 48ms/step - acc: 0.8014 - auc: 0.8805 - loss: 0.4339 - val_acc: 0.8013 - val_auc: 0.8951 - val_loss: 0.4116
Epoch 9/10
49/50 ???????????????????? 0s 45ms/step - acc: 0.8013 - auc: 0.8848 - loss: 0.4265
Epoch 9: val_acc did not improve from 0.81206
50/50 ???????????????????? 2s 48ms/step - acc: 0.8015 - auc: 0.8849 - loss: 0.4264 - val_acc: 0.8044 - val_auc: 0.8974 - val_loss: 0.4071
Epoch 10/10
50/50 ???????????????????? 0s 44ms/step - acc: 0.8087 - auc: 0.8909 - loss: 0.4155
Epoch 10: val_acc improved from 0.81206 to 0.81905, saving model to saved_models/best_MACSynDCR_CNN_model.keras
50/50 ???????????????????? 2s 49ms/step - acc: 0.8087 - auc: 0.8910 - loss: 0.4154 - val_acc: 0.8190 - val_auc: 0.9020 - val_loss: 0.3977
50/50 ???????????????????? 0s 5ms/step
50/50 ???????????????????? 0s 4ms/step
CNN: Accuracy: 0.8190, AUC-ROC: 0.9024
CNN: AUC-PR: 0.9002, Precision: 0.8287,
CNN Recall: 0.8132, F1 Score: 0.8209
CNN:RMSE: 16.8819 , PCC: 0.7039
Evaluation of Keras MACSynDCR_ANN model:
50/50 ???????????????????? 1s 3ms/step - acc: 0.8845 - auc: 0.9471 - loss: 0.3659
Evaluate->  Loss: 0.3557, Accuracy: 0.8863,AUC: 0.9492
50/50 ???????????????????? 0s 6ms/step
197/197 ???????????????????? 1s 3ms/step
ANN: Accuracy: 0.8863, AUC-ROC: 0.9539
ANN: AUC-PR: 0.9548, Precision: 0.8833,
ANN Recall: 0.8954, F1 Score: 0.8893
ANN:RMSE: 13.3791 , PCC: 0.8048
****************************************************************************************************
Evaluation of Keras MACSynDCR_CNN model:
50/50 ???????????????????? 1s 5ms/step - acc: 0.8217 - auc: 0.9011 - loss: 0.3987
Evaluate->  Loss: 0.3977, Accuracy: 0.8190,Accuracy: 0.9020
50/50 ???????????????????? 0s 5ms/step
197/197 ???????????????????? 1s 4ms/step
CNN: Accuracy: 0.8190, AUC-ROC: 0.9024
CNN: AUC-PR: 0.9002, Precision: 0.8287,
CNN Recall: 0.8132, F1 Score: 0.8209
CNN:RMSE: 16.8819 , PCC: 0.7039
****************************************************************************************************
Accuracy Score and AUC for ANN = AUC: 0.9470, Accuracy: 0.8730
Accuracy Score and AUC for KANN = AUC: 0.9539, Accuracy: 0.8863
Accuracy Score and AUC for KCNN = AUC: 0.9024, Accuracy: 0.8190
Average AUC = AUC: 0.9529, Accuracy: 0.8971
MAX AUC = AUC: 0.9511, Accuracy: 0.8521
Fitting 5 folds for each of 14 candidates, totalling 70 fits
Finall ensemble results of fold_4 for MACSynDCR:
----------------------------------------------------------------------------------------------------
Ensemble Accuracy: 0.9003, AUC-ROC: 0.9578
Ensemble AUC-PR: 0.9586, Precision: 0.9048,
Ensemble Recall: 0.8991, F1 Score: 0.9019
Ensemble RMSE: 12.5300 , PCC: 0.8293
----------------------------------------------------------------------------------------------------
Fold 5
Data processing and Training of MACSynDCR_ANN model:
ANN_model saved with Val_ACC: 0.5038 Val_AUC: 0.5003
fold_5: Epoch [1/10], Loss: 0.6998, Val_ACC: 0.5038, Val_AUC: 0.5003
ANN_model saved with Val_ACC: 0.7554 Val_AUC: 0.8459
ANN_model saved with Val_ACC: 0.8030 Val_AUC: 0.8920
ANN_model saved with Val_ACC: 0.8247 Val_AUC: 0.9062
ANN_model saved with Val_ACC: 0.8386 Val_AUC: 0.9175
ANN_model saved with Val_ACC: 0.8526 Val_AUC: 0.9278
ANN_model saved with Val_ACC: 0.8634 Val_AUC: 0.9358
ANN_model saved with Val_ACC: 0.8679 Val_AUC: 0.9422
ANN_model saved with Val_ACC: 0.8736 Val_AUC: 0.9454
ANN_model saved with Val_ACC: 0.8818 Val_AUC: 0.9474
Accuracy: 0.8818, AUC-ROC: 0.9474
 AUC-PR: 0.9438, Precision: 0.8904, Recall: 0.8748, F1 Score: 0.8826
RMSE: 11.7973 , PCC: 0.8067
Data processing and Training of MACSynDCR_ANN model:
MACSynDCR_ANN model:
Model: "sequential_8"
????????????????????????????????????????????????????????????????????????????????????????
? Layer (type)                         ? Output Shape                ?         Param # ?
????????????????????????????????????????????????????????????????????????????????????????
¦ dense_32 (Dense)                     ¦ (None, 2048)                ¦       4,458,496 ¦
+--------------------------------------+-----------------------------+-----------------¦
¦ batch_normalization_20               ¦ (None, 2048)                ¦           8,192 ¦
¦ (BatchNormalization)                 ¦                             ¦                 ¦
+--------------------------------------+-----------------------------+-----------------¦
¦ dense_33 (Dense)                     ¦ (None, 1024)                ¦       2,098,176 ¦
+--------------------------------------+-----------------------------+-----------------¦
¦ batch_normalization_21               ¦ (None, 1024)                ¦           4,096 ¦
¦ (BatchNormalization)                 ¦                             ¦                 ¦
+--------------------------------------+-----------------------------+-----------------¦
¦ dense_34 (Dense)                     ¦ (None, 512)                 ¦         524,800 ¦
+--------------------------------------+-----------------------------+-----------------¦
¦ batch_normalization_22               ¦ (None, 512)                 ¦           2,048 ¦
¦ (BatchNormalization)                 ¦                             ¦                 ¦
+--------------------------------------+-----------------------------+-----------------¦
¦ dense_35 (Dense)                     ¦ (None, 256)                 ¦         131,328 ¦
+--------------------------------------+-----------------------------+-----------------¦
¦ batch_normalization_23               ¦ (None, 256)                 ¦           1,024 ¦
¦ (BatchNormalization)                 ¦                             ¦                 ¦
+--------------------------------------+-----------------------------+-----------------¦
¦ dense_36 (Dense)                     ¦ (None, 128)                 ¦          32,896 ¦
+--------------------------------------+-----------------------------+-----------------¦
¦ batch_normalization_24               ¦ (None, 128)                 ¦             512 ¦
¦ (BatchNormalization)                 ¦                             ¦                 ¦
+--------------------------------------+-----------------------------+-----------------¦
¦ dense_37 (Dense)                     ¦ (None, 2)                   ¦             258 ¦
+--------------------------------------------------------------------------------------+
 Total params: 7,261,826 (27.70 MB)
 Trainable params: 7,253,890 (27.67 MB)
 Non-trainable params: 7,936 (31.00 KB)
Epoch 1/10
49/50 ???????????????????? 0s 47ms/step - acc: 0.7140 - auc: 0.7835 - loss: 0.6598
Epoch 1: val_auc improved from -inf to 0.67557, saving model to saved_models/best_MACSynDCR_ANN_model.keras
50/50 ???????????????????? 6s 66ms/step - acc: 0.7163 - auc: 0.7861 - loss: 0.6539 - val_acc: 0.5591 - val_auc: 0.6756 - val_loss: 0.7726
Epoch 2/10
49/50 ???????????????????? 0s 46ms/step - acc: 0.8796 - auc: 0.9494 - loss: 0.2895
Epoch 2: val_auc improved from 0.67557 to 0.84305, saving model to saved_models/best_MACSynDCR_ANN_model.keras
50/50 ???????????????????? 3s 60ms/step - acc: 0.8794 - auc: 0.9492 - loss: 0.2899 - val_acc: 0.7560 - val_auc: 0.8430 - val_loss: 0.4909
Epoch 3/10
50/50 ???????????????????? 0s 47ms/step - acc: 0.9009 - auc: 0.9683 - loss: 0.2315
Epoch 3: val_auc did not improve from 0.84305
50/50 ???????????????????? 2s 49ms/step - acc: 0.9010 - auc: 0.9683 - loss: 0.2314 - val_acc: 0.7630 - val_auc: 0.8428 - val_loss: 0.5046
Epoch 4/10
49/50 ???????????????????? 0s 46ms/step - acc: 0.9335 - auc: 0.9803 - loss: 0.1799
Epoch 4: val_auc improved from 0.84305 to 0.89986, saving model to saved_models/best_MACSynDCR_ANN_model.keras
50/50 ???????????????????? 3s 62ms/step - acc: 0.9333 - auc: 0.9802 - loss: 0.1803 - val_acc: 0.8139 - val_auc: 0.8999 - val_loss: 0.4393
Epoch 5/10
50/50 ???????????????????? 0s 47ms/step - acc: 0.9312 - auc: 0.9844 - loss: 0.1615
Epoch 5: val_auc improved from 0.89986 to 0.91894, saving model to saved_models/best_MACSynDCR_ANN_model.keras
50/50 ???????????????????? 3s 63ms/step - acc: 0.9312 - auc: 0.9843 - loss: 0.1616 - val_acc: 0.8450 - val_auc: 0.9189 - val_loss: 0.4108
Epoch 6/10
50/50 ???????????????????? 0s 46ms/step - acc: 0.9484 - auc: 0.9875 - loss: 0.1382
Epoch 6: val_auc improved from 0.91894 to 0.93524, saving model to saved_models/best_MACSynDCR_ANN_model.keras
50/50 ???????????????????? 3s 62ms/step - acc: 0.9483 - auc: 0.9875 - loss: 0.1383 - val_acc: 0.8672 - val_auc: 0.9352 - val_loss: 0.3661
Epoch 7/10
49/50 ???????????????????? 0s 46ms/step - acc: 0.9523 - auc: 0.9882 - loss: 0.1335
Epoch 7: val_auc improved from 0.93524 to 0.94702, saving model to saved_models/best_MACSynDCR_ANN_model.keras
50/50 ???????????????????? 3s 62ms/step - acc: 0.9522 - auc: 0.9882 - loss: 0.1336 - val_acc: 0.8780 - val_auc: 0.9470 - val_loss: 0.3358
Epoch 8/10
49/50 ???????????????????? 0s 46ms/step - acc: 0.9635 - auc: 0.9928 - loss: 0.1035
Epoch 8: val_auc did not improve from 0.94702
50/50 ???????????????????? 2s 49ms/step - acc: 0.9633 - auc: 0.9928 - loss: 0.1036 - val_acc: 0.8882 - val_auc: 0.9457 - val_loss: 0.3632
Epoch 9/10
49/50 ???????????????????? 0s 47ms/step - acc: 0.9701 - auc: 0.9961 - loss: 0.0811
Epoch 9: val_auc did not improve from 0.94702
50/50 ???????????????????? 2s 49ms/step - acc: 0.9700 - auc: 0.9961 - loss: 0.0814 - val_acc: 0.8742 - val_auc: 0.9430 - val_loss: 0.3881
Epoch 10/10
49/50 ???????????????????? 0s 47ms/step - acc: 0.9619 - auc: 0.9934 - loss: 0.1008
Epoch 10: val_auc did not improve from 0.94702
50/50 ???????????????????? 2s 49ms/step - acc: 0.9619 - auc: 0.9934 - loss: 0.1008 - val_acc: 0.8844 - val_auc: 0.9431 - val_loss: 0.3892
50/50 ???????????????????? 0s 6ms/step
50/50 ???????????????????? 0s 4ms/step
ANN: Accuracy: 0.8780, AUC-ROC: 0.9483
ANN: AUC-PR: 0.9486, Precision: 0.8733,
ANN Recall: 0.8886, F1 Score: 0.8809
\ANN:RMSE: 13.8564 , PCC: 0.7985
Data processing and Training of MACSynDCR_CNN model:
MACSynDCR_CNN model:
Model: "sequential_9"
????????????????????????????????????????????????????????????????????????????????????????
? Layer (type)                         ? Output Shape                ?         Param # ?
????????????????????????????????????????????????????????????????????????????????????????
¦ conv2d_12 (Conv2D)                   ¦ (None, 66, 30, 32)          ¦             320 ¦
+--------------------------------------+-----------------------------+-----------------¦
¦ max_pooling2d_12 (MaxPooling2D)      ¦ (None, 33, 15, 32)          ¦               0 ¦
+--------------------------------------+-----------------------------+-----------------¦
¦ dropout_12 (Dropout)                 ¦ (None, 33, 15, 32)          ¦               0 ¦
+--------------------------------------+-----------------------------+-----------------¦
¦ conv2d_13 (Conv2D)                   ¦ (None, 31, 13, 64)          ¦          18,496 ¦
+--------------------------------------+-----------------------------+-----------------¦
¦ max_pooling2d_13 (MaxPooling2D)      ¦ (None, 15, 6, 64)           ¦               0 ¦
+--------------------------------------+-----------------------------+-----------------¦
¦ dropout_13 (Dropout)                 ¦ (None, 15, 6, 64)           ¦               0 ¦
+--------------------------------------+-----------------------------+-----------------¦
¦ conv2d_14 (Conv2D)                   ¦ (None, 13, 4, 128)          ¦          73,856 ¦
+--------------------------------------+-----------------------------+-----------------¦
¦ max_pooling2d_14 (MaxPooling2D)      ¦ (None, 6, 2, 128)           ¦               0 ¦
+--------------------------------------+-----------------------------+-----------------¦
¦ dropout_14 (Dropout)                 ¦ (None, 6, 2, 128)           ¦               0 ¦
+--------------------------------------+-----------------------------+-----------------¦
¦ flatten_4 (Flatten)                  ¦ (None, 1536)                ¦               0 ¦
+--------------------------------------+-----------------------------+-----------------¦
¦ dense_38 (Dense)                     ¦ (None, 128)                 ¦         196,736 ¦
+--------------------------------------+-----------------------------+-----------------¦
¦ dense_39 (Dense)                     ¦ (None, 2)                   ¦             258 ¦
+--------------------------------------------------------------------------------------+
 Total params: 289,666 (1.10 MB)
 Trainable params: 289,666 (1.10 MB)
 Non-trainable params: 0 (0.00 B)
Epoch 1/10
50/50 ???????????????????? 0s 44ms/step - acc: 0.5001 - auc: 0.4986 - loss: 0.7005
Epoch 1: val_acc improved from -inf to 0.55464, saving model to saved_models/best_MACSynDCR_CNN_model.keras
50/50 ???????????????????? 4s 54ms/step - acc: 0.5002 - auc: 0.4988 - loss: 0.7004 - val_acc: 0.5546 - val_auc: 0.5697 - val_loss: 0.6923
Epoch 2/10
50/50 ???????????????????? 0s 45ms/step - acc: 0.5208 - auc: 0.5464 - loss: 0.6916
Epoch 2: val_acc improved from 0.55464 to 0.63532, saving model to saved_models/best_MACSynDCR_CNN_model.keras
50/50 ???????????????????? 3s 50ms/step - acc: 0.5212 - auc: 0.5468 - loss: 0.6916 - val_acc: 0.6353 - val_auc: 0.7191 - val_loss: 0.6775
Epoch 3/10
50/50 ???????????????????? 0s 46ms/step - acc: 0.6004 - auc: 0.6510 - loss: 0.6664
Epoch 3: val_acc improved from 0.63532 to 0.74079, saving model to saved_models/best_MACSynDCR_CNN_model.keras
50/50 ???????????????????? 3s 51ms/step - acc: 0.6011 - auc: 0.6519 - loss: 0.6658 - val_acc: 0.7408 - val_auc: 0.8239 - val_loss: 0.5348
Epoch 4/10
49/50 ???????????????????? 0s 45ms/step - acc: 0.7467 - auc: 0.8081 - loss: 0.5400
Epoch 4: val_acc improved from 0.74079 to 0.78399, saving model to saved_models/best_MACSynDCR_CNN_model.keras
50/50 ???????????????????? 2s 49ms/step - acc: 0.7470 - auc: 0.8086 - loss: 0.5393 - val_acc: 0.7840 - val_auc: 0.8685 - val_loss: 0.4560
Epoch 5/10
49/50 ???????????????????? 0s 45ms/step - acc: 0.7731 - auc: 0.8509 - loss: 0.4807
Epoch 5: val_acc did not improve from 0.78399
50/50 ???????????????????? 2s 48ms/step - acc: 0.7732 - auc: 0.8510 - loss: 0.4805 - val_acc: 0.7776 - val_auc: 0.8737 - val_loss: 0.4478
Epoch 6/10
49/50 ???????????????????? 0s 46ms/step - acc: 0.7824 - auc: 0.8615 - loss: 0.4661
Epoch 6: val_acc improved from 0.78399 to 0.79924, saving model to saved_models/best_MACSynDCR_CNN_model.keras
50/50 ???????????????????? 3s 51ms/step - acc: 0.7826 - auc: 0.8617 - loss: 0.4658 - val_acc: 0.7992 - val_auc: 0.8927 - val_loss: 0.4191
Epoch 7/10
49/50 ???????????????????? 0s 46ms/step - acc: 0.8014 - auc: 0.8831 - loss: 0.4315
Epoch 7: val_acc improved from 0.79924 to 0.81639, saving model to saved_models/best_MACSynDCR_CNN_model.keras
50/50 ???????????????????? 3s 50ms/step - acc: 0.8013 - auc: 0.8831 - loss: 0.4316 - val_acc: 0.8164 - val_auc: 0.9000 - val_loss: 0.4052
Epoch 8/10
50/50 ???????????????????? 0s 45ms/step - acc: 0.7967 - auc: 0.8776 - loss: 0.4394
Epoch 8: val_acc did not improve from 0.81639
50/50 ???????????????????? 2s 50ms/step - acc: 0.7968 - auc: 0.8777 - loss: 0.4393 - val_acc: 0.8139 - val_auc: 0.9019 - val_loss: 0.3990
Epoch 9/10
49/50 ???????????????????? 0s 47ms/step - acc: 0.8098 - auc: 0.8884 - loss: 0.4216
Epoch 9: val_acc did not improve from 0.81639
50/50 ???????????????????? 3s 50ms/step - acc: 0.8096 - auc: 0.8883 - loss: 0.4219 - val_acc: 0.8151 - val_auc: 0.9023 - val_loss: 0.3952
Epoch 10/10
48/50 ???????????????????? 0s 46ms/step - acc: 0.8095 - auc: 0.8892 - loss: 0.4201
Epoch 10: val_acc did not improve from 0.81639
50/50 ???????????????????? 2s 48ms/step - acc: 0.8094 - auc: 0.8892 - loss: 0.4201 - val_acc: 0.8075 - val_auc: 0.8975 - val_loss: 0.4061
50/50 ???????????????????? 0s 5ms/step
50/50 ???????????????????? 0s 4ms/step
CNN: Accuracy: 0.8164, AUC-ROC: 0.9015
CNN: AUC-PR: 0.9009, Precision: 0.8014,
CNN Recall: 0.8486, F1 Score: 0.8243
CNN:RMSE: 17.0000 , PCC: 0.7023
Evaluation of Keras MACSynDCR_ANN model:
50/50 ???????????????????? 1s 3ms/step - acc: 0.8825 - auc: 0.9551 - loss: 0.3034
Evaluate->  Loss: 0.3358, Accuracy: 0.8780,AUC: 0.9470
50/50 ???????????????????? 0s 6ms/step
197/197 ???????????????????? 1s 4ms/step
ANN: Accuracy: 0.8780, AUC-ROC: 0.9483
ANN: AUC-PR: 0.9486, Precision: 0.8733,
ANN Recall: 0.8886, F1 Score: 0.8809
ANN:RMSE: 13.8564 , PCC: 0.7985
****************************************************************************************************
Evaluation of Keras MACSynDCR_CNN model:
50/50 ???????????????????? 1s 4ms/step - acc: 0.8352 - auc: 0.9106 - loss: 0.3893
Evaluate->  Loss: 0.4052, Accuracy: 0.8164,Accuracy: 0.9000
50/50 ???????????????????? 0s 5ms/step
197/197 ???????????????????? 1s 4ms/step
CNN: Accuracy: 0.8164, AUC-ROC: 0.9015
CNN: AUC-PR: 0.9009, Precision: 0.8014,
CNN Recall: 0.8486, F1 Score: 0.8243
CNN:RMSE: 17.0000 , PCC: 0.7023
****************************************************************************************************
Accuracy Score and AUC for ANN = AUC: 0.9474, Accuracy: 0.8818
Accuracy Score and AUC for KANN = AUC: 0.9483, Accuracy: 0.8780
Accuracy Score and AUC for KCNN = AUC: 0.9015, Accuracy: 0.8164
Average AUC = AUC: 0.9539, Accuracy: 0.8939
MAX AUC = AUC: 0.9457, Accuracy: 0.8374
Fitting 5 folds for each of 14 candidates, totalling 70 fits
Finall ensemble results of fold_5 for MACSynDCR:
----------------------------------------------------------------------------------------------------
Ensemble Accuracy: 0.8933, AUC-ROC: 0.9564
Ensemble AUC-PR: 0.9537, Precision: 0.8939,
Ensemble Recall: 0.8961, F1 Score: 0.8950
Ensemble RMSE: 12.9615 , PCC: 0.8265
----------------------------------------------------------------------------------------------------
****************************************************************************************************
*           Final MACSynCDR Results:
****************************************************************************************************
 AUC: 0.9551 ± 0.0024
 Accuracy: 0.8927 ± 0.0050
 AUC-PR: 0.9519 ± 0.0039
 Precision: 0.8912 ± 0.0084
 Recall: 0.8937 ± 0.0034
 F1: 0.8925 ± 0.0058
 RMSE: 12.9965 ± 0.3037
 PCC: 0.8221 ± 0.0059
Max AUC: 0.9578
Max ACC: 0.9003
Max AUC-PR: 0.9586
Max Precision: 0.9048
Max Reacall: 0.8991
Max F1: 0.9019
MIN RMSE: 12.5300
Max PCC: 0.8293
