[2025-08-21 17:35:22] Fold 1
[2025-08-21 17:35:22] ----------------------------------------------------------------------------------------------------
[2025-08-21 17:35:26] ANN_model saved with Val_ACC: 0.5111
[2025-08-21 17:35:26] ----------------------------------------------------------------------------------------------------
[2025-08-21 17:35:26] fold_1: Epoch [1/10], Loss: 0.6942, ACC: 0.5111, AUC: 0.5280
[2025-08-21 17:35:26] ANN_model saved with Val_ACC: 0.7860
[2025-08-21 17:35:26] ----------------------------------------------------------------------------------------------------
[2025-08-21 17:35:27] ANN_model saved with Val_ACC: 0.8102
[2025-08-21 17:35:27] ----------------------------------------------------------------------------------------------------
[2025-08-21 17:35:27] ANN_model saved with Val_ACC: 0.8197
[2025-08-21 17:35:27] ----------------------------------------------------------------------------------------------------
[2025-08-21 17:35:28] ANN_model saved with Val_ACC: 0.8241
[2025-08-21 17:35:28] ----------------------------------------------------------------------------------------------------
[2025-08-21 17:35:28] ANN_model saved with Val_ACC: 0.8432
[2025-08-21 17:35:28] ----------------------------------------------------------------------------------------------------
[2025-08-21 17:35:28] ANN_model saved with Val_ACC: 0.8565
[2025-08-21 17:35:28] ----------------------------------------------------------------------------------------------------
[2025-08-21 17:35:29] ANN_model saved with Val_ACC: 0.8711
[2025-08-21 17:35:29] ----------------------------------------------------------------------------------------------------
[2025-08-21 17:35:29] ANN_model saved with Val_ACC: 0.8737
[2025-08-21 17:35:29] ----------------------------------------------------------------------------------------------------
[2025-08-21 17:35:29] ANN_model saved with Val_ACC: 0.8806
[2025-08-21 17:35:29] ----------------------------------------------------------------------------------------------------
[2025-08-21 17:36:48] Finall ensemble results of fold_1 for MACSynDCR:
[2025-08-21 17:36:48] ----------------------------------------------------------------------------------------------------
[2025-08-21 17:36:48] Ensemble Accuracy: 0.8895, AUC-ROC: 0.9496, 
Ensemble AUC-PR: 0.9477, Precision: 0.8958, 
Ensemble Recall: 0.8798, F1 Score: 0.8877, 
Ensemble RMSE: 13.1909
[2025-08-21 17:36:48] ----------------------------------------------------------------------------------------------------
[2025-08-21 17:36:48] Fold 2
[2025-08-21 17:36:48] ----------------------------------------------------------------------------------------------------
[2025-08-21 17:36:49] ANN_model saved with Val_ACC: 0.4857
[2025-08-21 17:36:49] ----------------------------------------------------------------------------------------------------
[2025-08-21 17:36:49] fold_2: Epoch [1/10], Loss: 0.7120, ACC: 0.4857, AUC: 0.4657
[2025-08-21 17:36:50] ANN_model saved with Val_ACC: 0.8121
[2025-08-21 17:36:50] ----------------------------------------------------------------------------------------------------
[2025-08-21 17:36:50] ANN_model saved with Val_ACC: 0.8394
[2025-08-21 17:36:50] ----------------------------------------------------------------------------------------------------
[2025-08-21 17:36:50] ANN_model saved with Val_ACC: 0.8400
[2025-08-21 17:36:50] ----------------------------------------------------------------------------------------------------
[2025-08-21 17:36:51] ANN_model saved with Val_ACC: 0.8521
[2025-08-21 17:36:51] ----------------------------------------------------------------------------------------------------
[2025-08-21 17:36:51] ANN_model saved with Val_ACC: 0.8654
[2025-08-21 17:36:51] ----------------------------------------------------------------------------------------------------
[2025-08-21 17:36:52] ANN_model saved with Val_ACC: 0.8692
[2025-08-21 17:36:52] ----------------------------------------------------------------------------------------------------
[2025-08-21 17:36:52] ANN_model saved with Val_ACC: 0.8711
[2025-08-21 17:36:52] ----------------------------------------------------------------------------------------------------
[2025-08-21 17:36:52] ANN_model saved with Val_ACC: 0.8876
[2025-08-21 17:36:52] ----------------------------------------------------------------------------------------------------
[2025-08-21 17:36:53] ANN_model saved with Val_ACC: 0.8984
[2025-08-21 17:36:53] ----------------------------------------------------------------------------------------------------
[2025-08-21 17:38:10] Finall ensemble results of fold_2 for MACSynDCR:
[2025-08-21 17:38:10] ----------------------------------------------------------------------------------------------------
[2025-08-21 17:38:10] Ensemble Accuracy: 0.9035, AUC-ROC: 0.9602, 
Ensemble AUC-PR: 0.9551, Precision: 0.8958, 
Ensemble Recall: 0.9097, F1 Score: 0.9027, 
Ensemble RMSE: 12.3288
[2025-08-21 17:38:10] ----------------------------------------------------------------------------------------------------
[2025-08-21 17:38:10] Fold 3
[2025-08-21 17:38:10] ----------------------------------------------------------------------------------------------------
[2025-08-21 17:38:11] ANN_model saved with Val_ACC: 0.4984
[2025-08-21 17:38:11] ----------------------------------------------------------------------------------------------------
[2025-08-21 17:38:11] fold_3: Epoch [1/10], Loss: 0.7100, ACC: 0.4984, AUC: 0.4910
[2025-08-21 17:38:11] ANN_model saved with Val_ACC: 0.8013
[2025-08-21 17:38:11] ----------------------------------------------------------------------------------------------------
[2025-08-21 17:38:12] ANN_model saved with Val_ACC: 0.8330
[2025-08-21 17:38:12] ----------------------------------------------------------------------------------------------------
[2025-08-21 17:38:12] ANN_model saved with Val_ACC: 0.8432
[2025-08-21 17:38:12] ----------------------------------------------------------------------------------------------------
[2025-08-21 17:38:13] ANN_model saved with Val_ACC: 0.8502
[2025-08-21 17:38:13] ----------------------------------------------------------------------------------------------------
[2025-08-21 17:38:14] ANN_model saved with Val_ACC: 0.8616
[2025-08-21 17:38:14] ----------------------------------------------------------------------------------------------------
[2025-08-21 17:38:14] ANN_model saved with Val_ACC: 0.8730
[2025-08-21 17:38:14] ----------------------------------------------------------------------------------------------------
[2025-08-21 17:38:15] ANN_model saved with Val_ACC: 0.8819
[2025-08-21 17:38:15] ----------------------------------------------------------------------------------------------------
[2025-08-21 17:38:16] ANN_model saved with Val_ACC: 0.8883
[2025-08-21 17:38:16] ----------------------------------------------------------------------------------------------------
[2025-08-21 17:38:16] ANN_model saved with Val_ACC: 0.8927
[2025-08-21 17:38:16] ----------------------------------------------------------------------------------------------------
[2025-08-21 17:39:35] Finall ensemble results of fold_3 for MACSynDCR:
[2025-08-21 17:39:35] ----------------------------------------------------------------------------------------------------
[2025-08-21 17:39:35] Ensemble Accuracy: 0.9010, AUC-ROC: 0.9581, 
Ensemble AUC-PR: 0.9534, Precision: 0.8993, 
Ensemble Recall: 0.8970, F1 Score: 0.8982, 
Ensemble RMSE: 12.4900
[2025-08-21 17:39:35] ----------------------------------------------------------------------------------------------------
[2025-08-21 17:39:35] Fold 4
[2025-08-21 17:39:35] ----------------------------------------------------------------------------------------------------
[2025-08-21 17:39:35] ANN_model saved with Val_ACC: 0.4863
[2025-08-21 17:39:35] ----------------------------------------------------------------------------------------------------
[2025-08-21 17:39:35] fold_4: Epoch [1/10], Loss: 0.7004, ACC: 0.4863, AUC: 0.4839
[2025-08-21 17:39:36] ANN_model saved with Val_ACC: 0.7987
[2025-08-21 17:39:36] ----------------------------------------------------------------------------------------------------
[2025-08-21 17:39:36] ANN_model saved with Val_ACC: 0.8235
[2025-08-21 17:39:36] ----------------------------------------------------------------------------------------------------
[2025-08-21 17:39:37] ANN_model saved with Val_ACC: 0.8381
[2025-08-21 17:39:37] ----------------------------------------------------------------------------------------------------
[2025-08-21 17:39:37] ANN_model saved with Val_ACC: 0.8483
[2025-08-21 17:39:37] ----------------------------------------------------------------------------------------------------
[2025-08-21 17:39:38] ANN_model saved with Val_ACC: 0.8597
[2025-08-21 17:39:38] ----------------------------------------------------------------------------------------------------
[2025-08-21 17:39:38] ANN_model saved with Val_ACC: 0.8698
[2025-08-21 17:39:38] ----------------------------------------------------------------------------------------------------
[2025-08-21 17:39:39] ANN_model saved with Val_ACC: 0.8794
[2025-08-21 17:39:39] ----------------------------------------------------------------------------------------------------
[2025-08-21 17:39:40] ANN_model saved with Val_ACC: 0.8908
[2025-08-21 17:39:40] ----------------------------------------------------------------------------------------------------
[2025-08-21 17:40:58] Finall ensemble results of fold_4 for MACSynDCR:
[2025-08-21 17:40:58] ----------------------------------------------------------------------------------------------------
[2025-08-21 17:40:58] Ensemble Accuracy: 0.9029, AUC-ROC: 0.9622, 
Ensemble AUC-PR: 0.9620, Precision: 0.9012, 
Ensemble Recall: 0.9091, F1 Score: 0.9051, 
Ensemble RMSE: 12.3693
[2025-08-21 17:40:58] ----------------------------------------------------------------------------------------------------
[2025-08-21 17:40:58] Fold 5
[2025-08-21 17:40:58] ----------------------------------------------------------------------------------------------------
[2025-08-21 17:40:58] ANN_model saved with Val_ACC: 0.5388
[2025-08-21 17:40:58] ----------------------------------------------------------------------------------------------------
[2025-08-21 17:40:58] fold_5: Epoch [1/10], Loss: 0.6908, ACC: 0.5388, AUC: 0.5491
[2025-08-21 17:40:59] ANN_model saved with Val_ACC: 0.8024
[2025-08-21 17:40:59] ----------------------------------------------------------------------------------------------------
[2025-08-21 17:40:59] ANN_model saved with Val_ACC: 0.8227
[2025-08-21 17:40:59] ----------------------------------------------------------------------------------------------------
[2025-08-21 17:41:00] ANN_model saved with Val_ACC: 0.8355
[2025-08-21 17:41:00] ----------------------------------------------------------------------------------------------------
[2025-08-21 17:41:01] ANN_model saved with Val_ACC: 0.8494
[2025-08-21 17:41:01] ----------------------------------------------------------------------------------------------------
[2025-08-21 17:41:01] ANN_model saved with Val_ACC: 0.8653
[2025-08-21 17:41:01] ----------------------------------------------------------------------------------------------------
[2025-08-21 17:41:02] ANN_model saved with Val_ACC: 0.8793
[2025-08-21 17:41:02] ----------------------------------------------------------------------------------------------------
[2025-08-21 17:41:03] ANN_model saved with Val_ACC: 0.8863
[2025-08-21 17:41:03] ----------------------------------------------------------------------------------------------------
[2025-08-21 17:42:20] Finall ensemble results of fold_5 for MACSynDCR:
[2025-08-21 17:42:20] ----------------------------------------------------------------------------------------------------
[2025-08-21 17:42:20] Ensemble Accuracy: 0.8971, AUC-ROC: 0.9585, 
Ensemble AUC-PR: 0.9568, Precision: 0.8996, 
Ensemble Recall: 0.8974, F1 Score: 0.8985, 
Ensemble RMSE: 12.7279
[2025-08-21 17:42:20] ----------------------------------------------------------------------------------------------------
[2025-08-21 17:42:20] ****************************************************************************************************
[2025-08-21 17:42:20] *          Final MACSynCDR Results:
[2025-08-21 17:42:20] ****************************************************************************************************
[2025-08-21 17:42:20]  AUC: 0.9577 ± 0.0043
[2025-08-21 17:42:20]  Accuracy: 0.8988 ± 0.0051
[2025-08-21 17:42:20]  AUC-PR: 0.9550 ± 0.0047
[2025-08-21 17:42:20]  Precision: 0.8984 ± 0.0022
[2025-08-21 17:42:20]  Recall: 0.8986 ± 0.0109
[2025-08-21 17:42:20]  F1: 0.8984 ± 0.0060
[2025-08-21 17:42:20]  RMSE: 12.6214 ± 0.3169
[2025-08-21 17:42:20]  PCC: 0.8311 ± 0.0115

C:\Users\srahaman2\Documents\PhD research\MACSynDCR\LapMGAN>python MACSynDCR_CV_RUN_with_LMGAN_shape.py --epoch 10 --suffix Ablation_Proteomics
2025-08-21 17:34:59.818527: I tensorflow/core/util/port.cc:153] oneDNN custom operations are on. You may see slightly different numerical results due to floating-point round-off errors from different computation orders. To turn them off, set the environment variable `TF_ENABLE_ONEDNN_OPTS=0`.
2025-08-21 17:35:03.533417: I tensorflow/core/util/port.cc:153] oneDNN custom operations are on. You may see slightly different numerical results due to floating-point round-off errors from different computation orders. To turn them off, set the environment variable `TF_ENABLE_ONEDNN_OPTS=0`.
Fold 1
Data processing and Training of MACSynDCR_ANN model:
ANN_model saved with Val_ACC: 0.5111 Val_AUC: 0.5280
fold_1: Epoch [1/10], Loss: 0.6942, Val_ACC: 0.5111, Val_AUC: 0.5280
ANN_model saved with Val_ACC: 0.7860 Val_AUC: 0.8651
ANN_model saved with Val_ACC: 0.8102 Val_AUC: 0.8889
ANN_model saved with Val_ACC: 0.8197 Val_AUC: 0.9022
ANN_model saved with Val_ACC: 0.8241 Val_AUC: 0.9121
ANN_model saved with Val_ACC: 0.8432 Val_AUC: 0.9216
ANN_model saved with Val_ACC: 0.8565 Val_AUC: 0.9312
ANN_model saved with Val_ACC: 0.8711 Val_AUC: 0.9396
ANN_model saved with Val_ACC: 0.8737 Val_AUC: 0.9432
ANN_model saved with Val_ACC: 0.8806 Val_AUC: 0.9428
Accuracy: 0.8806, AUC-ROC: 0.9428
 AUC-PR: 0.9444, Precision: 0.8808, Recall: 0.8785, F1 Score: 0.8796
RMSE: 11.9298 , PCC: 0.7994
Data processing and Training of MACSynDCR_ANN model:
2025-08-21 17:35:30.332253: I tensorflow/core/platform/cpu_feature_guard.cc:210] This TensorFlow binary is optimized to use available CPU instructions in performance-critical operations.
To enable the following instructions: AVX2 FMA, in other operations, rebuild TensorFlow with the appropriate compiler flags.
MACSynDCR_ANN model:
Model: "sequential"
????????????????????????????????????????????????????????????????????????????????????????
? Layer (type)                         ? Output Shape                ?         Param # ?
????????????????????????????????????????????????????????????????????????????????????????
¦ dense (Dense)                        ¦ (None, 2048)                ¦       4,458,496 ¦
+--------------------------------------+-----------------------------+-----------------¦
¦ batch_normalization                  ¦ (None, 2048)                ¦           8,192 ¦
¦ (BatchNormalization)                 ¦                             ¦                 ¦
+--------------------------------------+-----------------------------+-----------------¦
¦ dense_1 (Dense)                      ¦ (None, 1024)                ¦       2,098,176 ¦
+--------------------------------------+-----------------------------+-----------------¦
¦ batch_normalization_1                ¦ (None, 1024)                ¦           4,096 ¦
¦ (BatchNormalization)                 ¦                             ¦                 ¦
+--------------------------------------+-----------------------------+-----------------¦
¦ dense_2 (Dense)                      ¦ (None, 512)                 ¦         524,800 ¦
+--------------------------------------+-----------------------------+-----------------¦
¦ batch_normalization_2                ¦ (None, 512)                 ¦           2,048 ¦
¦ (BatchNormalization)                 ¦                             ¦                 ¦
+--------------------------------------+-----------------------------+-----------------¦
¦ dense_3 (Dense)                      ¦ (None, 256)                 ¦         131,328 ¦
+--------------------------------------+-----------------------------+-----------------¦
¦ batch_normalization_3                ¦ (None, 256)                 ¦           1,024 ¦
¦ (BatchNormalization)                 ¦                             ¦                 ¦
+--------------------------------------+-----------------------------+-----------------¦
¦ dense_4 (Dense)                      ¦ (None, 128)                 ¦          32,896 ¦
+--------------------------------------+-----------------------------+-----------------¦
¦ batch_normalization_4                ¦ (None, 128)                 ¦             512 ¦
¦ (BatchNormalization)                 ¦                             ¦                 ¦
+--------------------------------------+-----------------------------+-----------------¦
¦ dense_5 (Dense)                      ¦ (None, 2)                   ¦             258 ¦
+--------------------------------------------------------------------------------------+
 Total params: 7,261,826 (27.70 MB)
 Trainable params: 7,253,890 (27.67 MB)
 Non-trainable params: 7,936 (31.00 KB)
Epoch 1/10
49/50 ???????????????????? 0s 57ms/step - acc: 0.7497 - auc: 0.8195 - loss: 0.6050
Epoch 1: val_auc improved from -inf to 0.76522, saving model to saved_models/best_MACSynDCR_ANN_model.keras
50/50 ???????????????????? 8s 85ms/step - acc: 0.7518 - auc: 0.8218 - loss: 0.5996 - val_acc: 0.6978 - val_auc: 0.7652 - val_loss: 0.5728
Epoch 2/10
50/50 ???????????????????? 0s 53ms/step - acc: 0.9087 - auc: 0.9669 - loss: 0.2381
Epoch 2: val_auc did not improve from 0.76522
50/50 ???????????????????? 3s 57ms/step - acc: 0.9086 - auc: 0.9668 - loss: 0.2381 - val_acc: 0.6260 - val_auc: 0.7202 - val_loss: 0.9216
Epoch 3/10
50/50 ???????????????????? 0s 54ms/step - acc: 0.9322 - auc: 0.9801 - loss: 0.1819
Epoch 3: val_auc did not improve from 0.76522
50/50 ???????????????????? 3s 57ms/step - acc: 0.9321 - auc: 0.9800 - loss: 0.1820 - val_acc: 0.6863 - val_auc: 0.7527 - val_loss: 0.7957
Epoch 4/10
49/50 ???????????????????? 0s 54ms/step - acc: 0.9378 - auc: 0.9827 - loss: 0.1659
Epoch 4: val_auc improved from 0.76522 to 0.87082, saving model to saved_models/best_MACSynDCR_ANN_model.keras
50/50 ???????????????????? 4s 72ms/step - acc: 0.9374 - auc: 0.9826 - loss: 0.1664 - val_acc: 0.7879 - val_auc: 0.8708 - val_loss: 0.5204
Epoch 5/10
49/50 ???????????????????? 0s 50ms/step - acc: 0.9430 - auc: 0.9881 - loss: 0.1417
Epoch 5: val_auc improved from 0.87082 to 0.90797, saving model to saved_models/best_MACSynDCR_ANN_model.keras
50/50 ???????????????????? 3s 69ms/step - acc: 0.9431 - auc: 0.9881 - loss: 0.1418 - val_acc: 0.8222 - val_auc: 0.9080 - val_loss: 0.4442
Epoch 6/10
49/50 ???????????????????? 0s 53ms/step - acc: 0.9619 - auc: 0.9925 - loss: 0.1099
Epoch 6: val_auc did not improve from 0.90797
50/50 ???????????????????? 3s 57ms/step - acc: 0.9618 - auc: 0.9924 - loss: 0.1101 - val_acc: 0.8229 - val_auc: 0.8940 - val_loss: 0.5512
Epoch 7/10
49/50 ???????????????????? 0s 54ms/step - acc: 0.9601 - auc: 0.9938 - loss: 0.1008
Epoch 7: val_auc improved from 0.90797 to 0.93360, saving model to saved_models/best_MACSynDCR_ANN_model.keras
50/50 ???????????????????? 4s 72ms/step - acc: 0.9600 - auc: 0.9938 - loss: 0.1010 - val_acc: 0.8641 - val_auc: 0.9336 - val_loss: 0.4129
Epoch 8/10
49/50 ???????????????????? 0s 55ms/step - acc: 0.9676 - auc: 0.9944 - loss: 0.0900
Epoch 8: val_auc did not improve from 0.93360
50/50 ???????????????????? 3s 58ms/step - acc: 0.9675 - auc: 0.9944 - loss: 0.0902 - val_acc: 0.8559 - val_auc: 0.9280 - val_loss: 0.4648
Epoch 9/10
49/50 ???????????????????? 0s 50ms/step - acc: 0.9578 - auc: 0.9925 - loss: 0.1075
Epoch 9: val_auc improved from 0.93360 to 0.93610, saving model to saved_models/best_MACSynDCR_ANN_model.keras
50/50 ???????????????????? 3s 67ms/step - acc: 0.9578 - auc: 0.9925 - loss: 0.1075 - val_acc: 0.8730 - val_auc: 0.9361 - val_loss: 0.4312
Epoch 10/10
50/50 ???????????????????? 0s 54ms/step - acc: 0.9784 - auc: 0.9972 - loss: 0.0661
Epoch 10: val_auc did not improve from 0.93610
50/50 ???????????????????? 3s 57ms/step - acc: 0.9784 - auc: 0.9972 - loss: 0.0661 - val_acc: 0.8590 - val_auc: 0.9310 - val_loss: 0.4749
50/50 ???????????????????? 0s 6ms/step
50/50 ???????????????????? 0s 4ms/step
ANN: Accuracy: 0.8730, AUC-ROC: 0.9414
ANN: AUC-PR: 0.9416, Precision: 0.8809,
ANN Recall: 0.8606, F1 Score: 0.8706
\ANN:RMSE: 14.1421 , PCC: 0.7766
Data processing and Training of MACSynDCR_CNN model:
MACSynDCR_CNN model:
Model: "sequential_1"
????????????????????????????????????????????????????????????????????????????????????????
? Layer (type)                         ? Output Shape                ?         Param # ?
????????????????????????????????????????????????????????????????????????????????????????
¦ conv2d (Conv2D)                      ¦ (None, 66, 30, 32)          ¦             320 ¦
+--------------------------------------+-----------------------------+-----------------¦
¦ max_pooling2d (MaxPooling2D)         ¦ (None, 33, 15, 32)          ¦               0 ¦
+--------------------------------------+-----------------------------+-----------------¦
¦ dropout (Dropout)                    ¦ (None, 33, 15, 32)          ¦               0 ¦
+--------------------------------------+-----------------------------+-----------------¦
¦ conv2d_1 (Conv2D)                    ¦ (None, 31, 13, 64)          ¦          18,496 ¦
+--------------------------------------+-----------------------------+-----------------¦
¦ max_pooling2d_1 (MaxPooling2D)       ¦ (None, 15, 6, 64)           ¦               0 ¦
+--------------------------------------+-----------------------------+-----------------¦
¦ dropout_1 (Dropout)                  ¦ (None, 15, 6, 64)           ¦               0 ¦
+--------------------------------------+-----------------------------+-----------------¦
¦ conv2d_2 (Conv2D)                    ¦ (None, 13, 4, 128)          ¦          73,856 ¦
+--------------------------------------+-----------------------------+-----------------¦
¦ max_pooling2d_2 (MaxPooling2D)       ¦ (None, 6, 2, 128)           ¦               0 ¦
+--------------------------------------+-----------------------------+-----------------¦
¦ dropout_2 (Dropout)                  ¦ (None, 6, 2, 128)           ¦               0 ¦
+--------------------------------------+-----------------------------+-----------------¦
¦ flatten (Flatten)                    ¦ (None, 1536)                ¦               0 ¦
+--------------------------------------+-----------------------------+-----------------¦
¦ dense_6 (Dense)                      ¦ (None, 128)                 ¦         196,736 ¦
+--------------------------------------+-----------------------------+-----------------¦
¦ dense_7 (Dense)                      ¦ (None, 2)                   ¦             258 ¦
+--------------------------------------------------------------------------------------+
 Total params: 289,666 (1.10 MB)
 Trainable params: 289,666 (1.10 MB)
 Non-trainable params: 0 (0.00 B)
Epoch 1/10
49/50 ???????????????????? 0s 55ms/step - acc: 0.5068 - auc: 0.5101 - loss: 0.7013
Epoch 1: val_acc improved from -inf to 0.50349, saving model to saved_models/best_MACSynDCR_CNN_model.keras
50/50 ???????????????????? 5s 67ms/step - acc: 0.5071 - auc: 0.5104 - loss: 0.7011 - val_acc: 0.5035 - val_auc: 0.6401 - val_loss: 0.6890
Epoch 2/10
49/50 ???????????????????? 0s 59ms/step - acc: 0.5418 - auc: 0.5815 - loss: 0.6820
Epoch 2: val_acc improved from 0.50349 to 0.73333, saving model to saved_models/best_MACSynDCR_CNN_model.keras
50/50 ???????????????????? 3s 65ms/step - acc: 0.5437 - auc: 0.5840 - loss: 0.6812 - val_acc: 0.7333 - val_auc: 0.7946 - val_loss: 0.5738
Epoch 3/10
49/50 ???????????????????? 0s 59ms/step - acc: 0.7290 - auc: 0.8039 - loss: 0.5453
Epoch 3: val_acc improved from 0.73333 to 0.76635, saving model to saved_models/best_MACSynDCR_CNN_model.keras
50/50 ???????????????????? 3s 64ms/step - acc: 0.7298 - auc: 0.8047 - loss: 0.5442 - val_acc: 0.7663 - val_auc: 0.8480 - val_loss: 0.4843
Epoch 4/10
49/50 ???????????????????? 0s 54ms/step - acc: 0.7740 - auc: 0.8592 - loss: 0.4677
Epoch 4: val_acc improved from 0.76635 to 0.78540, saving model to saved_models/best_MACSynDCR_CNN_model.keras
50/50 ???????????????????? 5s 59ms/step - acc: 0.7743 - auc: 0.8595 - loss: 0.4673 - val_acc: 0.7854 - val_auc: 0.8763 - val_loss: 0.4428
Epoch 5/10
49/50 ???????????????????? 0s 57ms/step - acc: 0.7938 - auc: 0.8812 - loss: 0.4333
Epoch 5: val_acc improved from 0.78540 to 0.80127, saving model to saved_models/best_MACSynDCR_CNN_model.keras
50/50 ???????????????????? 3s 62ms/step - acc: 0.7938 - auc: 0.8811 - loss: 0.4333 - val_acc: 0.8013 - val_auc: 0.8832 - val_loss: 0.4300
Epoch 6/10
50/50 ???????????????????? 0s 57ms/step - acc: 0.8132 - auc: 0.8913 - loss: 0.4158
Epoch 6: val_acc did not improve from 0.80127
50/50 ???????????????????? 3s 62ms/step - acc: 0.8132 - auc: 0.8913 - loss: 0.4158 - val_acc: 0.8006 - val_auc: 0.8848 - val_loss: 0.4274
Epoch 7/10
48/50 ???????????????????? 0s 50ms/step - acc: 0.8091 - auc: 0.8936 - loss: 0.4122
Epoch 7: val_acc improved from 0.80127 to 0.80508, saving model to saved_models/best_MACSynDCR_CNN_model.keras
50/50 ???????????????????? 3s 54ms/step - acc: 0.8091 - auc: 0.8936 - loss: 0.4123 - val_acc: 0.8051 - val_auc: 0.8843 - val_loss: 0.4284
Epoch 8/10
49/50 ???????????????????? 0s 46ms/step - acc: 0.7973 - auc: 0.8833 - loss: 0.4295
Epoch 8: val_acc did not improve from 0.80508
50/50 ???????????????????? 3s 49ms/step - acc: 0.7979 - auc: 0.8837 - loss: 0.4288 - val_acc: 0.8032 - val_auc: 0.8852 - val_loss: 0.4262
Epoch 9/10
49/50 ???????????????????? 0s 46ms/step - acc: 0.8201 - auc: 0.9023 - loss: 0.3954
Epoch 9: val_acc improved from 0.80508 to 0.81460, saving model to saved_models/best_MACSynDCR_CNN_model.keras
50/50 ???????????????????? 3s 50ms/step - acc: 0.8202 - auc: 0.9022 - loss: 0.3955 - val_acc: 0.8146 - val_auc: 0.8919 - val_loss: 0.4145
Epoch 10/10
50/50 ???????????????????? 0s 47ms/step - acc: 0.8224 - auc: 0.9070 - loss: 0.3867
Epoch 10: val_acc did not improve from 0.81460
50/50 ???????????????????? 3s 51ms/step - acc: 0.8224 - auc: 0.9069 - loss: 0.3869 - val_acc: 0.8127 - val_auc: 0.8954 - val_loss: 0.4093
50/50 ???????????????????? 0s 5ms/step
50/50 ???????????????????? 0s 4ms/step
CNN: Accuracy: 0.8146, AUC-ROC: 0.8937
CNN: AUC-PR: 0.8916, Precision: 0.7973,
CNN Recall: 0.8402, F1 Score: 0.8182
CNN:RMSE: 17.0880 , PCC: 0.6885
Evaluation of Keras MACSynDCR_ANN model:
50/50 ???????????????????? 1s 4ms/step - acc: 0.8763 - auc: 0.9344 - loss: 0.4345
Evaluate->  Loss: 0.4312, Accuracy: 0.8730,AUC: 0.9361
50/50 ???????????????????? 0s 6ms/step
197/197 ???????????????????? 1s 3ms/step
ANN: Accuracy: 0.8730, AUC-ROC: 0.9414
ANN: AUC-PR: 0.9416, Precision: 0.8809,
ANN Recall: 0.8606, F1 Score: 0.8706
ANN:RMSE: 14.1421 , PCC: 0.7766
****************************************************************************************************
Evaluation of Keras MACSynDCR_CNN model:
50/50 ???????????????????? 1s 5ms/step - acc: 0.8097 - auc: 0.8840 - loss: 0.4294
Evaluate->  Loss: 0.4145, Accuracy: 0.8146,Accuracy: 0.8919
50/50 ???????????????????? 0s 6ms/step
197/197 ???????????????????? 1s 4ms/step
CNN: Accuracy: 0.8146, AUC-ROC: 0.8937
CNN: AUC-PR: 0.8916, Precision: 0.7973,
CNN Recall: 0.8402, F1 Score: 0.8182
CNN:RMSE: 17.0880 , PCC: 0.6885
****************************************************************************************************
Accuracy Score and AUC for ANN = AUC: 0.9428, Accuracy: 0.8806
Accuracy Score and AUC for KANN = AUC: 0.9414, Accuracy: 0.8730
Accuracy Score and AUC for KCNN = AUC: 0.8937, Accuracy: 0.8146
Average AUC = AUC: 0.9457, Accuracy: 0.8800
MAX AUC = AUC: 0.9413, Accuracy: 0.8413
Fitting 5 folds for each of 14 candidates, totalling 70 fits
Finall ensemble results of fold_1 for MACSynDCR:
----------------------------------------------------------------------------------------------------
Ensemble Accuracy: 0.8895, AUC-ROC: 0.9496
Ensemble AUC-PR: 0.9477, Precision: 0.8958,
Ensemble Recall: 0.8798, F1 Score: 0.8877
Ensemble RMSE: 13.1909 , PCC: 0.8097
----------------------------------------------------------------------------------------------------
Fold 2
Data processing and Training of MACSynDCR_ANN model:
ANN_model saved with Val_ACC: 0.4857 Val_AUC: 0.4657
fold_2: Epoch [1/10], Loss: 0.7120, Val_ACC: 0.4857, Val_AUC: 0.4657
ANN_model saved with Val_ACC: 0.8121 Val_AUC: 0.8785
ANN_model saved with Val_ACC: 0.8394 Val_AUC: 0.9091
ANN_model saved with Val_ACC: 0.8400 Val_AUC: 0.9197
ANN_model saved with Val_ACC: 0.8521 Val_AUC: 0.9261
ANN_model saved with Val_ACC: 0.8654 Val_AUC: 0.9347
ANN_model saved with Val_ACC: 0.8692 Val_AUC: 0.9424
ANN_model saved with Val_ACC: 0.8711 Val_AUC: 0.9437
ANN_model saved with Val_ACC: 0.8876 Val_AUC: 0.9529
ANN_model saved with Val_ACC: 0.8984 Val_AUC: 0.9559
Accuracy: 0.8984, AUC-ROC: 0.9559
 AUC-PR: 0.9537, Precision: 0.9009, Recall: 0.8916, F1 Score: 0.8962
RMSE: 11.0926 , PCC: 0.8292
Data processing and Training of MACSynDCR_ANN model:
MACSynDCR_ANN model:
Model: "sequential_2"
????????????????????????????????????????????????????????????????????????????????????????
? Layer (type)                         ? Output Shape                ?         Param # ?
????????????????????????????????????????????????????????????????????????????????????????
¦ dense_8 (Dense)                      ¦ (None, 2048)                ¦       4,458,496 ¦
+--------------------------------------+-----------------------------+-----------------¦
¦ batch_normalization_5                ¦ (None, 2048)                ¦           8,192 ¦
¦ (BatchNormalization)                 ¦                             ¦                 ¦
+--------------------------------------+-----------------------------+-----------------¦
¦ dense_9 (Dense)                      ¦ (None, 1024)                ¦       2,098,176 ¦
+--------------------------------------+-----------------------------+-----------------¦
¦ batch_normalization_6                ¦ (None, 1024)                ¦           4,096 ¦
¦ (BatchNormalization)                 ¦                             ¦                 ¦
+--------------------------------------+-----------------------------+-----------------¦
¦ dense_10 (Dense)                     ¦ (None, 512)                 ¦         524,800 ¦
+--------------------------------------+-----------------------------+-----------------¦
¦ batch_normalization_7                ¦ (None, 512)                 ¦           2,048 ¦
¦ (BatchNormalization)                 ¦                             ¦                 ¦
+--------------------------------------+-----------------------------+-----------------¦
¦ dense_11 (Dense)                     ¦ (None, 256)                 ¦         131,328 ¦
+--------------------------------------+-----------------------------+-----------------¦
¦ batch_normalization_8                ¦ (None, 256)                 ¦           1,024 ¦
¦ (BatchNormalization)                 ¦                             ¦                 ¦
+--------------------------------------+-----------------------------+-----------------¦
¦ dense_12 (Dense)                     ¦ (None, 128)                 ¦          32,896 ¦
+--------------------------------------+-----------------------------+-----------------¦
¦ batch_normalization_9                ¦ (None, 128)                 ¦             512 ¦
¦ (BatchNormalization)                 ¦                             ¦                 ¦
+--------------------------------------+-----------------------------+-----------------¦
¦ dense_13 (Dense)                     ¦ (None, 2)                   ¦             258 ¦
+--------------------------------------------------------------------------------------+
 Total params: 7,261,826 (27.70 MB)
 Trainable params: 7,253,890 (27.67 MB)
 Non-trainable params: 7,936 (31.00 KB)
Epoch 1/10
50/50 ???????????????????? 0s 57ms/step - acc: 0.7341 - auc: 0.8062 - loss: 0.6215
Epoch 1: val_auc improved from -inf to 0.64053, saving model to saved_models/best_MACSynDCR_ANN_model.keras
50/50 ???????????????????? 7s 83ms/step - acc: 0.7353 - auc: 0.8075 - loss: 0.6186 - val_acc: 0.4959 - val_auc: 0.6405 - val_loss: 2.0596
Epoch 2/10
50/50 ???????????????????? 0s 50ms/step - acc: 0.9063 - auc: 0.9664 - loss: 0.2366
Epoch 2: val_auc improved from 0.64053 to 0.74505, saving model to saved_models/best_MACSynDCR_ANN_model.keras
50/50 ???????????????????? 3s 68ms/step - acc: 0.9063 - auc: 0.9665 - loss: 0.2365 - val_acc: 0.6571 - val_auc: 0.7451 - val_loss: 0.6999
Epoch 3/10
49/50 ???????????????????? 0s 62ms/step - acc: 0.9296 - auc: 0.9790 - loss: 0.1843
Epoch 3: val_auc improved from 0.74505 to 0.79092, saving model to saved_models/best_MACSynDCR_ANN_model.keras
50/50 ???????????????????? 4s 79ms/step - acc: 0.9292 - auc: 0.9788 - loss: 0.1849 - val_acc: 0.7219 - val_auc: 0.7909 - val_loss: 0.6826
Epoch 4/10
49/50 ???????????????????? 0s 61ms/step - acc: 0.9382 - auc: 0.9835 - loss: 0.1655
Epoch 4: val_auc improved from 0.79092 to 0.88433, saving model to saved_models/best_MACSynDCR_ANN_model.keras
50/50 ???????????????????? 4s 75ms/step - acc: 0.9380 - auc: 0.9834 - loss: 0.1659 - val_acc: 0.8070 - val_auc: 0.8843 - val_loss: 0.4713
Epoch 5/10
50/50 ???????????????????? 0s 50ms/step - acc: 0.9354 - auc: 0.9852 - loss: 0.1560
Epoch 5: val_auc improved from 0.88433 to 0.92383, saving model to saved_models/best_MACSynDCR_ANN_model.keras
50/50 ???????????????????? 3s 64ms/step - acc: 0.9354 - auc: 0.9852 - loss: 0.1559 - val_acc: 0.8444 - val_auc: 0.9238 - val_loss: 0.3867
Epoch 6/10
49/50 ???????????????????? 0s 47ms/step - acc: 0.9583 - auc: 0.9930 - loss: 0.1075
Epoch 6: val_auc improved from 0.92383 to 0.92778, saving model to saved_models/best_MACSynDCR_ANN_model.keras
50/50 ???????????????????? 3s 61ms/step - acc: 0.9583 - auc: 0.9930 - loss: 0.1078 - val_acc: 0.8476 - val_auc: 0.9278 - val_loss: 0.4207
Epoch 7/10
50/50 ???????????????????? 0s 48ms/step - acc: 0.9677 - auc: 0.9953 - loss: 0.0882
Epoch 7: val_auc improved from 0.92778 to 0.94633, saving model to saved_models/best_MACSynDCR_ANN_model.keras
50/50 ???????????????????? 3s 61ms/step - acc: 0.9676 - auc: 0.9953 - loss: 0.0882 - val_acc: 0.8806 - val_auc: 0.9463 - val_loss: 0.3635
Epoch 8/10
50/50 ???????????????????? 0s 46ms/step - acc: 0.9672 - auc: 0.9957 - loss: 0.0794
Epoch 8: val_auc did not improve from 0.94633
50/50 ???????????????????? 2s 49ms/step - acc: 0.9671 - auc: 0.9957 - loss: 0.0795 - val_acc: 0.8686 - val_auc: 0.9459 - val_loss: 0.4023
Epoch 9/10
50/50 ???????????????????? 0s 47ms/step - acc: 0.9709 - auc: 0.9949 - loss: 0.0875
Epoch 9: val_auc improved from 0.94633 to 0.94999, saving model to saved_models/best_MACSynDCR_ANN_model.keras
50/50 ???????????????????? 3s 62ms/step - acc: 0.9709 - auc: 0.9949 - loss: 0.0875 - val_acc: 0.8800 - val_auc: 0.9500 - val_loss: 0.3633
Epoch 10/10
50/50 ???????????????????? 0s 47ms/step - acc: 0.9711 - auc: 0.9960 - loss: 0.0778
Epoch 10: val_auc did not improve from 0.94999
50/50 ???????????????????? 3s 50ms/step - acc: 0.9711 - auc: 0.9959 - loss: 0.0779 - val_acc: 0.8794 - val_auc: 0.9428 - val_loss: 0.3894
50/50 ???????????????????? 0s 6ms/step
50/50 ???????????????????? 0s 4ms/step
ANN: Accuracy: 0.8800, AUC-ROC: 0.9539
ANN: AUC-PR: 0.9535, Precision: 0.8635,
ANN Recall: 0.8981, F1 Score: 0.8805
\ANN:RMSE: 13.7477 , PCC: 0.8023
Data processing and Training of MACSynDCR_CNN model:
MACSynDCR_CNN model:
Model: "sequential_3"
????????????????????????????????????????????????????????????????????????????????????????
? Layer (type)                         ? Output Shape                ?         Param # ?
????????????????????????????????????????????????????????????????????????????????????????
¦ conv2d_3 (Conv2D)                    ¦ (None, 66, 30, 32)          ¦             320 ¦
+--------------------------------------+-----------------------------+-----------------¦
¦ max_pooling2d_3 (MaxPooling2D)       ¦ (None, 33, 15, 32)          ¦               0 ¦
+--------------------------------------+-----------------------------+-----------------¦
¦ dropout_3 (Dropout)                  ¦ (None, 33, 15, 32)          ¦               0 ¦
+--------------------------------------+-----------------------------+-----------------¦
¦ conv2d_4 (Conv2D)                    ¦ (None, 31, 13, 64)          ¦          18,496 ¦
+--------------------------------------+-----------------------------+-----------------¦
¦ max_pooling2d_4 (MaxPooling2D)       ¦ (None, 15, 6, 64)           ¦               0 ¦
+--------------------------------------+-----------------------------+-----------------¦
¦ dropout_4 (Dropout)                  ¦ (None, 15, 6, 64)           ¦               0 ¦
+--------------------------------------+-----------------------------+-----------------¦
¦ conv2d_5 (Conv2D)                    ¦ (None, 13, 4, 128)          ¦          73,856 ¦
+--------------------------------------+-----------------------------+-----------------¦
¦ max_pooling2d_5 (MaxPooling2D)       ¦ (None, 6, 2, 128)           ¦               0 ¦
+--------------------------------------+-----------------------------+-----------------¦
¦ dropout_5 (Dropout)                  ¦ (None, 6, 2, 128)           ¦               0 ¦
+--------------------------------------+-----------------------------+-----------------¦
¦ flatten_1 (Flatten)                  ¦ (None, 1536)                ¦               0 ¦
+--------------------------------------+-----------------------------+-----------------¦
¦ dense_14 (Dense)                     ¦ (None, 128)                 ¦         196,736 ¦
+--------------------------------------+-----------------------------+-----------------¦
¦ dense_15 (Dense)                     ¦ (None, 2)                   ¦             258 ¦
+--------------------------------------------------------------------------------------+
 Total params: 289,666 (1.10 MB)
 Trainable params: 289,666 (1.10 MB)
 Non-trainable params: 0 (0.00 B)
Epoch 1/10
50/50 ???????????????????? 0s 47ms/step - acc: 0.5050 - auc: 0.5093 - loss: 0.7031
Epoch 1: val_acc improved from -inf to 0.50794, saving model to saved_models/best_MACSynDCR_CNN_model.keras
50/50 ???????????????????? 4s 58ms/step - acc: 0.5050 - auc: 0.5092 - loss: 0.7030 - val_acc: 0.5079 - val_auc: 0.5357 - val_loss: 0.6928
Epoch 2/10
50/50 ???????????????????? 0s 53ms/step - acc: 0.4983 - auc: 0.5020 - loss: 0.6933
Epoch 2: val_acc improved from 0.50794 to 0.58794, saving model to saved_models/best_MACSynDCR_CNN_model.keras
50/50 ???????????????????? 3s 59ms/step - acc: 0.4984 - auc: 0.5022 - loss: 0.6933 - val_acc: 0.5879 - val_auc: 0.7080 - val_loss: 0.6885
Epoch 3/10
49/50 ???????????????????? 0s 50ms/step - acc: 0.5792 - auc: 0.6181 - loss: 0.6771
Epoch 3: val_acc improved from 0.58794 to 0.74349, saving model to saved_models/best_MACSynDCR_CNN_model.keras
50/50 ???????????????????? 3s 54ms/step - acc: 0.5806 - auc: 0.6201 - loss: 0.6760 - val_acc: 0.7435 - val_auc: 0.8281 - val_loss: 0.5273
Epoch 4/10
49/50 ???????????????????? 0s 54ms/step - acc: 0.7210 - auc: 0.7956 - loss: 0.5462
Epoch 4: val_acc improved from 0.74349 to 0.79873, saving model to saved_models/best_MACSynDCR_CNN_model.keras
50/50 ???????????????????? 3s 59ms/step - acc: 0.7219 - auc: 0.7967 - loss: 0.5451 - val_acc: 0.7987 - val_auc: 0.8777 - val_loss: 0.4425
Epoch 5/10
49/50 ???????????????????? 0s 53ms/step - acc: 0.7724 - auc: 0.8559 - loss: 0.4722
Epoch 5: val_acc did not improve from 0.79873
50/50 ???????????????????? 3s 56ms/step - acc: 0.7724 - auc: 0.8558 - loss: 0.4724 - val_acc: 0.7968 - val_auc: 0.8858 - val_loss: 0.4285
Epoch 6/10
49/50 ???????????????????? 0s 53ms/step - acc: 0.7903 - auc: 0.8728 - loss: 0.4485
Epoch 6: val_acc improved from 0.79873 to 0.81460, saving model to saved_models/best_MACSynDCR_CNN_model.keras
50/50 ???????????????????? 3s 58ms/step - acc: 0.7901 - auc: 0.8726 - loss: 0.4488 - val_acc: 0.8146 - val_auc: 0.8921 - val_loss: 0.4177
Epoch 7/10
49/50 ???????????????????? 0s 55ms/step - acc: 0.7951 - auc: 0.8851 - loss: 0.4260
Epoch 7: val_acc improved from 0.81460 to 0.82540, saving model to saved_models/best_MACSynDCR_CNN_model.keras
50/50 ???????????????????? 3s 60ms/step - acc: 0.7952 - auc: 0.8850 - loss: 0.4261 - val_acc: 0.8254 - val_auc: 0.8980 - val_loss: 0.4050
Epoch 8/10
49/50 ???????????????????? 0s 58ms/step - acc: 0.7980 - auc: 0.8833 - loss: 0.4284
Epoch 8: val_acc improved from 0.82540 to 0.82794, saving model to saved_models/best_MACSynDCR_CNN_model.keras
50/50 ???????????????????? 3s 64ms/step - acc: 0.7981 - auc: 0.8833 - loss: 0.4283 - val_acc: 0.8279 - val_auc: 0.9024 - val_loss: 0.4065
Epoch 9/10
49/50 ???????????????????? 0s 58ms/step - acc: 0.8016 - auc: 0.8871 - loss: 0.4230
Epoch 9: val_acc did not improve from 0.82794
50/50 ???????????????????? 3s 62ms/step - acc: 0.8017 - auc: 0.8872 - loss: 0.4227 - val_acc: 0.8051 - val_auc: 0.8937 - val_loss: 0.4131
Epoch 10/10
49/50 ???????????????????? 0s 54ms/step - acc: 0.8164 - auc: 0.8989 - loss: 0.4045
Epoch 10: val_acc improved from 0.82794 to 0.83175, saving model to saved_models/best_MACSynDCR_CNN_model.keras
50/50 ???????????????????? 3s 59ms/step - acc: 0.8163 - auc: 0.8988 - loss: 0.4045 - val_acc: 0.8317 - val_auc: 0.9075 - val_loss: 0.3868
50/50 ???????????????????? 0s 7ms/step
50/50 ???????????????????? 0s 5ms/step
CNN: Accuracy: 0.8317, AUC-ROC: 0.9083
CNN: AUC-PR: 0.9045, Precision: 0.8125,
CNN Recall: 0.8555, F1 Score: 0.8334
CNN:RMSE: 16.2788 , PCC: 0.7199
Evaluation of Keras MACSynDCR_ANN model:
50/50 ???????????????????? 1s 4ms/step - acc: 0.8833 - auc: 0.9537 - loss: 0.3517
Evaluate->  Loss: 0.3633, Accuracy: 0.8800,AUC: 0.9500
50/50 ???????????????????? 0s 6ms/step
197/197 ???????????????????? 1s 4ms/step
ANN: Accuracy: 0.8800, AUC-ROC: 0.9539
ANN: AUC-PR: 0.9535, Precision: 0.8635,
ANN Recall: 0.8981, F1 Score: 0.8805
ANN:RMSE: 13.7477 , PCC: 0.8023
****************************************************************************************************
Evaluation of Keras MACSynDCR_CNN model:
50/50 ???????????????????? 1s 5ms/step - acc: 0.8512 - auc: 0.9190 - loss: 0.3645
Evaluate->  Loss: 0.3868, Accuracy: 0.8317,Accuracy: 0.9075
50/50 ???????????????????? 0s 7ms/step
197/197 ???????????????????? 1s 5ms/step
CNN: Accuracy: 0.8317, AUC-ROC: 0.9083
CNN: AUC-PR: 0.9045, Precision: 0.8125,
CNN Recall: 0.8555, F1 Score: 0.8334
CNN:RMSE: 16.2788 , PCC: 0.7199
****************************************************************************************************
Accuracy Score and AUC for ANN = AUC: 0.9559, Accuracy: 0.8984
Accuracy Score and AUC for KANN = AUC: 0.9539, Accuracy: 0.8800
Accuracy Score and AUC for KCNN = AUC: 0.9083, Accuracy: 0.8317
Average AUC = AUC: 0.9579, Accuracy: 0.9016
MAX AUC = AUC: 0.9525, Accuracy: 0.8419
Fitting 5 folds for each of 14 candidates, totalling 70 fits
Finall ensemble results of fold_2 for MACSynDCR:
----------------------------------------------------------------------------------------------------
Ensemble Accuracy: 0.9035, AUC-ROC: 0.9602
Ensemble AUC-PR: 0.9551, Precision: 0.8958,
Ensemble Recall: 0.9097, F1 Score: 0.9027
Ensemble RMSE: 12.3288 , PCC: 0.8416
----------------------------------------------------------------------------------------------------
Fold 3
Data processing and Training of MACSynDCR_ANN model:
ANN_model saved with Val_ACC: 0.4984 Val_AUC: 0.4910
fold_3: Epoch [1/10], Loss: 0.7100, Val_ACC: 0.4984, Val_AUC: 0.4910
ANN_model saved with Val_ACC: 0.8013 Val_AUC: 0.8899
ANN_model saved with Val_ACC: 0.8330 Val_AUC: 0.9116
ANN_model saved with Val_ACC: 0.8432 Val_AUC: 0.9190
ANN_model saved with Val_ACC: 0.8502 Val_AUC: 0.9295
ANN_model saved with Val_ACC: 0.8616 Val_AUC: 0.9370
ANN_model saved with Val_ACC: 0.8730 Val_AUC: 0.9433
ANN_model saved with Val_ACC: 0.8819 Val_AUC: 0.9467
ANN_model saved with Val_ACC: 0.8883 Val_AUC: 0.9511
ANN_model saved with Val_ACC: 0.8927 Val_AUC: 0.9513
Accuracy: 0.8927, AUC-ROC: 0.9513
 AUC-PR: 0.9457, Precision: 0.8775, Recall: 0.9061, F1 Score: 0.8916
RMSE: 11.4484 , PCC: 0.8173
Data processing and Training of MACSynDCR_ANN model:
MACSynDCR_ANN model:
Model: "sequential_4"
????????????????????????????????????????????????????????????????????????????????????????
? Layer (type)                         ? Output Shape                ?         Param # ?
????????????????????????????????????????????????????????????????????????????????????????
¦ dense_16 (Dense)                     ¦ (None, 2048)                ¦       4,458,496 ¦
+--------------------------------------+-----------------------------+-----------------¦
¦ batch_normalization_10               ¦ (None, 2048)                ¦           8,192 ¦
¦ (BatchNormalization)                 ¦                             ¦                 ¦
+--------------------------------------+-----------------------------+-----------------¦
¦ dense_17 (Dense)                     ¦ (None, 1024)                ¦       2,098,176 ¦
+--------------------------------------+-----------------------------+-----------------¦
¦ batch_normalization_11               ¦ (None, 1024)                ¦           4,096 ¦
¦ (BatchNormalization)                 ¦                             ¦                 ¦
+--------------------------------------+-----------------------------+-----------------¦
¦ dense_18 (Dense)                     ¦ (None, 512)                 ¦         524,800 ¦
+--------------------------------------+-----------------------------+-----------------¦
¦ batch_normalization_12               ¦ (None, 512)                 ¦           2,048 ¦
¦ (BatchNormalization)                 ¦                             ¦                 ¦
+--------------------------------------+-----------------------------+-----------------¦
¦ dense_19 (Dense)                     ¦ (None, 256)                 ¦         131,328 ¦
+--------------------------------------+-----------------------------+-----------------¦
¦ batch_normalization_13               ¦ (None, 256)                 ¦           1,024 ¦
¦ (BatchNormalization)                 ¦                             ¦                 ¦
+--------------------------------------+-----------------------------+-----------------¦
¦ dense_20 (Dense)                     ¦ (None, 128)                 ¦          32,896 ¦
+--------------------------------------+-----------------------------+-----------------¦
¦ batch_normalization_14               ¦ (None, 128)                 ¦             512 ¦
¦ (BatchNormalization)                 ¦                             ¦                 ¦
+--------------------------------------+-----------------------------+-----------------¦
¦ dense_21 (Dense)                     ¦ (None, 2)                   ¦             258 ¦
+--------------------------------------------------------------------------------------+
 Total params: 7,261,826 (27.70 MB)
 Trainable params: 7,253,890 (27.67 MB)
 Non-trainable params: 7,936 (31.00 KB)
Epoch 1/10
50/50 ???????????????????? 0s 53ms/step - acc: 0.7372 - auc: 0.8167 - loss: 0.5990
Epoch 1: val_auc improved from -inf to 0.81838, saving model to saved_models/best_MACSynDCR_ANN_model.keras
50/50 ???????????????????? 7s 78ms/step - acc: 0.7383 - auc: 0.8179 - loss: 0.5964 - val_acc: 0.7397 - val_auc: 0.8184 - val_loss: 0.5205
Epoch 2/10
49/50 ???????????????????? 0s 57ms/step - acc: 0.8941 - auc: 0.9594 - loss: 0.2604
Epoch 2: val_auc did not improve from 0.81838
50/50 ???????????????????? 3s 60ms/step - acc: 0.8942 - auc: 0.9594 - loss: 0.2602 - val_acc: 0.6832 - val_auc: 0.7575 - val_loss: 0.8217
Epoch 3/10
49/50 ???????????????????? 0s 52ms/step - acc: 0.9335 - auc: 0.9818 - loss: 0.1749
Epoch 3: val_auc improved from 0.81838 to 0.85622, saving model to saved_models/best_MACSynDCR_ANN_model.keras
50/50 ???????????????????? 4s 70ms/step - acc: 0.9331 - auc: 0.9816 - loss: 0.1756 - val_acc: 0.7625 - val_auc: 0.8562 - val_loss: 0.5400
Epoch 4/10
49/50 ???????????????????? 0s 58ms/step - acc: 0.9382 - auc: 0.9835 - loss: 0.1635
Epoch 4: val_auc improved from 0.85622 to 0.90395, saving model to saved_models/best_MACSynDCR_ANN_model.keras
50/50 ???????????????????? 6s 77ms/step - acc: 0.9381 - auc: 0.9835 - loss: 0.1636 - val_acc: 0.8311 - val_auc: 0.9040 - val_loss: 0.4925
Epoch 5/10
49/50 ???????????????????? 0s 53ms/step - acc: 0.9490 - auc: 0.9872 - loss: 0.1405
Epoch 5: val_auc improved from 0.90395 to 0.93042, saving model to saved_models/best_MACSynDCR_ANN_model.keras
50/50 ???????????????????? 4s 70ms/step - acc: 0.9488 - auc: 0.9871 - loss: 0.1407 - val_acc: 0.8527 - val_auc: 0.9304 - val_loss: 0.4050
Epoch 6/10
50/50 ???????????????????? 0s 54ms/step - acc: 0.9542 - auc: 0.9904 - loss: 0.1208
Epoch 6: val_auc improved from 0.93042 to 0.94661, saving model to saved_models/best_MACSynDCR_ANN_model.keras
50/50 ???????????????????? 3s 69ms/step - acc: 0.9541 - auc: 0.9904 - loss: 0.1208 - val_acc: 0.8819 - val_auc: 0.9466 - val_loss: 0.3386
Epoch 7/10
50/50 ???????????????????? 0s 50ms/step - acc: 0.9704 - auc: 0.9955 - loss: 0.0849
Epoch 7: val_auc did not improve from 0.94661
50/50 ???????????????????? 3s 53ms/step - acc: 0.9702 - auc: 0.9955 - loss: 0.0851 - val_acc: 0.8756 - val_auc: 0.9408 - val_loss: 0.4135
Epoch 8/10
50/50 ???????????????????? 0s 53ms/step - acc: 0.9642 - auc: 0.9931 - loss: 0.0997
Epoch 8: val_auc did not improve from 0.94661
50/50 ???????????????????? 3s 56ms/step - acc: 0.9643 - auc: 0.9931 - loss: 0.0995 - val_acc: 0.8832 - val_auc: 0.9420 - val_loss: 0.3998
Epoch 9/10
49/50 ???????????????????? 0s 52ms/step - acc: 0.9601 - auc: 0.9902 - loss: 0.1169
Epoch 9: val_auc did not improve from 0.94661
50/50 ???????????????????? 3s 54ms/step - acc: 0.9601 - auc: 0.9902 - loss: 0.1168 - val_acc: 0.8883 - val_auc: 0.9415 - val_loss: 0.4080
Epoch 10/10
49/50 ???????????????????? 0s 49ms/step - acc: 0.9686 - auc: 0.9939 - loss: 0.0911
Epoch 10: val_auc did not improve from 0.94661
50/50 ???????????????????? 3s 51ms/step - acc: 0.9686 - auc: 0.9939 - loss: 0.0911 - val_acc: 0.8749 - val_auc: 0.9456 - val_loss: 0.4071
50/50 ???????????????????? 0s 6ms/step
50/50 ???????????????????? 0s 4ms/step
ANN: Accuracy: 0.8819, AUC-ROC: 0.9506
ANN: AUC-PR: 0.9510, Precision: 0.9018,
ANN Recall: 0.8501, F1 Score: 0.8752
\ANN:RMSE: 13.6382 , PCC: 0.8001
Data processing and Training of MACSynDCR_CNN model:
MACSynDCR_CNN model:
Model: "sequential_5"
????????????????????????????????????????????????????????????????????????????????????????
? Layer (type)                         ? Output Shape                ?         Param # ?
????????????????????????????????????????????????????????????????????????????????????????
¦ conv2d_6 (Conv2D)                    ¦ (None, 66, 30, 32)          ¦             320 ¦
+--------------------------------------+-----------------------------+-----------------¦
¦ max_pooling2d_6 (MaxPooling2D)       ¦ (None, 33, 15, 32)          ¦               0 ¦
+--------------------------------------+-----------------------------+-----------------¦
¦ dropout_6 (Dropout)                  ¦ (None, 33, 15, 32)          ¦               0 ¦
+--------------------------------------+-----------------------------+-----------------¦
¦ conv2d_7 (Conv2D)                    ¦ (None, 31, 13, 64)          ¦          18,496 ¦
+--------------------------------------+-----------------------------+-----------------¦
¦ max_pooling2d_7 (MaxPooling2D)       ¦ (None, 15, 6, 64)           ¦               0 ¦
+--------------------------------------+-----------------------------+-----------------¦
¦ dropout_7 (Dropout)                  ¦ (None, 15, 6, 64)           ¦               0 ¦
+--------------------------------------+-----------------------------+-----------------¦
¦ conv2d_8 (Conv2D)                    ¦ (None, 13, 4, 128)          ¦          73,856 ¦
+--------------------------------------+-----------------------------+-----------------¦
¦ max_pooling2d_8 (MaxPooling2D)       ¦ (None, 6, 2, 128)           ¦               0 ¦
+--------------------------------------+-----------------------------+-----------------¦
¦ dropout_8 (Dropout)                  ¦ (None, 6, 2, 128)           ¦               0 ¦
+--------------------------------------+-----------------------------+-----------------¦
¦ flatten_2 (Flatten)                  ¦ (None, 1536)                ¦               0 ¦
+--------------------------------------+-----------------------------+-----------------¦
¦ dense_22 (Dense)                     ¦ (None, 128)                 ¦         196,736 ¦
+--------------------------------------+-----------------------------+-----------------¦
¦ dense_23 (Dense)                     ¦ (None, 2)                   ¦             258 ¦
+--------------------------------------------------------------------------------------+
 Total params: 289,666 (1.10 MB)
 Trainable params: 289,666 (1.10 MB)
 Non-trainable params: 0 (0.00 B)
Epoch 1/10
50/50 ???????????????????? 0s 55ms/step - acc: 0.5185 - auc: 0.5192 - loss: 0.6957
Epoch 1: val_acc improved from -inf to 0.72254, saving model to saved_models/best_MACSynDCR_CNN_model.keras
50/50 ???????????????????? 5s 66ms/step - acc: 0.5185 - auc: 0.5191 - loss: 0.6957 - val_acc: 0.7225 - val_auc: 0.7803 - val_loss: 0.6857
Epoch 2/10
49/50 ???????????????????? 0s 51ms/step - acc: 0.5869 - auc: 0.6331 - loss: 0.6744
Epoch 2: val_acc improved from 0.72254 to 0.76762, saving model to saved_models/best_MACSynDCR_CNN_model.keras
50/50 ???????????????????? 3s 56ms/step - acc: 0.5881 - auc: 0.6346 - loss: 0.6735 - val_acc: 0.7676 - val_auc: 0.8257 - val_loss: 0.5380
Epoch 3/10
49/50 ???????????????????? 0s 55ms/step - acc: 0.7547 - auc: 0.8204 - loss: 0.5284
Epoch 3: val_acc improved from 0.76762 to 0.78857, saving model to saved_models/best_MACSynDCR_CNN_model.keras
50/50 ???????????????????? 3s 59ms/step - acc: 0.7549 - auc: 0.8208 - loss: 0.5277 - val_acc: 0.7886 - val_auc: 0.8689 - val_loss: 0.4542
Epoch 4/10
50/50 ???????????????????? 0s 53ms/step - acc: 0.7600 - auc: 0.8429 - loss: 0.4909
Epoch 4: val_acc improved from 0.78857 to 0.80000, saving model to saved_models/best_MACSynDCR_CNN_model.keras
50/50 ???????????????????? 3s 58ms/step - acc: 0.7603 - auc: 0.8432 - loss: 0.4906 - val_acc: 0.8000 - val_auc: 0.8826 - val_loss: 0.4332
Epoch 5/10
49/50 ???????????????????? 0s 55ms/step - acc: 0.7858 - auc: 0.8684 - loss: 0.4543
Epoch 5: val_acc improved from 0.80000 to 0.81714, saving model to saved_models/best_MACSynDCR_CNN_model.keras
50/50 ???????????????????? 3s 60ms/step - acc: 0.7860 - auc: 0.8686 - loss: 0.4540 - val_acc: 0.8171 - val_auc: 0.8933 - val_loss: 0.4156
Epoch 6/10
49/50 ???????????????????? 0s 57ms/step - acc: 0.7960 - auc: 0.8755 - loss: 0.4431
Epoch 6: val_acc improved from 0.81714 to 0.81905, saving model to saved_models/best_MACSynDCR_CNN_model.keras
50/50 ???????????????????? 3s 62ms/step - acc: 0.7960 - auc: 0.8756 - loss: 0.4431 - val_acc: 0.8190 - val_auc: 0.8977 - val_loss: 0.4122
Epoch 7/10
50/50 ???????????????????? 0s 50ms/step - acc: 0.8021 - auc: 0.8887 - loss: 0.4231
Epoch 7: val_acc improved from 0.81905 to 0.82222, saving model to saved_models/best_MACSynDCR_CNN_model.keras
50/50 ???????????????????? 3s 56ms/step - acc: 0.8021 - auc: 0.8887 - loss: 0.4231 - val_acc: 0.8222 - val_auc: 0.9027 - val_loss: 0.3956
Epoch 8/10
49/50 ???????????????????? 0s 56ms/step - acc: 0.8076 - auc: 0.8920 - loss: 0.4141
Epoch 8: val_acc improved from 0.82222 to 0.82349, saving model to saved_models/best_MACSynDCR_CNN_model.keras
50/50 ???????????????????? 3s 61ms/step - acc: 0.8076 - auc: 0.8920 - loss: 0.4141 - val_acc: 0.8235 - val_auc: 0.9030 - val_loss: 0.3943
Epoch 9/10
49/50 ???????????????????? 0s 54ms/step - acc: 0.8091 - auc: 0.8933 - loss: 0.4122
Epoch 9: val_acc improved from 0.82349 to 0.82730, saving model to saved_models/best_MACSynDCR_CNN_model.keras
50/50 ???????????????????? 3s 60ms/step - acc: 0.8091 - auc: 0.8933 - loss: 0.4122 - val_acc: 0.8273 - val_auc: 0.9040 - val_loss: 0.4034
Epoch 10/10
49/50 ???????????????????? 0s 53ms/step - acc: 0.8181 - auc: 0.8993 - loss: 0.4051
Epoch 10: val_acc did not improve from 0.82730
50/50 ???????????????????? 3s 56ms/step - acc: 0.8180 - auc: 0.8992 - loss: 0.4053 - val_acc: 0.8273 - val_auc: 0.9076 - val_loss: 0.3882
50/50 ???????????????????? 0s 6ms/step
50/50 ???????????????????? 0s 4ms/step
CNN: Accuracy: 0.8273, AUC-ROC: 0.9073
CNN: AUC-PR: 0.9084, Precision: 0.8022,
CNN Recall: 0.8566, F1 Score: 0.8285
CNN:RMSE: 16.4924 , PCC: 0.7108
Evaluation of Keras MACSynDCR_ANN model:
50/50 ???????????????????? 1s 4ms/step - acc: 0.8781 - auc: 0.9389 - loss: 0.3635
Evaluate->  Loss: 0.3386, Accuracy: 0.8819,AUC: 0.9466
50/50 ???????????????????? 0s 6ms/step
197/197 ???????????????????? 1s 4ms/step
ANN: Accuracy: 0.8819, AUC-ROC: 0.9506
ANN: AUC-PR: 0.9510, Precision: 0.9018,
ANN Recall: 0.8501, F1 Score: 0.8752
ANN:RMSE: 13.6382 , PCC: 0.8001
****************************************************************************************************
Evaluation of Keras MACSynDCR_CNN model:
50/50 ???????????????????? 1s 4ms/step - acc: 0.8376 - auc: 0.9155 - loss: 0.3821
Evaluate->  Loss: 0.4034, Accuracy: 0.8273,Accuracy: 0.9040
50/50 ???????????????????? 0s 7ms/step
197/197 ???????????????????? 1s 4ms/step
CNN: Accuracy: 0.8273, AUC-ROC: 0.9073
CNN: AUC-PR: 0.9084, Precision: 0.8022,
CNN Recall: 0.8566, F1 Score: 0.8285
CNN:RMSE: 16.4924 , PCC: 0.7108
****************************************************************************************************
Accuracy Score and AUC for ANN = AUC: 0.9513, Accuracy: 0.8927
Accuracy Score and AUC for KANN = AUC: 0.9506, Accuracy: 0.8819
Accuracy Score and AUC for KCNN = AUC: 0.9073, Accuracy: 0.8273
Average AUC = AUC: 0.9557, Accuracy: 0.8971
MAX AUC = AUC: 0.9500, Accuracy: 0.8521
Fitting 5 folds for each of 14 candidates, totalling 70 fits
Finall ensemble results of fold_3 for MACSynDCR:
----------------------------------------------------------------------------------------------------
Ensemble Accuracy: 0.9010, AUC-ROC: 0.9581
Ensemble AUC-PR: 0.9534, Precision: 0.8993,
Ensemble Recall: 0.8970, F1 Score: 0.8982
Ensemble RMSE: 12.4900 , PCC: 0.8299
----------------------------------------------------------------------------------------------------
Fold 4
Data processing and Training of MACSynDCR_ANN model:
ANN_model saved with Val_ACC: 0.4863 Val_AUC: 0.4839
fold_4: Epoch [1/10], Loss: 0.7004, Val_ACC: 0.4863, Val_AUC: 0.4839
ANN_model saved with Val_ACC: 0.7987 Val_AUC: 0.8733
ANN_model saved with Val_ACC: 0.8235 Val_AUC: 0.9061
ANN_model saved with Val_ACC: 0.8381 Val_AUC: 0.9166
ANN_model saved with Val_ACC: 0.8483 Val_AUC: 0.9257
ANN_model saved with Val_ACC: 0.8597 Val_AUC: 0.9346
ANN_model saved with Val_ACC: 0.8698 Val_AUC: 0.9427
ANN_model saved with Val_ACC: 0.8794 Val_AUC: 0.9481
ANN_model saved with Val_ACC: 0.8908 Val_AUC: 0.9532
Accuracy: 0.8908, AUC-ROC: 0.9532
 AUC-PR: 0.9545, Precision: 0.8949, Recall: 0.8904, F1 Score: 0.8926
RMSE: 11.5504 , PCC: 0.8163
Data processing and Training of MACSynDCR_ANN model:
MACSynDCR_ANN model:
Model: "sequential_6"
????????????????????????????????????????????????????????????????????????????????????????
? Layer (type)                         ? Output Shape                ?         Param # ?
????????????????????????????????????????????????????????????????????????????????????????
¦ dense_24 (Dense)                     ¦ (None, 2048)                ¦       4,458,496 ¦
+--------------------------------------+-----------------------------+-----------------¦
¦ batch_normalization_15               ¦ (None, 2048)                ¦           8,192 ¦
¦ (BatchNormalization)                 ¦                             ¦                 ¦
+--------------------------------------+-----------------------------+-----------------¦
¦ dense_25 (Dense)                     ¦ (None, 1024)                ¦       2,098,176 ¦
+--------------------------------------+-----------------------------+-----------------¦
¦ batch_normalization_16               ¦ (None, 1024)                ¦           4,096 ¦
¦ (BatchNormalization)                 ¦                             ¦                 ¦
+--------------------------------------+-----------------------------+-----------------¦
¦ dense_26 (Dense)                     ¦ (None, 512)                 ¦         524,800 ¦
+--------------------------------------+-----------------------------+-----------------¦
¦ batch_normalization_17               ¦ (None, 512)                 ¦           2,048 ¦
¦ (BatchNormalization)                 ¦                             ¦                 ¦
+--------------------------------------+-----------------------------+-----------------¦
¦ dense_27 (Dense)                     ¦ (None, 256)                 ¦         131,328 ¦
+--------------------------------------+-----------------------------+-----------------¦
¦ batch_normalization_18               ¦ (None, 256)                 ¦           1,024 ¦
¦ (BatchNormalization)                 ¦                             ¦                 ¦
+--------------------------------------+-----------------------------+-----------------¦
¦ dense_28 (Dense)                     ¦ (None, 128)                 ¦          32,896 ¦
+--------------------------------------+-----------------------------+-----------------¦
¦ batch_normalization_19               ¦ (None, 128)                 ¦             512 ¦
¦ (BatchNormalization)                 ¦                             ¦                 ¦
+--------------------------------------+-----------------------------+-----------------¦
¦ dense_29 (Dense)                     ¦ (None, 2)                   ¦             258 ¦
+--------------------------------------------------------------------------------------+
 Total params: 7,261,826 (27.70 MB)
 Trainable params: 7,253,890 (27.67 MB)
 Non-trainable params: 7,936 (31.00 KB)
Epoch 1/10
49/50 ???????????????????? 0s 52ms/step - acc: 0.7399 - auc: 0.8200 - loss: 0.5695
Epoch 1: val_auc improved from -inf to 0.74861, saving model to saved_models/best_MACSynDCR_ANN_model.keras
50/50 ???????????????????? 7s 73ms/step - acc: 0.7422 - auc: 0.8223 - loss: 0.5649 - val_acc: 0.6489 - val_auc: 0.7486 - val_loss: 0.7793
Epoch 2/10
50/50 ???????????????????? 0s 50ms/step - acc: 0.8900 - auc: 0.9601 - loss: 0.2599
Epoch 2: val_auc improved from 0.74861 to 0.78205, saving model to saved_models/best_MACSynDCR_ANN_model.keras
50/50 ???????????????????? 3s 63ms/step - acc: 0.8901 - auc: 0.9601 - loss: 0.2597 - val_acc: 0.6933 - val_auc: 0.7821 - val_loss: 0.6527
Epoch 3/10
50/50 ???????????????????? 0s 51ms/step - acc: 0.9213 - auc: 0.9734 - loss: 0.2084
Epoch 3: val_auc improved from 0.78205 to 0.84706, saving model to saved_models/best_MACSynDCR_ANN_model.keras
50/50 ???????????????????? 3s 68ms/step - acc: 0.9213 - auc: 0.9734 - loss: 0.2084 - val_acc: 0.7714 - val_auc: 0.8471 - val_loss: 0.5750
Epoch 4/10
49/50 ???????????????????? 0s 51ms/step - acc: 0.9456 - auc: 0.9883 - loss: 0.1416
Epoch 4: val_auc improved from 0.84706 to 0.89956, saving model to saved_models/best_MACSynDCR_ANN_model.keras
50/50 ???????????????????? 3s 68ms/step - acc: 0.9454 - auc: 0.9881 - loss: 0.1422 - val_acc: 0.8203 - val_auc: 0.8996 - val_loss: 0.4376
Epoch 5/10
50/50 ???????????????????? 0s 50ms/step - acc: 0.9557 - auc: 0.9913 - loss: 0.1197
Epoch 5: val_auc improved from 0.89956 to 0.94204, saving model to saved_models/best_MACSynDCR_ANN_model.keras
50/50 ???????????????????? 3s 69ms/step - acc: 0.9555 - auc: 0.9913 - loss: 0.1200 - val_acc: 0.8800 - val_auc: 0.9420 - val_loss: 0.3346
Epoch 6/10
50/50 ???????????????????? 0s 53ms/step - acc: 0.9501 - auc: 0.9881 - loss: 0.1386
Epoch 6: val_auc did not improve from 0.94204
50/50 ???????????????????? 3s 55ms/step - acc: 0.9500 - auc: 0.9881 - loss: 0.1386 - val_acc: 0.8717 - val_auc: 0.9384 - val_loss: 0.3845
Epoch 7/10
50/50 ???????????????????? 0s 52ms/step - acc: 0.9647 - auc: 0.9936 - loss: 0.1017
Epoch 7: val_auc improved from 0.94204 to 0.94615, saving model to saved_models/best_MACSynDCR_ANN_model.keras
50/50 ???????????????????? 3s 69ms/step - acc: 0.9647 - auc: 0.9936 - loss: 0.1017 - val_acc: 0.8883 - val_auc: 0.9461 - val_loss: 0.3553
Epoch 8/10
49/50 ???????????????????? 0s 58ms/step - acc: 0.9532 - auc: 0.9905 - loss: 0.1209
Epoch 8: val_auc did not improve from 0.94615
50/50 ???????????????????? 3s 61ms/step - acc: 0.9532 - auc: 0.9905 - loss: 0.1208 - val_acc: 0.8876 - val_auc: 0.9458 - val_loss: 0.3823
Epoch 9/10
50/50 ???????????????????? 0s 53ms/step - acc: 0.9753 - auc: 0.9955 - loss: 0.0777
Epoch 9: val_auc improved from 0.94615 to 0.95216, saving model to saved_models/best_MACSynDCR_ANN_model.keras
50/50 ???????????????????? 4s 72ms/step - acc: 0.9752 - auc: 0.9955 - loss: 0.0778 - val_acc: 0.8902 - val_auc: 0.9522 - val_loss: 0.3454
Epoch 10/10
49/50 ???????????????????? 0s 50ms/step - acc: 0.9722 - auc: 0.9959 - loss: 0.0740
Epoch 10: val_auc did not improve from 0.95216
50/50 ???????????????????? 3s 53ms/step - acc: 0.9722 - auc: 0.9959 - loss: 0.0740 - val_acc: 0.8813 - val_auc: 0.9438 - val_loss: 0.4126
50/50 ???????????????????? 0s 6ms/step
50/50 ???????????????????? 0s 4ms/step
ANN: Accuracy: 0.8902, AUC-ROC: 0.9561
ANN: AUC-PR: 0.9558, Precision: 0.8879,
ANN Recall: 0.8979, F1 Score: 0.8929
\ANN:RMSE: 13.1529 , PCC: 0.8153
Data processing and Training of MACSynDCR_CNN model:
MACSynDCR_CNN model:
Model: "sequential_7"
????????????????????????????????????????????????????????????????????????????????????????
? Layer (type)                         ? Output Shape                ?         Param # ?
????????????????????????????????????????????????????????????????????????????????????????
¦ conv2d_9 (Conv2D)                    ¦ (None, 66, 30, 32)          ¦             320 ¦
+--------------------------------------+-----------------------------+-----------------¦
¦ max_pooling2d_9 (MaxPooling2D)       ¦ (None, 33, 15, 32)          ¦               0 ¦
+--------------------------------------+-----------------------------+-----------------¦
¦ dropout_9 (Dropout)                  ¦ (None, 33, 15, 32)          ¦               0 ¦
+--------------------------------------+-----------------------------+-----------------¦
¦ conv2d_10 (Conv2D)                   ¦ (None, 31, 13, 64)          ¦          18,496 ¦
+--------------------------------------+-----------------------------+-----------------¦
¦ max_pooling2d_10 (MaxPooling2D)      ¦ (None, 15, 6, 64)           ¦               0 ¦
+--------------------------------------+-----------------------------+-----------------¦
¦ dropout_10 (Dropout)                 ¦ (None, 15, 6, 64)           ¦               0 ¦
+--------------------------------------+-----------------------------+-----------------¦
¦ conv2d_11 (Conv2D)                   ¦ (None, 13, 4, 128)          ¦          73,856 ¦
+--------------------------------------+-----------------------------+-----------------¦
¦ max_pooling2d_11 (MaxPooling2D)      ¦ (None, 6, 2, 128)           ¦               0 ¦
+--------------------------------------+-----------------------------+-----------------¦
¦ dropout_11 (Dropout)                 ¦ (None, 6, 2, 128)           ¦               0 ¦
+--------------------------------------+-----------------------------+-----------------¦
¦ flatten_3 (Flatten)                  ¦ (None, 1536)                ¦               0 ¦
+--------------------------------------+-----------------------------+-----------------¦
¦ dense_30 (Dense)                     ¦ (None, 128)                 ¦         196,736 ¦
+--------------------------------------+-----------------------------+-----------------¦
¦ dense_31 (Dense)                     ¦ (None, 2)                   ¦             258 ¦
+--------------------------------------------------------------------------------------+
 Total params: 289,666 (1.10 MB)
 Trainable params: 289,666 (1.10 MB)
 Non-trainable params: 0 (0.00 B)
Epoch 1/10
49/50 ???????????????????? 0s 49ms/step - acc: 0.5029 - auc: 0.4985 - loss: 0.7069
Epoch 1: val_acc improved from -inf to 0.49016, saving model to saved_models/best_MACSynDCR_CNN_model.keras
50/50 ???????????????????? 5s 58ms/step - acc: 0.5035 - auc: 0.4990 - loss: 0.7066 - val_acc: 0.4902 - val_auc: 0.5901 - val_loss: 0.6933
Epoch 2/10
48/50 ???????????????????? 0s 50ms/step - acc: 0.5129 - auc: 0.5297 - loss: 0.6923
Epoch 2: val_acc improved from 0.49016 to 0.75238, saving model to saved_models/best_MACSynDCR_CNN_model.keras
50/50 ???????????????????? 3s 54ms/step - acc: 0.5132 - auc: 0.5301 - loss: 0.6923 - val_acc: 0.7524 - val_auc: 0.8177 - val_loss: 0.6841
Epoch 3/10
50/50 ???????????????????? 0s 47ms/step - acc: 0.6100 - auc: 0.6513 - loss: 0.6672
Epoch 3: val_acc improved from 0.75238 to 0.75746, saving model to saved_models/best_MACSynDCR_CNN_model.keras
50/50 ???????????????????? 3s 53ms/step - acc: 0.6107 - auc: 0.6524 - loss: 0.6665 - val_acc: 0.7575 - val_auc: 0.8465 - val_loss: 0.4902
Epoch 4/10
49/50 ???????????????????? 0s 47ms/step - acc: 0.7461 - auc: 0.8147 - loss: 0.5280
Epoch 4: val_acc improved from 0.75746 to 0.79175, saving model to saved_models/best_MACSynDCR_CNN_model.keras
50/50 ???????????????????? 3s 51ms/step - acc: 0.7467 - auc: 0.8155 - loss: 0.5271 - val_acc: 0.7917 - val_auc: 0.8787 - val_loss: 0.4391
Epoch 5/10
48/50 ???????????????????? 0s 50ms/step - acc: 0.7875 - auc: 0.8678 - loss: 0.4547
Epoch 5: val_acc improved from 0.79175 to 0.80254, saving model to saved_models/best_MACSynDCR_CNN_model.keras
50/50 ???????????????????? 3s 54ms/step - acc: 0.7874 - auc: 0.8678 - loss: 0.4547 - val_acc: 0.8025 - val_auc: 0.8849 - val_loss: 0.4279
Epoch 6/10
49/50 ???????????????????? 0s 47ms/step - acc: 0.7902 - auc: 0.8706 - loss: 0.4511
Epoch 6: val_acc improved from 0.80254 to 0.81079, saving model to saved_models/best_MACSynDCR_CNN_model.keras
50/50 ???????????????????? 3s 52ms/step - acc: 0.7904 - auc: 0.8708 - loss: 0.4507 - val_acc: 0.8108 - val_auc: 0.8914 - val_loss: 0.4169
Epoch 7/10
50/50 ???????????????????? 0s 47ms/step - acc: 0.7896 - auc: 0.8739 - loss: 0.4440
Epoch 7: val_acc improved from 0.81079 to 0.81333, saving model to saved_models/best_MACSynDCR_CNN_model.keras
50/50 ???????????????????? 5s 52ms/step - acc: 0.7896 - auc: 0.8740 - loss: 0.4439 - val_acc: 0.8133 - val_auc: 0.8973 - val_loss: 0.4060
Epoch 8/10
49/50 ???????????????????? 0s 51ms/step - acc: 0.8048 - auc: 0.8880 - loss: 0.4220
Epoch 8: val_acc improved from 0.81333 to 0.82032, saving model to saved_models/best_MACSynDCR_CNN_model.keras
50/50 ???????????????????? 3s 56ms/step - acc: 0.8048 - auc: 0.8880 - loss: 0.4220 - val_acc: 0.8203 - val_auc: 0.9001 - val_loss: 0.4006
Epoch 9/10
49/50 ???????????????????? 0s 51ms/step - acc: 0.8114 - auc: 0.8886 - loss: 0.4215
Epoch 9: val_acc did not improve from 0.82032
50/50 ???????????????????? 3s 55ms/step - acc: 0.8113 - auc: 0.8887 - loss: 0.4214 - val_acc: 0.8140 - val_auc: 0.9019 - val_loss: 0.3983
Epoch 10/10
49/50 ???????????????????? 0s 50ms/step - acc: 0.8087 - auc: 0.8920 - loss: 0.4149
Epoch 10: val_acc improved from 0.82032 to 0.82984, saving model to saved_models/best_MACSynDCR_CNN_model.keras
50/50 ???????????????????? 3s 54ms/step - acc: 0.8088 - auc: 0.8920 - loss: 0.4148 - val_acc: 0.8298 - val_auc: 0.9075 - val_loss: 0.3867
50/50 ???????????????????? 1s 13ms/step
50/50 ???????????????????? 0s 6ms/step
CNN: Accuracy: 0.8298, AUC-ROC: 0.9077
CNN: AUC-PR: 0.9054, Precision: 0.8307,
CNN Recall: 0.8369, F1 Score: 0.8337
CNN:RMSE: 16.3707 , PCC: 0.7171
Evaluation of Keras MACSynDCR_ANN model:
50/50 ???????????????????? 1s 4ms/step - acc: 0.8909 - auc: 0.9511 - loss: 0.3466
Evaluate->  Loss: 0.3454, Accuracy: 0.8902,AUC: 0.9522
50/50 ???????????????????? 0s 7ms/step
197/197 ???????????????????? 1s 3ms/step
ANN: Accuracy: 0.8902, AUC-ROC: 0.9561
ANN: AUC-PR: 0.9558, Precision: 0.8879,
ANN Recall: 0.8979, F1 Score: 0.8929
ANN:RMSE: 13.1529 , PCC: 0.8153
****************************************************************************************************
Evaluation of Keras MACSynDCR_CNN model:
50/50 ???????????????????? 1s 5ms/step - acc: 0.8311 - auc: 0.9036 - loss: 0.3943
Evaluate->  Loss: 0.3867, Accuracy: 0.8298,Accuracy: 0.9075
50/50 ???????????????????? 0s 6ms/step
197/197 ???????????????????? 1s 5ms/step
CNN: Accuracy: 0.8298, AUC-ROC: 0.9077
CNN: AUC-PR: 0.9054, Precision: 0.8307,
CNN Recall: 0.8369, F1 Score: 0.8337
CNN:RMSE: 16.3707 , PCC: 0.7171
****************************************************************************************************
Accuracy Score and AUC for ANN = AUC: 0.9532, Accuracy: 0.8908
Accuracy Score and AUC for KANN = AUC: 0.9561, Accuracy: 0.8902
Accuracy Score and AUC for KCNN = AUC: 0.9077, Accuracy: 0.8298
Average AUC = AUC: 0.9578, Accuracy: 0.8997
MAX AUC = AUC: 0.9561, Accuracy: 0.8565
Fitting 5 folds for each of 14 candidates, totalling 70 fits
Finall ensemble results of fold_4 for MACSynDCR:
----------------------------------------------------------------------------------------------------
Ensemble Accuracy: 0.9029, AUC-ROC: 0.9622
Ensemble AUC-PR: 0.9620, Precision: 0.9012,
Ensemble Recall: 0.9091, F1 Score: 0.9051
Ensemble RMSE: 12.3693 , PCC: 0.8401
----------------------------------------------------------------------------------------------------
Fold 5
Data processing and Training of MACSynDCR_ANN model:
ANN_model saved with Val_ACC: 0.5388 Val_AUC: 0.5491
fold_5: Epoch [1/10], Loss: 0.6908, Val_ACC: 0.5388, Val_AUC: 0.5491
ANN_model saved with Val_ACC: 0.8024 Val_AUC: 0.8846
ANN_model saved with Val_ACC: 0.8227 Val_AUC: 0.9073
ANN_model saved with Val_ACC: 0.8355 Val_AUC: 0.9181
ANN_model saved with Val_ACC: 0.8494 Val_AUC: 0.9280
ANN_model saved with Val_ACC: 0.8653 Val_AUC: 0.9356
ANN_model saved with Val_ACC: 0.8793 Val_AUC: 0.9416
ANN_model saved with Val_ACC: 0.8863 Val_AUC: 0.9479
Accuracy: 0.8863, AUC-ROC: 0.9479
 AUC-PR: 0.9473, Precision: 0.8974, Recall: 0.8761, F1 Score: 0.8866
RMSE: 11.7911 , PCC: 0.8074
Data processing and Training of MACSynDCR_ANN model:
MACSynDCR_ANN model:
Model: "sequential_8"
????????????????????????????????????????????????????????????????????????????????????????
? Layer (type)                         ? Output Shape                ?         Param # ?
????????????????????????????????????????????????????????????????????????????????????????
¦ dense_32 (Dense)                     ¦ (None, 2048)                ¦       4,458,496 ¦
+--------------------------------------+-----------------------------+-----------------¦
¦ batch_normalization_20               ¦ (None, 2048)                ¦           8,192 ¦
¦ (BatchNormalization)                 ¦                             ¦                 ¦
+--------------------------------------+-----------------------------+-----------------¦
¦ dense_33 (Dense)                     ¦ (None, 1024)                ¦       2,098,176 ¦
+--------------------------------------+-----------------------------+-----------------¦
¦ batch_normalization_21               ¦ (None, 1024)                ¦           4,096 ¦
¦ (BatchNormalization)                 ¦                             ¦                 ¦
+--------------------------------------+-----------------------------+-----------------¦
¦ dense_34 (Dense)                     ¦ (None, 512)                 ¦         524,800 ¦
+--------------------------------------+-----------------------------+-----------------¦
¦ batch_normalization_22               ¦ (None, 512)                 ¦           2,048 ¦
¦ (BatchNormalization)                 ¦                             ¦                 ¦
+--------------------------------------+-----------------------------+-----------------¦
¦ dense_35 (Dense)                     ¦ (None, 256)                 ¦         131,328 ¦
+--------------------------------------+-----------------------------+-----------------¦
¦ batch_normalization_23               ¦ (None, 256)                 ¦           1,024 ¦
¦ (BatchNormalization)                 ¦                             ¦                 ¦
+--------------------------------------+-----------------------------+-----------------¦
¦ dense_36 (Dense)                     ¦ (None, 128)                 ¦          32,896 ¦
+--------------------------------------+-----------------------------+-----------------¦
¦ batch_normalization_24               ¦ (None, 128)                 ¦             512 ¦
¦ (BatchNormalization)                 ¦                             ¦                 ¦
+--------------------------------------+-----------------------------+-----------------¦
¦ dense_37 (Dense)                     ¦ (None, 2)                   ¦             258 ¦
+--------------------------------------------------------------------------------------+
 Total params: 7,261,826 (27.70 MB)
 Trainable params: 7,253,890 (27.67 MB)
 Non-trainable params: 7,936 (31.00 KB)
Epoch 1/10
49/50 ???????????????????? 0s 48ms/step - acc: 0.7350 - auc: 0.8073 - loss: 0.6054
Epoch 1: val_auc improved from -inf to 0.85441, saving model to saved_models/best_MACSynDCR_ANN_model.keras
50/50 ???????????????????? 7s 73ms/step - acc: 0.7376 - auc: 0.8100 - loss: 0.5998 - val_acc: 0.7675 - val_auc: 0.8544 - val_loss: 0.4774
Epoch 2/10
49/50 ???????????????????? 0s 49ms/step - acc: 0.9086 - auc: 0.9683 - loss: 0.2314
Epoch 2: val_auc did not improve from 0.85441
50/50 ???????????????????? 3s 52ms/step - acc: 0.9083 - auc: 0.9681 - loss: 0.2320 - val_acc: 0.7186 - val_auc: 0.8051 - val_loss: 0.5864
Epoch 3/10
49/50 ???????????????????? 0s 49ms/step - acc: 0.9323 - auc: 0.9807 - loss: 0.1818
Epoch 3: val_auc did not improve from 0.85441
50/50 ???????????????????? 3s 52ms/step - acc: 0.9320 - auc: 0.9805 - loss: 0.1824 - val_acc: 0.7745 - val_auc: 0.8509 - val_loss: 0.5432
Epoch 4/10
49/50 ???????????????????? 0s 47ms/step - acc: 0.9459 - auc: 0.9879 - loss: 0.1419
Epoch 4: val_auc improved from 0.85441 to 0.88611, saving model to saved_models/best_MACSynDCR_ANN_model.keras
50/50 ???????????????????? 3s 64ms/step - acc: 0.9456 - auc: 0.9878 - loss: 0.1426 - val_acc: 0.8100 - val_auc: 0.8861 - val_loss: 0.4718
Epoch 5/10
49/50 ???????????????????? 0s 51ms/step - acc: 0.9567 - auc: 0.9913 - loss: 0.1201
Epoch 5: val_auc improved from 0.88611 to 0.94031, saving model to saved_models/best_MACSynDCR_ANN_model.keras
50/50 ???????????????????? 4s 70ms/step - acc: 0.9566 - auc: 0.9912 - loss: 0.1204 - val_acc: 0.8602 - val_auc: 0.9403 - val_loss: 0.3520
Epoch 6/10
50/50 ???????????????????? 0s 52ms/step - acc: 0.9617 - auc: 0.9942 - loss: 0.0981
Epoch 6: val_auc did not improve from 0.94031
50/50 ???????????????????? 3s 55ms/step - acc: 0.9616 - auc: 0.9942 - loss: 0.0984 - val_acc: 0.8659 - val_auc: 0.9385 - val_loss: 0.3694
Epoch 7/10
49/50 ???????????????????? 0s 52ms/step - acc: 0.9583 - auc: 0.9882 - loss: 0.1325
Epoch 7: val_auc improved from 0.94031 to 0.95218, saving model to saved_models/best_MACSynDCR_ANN_model.keras
50/50 ???????????????????? 4s 71ms/step - acc: 0.9582 - auc: 0.9883 - loss: 0.1322 - val_acc: 0.8920 - val_auc: 0.9522 - val_loss: 0.3354
Epoch 8/10
49/50 ???????????????????? 0s 50ms/step - acc: 0.9692 - auc: 0.9945 - loss: 0.0891
Epoch 8: val_auc did not improve from 0.95218
50/50 ???????????????????? 3s 53ms/step - acc: 0.9690 - auc: 0.9945 - loss: 0.0893 - val_acc: 0.8793 - val_auc: 0.9399 - val_loss: 0.3904
Epoch 9/10
49/50 ???????????????????? 0s 51ms/step - acc: 0.9632 - auc: 0.9923 - loss: 0.1051
Epoch 9: val_auc did not improve from 0.95218
50/50 ???????????????????? 3s 54ms/step - acc: 0.9632 - auc: 0.9924 - loss: 0.1051 - val_acc: 0.8806 - val_auc: 0.9485 - val_loss: 0.3493
Epoch 10/10
50/50 ???????????????????? 0s 54ms/step - acc: 0.9764 - auc: 0.9970 - loss: 0.0683
Epoch 10: val_auc did not improve from 0.95218
50/50 ???????????????????? 3s 57ms/step - acc: 0.9764 - auc: 0.9970 - loss: 0.0683 - val_acc: 0.8837 - val_auc: 0.9404 - val_loss: 0.4154
50/50 ???????????????????? 1s 7ms/step
50/50 ???????????????????? 0s 5ms/step
ANN: Accuracy: 0.8920, AUC-ROC: 0.9537
ANN: AUC-PR: 0.9529, Precision: 0.9006,
ANN Recall: 0.8849, F1 Score: 0.8927
\ANN:RMSE: 13.0384 , PCC: 0.8162
Data processing and Training of MACSynDCR_CNN model:
MACSynDCR_CNN model:
Model: "sequential_9"
????????????????????????????????????????????????????????????????????????????????????????
? Layer (type)                         ? Output Shape                ?         Param # ?
????????????????????????????????????????????????????????????????????????????????????????
¦ conv2d_12 (Conv2D)                   ¦ (None, 66, 30, 32)          ¦             320 ¦
+--------------------------------------+-----------------------------+-----------------¦
¦ max_pooling2d_12 (MaxPooling2D)      ¦ (None, 33, 15, 32)          ¦               0 ¦
+--------------------------------------+-----------------------------+-----------------¦
¦ dropout_12 (Dropout)                 ¦ (None, 33, 15, 32)          ¦               0 ¦
+--------------------------------------+-----------------------------+-----------------¦
¦ conv2d_13 (Conv2D)                   ¦ (None, 31, 13, 64)          ¦          18,496 ¦
+--------------------------------------+-----------------------------+-----------------¦
¦ max_pooling2d_13 (MaxPooling2D)      ¦ (None, 15, 6, 64)           ¦               0 ¦
+--------------------------------------+-----------------------------+-----------------¦
¦ dropout_13 (Dropout)                 ¦ (None, 15, 6, 64)           ¦               0 ¦
+--------------------------------------+-----------------------------+-----------------¦
¦ conv2d_14 (Conv2D)                   ¦ (None, 13, 4, 128)          ¦          73,856 ¦
+--------------------------------------+-----------------------------+-----------------¦
¦ max_pooling2d_14 (MaxPooling2D)      ¦ (None, 6, 2, 128)           ¦               0 ¦
+--------------------------------------+-----------------------------+-----------------¦
¦ dropout_14 (Dropout)                 ¦ (None, 6, 2, 128)           ¦               0 ¦
+--------------------------------------+-----------------------------+-----------------¦
¦ flatten_4 (Flatten)                  ¦ (None, 1536)                ¦               0 ¦
+--------------------------------------+-----------------------------+-----------------¦
¦ dense_38 (Dense)                     ¦ (None, 128)                 ¦         196,736 ¦
+--------------------------------------+-----------------------------+-----------------¦
¦ dense_39 (Dense)                     ¦ (None, 2)                   ¦             258 ¦
+--------------------------------------------------------------------------------------+
 Total params: 289,666 (1.10 MB)
 Trainable params: 289,666 (1.10 MB)
 Non-trainable params: 0 (0.00 B)
Epoch 1/10
49/50 ???????????????????? 0s 57ms/step - acc: 0.4853 - auc: 0.4854 - loss: 0.7131
Epoch 1: val_acc improved from -inf to 0.50889, saving model to saved_models/best_MACSynDCR_CNN_model.keras
50/50 ???????????????????? 5s 67ms/step - acc: 0.4855 - auc: 0.4858 - loss: 0.7126 - val_acc: 0.5089 - val_auc: 0.5944 - val_loss: 0.6924
Epoch 2/10
49/50 ???????????????????? 0s 50ms/step - acc: 0.5354 - auc: 0.5337 - loss: 0.6918
Epoch 2: val_acc improved from 0.50889 to 0.67916, saving model to saved_models/best_MACSynDCR_CNN_model.keras
50/50 ???????????????????? 3s 55ms/step - acc: 0.5356 - auc: 0.5343 - loss: 0.6918 - val_acc: 0.6792 - val_auc: 0.7796 - val_loss: 0.6771
Epoch 3/10
49/50 ???????????????????? 0s 49ms/step - acc: 0.6037 - auc: 0.6478 - loss: 0.6649
Epoch 3: val_acc improved from 0.67916 to 0.76429, saving model to saved_models/best_MACSynDCR_CNN_model.keras
50/50 ???????????????????? 3s 54ms/step - acc: 0.6049 - auc: 0.6496 - loss: 0.6639 - val_acc: 0.7643 - val_auc: 0.8300 - val_loss: 0.5242
Epoch 4/10
49/50 ???????????????????? 0s 49ms/step - acc: 0.7390 - auc: 0.8077 - loss: 0.5385
Epoch 4: val_acc improved from 0.76429 to 0.77446, saving model to saved_models/best_MACSynDCR_CNN_model.keras
50/50 ???????????????????? 3s 53ms/step - acc: 0.7396 - auc: 0.8085 - loss: 0.5375 - val_acc: 0.7745 - val_auc: 0.8636 - val_loss: 0.4623
Epoch 5/10
49/50 ???????????????????? 0s 54ms/step - acc: 0.7716 - auc: 0.8498 - loss: 0.4822
Epoch 5: val_acc improved from 0.77446 to 0.79733, saving model to saved_models/best_MACSynDCR_CNN_model.keras
50/50 ???????????????????? 3s 59ms/step - acc: 0.7718 - auc: 0.8501 - loss: 0.4819 - val_acc: 0.7973 - val_auc: 0.8857 - val_loss: 0.4308
Epoch 6/10
49/50 ???????????????????? 0s 54ms/step - acc: 0.7926 - auc: 0.8675 - loss: 0.4574
Epoch 6: val_acc improved from 0.79733 to 0.81449, saving model to saved_models/best_MACSynDCR_CNN_model.keras
50/50 ???????????????????? 3s 59ms/step - acc: 0.7928 - auc: 0.8677 - loss: 0.4570 - val_acc: 0.8145 - val_auc: 0.8988 - val_loss: 0.4050
Epoch 7/10
49/50 ???????????????????? 0s 53ms/step - acc: 0.7984 - auc: 0.8794 - loss: 0.4359
Epoch 7: val_acc improved from 0.81449 to 0.81957, saving model to saved_models/best_MACSynDCR_CNN_model.keras
50/50 ???????????????????? 3s 57ms/step - acc: 0.7985 - auc: 0.8795 - loss: 0.4358 - val_acc: 0.8196 - val_auc: 0.9025 - val_loss: 0.4001
Epoch 8/10
49/50 ???????????????????? 0s 51ms/step - acc: 0.7984 - auc: 0.8807 - loss: 0.4346
Epoch 8: val_acc did not improve from 0.81957
50/50 ???????????????????? 3s 54ms/step - acc: 0.7988 - auc: 0.8808 - loss: 0.4344 - val_acc: 0.8081 - val_auc: 0.8987 - val_loss: 0.4018
Epoch 9/10
49/50 ???????????????????? 0s 58ms/step - acc: 0.8100 - auc: 0.8887 - loss: 0.4219
Epoch 9: val_acc improved from 0.81957 to 0.82211, saving model to saved_models/best_MACSynDCR_CNN_model.keras
50/50 ???????????????????? 3s 64ms/step - acc: 0.8099 - auc: 0.8887 - loss: 0.4220 - val_acc: 0.8221 - val_auc: 0.9071 - val_loss: 0.3888
Epoch 10/10
49/50 ???????????????????? 0s 61ms/step - acc: 0.8108 - auc: 0.8909 - loss: 0.4169
Epoch 10: val_acc did not improve from 0.82211
50/50 ???????????????????? 3s 66ms/step - acc: 0.8109 - auc: 0.8910 - loss: 0.4168 - val_acc: 0.8005 - val_auc: 0.8920 - val_loss: 0.4144
50/50 ???????????????????? 0s 7ms/step
50/50 ???????????????????? 0s 6ms/step
CNN: Accuracy: 0.8221, AUC-ROC: 0.9073
CNN: AUC-PR: 0.9065, Precision: 0.8153,
CNN Recall: 0.8398, F1 Score: 0.8274
CNN:RMSE: 16.7332 , PCC: 0.7157
Evaluation of Keras MACSynDCR_ANN model:
50/50 ???????????????????? 1s 5ms/step - acc: 0.9061 - auc: 0.9612 - loss: 0.2874
Evaluate->  Loss: 0.3354, Accuracy: 0.8920,AUC: 0.9522
50/50 ???????????????????? 1s 7ms/step
197/197 ???????????????????? 1s 5ms/step
ANN: Accuracy: 0.8920, AUC-ROC: 0.9537
ANN: AUC-PR: 0.9529, Precision: 0.9006,
ANN Recall: 0.8849, F1 Score: 0.8927
ANN:RMSE: 13.0384 , PCC: 0.8162
****************************************************************************************************
Evaluation of Keras MACSynDCR_CNN model:
50/50 ???????????????????? 1s 6ms/step - acc: 0.8423 - auc: 0.9165 - loss: 0.3733
Evaluate->  Loss: 0.3888, Accuracy: 0.8221,Accuracy: 0.9071
50/50 ???????????????????? 0s 8ms/step
197/197 ???????????????????? 1s 6ms/step
CNN: Accuracy: 0.8221, AUC-ROC: 0.9073
CNN: AUC-PR: 0.9065, Precision: 0.8153,
CNN Recall: 0.8398, F1 Score: 0.8274
CNN:RMSE: 16.7332 , PCC: 0.7157
****************************************************************************************************
Accuracy Score and AUC for ANN = AUC: 0.9479, Accuracy: 0.8863
Accuracy Score and AUC for KANN = AUC: 0.9537, Accuracy: 0.8920
Accuracy Score and AUC for KCNN = AUC: 0.9073, Accuracy: 0.8221
Average AUC = AUC: 0.9567, Accuracy: 0.8926
MAX AUC = AUC: 0.9520, Accuracy: 0.8583
Fitting 5 folds for each of 14 candidates, totalling 70 fits
Finall ensemble results of fold_5 for MACSynDCR:
----------------------------------------------------------------------------------------------------
Ensemble Accuracy: 0.8971, AUC-ROC: 0.9585
Ensemble AUC-PR: 0.9568, Precision: 0.8996,
Ensemble Recall: 0.8974, F1 Score: 0.8985
Ensemble RMSE: 12.7279 , PCC: 0.8342
----------------------------------------------------------------------------------------------------
****************************************************************************************************
*           Final MACSynCDR Results:
****************************************************************************************************
 AUC: 0.9577 ± 0.0043
 Accuracy: 0.8988 ± 0.0051
 AUC-PR: 0.9550 ± 0.0047
 Precision: 0.8984 ± 0.0022
 Recall: 0.8986 ± 0.0109
 F1: 0.8984 ± 0.0060
 RMSE: 12.6214 ± 0.3169
 PCC: 0.8311 ± 0.0115
Max AUC: 0.9622
Max ACC: 0.9035
Max AUC-PR: 0.9620
Max Precision: 0.9012
Max Reacall: 0.9097
Max F1: 0.9051
MIN RMSE: 12.3288
Max PCC: 0.8416
