[2025-08-20 20:33:57] Fold 1
[2025-08-20 20:33:57] ----------------------------------------------------------------------------------------------------
[2025-08-20 20:33:59] ANN_model saved with Val_ACC: 0.4698
[2025-08-20 20:33:59] ----------------------------------------------------------------------------------------------------
[2025-08-20 20:33:59] fold_1: Epoch [1/20], Loss: 0.7081, ACC: 0.4698, AUC: 0.4656
[2025-08-20 20:33:59] ANN_model saved with Val_ACC: 0.7581
[2025-08-20 20:33:59] ----------------------------------------------------------------------------------------------------
[2025-08-20 20:33:59] ANN_model saved with Val_ACC: 0.8000
[2025-08-20 20:33:59] ----------------------------------------------------------------------------------------------------
[2025-08-20 20:34:00] ANN_model saved with Val_ACC: 0.8083
[2025-08-20 20:34:00] ----------------------------------------------------------------------------------------------------
[2025-08-20 20:34:00] ANN_model saved with Val_ACC: 0.8190
[2025-08-20 20:34:00] ----------------------------------------------------------------------------------------------------
[2025-08-20 20:34:01] ANN_model saved with Val_ACC: 0.8235
[2025-08-20 20:34:01] ----------------------------------------------------------------------------------------------------
[2025-08-20 20:34:01] ANN_model saved with Val_ACC: 0.8362
[2025-08-20 20:34:01] ----------------------------------------------------------------------------------------------------
[2025-08-20 20:34:01] ANN_model saved with Val_ACC: 0.8463
[2025-08-20 20:34:01] ----------------------------------------------------------------------------------------------------
[2025-08-20 20:34:02] ANN_model saved with Val_ACC: 0.8470
[2025-08-20 20:34:02] ----------------------------------------------------------------------------------------------------
[2025-08-20 20:34:02] ANN_model saved with Val_ACC: 0.8597
[2025-08-20 20:34:02] ----------------------------------------------------------------------------------------------------
[2025-08-20 20:34:03] ANN_model saved with Val_ACC: 0.8679
[2025-08-20 20:34:03] ----------------------------------------------------------------------------------------------------
[2025-08-20 20:34:05] ANN_model saved with Val_ACC: 0.8724
[2025-08-20 20:34:05] ----------------------------------------------------------------------------------------------------
[2025-08-20 20:34:05] ANN_model saved with Val_ACC: 0.8756
[2025-08-20 20:34:05] ----------------------------------------------------------------------------------------------------
[2025-08-20 20:34:05] ANN_model saved with Val_ACC: 0.8819
[2025-08-20 20:34:05] ----------------------------------------------------------------------------------------------------
[2025-08-20 20:34:06] ANN_model saved with Val_ACC: 0.8825
[2025-08-20 20:34:06] ----------------------------------------------------------------------------------------------------
[2025-08-20 20:34:06] ANN_model saved with Val_ACC: 0.8832
[2025-08-20 20:34:06] ----------------------------------------------------------------------------------------------------
[2025-08-20 20:34:06] ANN_model saved with Val_ACC: 0.8921
[2025-08-20 20:34:06] ----------------------------------------------------------------------------------------------------
[2025-08-20 20:35:52] Fold 1
[2025-08-20 20:35:52] ----------------------------------------------------------------------------------------------------
[2025-08-20 20:38:26] Fold 1
[2025-08-20 20:38:26] ----------------------------------------------------------------------------------------------------
[2025-08-20 20:39:54] Fold 1
[2025-08-20 20:39:54] ----------------------------------------------------------------------------------------------------
[2025-08-20 20:39:55] ANN_model saved with Val_ACC: 0.5175
[2025-08-20 20:39:55] ----------------------------------------------------------------------------------------------------
[2025-08-20 20:39:55] fold_1: Epoch [1/20], Loss: 0.6952, ACC: 0.5175, AUC: 0.5512
[2025-08-20 20:39:56] ANN_model saved with Val_ACC: 0.7651
[2025-08-20 20:39:56] ----------------------------------------------------------------------------------------------------
[2025-08-20 20:39:56] ANN_model saved with Val_ACC: 0.7968
[2025-08-20 20:39:56] ----------------------------------------------------------------------------------------------------
[2025-08-20 20:39:57] ANN_model saved with Val_ACC: 0.8108
[2025-08-20 20:39:57] ----------------------------------------------------------------------------------------------------
[2025-08-20 20:39:57] ANN_model saved with Val_ACC: 0.8222
[2025-08-20 20:39:57] ----------------------------------------------------------------------------------------------------
[2025-08-20 20:39:57] ANN_model saved with Val_ACC: 0.8324
[2025-08-20 20:39:57] ----------------------------------------------------------------------------------------------------
[2025-08-20 20:39:58] ANN_model saved with Val_ACC: 0.8470
[2025-08-20 20:39:58] ----------------------------------------------------------------------------------------------------
[2025-08-20 20:39:58] ANN_model saved with Val_ACC: 0.8546
[2025-08-20 20:39:58] ----------------------------------------------------------------------------------------------------
[2025-08-20 20:39:59] ANN_model saved with Val_ACC: 0.8654
[2025-08-20 20:39:59] ----------------------------------------------------------------------------------------------------
[2025-08-20 20:39:59] ANN_model saved with Val_ACC: 0.8686
[2025-08-20 20:39:59] ----------------------------------------------------------------------------------------------------
[2025-08-20 20:39:59] ANN_model saved with Val_ACC: 0.8762
[2025-08-20 20:39:59] ----------------------------------------------------------------------------------------------------
[2025-08-20 20:40:00] ANN_model saved with Val_ACC: 0.8844
[2025-08-20 20:40:00] ----------------------------------------------------------------------------------------------------
[2025-08-20 20:40:01] ANN_model saved with Val_ACC: 0.8851
[2025-08-20 20:40:01] ----------------------------------------------------------------------------------------------------
[2025-08-20 20:40:02] ANN_model saved with Val_ACC: 0.8889
[2025-08-20 20:40:02] ----------------------------------------------------------------------------------------------------
[2025-08-20 20:40:02] Fold 2
[2025-08-20 20:40:02] ----------------------------------------------------------------------------------------------------
[2025-08-20 20:40:03] ANN_model saved with Val_ACC: 0.5251
[2025-08-20 20:40:03] ----------------------------------------------------------------------------------------------------
[2025-08-20 20:40:04] fold_2: Epoch [1/20], Loss: 0.6947, ACC: 0.5251, AUC: 0.5381
[2025-08-20 20:40:04] ANN_model saved with Val_ACC: 0.7708
[2025-08-20 20:40:04] ----------------------------------------------------------------------------------------------------
[2025-08-20 20:40:04] ANN_model saved with Val_ACC: 0.8286
[2025-08-20 20:40:04] ----------------------------------------------------------------------------------------------------
[2025-08-20 20:40:05] ANN_model saved with Val_ACC: 0.8368
[2025-08-20 20:40:05] ----------------------------------------------------------------------------------------------------
[2025-08-20 20:40:05] ANN_model saved with Val_ACC: 0.8476
[2025-08-20 20:40:05] ----------------------------------------------------------------------------------------------------
[2025-08-20 20:40:06] ANN_model saved with Val_ACC: 0.8622
[2025-08-20 20:40:06] ----------------------------------------------------------------------------------------------------
[2025-08-20 20:40:06] ANN_model saved with Val_ACC: 0.8705
[2025-08-20 20:40:06] ----------------------------------------------------------------------------------------------------
[2025-08-20 20:40:07] ANN_model saved with Val_ACC: 0.8806
[2025-08-20 20:40:07] ----------------------------------------------------------------------------------------------------
[2025-08-20 20:40:07] ANN_model saved with Val_ACC: 0.8838
[2025-08-20 20:40:07] ----------------------------------------------------------------------------------------------------
[2025-08-20 20:40:07] ANN_model saved with Val_ACC: 0.8933
[2025-08-20 20:40:07] ----------------------------------------------------------------------------------------------------
[2025-08-20 20:40:08] ANN_model saved with Val_ACC: 0.8940
[2025-08-20 20:40:08] ----------------------------------------------------------------------------------------------------
[2025-08-20 20:40:08] ANN_model saved with Val_ACC: 0.8952
[2025-08-20 20:40:08] ----------------------------------------------------------------------------------------------------
[2025-08-20 20:40:09] ANN_model saved with Val_ACC: 0.8978
[2025-08-20 20:40:09] ----------------------------------------------------------------------------------------------------
[2025-08-20 20:40:09] ANN_model saved with Val_ACC: 0.9035
[2025-08-20 20:40:09] ----------------------------------------------------------------------------------------------------
[2025-08-20 20:40:10] Fold 3
[2025-08-20 20:40:10] ----------------------------------------------------------------------------------------------------
[2025-08-20 20:40:11] ANN_model saved with Val_ACC: 0.4806
[2025-08-20 20:40:11] ----------------------------------------------------------------------------------------------------
[2025-08-20 20:40:11] fold_3: Epoch [1/20], Loss: 0.6997, ACC: 0.4806, AUC: 0.4723
[2025-08-20 20:40:11] ANN_model saved with Val_ACC: 0.7905
[2025-08-20 20:40:11] ----------------------------------------------------------------------------------------------------
[2025-08-20 20:40:12] ANN_model saved with Val_ACC: 0.8197
[2025-08-20 20:40:12] ----------------------------------------------------------------------------------------------------
[2025-08-20 20:40:12] ANN_model saved with Val_ACC: 0.8273
[2025-08-20 20:40:12] ----------------------------------------------------------------------------------------------------
[2025-08-20 20:40:12] ANN_model saved with Val_ACC: 0.8381
[2025-08-20 20:40:12] ----------------------------------------------------------------------------------------------------
[2025-08-20 20:40:13] ANN_model saved with Val_ACC: 0.8444
[2025-08-20 20:40:13] ----------------------------------------------------------------------------------------------------
[2025-08-20 20:40:13] ANN_model saved with Val_ACC: 0.8616
[2025-08-20 20:40:13] ----------------------------------------------------------------------------------------------------
[2025-08-20 20:40:13] ANN_model saved with Val_ACC: 0.8717
[2025-08-20 20:40:13] ----------------------------------------------------------------------------------------------------
[2025-08-20 20:40:14] ANN_model saved with Val_ACC: 0.8800
[2025-08-20 20:40:14] ----------------------------------------------------------------------------------------------------
[2025-08-20 20:40:14] ANN_model saved with Val_ACC: 0.8863
[2025-08-20 20:40:14] ----------------------------------------------------------------------------------------------------
[2025-08-20 20:40:15] ANN_model saved with Val_ACC: 0.8940
[2025-08-20 20:40:15] ----------------------------------------------------------------------------------------------------
[2025-08-20 20:40:16] ANN_model saved with Val_ACC: 0.8959
[2025-08-20 20:40:16] ----------------------------------------------------------------------------------------------------
[2025-08-20 20:40:16] ANN_model saved with Val_ACC: 0.8997
[2025-08-20 20:40:16] ----------------------------------------------------------------------------------------------------
[2025-08-20 20:40:16] ANN_model saved with Val_ACC: 0.9016
[2025-08-20 20:40:16] ----------------------------------------------------------------------------------------------------
[2025-08-20 20:40:17] ANN_model saved with Val_ACC: 0.9022
[2025-08-20 20:40:17] ----------------------------------------------------------------------------------------------------
[2025-08-20 20:40:17] Fold 4
[2025-08-20 20:40:17] ----------------------------------------------------------------------------------------------------
[2025-08-20 20:40:18] ANN_model saved with Val_ACC: 0.4908
[2025-08-20 20:40:18] ----------------------------------------------------------------------------------------------------
[2025-08-20 20:40:18] fold_4: Epoch [1/20], Loss: 0.7015, ACC: 0.4908, AUC: 0.4890
[2025-08-20 20:40:18] ANN_model saved with Val_ACC: 0.7822
[2025-08-20 20:40:18] ----------------------------------------------------------------------------------------------------
[2025-08-20 20:40:19] ANN_model saved with Val_ACC: 0.8171
[2025-08-20 20:40:19] ----------------------------------------------------------------------------------------------------
[2025-08-20 20:40:19] ANN_model saved with Val_ACC: 0.8317
[2025-08-20 20:40:19] ----------------------------------------------------------------------------------------------------
[2025-08-20 20:40:20] ANN_model saved with Val_ACC: 0.8419
[2025-08-20 20:40:20] ----------------------------------------------------------------------------------------------------
[2025-08-20 20:40:20] ANN_model saved with Val_ACC: 0.8552
[2025-08-20 20:40:20] ----------------------------------------------------------------------------------------------------
[2025-08-20 20:40:20] ANN_model saved with Val_ACC: 0.8673
[2025-08-20 20:40:20] ----------------------------------------------------------------------------------------------------
[2025-08-20 20:40:21] ANN_model saved with Val_ACC: 0.8692
[2025-08-20 20:40:21] ----------------------------------------------------------------------------------------------------
[2025-08-20 20:40:21] ANN_model saved with Val_ACC: 0.8838
[2025-08-20 20:40:21] ----------------------------------------------------------------------------------------------------
[2025-08-20 20:40:22] ANN_model saved with Val_ACC: 0.8965
[2025-08-20 20:40:22] ----------------------------------------------------------------------------------------------------
[2025-08-20 20:40:24] ANN_model saved with Val_ACC: 0.8978
[2025-08-20 20:40:24] ----------------------------------------------------------------------------------------------------
[2025-08-20 20:40:24] Fold 5
[2025-08-20 20:40:24] ----------------------------------------------------------------------------------------------------
[2025-08-20 20:40:24] ANN_model saved with Val_ACC: 0.5121
[2025-08-20 20:40:24] ----------------------------------------------------------------------------------------------------
[2025-08-20 20:40:25] fold_5: Epoch [1/20], Loss: 0.7000, ACC: 0.5121, AUC: 0.5209
[2025-08-20 20:40:25] ANN_model saved with Val_ACC: 0.7700
[2025-08-20 20:40:25] ----------------------------------------------------------------------------------------------------
[2025-08-20 20:40:25] ANN_model saved with Val_ACC: 0.8100
[2025-08-20 20:40:25] ----------------------------------------------------------------------------------------------------
[2025-08-20 20:40:25] ANN_model saved with Val_ACC: 0.8253
[2025-08-20 20:40:25] ----------------------------------------------------------------------------------------------------
[2025-08-20 20:40:26] ANN_model saved with Val_ACC: 0.8399
[2025-08-20 20:40:26] ----------------------------------------------------------------------------------------------------
[2025-08-20 20:40:26] ANN_model saved with Val_ACC: 0.8539
[2025-08-20 20:40:26] ----------------------------------------------------------------------------------------------------
[2025-08-20 20:40:27] ANN_model saved with Val_ACC: 0.8640
[2025-08-20 20:40:27] ----------------------------------------------------------------------------------------------------
[2025-08-20 20:40:27] ANN_model saved with Val_ACC: 0.8755
[2025-08-20 20:40:27] ----------------------------------------------------------------------------------------------------
[2025-08-20 20:40:28] ANN_model saved with Val_ACC: 0.8837
[2025-08-20 20:40:28] ----------------------------------------------------------------------------------------------------
[2025-08-20 20:40:29] ANN_model saved with Val_ACC: 0.8914
[2025-08-20 20:40:29] ----------------------------------------------------------------------------------------------------
[2025-08-20 20:40:29] ANN_model saved with Val_ACC: 0.8926
[2025-08-20 20:40:29] ----------------------------------------------------------------------------------------------------
[2025-08-20 20:40:30] ANN_model saved with Val_ACC: 0.8952
[2025-08-20 20:40:30] ----------------------------------------------------------------------------------------------------
[2025-08-20 20:40:30] ANN_model saved with Val_ACC: 0.8958
[2025-08-20 20:40:30] ----------------------------------------------------------------------------------------------------
[2025-08-20 20:40:31] ANN_model saved with Val_ACC: 0.8996
[2025-08-20 20:40:31] ----------------------------------------------------------------------------------------------------
[2025-08-20 20:40:31] ****************************************************************************************************
[2025-08-20 20:40:31] *          Final MACSynCDR Results:
[2025-08-20 20:40:31] ****************************************************************************************************
[2025-08-20 20:40:31]  AUC: 0.9590 ± 0.0038
[2025-08-20 20:40:31]  Accuracy: 0.8984 ± 0.0052
[2025-08-20 20:40:31]  AUC-PR: 0.9574 ± 0.0063
[2025-08-20 20:40:31]  Precision: 0.8996 ± 0.0144
[2025-08-20 20:40:31]  Recall: 0.8967 ± 0.0099
[2025-08-20 20:40:31]  F1: 0.8980 ± 0.0042
[2025-08-20 20:40:31]  RMSE: 11.0776 ± 0.2256
[2025-08-20 20:40:31]  PCC: 0.8307 ± 0.0072

C:\Users\srahaman2\Documents\PhD research\MACSynDCR\LapMGAN>python MACSynDCR_CV_RUN_with_LMGAN_shape_ANN.py --epoch 20 --suffix Ablation_only_ANN
2025-08-20 20:39:45.090252: I tensorflow/core/util/port.cc:153] oneDNN custom operations are on. You may see slightly different numerical results due to floating-point round-off errors from different computation orders. To turn them off, set the environment variable `TF_ENABLE_ONEDNN_OPTS=0`.
2025-08-20 20:39:46.059890: I tensorflow/core/util/port.cc:153] oneDNN custom operations are on. You may see slightly different numerical results due to floating-point round-off errors from different computation orders. To turn them off, set the environment variable `TF_ENABLE_ONEDNN_OPTS=0`.
Fold 1
Data processing and Training of MACSynDCR_ANN model:
ANN_model saved with Val_ACC: 0.5175 Val_AUC: 0.5512
fold_1: Epoch [1/20], Loss: 0.6952, Val_ACC: 0.5175, Val_AUC: 0.5512
ANN_model saved with Val_ACC: 0.7651 Val_AUC: 0.8437
ANN_model saved with Val_ACC: 0.7968 Val_AUC: 0.8817
ANN_model saved with Val_ACC: 0.8108 Val_AUC: 0.8992
ANN_model saved with Val_ACC: 0.8222 Val_AUC: 0.9100
ANN_model saved with Val_ACC: 0.8324 Val_AUC: 0.9175
ANN_model saved with Val_ACC: 0.8470 Val_AUC: 0.9246
ANN_model saved with Val_ACC: 0.8546 Val_AUC: 0.9330
ANN_model saved with Val_ACC: 0.8654 Val_AUC: 0.9416
ANN_model saved with Val_ACC: 0.8686 Val_AUC: 0.9432
ANN_model saved with Val_ACC: 0.8762 Val_AUC: 0.9432
ANN_model saved with Val_ACC: 0.8844 Val_AUC: 0.9473
ANN_model saved with Val_ACC: 0.8851 Val_AUC: 0.9514
ANN_model saved with Val_ACC: 0.8889 Val_AUC: 0.9526
Accuracy: 0.8889, AUC-ROC: 0.9526
 AUC-PR: 0.9489, Precision: 0.8761, Recall: 0.9041, F1 Score: 0.8899
RMSE: 11.5005 , PCC: 0.8170
Fold 2
Data processing and Training of MACSynDCR_ANN model:
ANN_model saved with Val_ACC: 0.5251 Val_AUC: 0.5381
fold_2: Epoch [1/20], Loss: 0.6947, Val_ACC: 0.5251, Val_AUC: 0.5381
ANN_model saved with Val_ACC: 0.7708 Val_AUC: 0.8655
ANN_model saved with Val_ACC: 0.8286 Val_AUC: 0.9002
ANN_model saved with Val_ACC: 0.8368 Val_AUC: 0.9141
ANN_model saved with Val_ACC: 0.8476 Val_AUC: 0.9216
ANN_model saved with Val_ACC: 0.8622 Val_AUC: 0.9291
ANN_model saved with Val_ACC: 0.8705 Val_AUC: 0.9356
ANN_model saved with Val_ACC: 0.8806 Val_AUC: 0.9464
ANN_model saved with Val_ACC: 0.8838 Val_AUC: 0.9507
ANN_model saved with Val_ACC: 0.8933 Val_AUC: 0.9541
ANN_model saved with Val_ACC: 0.8940 Val_AUC: 0.9554
ANN_model saved with Val_ACC: 0.8952 Val_AUC: 0.9558
ANN_model saved with Val_ACC: 0.8978 Val_AUC: 0.9586
ANN_model saved with Val_ACC: 0.9035 Val_AUC: 0.9580
Accuracy: 0.9035, AUC-ROC: 0.9580
 AUC-PR: 0.9575, Precision: 0.9019, Recall: 0.9019, F1 Score: 0.9019
RMSE: 10.8402 , PCC: 0.8378
Fold 3
Data processing and Training of MACSynDCR_ANN model:
ANN_model saved with Val_ACC: 0.4806 Val_AUC: 0.4723
fold_3: Epoch [1/20], Loss: 0.6997, Val_ACC: 0.4806, Val_AUC: 0.4723
ANN_model saved with Val_ACC: 0.7905 Val_AUC: 0.8668
ANN_model saved with Val_ACC: 0.8197 Val_AUC: 0.9034
ANN_model saved with Val_ACC: 0.8273 Val_AUC: 0.9169
ANN_model saved with Val_ACC: 0.8381 Val_AUC: 0.9255
ANN_model saved with Val_ACC: 0.8444 Val_AUC: 0.9332
ANN_model saved with Val_ACC: 0.8616 Val_AUC: 0.9380
ANN_model saved with Val_ACC: 0.8717 Val_AUC: 0.9417
ANN_model saved with Val_ACC: 0.8800 Val_AUC: 0.9455
ANN_model saved with Val_ACC: 0.8863 Val_AUC: 0.9490
ANN_model saved with Val_ACC: 0.8940 Val_AUC: 0.9511
ANN_model saved with Val_ACC: 0.8959 Val_AUC: 0.9568
ANN_model saved with Val_ACC: 0.8997 Val_AUC: 0.9557
ANN_model saved with Val_ACC: 0.9016 Val_AUC: 0.9604
ANN_model saved with Val_ACC: 0.9022 Val_AUC: 0.9587
Accuracy: 0.9022, AUC-ROC: 0.9587
 AUC-PR: 0.9519, Precision: 0.8975, Recall: 0.9022, F1 Score: 0.8999
RMSE: 11.0326 , PCC: 0.8318
Fold 4
Data processing and Training of MACSynDCR_ANN model:
ANN_model saved with Val_ACC: 0.4908 Val_AUC: 0.4890
fold_4: Epoch [1/20], Loss: 0.7015, Val_ACC: 0.4908, Val_AUC: 0.4890
ANN_model saved with Val_ACC: 0.7822 Val_AUC: 0.8631
ANN_model saved with Val_ACC: 0.8171 Val_AUC: 0.8987
ANN_model saved with Val_ACC: 0.8317 Val_AUC: 0.9102
ANN_model saved with Val_ACC: 0.8419 Val_AUC: 0.9202
ANN_model saved with Val_ACC: 0.8552 Val_AUC: 0.9288
ANN_model saved with Val_ACC: 0.8673 Val_AUC: 0.9366
ANN_model saved with Val_ACC: 0.8692 Val_AUC: 0.9434
ANN_model saved with Val_ACC: 0.8838 Val_AUC: 0.9487
ANN_model saved with Val_ACC: 0.8965 Val_AUC: 0.9540
ANN_model saved with Val_ACC: 0.8978 Val_AUC: 0.9631
Accuracy: 0.8978, AUC-ROC: 0.9631
 AUC-PR: 0.9639, Precision: 0.9012, Recall: 0.8979, F1 Score: 0.8996
RMSE: 10.9466 , PCC: 0.8350
Fold 5
Data processing and Training of MACSynDCR_ANN model:
ANN_model saved with Val_ACC: 0.5121 Val_AUC: 0.5209
fold_5: Epoch [1/20], Loss: 0.7000, Val_ACC: 0.5121, Val_AUC: 0.5209
ANN_model saved with Val_ACC: 0.7700 Val_AUC: 0.8642
ANN_model saved with Val_ACC: 0.8100 Val_AUC: 0.8976
ANN_model saved with Val_ACC: 0.8253 Val_AUC: 0.9135
ANN_model saved with Val_ACC: 0.8399 Val_AUC: 0.9255
ANN_model saved with Val_ACC: 0.8539 Val_AUC: 0.9349
ANN_model saved with Val_ACC: 0.8640 Val_AUC: 0.9440
ANN_model saved with Val_ACC: 0.8755 Val_AUC: 0.9472
ANN_model saved with Val_ACC: 0.8837 Val_AUC: 0.9484
ANN_model saved with Val_ACC: 0.8914 Val_AUC: 0.9557
ANN_model saved with Val_ACC: 0.8926 Val_AUC: 0.9584
ANN_model saved with Val_ACC: 0.8952 Val_AUC: 0.9629
ANN_model saved with Val_ACC: 0.8958 Val_AUC: 0.9627
ANN_model saved with Val_ACC: 0.8996 Val_AUC: 0.9626
Accuracy: 0.8996, AUC-ROC: 0.9626
 AUC-PR: 0.9645, Precision: 0.9212, Recall: 0.8773, F1 Score: 0.8987
RMSE: 11.0680 , PCC: 0.8318
****************************************************************************************************
*           Final MACSynCDR Results:
****************************************************************************************************
 AUC: 0.9590 ± 0.0038
 Accuracy: 0.8984 ± 0.0052
 AUC-PR: 0.9574 ± 0.0063
 Precision: 0.8996 ± 0.0144
 Recall: 0.8967 ± 0.0099
 F1: 0.8980 ± 0.0042
 RMSE: 11.0776 ± 0.2256
 PCC: 0.8307 ± 0.0072
Max AUC: 0.9631
Max ACC: 0.9035
Max AUC-PR: 0.9645
Max Precision: 0.9212
Max Reacall: 0.9041
Max F1: 0.9019
MIN RMSE: 10.8402
Max PCC: 0.8378
