[2025-08-25 22:48:12] Fold 1
[2025-08-25 22:48:12] ----------------------------------------------------------------------------------------------------
[2025-08-25 22:48:13] ANN_model saved with Val_ACC: 0.4793
[2025-08-25 22:48:13] ----------------------------------------------------------------------------------------------------
[2025-08-25 22:48:13] fold_1: Epoch [1/150], Loss: 0.7007, ACC: 0.4793, AUC: 0.4846
[2025-08-25 22:48:13] ANN_model saved with Val_ACC: 0.7666
[2025-08-25 22:48:13] ----------------------------------------------------------------------------------------------------
[2025-08-25 22:48:14] ANN_model saved with Val_ACC: 0.7947
[2025-08-25 22:48:14] ----------------------------------------------------------------------------------------------------
[2025-08-25 22:48:14] ANN_model saved with Val_ACC: 0.8080
[2025-08-25 22:48:14] ----------------------------------------------------------------------------------------------------
[2025-08-25 22:48:14] ANN_model saved with Val_ACC: 0.8205
[2025-08-25 22:48:14] ----------------------------------------------------------------------------------------------------
[2025-08-25 22:48:15] ANN_model saved with Val_ACC: 0.8368
[2025-08-25 22:48:15] ----------------------------------------------------------------------------------------------------
[2025-08-25 22:48:15] ANN_model saved with Val_ACC: 0.8479
[2025-08-25 22:48:15] ----------------------------------------------------------------------------------------------------
[2025-08-25 22:48:15] ANN_model saved with Val_ACC: 0.8604
[2025-08-25 22:48:15] ----------------------------------------------------------------------------------------------------
[2025-08-25 22:48:16] ANN_model saved with Val_ACC: 0.8715
[2025-08-25 22:48:16] ----------------------------------------------------------------------------------------------------
[2025-08-25 22:48:16] ANN_model saved with Val_ACC: 0.8737
[2025-08-25 22:48:16] ----------------------------------------------------------------------------------------------------
[2025-08-25 22:48:17] ANN_model saved with Val_ACC: 0.8767
[2025-08-25 22:48:17] ----------------------------------------------------------------------------------------------------
[2025-08-25 22:48:17] ANN_model saved with Val_ACC: 0.8774
[2025-08-25 22:48:17] ----------------------------------------------------------------------------------------------------
[2025-08-25 22:48:17] ANN_model saved with Val_ACC: 0.8855
[2025-08-25 22:48:17] ----------------------------------------------------------------------------------------------------
[2025-08-25 22:48:18] ANN_model saved with Val_ACC: 0.8870
[2025-08-25 22:48:18] ----------------------------------------------------------------------------------------------------
[2025-08-25 22:48:18] ANN_model saved with Val_ACC: 0.8892
[2025-08-25 22:48:18] ----------------------------------------------------------------------------------------------------
[2025-08-25 22:48:19] ANN_model saved with Val_ACC: 0.8922
[2025-08-25 22:48:19] ----------------------------------------------------------------------------------------------------
[2025-08-25 22:48:19] ANN_model saved with Val_ACC: 0.8929
[2025-08-25 22:48:19] ----------------------------------------------------------------------------------------------------
[2025-08-25 22:48:19] fold_1: Epoch [21/150], Loss: 0.3380, ACC: 0.8929, AUC: 0.9537
[2025-08-25 22:48:21] ANN_model saved with Val_ACC: 0.8951
[2025-08-25 22:48:21] ----------------------------------------------------------------------------------------------------
[2025-08-25 22:48:22] ANN_model saved with Val_ACC: 0.8966
[2025-08-25 22:48:22] ----------------------------------------------------------------------------------------------------
[2025-08-25 22:48:24] ANN_model saved with Val_ACC: 0.8973
[2025-08-25 22:48:24] ----------------------------------------------------------------------------------------------------
[2025-08-25 22:48:24] ANN_model saved with Val_ACC: 0.8981
[2025-08-25 22:48:24] ----------------------------------------------------------------------------------------------------
[2025-08-25 22:48:24] ANN_model saved with Val_ACC: 0.9018
[2025-08-25 22:48:24] ----------------------------------------------------------------------------------------------------
[2025-08-25 22:48:25] ANN_model saved with Val_ACC: 0.9025
[2025-08-25 22:48:25] ----------------------------------------------------------------------------------------------------
[2025-08-25 22:48:25] fold_1: Epoch [41/150], Loss: 0.3202, ACC: 0.9025, AUC: 0.9568
[2025-08-25 22:48:26] ANN_model saved with Val_ACC: 0.9040
[2025-08-25 22:48:26] ----------------------------------------------------------------------------------------------------
[2025-08-25 22:48:27] ANN_model saved with Val_ACC: 0.9084
[2025-08-25 22:48:27] ----------------------------------------------------------------------------------------------------
[2025-08-25 22:48:29] fold_1: Epoch [61/150], Loss: 0.3170, ACC: 0.9062, AUC: 0.9582
[2025-08-25 22:48:34] fold_1: Epoch [81/150], Loss: 0.3159, ACC: 0.9040, AUC: 0.9585
[2025-08-25 22:48:38] fold_1: Epoch [101/150], Loss: 0.3152, ACC: 0.9032, AUC: 0.9578
[2025-08-25 22:48:44] fold_1: Epoch [121/150], Loss: 0.3149, ACC: 0.9040, AUC: 0.9586
[2025-08-25 22:48:48] fold_1: Epoch [141/150], Loss: 0.3147, ACC: 0.9025, AUC: 0.9588
[2025-08-25 22:52:47] Fold 2
[2025-08-25 22:52:47] ----------------------------------------------------------------------------------------------------
[2025-08-25 22:52:48] ANN_model saved with Val_ACC: 0.5015
[2025-08-25 22:52:48] ----------------------------------------------------------------------------------------------------
[2025-08-25 22:52:48] fold_2: Epoch [1/150], Loss: 0.6965, ACC: 0.5015, AUC: 0.4889
[2025-08-25 22:52:48] ANN_model saved with Val_ACC: 0.7710
[2025-08-25 22:52:48] ----------------------------------------------------------------------------------------------------
[2025-08-25 22:52:49] ANN_model saved with Val_ACC: 0.8146
[2025-08-25 22:52:49] ----------------------------------------------------------------------------------------------------
[2025-08-25 22:52:49] ANN_model saved with Val_ACC: 0.8235
[2025-08-25 22:52:49] ----------------------------------------------------------------------------------------------------
[2025-08-25 22:52:49] ANN_model saved with Val_ACC: 0.8434
[2025-08-25 22:52:49] ----------------------------------------------------------------------------------------------------
[2025-08-25 22:52:50] ANN_model saved with Val_ACC: 0.8523
[2025-08-25 22:52:50] ----------------------------------------------------------------------------------------------------
[2025-08-25 22:52:50] ANN_model saved with Val_ACC: 0.8634
[2025-08-25 22:52:50] ----------------------------------------------------------------------------------------------------
[2025-08-25 22:52:50] ANN_model saved with Val_ACC: 0.8744
[2025-08-25 22:52:50] ----------------------------------------------------------------------------------------------------
[2025-08-25 22:52:50] ANN_model saved with Val_ACC: 0.8796
[2025-08-25 22:52:50] ----------------------------------------------------------------------------------------------------
[2025-08-25 22:52:51] ANN_model saved with Val_ACC: 0.8840
[2025-08-25 22:52:51] ----------------------------------------------------------------------------------------------------
[2025-08-25 22:52:51] ANN_model saved with Val_ACC: 0.8848
[2025-08-25 22:52:51] ----------------------------------------------------------------------------------------------------
[2025-08-25 22:52:52] ANN_model saved with Val_ACC: 0.8922
[2025-08-25 22:52:52] ----------------------------------------------------------------------------------------------------
[2025-08-25 22:52:53] ANN_model saved with Val_ACC: 0.8936
[2025-08-25 22:52:53] ----------------------------------------------------------------------------------------------------
[2025-08-25 22:52:53] ANN_model saved with Val_ACC: 0.8966
[2025-08-25 22:52:53] ----------------------------------------------------------------------------------------------------
[2025-08-25 22:52:53] ANN_model saved with Val_ACC: 0.8981
[2025-08-25 22:52:53] ----------------------------------------------------------------------------------------------------
[2025-08-25 22:52:54] ANN_model saved with Val_ACC: 0.9047
[2025-08-25 22:52:54] ----------------------------------------------------------------------------------------------------
[2025-08-25 22:52:54] fold_2: Epoch [21/150], Loss: 0.3341, ACC: 0.9047, AUC: 0.9589
[2025-08-25 22:52:55] ANN_model saved with Val_ACC: 0.9077
[2025-08-25 22:52:55] ----------------------------------------------------------------------------------------------------
[2025-08-25 22:52:57] ANN_model saved with Val_ACC: 0.9092
[2025-08-25 22:52:57] ----------------------------------------------------------------------------------------------------
[2025-08-25 22:52:57] ANN_model saved with Val_ACC: 0.9099
[2025-08-25 22:52:57] ----------------------------------------------------------------------------------------------------
[2025-08-25 22:52:57] ANN_model saved with Val_ACC: 0.9106
[2025-08-25 22:52:57] ----------------------------------------------------------------------------------------------------
[2025-08-25 22:52:59] fold_2: Epoch [41/150], Loss: 0.3189, ACC: 0.9099, AUC: 0.9629
[2025-08-25 22:52:59] ANN_model saved with Val_ACC: 0.9129
[2025-08-25 22:52:59] ----------------------------------------------------------------------------------------------------
[2025-08-25 22:53:04] fold_2: Epoch [61/150], Loss: 0.3162, ACC: 0.9129, AUC: 0.9638
[2025-08-25 22:53:04] ANN_model saved with Val_ACC: 0.9136
[2025-08-25 22:53:04] ----------------------------------------------------------------------------------------------------
[2025-08-25 22:53:08] ANN_model saved with Val_ACC: 0.9143
[2025-08-25 22:53:08] ----------------------------------------------------------------------------------------------------
[2025-08-25 22:53:08] fold_2: Epoch [81/150], Loss: 0.3149, ACC: 0.9143, AUC: 0.9632
[2025-08-25 22:53:08] ANN_model saved with Val_ACC: 0.9151
[2025-08-25 22:53:08] ----------------------------------------------------------------------------------------------------
[2025-08-25 22:53:12] fold_2: Epoch [101/150], Loss: 0.3144, ACC: 0.9129, AUC: 0.9642
[2025-08-25 22:53:17] fold_2: Epoch [121/150], Loss: 0.3142, ACC: 0.9143, AUC: 0.9645
[2025-08-25 22:53:21] fold_2: Epoch [141/150], Loss: 0.3140, ACC: 0.9136, AUC: 0.9645
[2025-08-25 22:57:48] Fold 3
[2025-08-25 22:57:48] ----------------------------------------------------------------------------------------------------
[2025-08-25 22:57:49] ANN_model saved with Val_ACC: 0.5344
[2025-08-25 22:57:49] ----------------------------------------------------------------------------------------------------
[2025-08-25 22:57:49] fold_3: Epoch [1/150], Loss: 0.6952, ACC: 0.5344, AUC: 0.5308
[2025-08-25 22:57:49] ANN_model saved with Val_ACC: 0.7916
[2025-08-25 22:57:49] ----------------------------------------------------------------------------------------------------
[2025-08-25 22:57:50] ANN_model saved with Val_ACC: 0.8123
[2025-08-25 22:57:50] ----------------------------------------------------------------------------------------------------
[2025-08-25 22:57:50] ANN_model saved with Val_ACC: 0.8352
[2025-08-25 22:57:50] ----------------------------------------------------------------------------------------------------
[2025-08-25 22:57:50] ANN_model saved with Val_ACC: 0.8477
[2025-08-25 22:57:50] ----------------------------------------------------------------------------------------------------
[2025-08-25 22:57:51] ANN_model saved with Val_ACC: 0.8670
[2025-08-25 22:57:51] ----------------------------------------------------------------------------------------------------
[2025-08-25 22:57:51] ANN_model saved with Val_ACC: 0.8788
[2025-08-25 22:57:51] ----------------------------------------------------------------------------------------------------
[2025-08-25 22:57:51] ANN_model saved with Val_ACC: 0.8817
[2025-08-25 22:57:51] ----------------------------------------------------------------------------------------------------
[2025-08-25 22:57:52] ANN_model saved with Val_ACC: 0.8869
[2025-08-25 22:57:52] ----------------------------------------------------------------------------------------------------
[2025-08-25 22:57:52] ANN_model saved with Val_ACC: 0.8891
[2025-08-25 22:57:52] ----------------------------------------------------------------------------------------------------
[2025-08-25 22:57:52] ANN_model saved with Val_ACC: 0.8936
[2025-08-25 22:57:52] ----------------------------------------------------------------------------------------------------
[2025-08-25 22:57:54] ANN_model saved with Val_ACC: 0.8973
[2025-08-25 22:57:54] ----------------------------------------------------------------------------------------------------
[2025-08-25 22:57:54] ANN_model saved with Val_ACC: 0.9002
[2025-08-25 22:57:54] ----------------------------------------------------------------------------------------------------
[2025-08-25 22:57:55] ANN_model saved with Val_ACC: 0.9032
[2025-08-25 22:57:55] ----------------------------------------------------------------------------------------------------
[2025-08-25 22:57:55] ANN_model saved with Val_ACC: 0.9106
[2025-08-25 22:57:55] ----------------------------------------------------------------------------------------------------
[2025-08-25 22:57:55] fold_3: Epoch [21/150], Loss: 0.3332, ACC: 0.9098, AUC: 0.9665
[2025-08-25 22:57:59] fold_3: Epoch [41/150], Loss: 0.3185, ACC: 0.9076, AUC: 0.9664
[2025-08-25 22:58:00] ANN_model saved with Val_ACC: 0.9135
[2025-08-25 22:58:00] ----------------------------------------------------------------------------------------------------
[2025-08-25 22:58:01] ANN_model saved with Val_ACC: 0.9157
[2025-08-25 22:58:01] ----------------------------------------------------------------------------------------------------
[2025-08-25 22:58:05] fold_3: Epoch [61/150], Loss: 0.3159, ACC: 0.9113, AUC: 0.9657
[2025-08-25 22:58:09] fold_3: Epoch [81/150], Loss: 0.3151, ACC: 0.9113, AUC: 0.9669
[2025-08-25 22:58:13] ANN_model saved with Val_ACC: 0.9165
[2025-08-25 22:58:13] ----------------------------------------------------------------------------------------------------
[2025-08-25 22:58:14] fold_3: Epoch [101/150], Loss: 0.3146, ACC: 0.9165, AUC: 0.9660
[2025-08-25 22:58:14] ANN_model saved with Val_ACC: 0.9172
[2025-08-25 22:58:14] ----------------------------------------------------------------------------------------------------
[2025-08-25 22:58:15] ANN_model saved with Val_ACC: 0.9187
[2025-08-25 22:58:15] ----------------------------------------------------------------------------------------------------
[2025-08-25 22:58:16] ANN_model saved with Val_ACC: 0.9194
[2025-08-25 22:58:16] ----------------------------------------------------------------------------------------------------
[2025-08-25 22:58:18] fold_3: Epoch [121/150], Loss: 0.3143, ACC: 0.9172, AUC: 0.9672
[2025-08-25 22:58:23] fold_3: Epoch [141/150], Loss: 0.3141, ACC: 0.9172, AUC: 0.9676
[2025-08-25 23:02:14] Fold 4
[2025-08-25 23:02:14] ----------------------------------------------------------------------------------------------------
[2025-08-25 23:02:15] ANN_model saved with Val_ACC: 0.5129
[2025-08-25 23:02:15] ----------------------------------------------------------------------------------------------------
[2025-08-25 23:02:15] fold_4: Epoch [1/150], Loss: 0.7098, ACC: 0.5129, AUC: 0.5245
[2025-08-25 23:02:15] ANN_model saved with Val_ACC: 0.7797
[2025-08-25 23:02:15] ----------------------------------------------------------------------------------------------------
[2025-08-25 23:02:16] ANN_model saved with Val_ACC: 0.8160
[2025-08-25 23:02:16] ----------------------------------------------------------------------------------------------------
[2025-08-25 23:02:16] ANN_model saved with Val_ACC: 0.8241
[2025-08-25 23:02:16] ----------------------------------------------------------------------------------------------------
[2025-08-25 23:02:16] ANN_model saved with Val_ACC: 0.8389
[2025-08-25 23:02:16] ----------------------------------------------------------------------------------------------------
[2025-08-25 23:02:17] ANN_model saved with Val_ACC: 0.8551
[2025-08-25 23:02:17] ----------------------------------------------------------------------------------------------------
[2025-08-25 23:02:17] ANN_model saved with Val_ACC: 0.8692
[2025-08-25 23:02:17] ----------------------------------------------------------------------------------------------------
[2025-08-25 23:02:17] ANN_model saved with Val_ACC: 0.8736
[2025-08-25 23:02:17] ----------------------------------------------------------------------------------------------------
[2025-08-25 23:02:18] ANN_model saved with Val_ACC: 0.8832
[2025-08-25 23:02:18] ----------------------------------------------------------------------------------------------------
[2025-08-25 23:02:18] ANN_model saved with Val_ACC: 0.8921
[2025-08-25 23:02:18] ----------------------------------------------------------------------------------------------------
[2025-08-25 23:02:21] ANN_model saved with Val_ACC: 0.8980
[2025-08-25 23:02:21] ----------------------------------------------------------------------------------------------------
[2025-08-25 23:02:21] ANN_model saved with Val_ACC: 0.9032
[2025-08-25 23:02:21] ----------------------------------------------------------------------------------------------------
[2025-08-25 23:02:22] fold_4: Epoch [21/150], Loss: 0.3421, ACC: 0.9017, AUC: 0.9580
[2025-08-25 23:02:24] ANN_model saved with Val_ACC: 0.9054
[2025-08-25 23:02:24] ----------------------------------------------------------------------------------------------------
[2025-08-25 23:02:25] ANN_model saved with Val_ACC: 0.9069
[2025-08-25 23:02:25] ----------------------------------------------------------------------------------------------------
[2025-08-25 23:02:27] fold_4: Epoch [41/150], Loss: 0.3227, ACC: 0.9017, AUC: 0.9654
[2025-08-25 23:02:28] ANN_model saved with Val_ACC: 0.9084
[2025-08-25 23:02:28] ----------------------------------------------------------------------------------------------------
[2025-08-25 23:02:28] ANN_model saved with Val_ACC: 0.9091
[2025-08-25 23:02:28] ----------------------------------------------------------------------------------------------------
[2025-08-25 23:02:28] ANN_model saved with Val_ACC: 0.9098
[2025-08-25 23:02:28] ----------------------------------------------------------------------------------------------------
[2025-08-25 23:02:29] ANN_model saved with Val_ACC: 0.9106
[2025-08-25 23:02:29] ----------------------------------------------------------------------------------------------------
[2025-08-25 23:02:29] ANN_model saved with Val_ACC: 0.9120
[2025-08-25 23:02:29] ----------------------------------------------------------------------------------------------------
[2025-08-25 23:02:30] ANN_model saved with Val_ACC: 0.9128
[2025-08-25 23:02:30] ----------------------------------------------------------------------------------------------------
[2025-08-25 23:02:32] fold_4: Epoch [61/150], Loss: 0.3185, ACC: 0.9113, AUC: 0.9654
[2025-08-25 23:02:37] fold_4: Epoch [81/150], Loss: 0.3169, ACC: 0.9098, AUC: 0.9660
[2025-08-25 23:02:42] fold_4: Epoch [101/150], Loss: 0.3160, ACC: 0.9076, AUC: 0.9657
[2025-08-25 23:02:47] fold_4: Epoch [121/150], Loss: 0.3156, ACC: 0.9054, AUC: 0.9660
[2025-08-25 23:02:58] fold_4: Epoch [141/150], Loss: 0.3152, ACC: 0.9047, AUC: 0.9660
[2025-08-25 23:07:44] Fold 5
[2025-08-25 23:07:44] ----------------------------------------------------------------------------------------------------
[2025-08-25 23:07:45] ANN_model saved with Val_ACC: 0.4752
[2025-08-25 23:07:45] ----------------------------------------------------------------------------------------------------
[2025-08-25 23:07:45] fold_5: Epoch [1/150], Loss: 0.7161, ACC: 0.4752, AUC: 0.4460
[2025-08-25 23:07:45] ANN_model saved with Val_ACC: 0.7613
[2025-08-25 23:07:45] ----------------------------------------------------------------------------------------------------
[2025-08-25 23:07:46] ANN_model saved with Val_ACC: 0.8167
[2025-08-25 23:07:46] ----------------------------------------------------------------------------------------------------
[2025-08-25 23:07:46] ANN_model saved with Val_ACC: 0.8189
[2025-08-25 23:07:46] ----------------------------------------------------------------------------------------------------
[2025-08-25 23:07:47] ANN_model saved with Val_ACC: 0.8344
[2025-08-25 23:07:47] ----------------------------------------------------------------------------------------------------
[2025-08-25 23:07:47] ANN_model saved with Val_ACC: 0.8544
[2025-08-25 23:07:47] ----------------------------------------------------------------------------------------------------
[2025-08-25 23:07:47] ANN_model saved with Val_ACC: 0.8581
[2025-08-25 23:07:47] ----------------------------------------------------------------------------------------------------
[2025-08-25 23:07:48] ANN_model saved with Val_ACC: 0.8625
[2025-08-25 23:07:48] ----------------------------------------------------------------------------------------------------
[2025-08-25 23:07:48] ANN_model saved with Val_ACC: 0.8751
[2025-08-25 23:07:48] ----------------------------------------------------------------------------------------------------
[2025-08-25 23:07:49] ANN_model saved with Val_ACC: 0.8758
[2025-08-25 23:07:49] ----------------------------------------------------------------------------------------------------
[2025-08-25 23:07:49] ANN_model saved with Val_ACC: 0.8854
[2025-08-25 23:07:49] ----------------------------------------------------------------------------------------------------
[2025-08-25 23:07:49] ANN_model saved with Val_ACC: 0.8891
[2025-08-25 23:07:49] ----------------------------------------------------------------------------------------------------
[2025-08-25 23:07:50] ANN_model saved with Val_ACC: 0.8906
[2025-08-25 23:07:50] ----------------------------------------------------------------------------------------------------
[2025-08-25 23:07:50] ANN_model saved with Val_ACC: 0.8943
[2025-08-25 23:07:50] ----------------------------------------------------------------------------------------------------
[2025-08-25 23:07:51] ANN_model saved with Val_ACC: 0.8958
[2025-08-25 23:07:51] ----------------------------------------------------------------------------------------------------
[2025-08-25 23:07:51] ANN_model saved with Val_ACC: 0.8973
[2025-08-25 23:07:51] ----------------------------------------------------------------------------------------------------
[2025-08-25 23:07:52] ANN_model saved with Val_ACC: 0.8987
[2025-08-25 23:07:52] ----------------------------------------------------------------------------------------------------
[2025-08-25 23:07:52] fold_5: Epoch [21/150], Loss: 0.3370, ACC: 0.8943, AUC: 0.9566
[2025-08-25 23:07:53] ANN_model saved with Val_ACC: 0.9024
[2025-08-25 23:07:53] ----------------------------------------------------------------------------------------------------
[2025-08-25 23:07:54] ANN_model saved with Val_ACC: 0.9032
[2025-08-25 23:07:54] ----------------------------------------------------------------------------------------------------
[2025-08-25 23:07:54] ANN_model saved with Val_ACC: 0.9061
[2025-08-25 23:07:54] ----------------------------------------------------------------------------------------------------
[2025-08-25 23:07:57] fold_5: Epoch [41/150], Loss: 0.3194, ACC: 0.9017, AUC: 0.9574
[2025-08-25 23:08:01] fold_5: Epoch [61/150], Loss: 0.3164, ACC: 0.9061, AUC: 0.9586
[2025-08-25 23:08:06] fold_5: Epoch [81/150], Loss: 0.3155, ACC: 0.9039, AUC: 0.9598
[2025-08-25 23:08:07] ANN_model saved with Val_ACC: 0.9091
[2025-08-25 23:08:07] ----------------------------------------------------------------------------------------------------
[2025-08-25 23:08:10] fold_5: Epoch [101/150], Loss: 0.3312, ACC: 0.8751, AUC: 0.9466
[2025-08-25 23:08:15] fold_5: Epoch [121/150], Loss: 0.3180, ACC: 0.8965, AUC: 0.9584
[2025-08-25 23:08:20] fold_5: Epoch [141/150], Loss: 0.3164, ACC: 0.9002, AUC: 0.9590
[2025-08-25 23:12:42] ****************************************************************************************************
[2025-08-25 23:12:42] *           AVG MACSynCDR Results for One Drug leave out (ODLO):
[2025-08-25 23:12:42] ****************************************************************************************************
[2025-08-25 23:12:42]  AUC: 0.8686 ± 0.0438
[2025-08-25 23:12:42]  Accuracy: 0.6264 ± 0.1591
[2025-08-25 23:12:42]  AUC-PR: 0.8422 ± 0.0443
[2025-08-25 23:12:42]  Precision: 0.5999 ± 0.1480
[2025-08-25 23:12:42]  Recall: 0.9331 ± 0.0719
[2025-08-25 23:12:42]  F1: 0.7124 ± 0.0817
[2025-08-25 23:12:42]  BACC: 0.6482 ± 0.1426
[2025-08-25 23:12:42]  Kappa: 0.2923 ± 0.2851
[2025-08-25 23:12:42]  RMSE: 15.9795 ± 2.5921
[2025-08-25 23:12:42]  PCC: 0.6253 ± 0.0595
[2025-08-25 23:12:42] ****************************************************************************************************
[2025-08-25 23:12:42] *           Final Ensemble MACSynCDR Results for One Drug leave out (ODLO):
[2025-08-25 23:12:42] ****************************************************************************************************
Fitting 5 folds for each of 14 candidates, totalling 70 fits
=== XGBoost Stacking Results ===
AUC: 0.8983
ACC: 0.8202
AUC-PR: 0.8687
Precision: 0.7600
Recall: 0.8924
F1: 0.8209
BACC: 0.8254
Kappa: 0.6428
RMSE: 0.4110
PCC: 0.7016

=== LightGBM Stacking Results ===
AUC: 0.8970
ACC: 0.8148
AUC-PR: 0.8743
Precision: 0.7508
Recall: 0.8963
F1: 0.8171
BACC: 0.8206
Kappa: 0.6325
RMSE: 0.4104
PCC: 0.6981

=== LR Stacking Results ===
AUC: 0.9008
ACC: 0.7850
AUC-PR: 0.8756
Precision: 0.6970
Recall: 0.9452
F1: 0.8023
BACC: 0.7964
Kappa: 0.5782
RMSE: 0.4402
PCC: 0.6894

Sanity check (shuffled labels accuracy): 0.4941

Accuracy: 0.7850, AUC-ROC: 0.9008
 AUC-PR: 0.8756, Precision: 0.6970, Recall: 0.9452, F1 Score: 0.8023
BACC: 0.7964 , Kappa: 0.5782
RMSE: 14.6469 , PCC: 0.6894