[2025-08-21 03:21:47] Fold 1
[2025-08-21 03:21:47] ----------------------------------------------------------------------------------------------------
[2025-08-21 03:21:51] ANN_model saved with Val_ACC: 0.5111
[2025-08-21 03:21:51] ----------------------------------------------------------------------------------------------------
[2025-08-21 03:21:51] fold_1: Epoch [1/10], Loss: 0.6952, ACC: 0.5111, AUC: 0.5642
[2025-08-21 03:21:52] ANN_model saved with Val_ACC: 0.7860
[2025-08-21 03:21:52] ----------------------------------------------------------------------------------------------------
[2025-08-21 03:21:52] ANN_model saved with Val_ACC: 0.8038
[2025-08-21 03:21:52] ----------------------------------------------------------------------------------------------------
[2025-08-21 03:21:53] ANN_model saved with Val_ACC: 0.8184
[2025-08-21 03:21:53] ----------------------------------------------------------------------------------------------------
[2025-08-21 03:21:53] ANN_model saved with Val_ACC: 0.8381
[2025-08-21 03:21:53] ----------------------------------------------------------------------------------------------------
[2025-08-21 03:21:54] ANN_model saved with Val_ACC: 0.8546
[2025-08-21 03:21:54] ----------------------------------------------------------------------------------------------------
[2025-08-21 03:21:54] ANN_model saved with Val_ACC: 0.8692
[2025-08-21 03:21:54] ----------------------------------------------------------------------------------------------------
[2025-08-21 03:21:55] ANN_model saved with Val_ACC: 0.8730
[2025-08-21 03:21:55] ----------------------------------------------------------------------------------------------------
[2025-08-21 03:21:55] ANN_model saved with Val_ACC: 0.8762
[2025-08-21 03:21:55] ----------------------------------------------------------------------------------------------------
[2025-08-21 03:21:56] ANN_model saved with Val_ACC: 0.8857
[2025-08-21 03:21:56] ----------------------------------------------------------------------------------------------------
[2025-08-21 03:23:16] Finall ensemble results of fold_1 for MACSynDCR:
[2025-08-21 03:23:16] ----------------------------------------------------------------------------------------------------
[2025-08-21 03:23:16] Ensemble Accuracy: 0.9029, AUC-ROC: 0.9594, 
Ensemble AUC-PR: 0.9570, Precision: 0.8956, 
Ensemble Recall: 0.9105, F1 Score: 0.9030, 
Ensemble RMSE: 12.3693
[2025-08-21 03:23:16] ----------------------------------------------------------------------------------------------------
[2025-08-21 03:23:16] Fold 2
[2025-08-21 03:23:16] ----------------------------------------------------------------------------------------------------
[2025-08-21 03:23:16] ANN_model saved with Val_ACC: 0.4933
[2025-08-21 03:23:16] ----------------------------------------------------------------------------------------------------
[2025-08-21 03:23:16] fold_2: Epoch [1/10], Loss: 0.7065, ACC: 0.4933, AUC: 0.5253
[2025-08-21 03:23:17] ANN_model saved with Val_ACC: 0.7924
[2025-08-21 03:23:17] ----------------------------------------------------------------------------------------------------
[2025-08-21 03:23:17] ANN_model saved with Val_ACC: 0.8108
[2025-08-21 03:23:17] ----------------------------------------------------------------------------------------------------
[2025-08-21 03:23:17] ANN_model saved with Val_ACC: 0.8279
[2025-08-21 03:23:17] ----------------------------------------------------------------------------------------------------
[2025-08-21 03:23:18] ANN_model saved with Val_ACC: 0.8406
[2025-08-21 03:23:18] ----------------------------------------------------------------------------------------------------
[2025-08-21 03:23:18] ANN_model saved with Val_ACC: 0.8514
[2025-08-21 03:23:18] ----------------------------------------------------------------------------------------------------
[2025-08-21 03:23:19] ANN_model saved with Val_ACC: 0.8578
[2025-08-21 03:23:19] ----------------------------------------------------------------------------------------------------
[2025-08-21 03:23:19] ANN_model saved with Val_ACC: 0.8641
[2025-08-21 03:23:19] ----------------------------------------------------------------------------------------------------
[2025-08-21 03:23:19] ANN_model saved with Val_ACC: 0.8743
[2025-08-21 03:23:19] ----------------------------------------------------------------------------------------------------
[2025-08-21 03:23:20] ANN_model saved with Val_ACC: 0.8825
[2025-08-21 03:23:20] ----------------------------------------------------------------------------------------------------
[2025-08-21 03:24:28] Finall ensemble results of fold_2 for MACSynDCR:
[2025-08-21 03:24:28] ----------------------------------------------------------------------------------------------------
[2025-08-21 03:24:28] Ensemble Accuracy: 0.8933, AUC-ROC: 0.9569, 
Ensemble AUC-PR: 0.9544, Precision: 0.8876, 
Ensemble Recall: 0.8968, F1 Score: 0.8922, 
Ensemble RMSE: 12.9615
[2025-08-21 03:24:28] ----------------------------------------------------------------------------------------------------
[2025-08-21 03:24:28] Fold 3
[2025-08-21 03:24:28] ----------------------------------------------------------------------------------------------------
[2025-08-21 03:24:29] ANN_model saved with Val_ACC: 0.4419
[2025-08-21 03:24:29] ----------------------------------------------------------------------------------------------------
[2025-08-21 03:24:29] fold_3: Epoch [1/10], Loss: 0.7123, ACC: 0.4419, AUC: 0.4243
[2025-08-21 03:24:29] ANN_model saved with Val_ACC: 0.8000
[2025-08-21 03:24:29] ----------------------------------------------------------------------------------------------------
[2025-08-21 03:24:30] ANN_model saved with Val_ACC: 0.8222
[2025-08-21 03:24:30] ----------------------------------------------------------------------------------------------------
[2025-08-21 03:24:30] ANN_model saved with Val_ACC: 0.8349
[2025-08-21 03:24:30] ----------------------------------------------------------------------------------------------------
[2025-08-21 03:24:30] ANN_model saved with Val_ACC: 0.8432
[2025-08-21 03:24:30] ----------------------------------------------------------------------------------------------------
[2025-08-21 03:24:31] ANN_model saved with Val_ACC: 0.8521
[2025-08-21 03:24:31] ----------------------------------------------------------------------------------------------------
[2025-08-21 03:24:31] ANN_model saved with Val_ACC: 0.8629
[2025-08-21 03:24:31] ----------------------------------------------------------------------------------------------------
[2025-08-21 03:24:31] ANN_model saved with Val_ACC: 0.8787
[2025-08-21 03:24:31] ----------------------------------------------------------------------------------------------------
[2025-08-21 03:24:32] ANN_model saved with Val_ACC: 0.8889
[2025-08-21 03:24:32] ----------------------------------------------------------------------------------------------------
[2025-08-21 03:24:32] ANN_model saved with Val_ACC: 0.8940
[2025-08-21 03:24:32] ----------------------------------------------------------------------------------------------------
[2025-08-21 03:25:39] Finall ensemble results of fold_3 for MACSynDCR:
[2025-08-21 03:25:39] ----------------------------------------------------------------------------------------------------
[2025-08-21 03:25:39] Ensemble Accuracy: 0.9016, AUC-ROC: 0.9612, 
Ensemble AUC-PR: 0.9554, Precision: 0.8953, 
Ensemble Recall: 0.9035, F1 Score: 0.8994, 
Ensemble RMSE: 12.4499
[2025-08-21 03:25:39] ----------------------------------------------------------------------------------------------------
[2025-08-21 03:25:39] Fold 4
[2025-08-21 03:25:39] ----------------------------------------------------------------------------------------------------
[2025-08-21 03:25:40] ANN_model saved with Val_ACC: 0.4863
[2025-08-21 03:25:40] ----------------------------------------------------------------------------------------------------
[2025-08-21 03:25:40] fold_4: Epoch [1/10], Loss: 0.7238, ACC: 0.4863, AUC: 0.4345
[2025-08-21 03:25:40] ANN_model saved with Val_ACC: 0.7949
[2025-08-21 03:25:40] ----------------------------------------------------------------------------------------------------
[2025-08-21 03:25:41] ANN_model saved with Val_ACC: 0.8222
[2025-08-21 03:25:41] ----------------------------------------------------------------------------------------------------
[2025-08-21 03:25:41] ANN_model saved with Val_ACC: 0.8305
[2025-08-21 03:25:41] ----------------------------------------------------------------------------------------------------
[2025-08-21 03:25:41] ANN_model saved with Val_ACC: 0.8432
[2025-08-21 03:25:41] ----------------------------------------------------------------------------------------------------
[2025-08-21 03:25:42] ANN_model saved with Val_ACC: 0.8495
[2025-08-21 03:25:42] ----------------------------------------------------------------------------------------------------
[2025-08-21 03:25:42] ANN_model saved with Val_ACC: 0.8641
[2025-08-21 03:25:42] ----------------------------------------------------------------------------------------------------
[2025-08-21 03:25:42] ANN_model saved with Val_ACC: 0.8756
[2025-08-21 03:25:42] ----------------------------------------------------------------------------------------------------
[2025-08-21 03:25:43] ANN_model saved with Val_ACC: 0.8883
[2025-08-21 03:25:43] ----------------------------------------------------------------------------------------------------
[2025-08-21 03:26:52] Finall ensemble results of fold_4 for MACSynDCR:
[2025-08-21 03:26:52] ----------------------------------------------------------------------------------------------------
[2025-08-21 03:26:52] Ensemble Accuracy: 0.8952, AUC-ROC: 0.9597, 
Ensemble AUC-PR: 0.9601, Precision: 0.8948, 
Ensemble Recall: 0.9004, F1 Score: 0.8976, 
Ensemble RMSE: 12.8452
[2025-08-21 03:26:52] ----------------------------------------------------------------------------------------------------
[2025-08-21 03:26:52] Fold 5
[2025-08-21 03:26:52] ----------------------------------------------------------------------------------------------------
[2025-08-21 03:26:52] ANN_model saved with Val_ACC: 0.4797
[2025-08-21 03:26:52] ----------------------------------------------------------------------------------------------------
[2025-08-21 03:26:52] fold_5: Epoch [1/10], Loss: 0.7018, ACC: 0.4797, AUC: 0.4670
[2025-08-21 03:26:53] ANN_model saved with Val_ACC: 0.8094
[2025-08-21 03:26:53] ----------------------------------------------------------------------------------------------------
[2025-08-21 03:26:53] ANN_model saved with Val_ACC: 0.8278
[2025-08-21 03:26:53] ----------------------------------------------------------------------------------------------------
[2025-08-21 03:26:53] ANN_model saved with Val_ACC: 0.8443
[2025-08-21 03:26:53] ----------------------------------------------------------------------------------------------------
[2025-08-21 03:26:54] ANN_model saved with Val_ACC: 0.8469
[2025-08-21 03:26:54] ----------------------------------------------------------------------------------------------------
[2025-08-21 03:26:54] ANN_model saved with Val_ACC: 0.8577
[2025-08-21 03:26:54] ----------------------------------------------------------------------------------------------------
[2025-08-21 03:26:55] ANN_model saved with Val_ACC: 0.8685
[2025-08-21 03:26:55] ----------------------------------------------------------------------------------------------------
[2025-08-21 03:26:55] ANN_model saved with Val_ACC: 0.8761
[2025-08-21 03:26:55] ----------------------------------------------------------------------------------------------------
[2025-08-21 03:26:55] ANN_model saved with Val_ACC: 0.8806
[2025-08-21 03:26:55] ----------------------------------------------------------------------------------------------------
[2025-08-21 03:26:56] ANN_model saved with Val_ACC: 0.8850
[2025-08-21 03:26:56] ----------------------------------------------------------------------------------------------------
[2025-08-21 03:28:03] Finall ensemble results of fold_5 for MACSynDCR:
[2025-08-21 03:28:03] ----------------------------------------------------------------------------------------------------
[2025-08-21 03:28:03] Ensemble Accuracy: 0.9028, AUC-ROC: 0.9605, 
Ensemble AUC-PR: 0.9611, Precision: 0.9027, 
Ensemble Recall: 0.9061, F1 Score: 0.9044, 
Ensemble RMSE: 12.3693
[2025-08-21 03:28:03] ----------------------------------------------------------------------------------------------------
[2025-08-21 03:28:03] ****************************************************************************************************
[2025-08-21 03:28:03] *          Final MACSynCDR Results:
[2025-08-21 03:28:03] ****************************************************************************************************
[2025-08-21 03:28:03]  AUC: 0.9596 ± 0.0015
[2025-08-21 03:28:03]  Accuracy: 0.8992 ± 0.0041
[2025-08-21 03:28:03]  AUC-PR: 0.9576 ± 0.0026
[2025-08-21 03:28:03]  Precision: 0.8952 ± 0.0048
[2025-08-21 03:28:03]  Recall: 0.9035 ± 0.0047
[2025-08-21 03:28:03]  F1: 0.8993 ± 0.0043
[2025-08-21 03:28:03]  RMSE: 12.5990 ± 0.2529
[2025-08-21 03:28:03]  PCC: 0.8329 ± 0.0047


C:\Users\srahaman2\Documents\PhD research\MACSynDCR\LapMGAN>python MACSynDCR_CV_RUN_with_LMGAN_shape.py --epoch 10 --suffix Ablation_Mutation
2025-08-21 03:21:22.817568: I tensorflow/core/util/port.cc:153] oneDNN custom operations are on. You may see slightly different numerical results due to floating-point round-off errors from different computation orders. To turn them off, set the environment variable `TF_ENABLE_ONEDNN_OPTS=0`.
2025-08-21 03:21:26.655373: I tensorflow/core/util/port.cc:153] oneDNN custom operations are on. You may see slightly different numerical results due to floating-point round-off errors from different computation orders. To turn them off, set the environment variable `TF_ENABLE_ONEDNN_OPTS=0`.
Fold 1
Data processing and Training of MACSynDCR_ANN model:
ANN_model saved with Val_ACC: 0.5111 Val_AUC: 0.5642
fold_1: Epoch [1/10], Loss: 0.6952, Val_ACC: 0.5111, Val_AUC: 0.5642
ANN_model saved with Val_ACC: 0.7860 Val_AUC: 0.8614
ANN_model saved with Val_ACC: 0.8038 Val_AUC: 0.8898
ANN_model saved with Val_ACC: 0.8184 Val_AUC: 0.9046
ANN_model saved with Val_ACC: 0.8381 Val_AUC: 0.9162
ANN_model saved with Val_ACC: 0.8546 Val_AUC: 0.9272
ANN_model saved with Val_ACC: 0.8692 Val_AUC: 0.9371
ANN_model saved with Val_ACC: 0.8730 Val_AUC: 0.9435
ANN_model saved with Val_ACC: 0.8762 Val_AUC: 0.9449
ANN_model saved with Val_ACC: 0.8857 Val_AUC: 0.9489
Accuracy: 0.8857, AUC-ROC: 0.9489
 AUC-PR: 0.9482, Precision: 0.8772, Recall: 0.8951, F1 Score: 0.8861
RMSE: 11.7493 , PCC: 0.8072
Data processing and Training of MACSynDCR_ANN model:
2025-08-21 03:21:56.791768: I tensorflow/core/platform/cpu_feature_guard.cc:210] This TensorFlow binary is optimized to use available CPU instructions in performance-critical operations.
To enable the following instructions: AVX2 FMA, in other operations, rebuild TensorFlow with the appropriate compiler flags.
MACSynDCR_ANN model:
Model: "sequential"
????????????????????????????????????????????????????????????????????????????????????????
? Layer (type)                         ? Output Shape                ?         Param # ?
????????????????????????????????????????????????????????????????????????????????????????
¦ dense (Dense)                        ¦ (None, 2048)                ¦       4,458,496 ¦
+--------------------------------------+-----------------------------+-----------------¦
¦ batch_normalization                  ¦ (None, 2048)                ¦           8,192 ¦
¦ (BatchNormalization)                 ¦                             ¦                 ¦
+--------------------------------------+-----------------------------+-----------------¦
¦ dense_1 (Dense)                      ¦ (None, 1024)                ¦       2,098,176 ¦
+--------------------------------------+-----------------------------+-----------------¦
¦ batch_normalization_1                ¦ (None, 1024)                ¦           4,096 ¦
¦ (BatchNormalization)                 ¦                             ¦                 ¦
+--------------------------------------+-----------------------------+-----------------¦
¦ dense_2 (Dense)                      ¦ (None, 512)                 ¦         524,800 ¦
+--------------------------------------+-----------------------------+-----------------¦
¦ batch_normalization_2                ¦ (None, 512)                 ¦           2,048 ¦
¦ (BatchNormalization)                 ¦                             ¦                 ¦
+--------------------------------------+-----------------------------+-----------------¦
¦ dense_3 (Dense)                      ¦ (None, 256)                 ¦         131,328 ¦
+--------------------------------------+-----------------------------+-----------------¦
¦ batch_normalization_3                ¦ (None, 256)                 ¦           1,024 ¦
¦ (BatchNormalization)                 ¦                             ¦                 ¦
+--------------------------------------+-----------------------------+-----------------¦
¦ dense_4 (Dense)                      ¦ (None, 128)                 ¦          32,896 ¦
+--------------------------------------+-----------------------------+-----------------¦
¦ batch_normalization_4                ¦ (None, 128)                 ¦             512 ¦
¦ (BatchNormalization)                 ¦                             ¦                 ¦
+--------------------------------------+-----------------------------+-----------------¦
¦ dense_5 (Dense)                      ¦ (None, 2)                   ¦             258 ¦
+--------------------------------------------------------------------------------------+
 Total params: 7,261,826 (27.70 MB)
 Trainable params: 7,253,890 (27.67 MB)
 Non-trainable params: 7,936 (31.00 KB)
Epoch 1/10
49/50 ???????????????????? 0s 54ms/step - acc: 0.7479 - auc: 0.8214 - loss: 0.5933
Epoch 1: val_auc improved from -inf to 0.63231, saving model to saved_models/best_MACSynDCR_ANN_model.keras
50/50 ???????????????????? 7s 79ms/step - acc: 0.7500 - auc: 0.8238 - loss: 0.5880 - val_acc: 0.5137 - val_auc: 0.6323 - val_loss: 1.1498
Epoch 2/10
49/50 ???????????????????? 0s 58ms/step - acc: 0.9065 - auc: 0.9660 - loss: 0.2405
Epoch 2: val_auc improved from 0.63231 to 0.80522, saving model to saved_models/best_MACSynDCR_ANN_model.keras
50/50 ???????????????????? 4s 76ms/step - acc: 0.9062 - auc: 0.9658 - loss: 0.2408 - val_acc: 0.7276 - val_auc: 0.8052 - val_loss: 0.5348
Epoch 3/10
49/50 ???????????????????? 0s 56ms/step - acc: 0.9288 - auc: 0.9808 - loss: 0.1799
Epoch 3: val_auc improved from 0.80522 to 0.87621, saving model to saved_models/best_MACSynDCR_ANN_model.keras
50/50 ???????????????????? 4s 75ms/step - acc: 0.9287 - auc: 0.9808 - loss: 0.1799 - val_acc: 0.7968 - val_auc: 0.8762 - val_loss: 0.4505
Epoch 4/10
49/50 ???????????????????? 0s 53ms/step - acc: 0.9452 - auc: 0.9863 - loss: 0.1472
Epoch 4: val_auc improved from 0.87621 to 0.89571, saving model to saved_models/best_MACSynDCR_ANN_model.keras
50/50 ???????????????????? 4s 70ms/step - acc: 0.9450 - auc: 0.9862 - loss: 0.1475 - val_acc: 0.8063 - val_auc: 0.8957 - val_loss: 0.4409
Epoch 5/10
49/50 ???????????????????? 0s 52ms/step - acc: 0.9590 - auc: 0.9928 - loss: 0.1094
Epoch 5: val_auc improved from 0.89571 to 0.93198, saving model to saved_models/best_MACSynDCR_ANN_model.keras
50/50 ???????????????????? 3s 69ms/step - acc: 0.9589 - auc: 0.9927 - loss: 0.1095 - val_acc: 0.8571 - val_auc: 0.9320 - val_loss: 0.3533
Epoch 6/10
49/50 ???????????????????? 0s 54ms/step - acc: 0.9645 - auc: 0.9924 - loss: 0.1040
Epoch 6: val_auc improved from 0.93198 to 0.93374, saving model to saved_models/best_MACSynDCR_ANN_model.keras
50/50 ???????????????????? 4s 72ms/step - acc: 0.9642 - auc: 0.9923 - loss: 0.1044 - val_acc: 0.8616 - val_auc: 0.9337 - val_loss: 0.3882
Epoch 7/10
50/50 ???????????????????? 0s 52ms/step - acc: 0.9607 - auc: 0.9921 - loss: 0.1082
Epoch 7: val_auc improved from 0.93374 to 0.93779, saving model to saved_models/best_MACSynDCR_ANN_model.keras
50/50 ???????????????????? 4s 70ms/step - acc: 0.9607 - auc: 0.9921 - loss: 0.1083 - val_acc: 0.8629 - val_auc: 0.9378 - val_loss: 0.3946
Epoch 8/10
50/50 ???????????????????? 0s 52ms/step - acc: 0.9620 - auc: 0.9939 - loss: 0.0994
Epoch 8: val_auc improved from 0.93779 to 0.94583, saving model to saved_models/best_MACSynDCR_ANN_model.keras
50/50 ???????????????????? 3s 69ms/step - acc: 0.9620 - auc: 0.9939 - loss: 0.0995 - val_acc: 0.8832 - val_auc: 0.9458 - val_loss: 0.3735
Epoch 9/10
50/50 ???????????????????? 0s 52ms/step - acc: 0.9769 - auc: 0.9972 - loss: 0.0639
Epoch 9: val_auc improved from 0.94583 to 0.95025, saving model to saved_models/best_MACSynDCR_ANN_model.keras
50/50 ???????????????????? 4s 70ms/step - acc: 0.9768 - auc: 0.9972 - loss: 0.0639 - val_acc: 0.8851 - val_auc: 0.9503 - val_loss: 0.3470
Epoch 10/10
50/50 ???????????????????? 0s 52ms/step - acc: 0.9759 - auc: 0.9967 - loss: 0.0653
Epoch 10: val_auc did not improve from 0.95025
50/50 ???????????????????? 3s 55ms/step - acc: 0.9758 - auc: 0.9966 - loss: 0.0656 - val_acc: 0.8686 - val_auc: 0.9340 - val_loss: 0.4462
50/50 ???????????????????? 0s 6ms/step
50/50 ???????????????????? 0s 4ms/step
ANN: Accuracy: 0.8851, AUC-ROC: 0.9555
ANN: AUC-PR: 0.9559, Precision: 0.8625,
ANN Recall: 0.9143, F1 Score: 0.8876
\ANN:RMSE: 13.4536 , PCC: 0.8143
Data processing and Training of MACSynDCR_CNN model:
MACSynDCR_CNN model:
Model: "sequential_1"
????????????????????????????????????????????????????????????????????????????????????????
? Layer (type)                         ? Output Shape                ?         Param # ?
????????????????????????????????????????????????????????????????????????????????????????
¦ conv2d (Conv2D)                      ¦ (None, 66, 30, 32)          ¦             320 ¦
+--------------------------------------+-----------------------------+-----------------¦
¦ max_pooling2d (MaxPooling2D)         ¦ (None, 33, 15, 32)          ¦               0 ¦
+--------------------------------------+-----------------------------+-----------------¦
¦ dropout (Dropout)                    ¦ (None, 33, 15, 32)          ¦               0 ¦
+--------------------------------------+-----------------------------+-----------------¦
¦ conv2d_1 (Conv2D)                    ¦ (None, 31, 13, 64)          ¦          18,496 ¦
+--------------------------------------+-----------------------------+-----------------¦
¦ max_pooling2d_1 (MaxPooling2D)       ¦ (None, 15, 6, 64)           ¦               0 ¦
+--------------------------------------+-----------------------------+-----------------¦
¦ dropout_1 (Dropout)                  ¦ (None, 15, 6, 64)           ¦               0 ¦
+--------------------------------------+-----------------------------+-----------------¦
¦ conv2d_2 (Conv2D)                    ¦ (None, 13, 4, 128)          ¦          73,856 ¦
+--------------------------------------+-----------------------------+-----------------¦
¦ max_pooling2d_2 (MaxPooling2D)       ¦ (None, 6, 2, 128)           ¦               0 ¦
+--------------------------------------+-----------------------------+-----------------¦
¦ dropout_2 (Dropout)                  ¦ (None, 6, 2, 128)           ¦               0 ¦
+--------------------------------------+-----------------------------+-----------------¦
¦ flatten (Flatten)                    ¦ (None, 1536)                ¦               0 ¦
+--------------------------------------+-----------------------------+-----------------¦
¦ dense_6 (Dense)                      ¦ (None, 128)                 ¦         196,736 ¦
+--------------------------------------+-----------------------------+-----------------¦
¦ dense_7 (Dense)                      ¦ (None, 2)                   ¦             258 ¦
+--------------------------------------------------------------------------------------+
 Total params: 289,666 (1.10 MB)
 Trainable params: 289,666 (1.10 MB)
 Non-trainable params: 0 (0.00 B)
Epoch 1/10
49/50 ???????????????????? 0s 62ms/step - acc: 0.5082 - auc: 0.5019 - loss: 0.7144
Epoch 1: val_acc improved from -inf to 0.49651, saving model to saved_models/best_MACSynDCR_CNN_model.keras
50/50 ???????????????????? 5s 73ms/step - acc: 0.5079 - auc: 0.5019 - loss: 0.7139 - val_acc: 0.4965 - val_auc: 0.4984 - val_loss: 0.6930
Epoch 2/10
50/50 ???????????????????? 0s 50ms/step - acc: 0.4990 - auc: 0.5069 - loss: 0.6931
Epoch 2: val_acc improved from 0.49651 to 0.50349, saving model to saved_models/best_MACSynDCR_CNN_model.keras
50/50 ???????????????????? 3s 56ms/step - acc: 0.4992 - auc: 0.5070 - loss: 0.6931 - val_acc: 0.5035 - val_auc: 0.5167 - val_loss: 0.6923
Epoch 3/10
49/50 ???????????????????? 0s 56ms/step - acc: 0.5137 - auc: 0.5344 - loss: 0.6920
Epoch 3: val_acc improved from 0.50349 to 0.55746, saving model to saved_models/best_MACSynDCR_CNN_model.keras
50/50 ???????????????????? 3s 61ms/step - acc: 0.5148 - auc: 0.5356 - loss: 0.6920 - val_acc: 0.5575 - val_auc: 0.6799 - val_loss: 0.6791
Epoch 4/10
49/50 ???????????????????? 0s 61ms/step - acc: 0.6016 - auc: 0.6439 - loss: 0.6633
Epoch 4: val_acc improved from 0.55746 to 0.76635, saving model to saved_models/best_MACSynDCR_CNN_model.keras
50/50 ???????????????????? 3s 66ms/step - acc: 0.6038 - auc: 0.6467 - loss: 0.6618 - val_acc: 0.7663 - val_auc: 0.8432 - val_loss: 0.5055
Epoch 5/10
50/50 ???????????????????? 0s 60ms/step - acc: 0.7533 - auc: 0.8320 - loss: 0.5065
Epoch 5: val_acc improved from 0.76635 to 0.78730, saving model to saved_models/best_MACSynDCR_CNN_model.keras
50/50 ???????????????????? 3s 66ms/step - acc: 0.7535 - auc: 0.8321 - loss: 0.5064 - val_acc: 0.7873 - val_auc: 0.8629 - val_loss: 0.4696
Epoch 6/10
50/50 ???????????????????? 0s 53ms/step - acc: 0.7787 - auc: 0.8589 - loss: 0.4692
Epoch 6: val_acc improved from 0.78730 to 0.79619, saving model to saved_models/best_MACSynDCR_CNN_model.keras
50/50 ???????????????????? 3s 58ms/step - acc: 0.7788 - auc: 0.8589 - loss: 0.4690 - val_acc: 0.7962 - val_auc: 0.8793 - val_loss: 0.4370
Epoch 7/10
49/50 ???????????????????? 0s 51ms/step - acc: 0.7943 - auc: 0.8789 - loss: 0.4366
Epoch 7: val_acc did not improve from 0.79619
50/50 ???????????????????? 3s 54ms/step - acc: 0.7944 - auc: 0.8789 - loss: 0.4367 - val_acc: 0.7949 - val_auc: 0.8777 - val_loss: 0.4381
Epoch 8/10
50/50 ???????????????????? 0s 51ms/step - acc: 0.8145 - auc: 0.8932 - loss: 0.4134
Epoch 8: val_acc improved from 0.79619 to 0.80190, saving model to saved_models/best_MACSynDCR_CNN_model.keras
50/50 ???????????????????? 3s 57ms/step - acc: 0.8144 - auc: 0.8931 - loss: 0.4136 - val_acc: 0.8019 - val_auc: 0.8787 - val_loss: 0.4388
Epoch 9/10
48/50 ???????????????????? 0s 48ms/step - acc: 0.8100 - auc: 0.8894 - loss: 0.4188
Epoch 9: val_acc did not improve from 0.80190
50/50 ???????????????????? 3s 52ms/step - acc: 0.8099 - auc: 0.8893 - loss: 0.4190 - val_acc: 0.8019 - val_auc: 0.8847 - val_loss: 0.4277
Epoch 10/10
50/50 ???????????????????? 0s 46ms/step - acc: 0.8165 - auc: 0.8928 - loss: 0.4131
Epoch 10: val_acc improved from 0.80190 to 0.80254, saving model to saved_models/best_MACSynDCR_CNN_model.keras
50/50 ???????????????????? 3s 51ms/step - acc: 0.8163 - auc: 0.8928 - loss: 0.4131 - val_acc: 0.8025 - val_auc: 0.8860 - val_loss: 0.4259
50/50 ???????????????????? 0s 5ms/step
50/50 ???????????????????? 0s 4ms/step
CNN: Accuracy: 0.8025, AUC-ROC: 0.8880
CNN: AUC-PR: 0.8858, Precision: 0.8369,
CNN Recall: 0.7481, F1 Score: 0.7900
CNN:RMSE: 17.6352 , PCC: 0.6774
Evaluation of Keras MACSynDCR_ANN model:
50/50 ???????????????????? 1s 4ms/step - acc: 0.8845 - auc: 0.9511 - loss: 0.3439
Evaluate->  Loss: 0.3470, Accuracy: 0.8851,AUC: 0.9503
50/50 ???????????????????? 0s 6ms/step
197/197 ???????????????????? 1s 4ms/step
ANN: Accuracy: 0.8851, AUC-ROC: 0.9555
ANN: AUC-PR: 0.9559, Precision: 0.8625,
ANN Recall: 0.9143, F1 Score: 0.8876
ANN:RMSE: 13.4536 , PCC: 0.8143
****************************************************************************************************
Evaluation of Keras MACSynDCR_CNN model:
50/50 ???????????????????? 1s 4ms/step - acc: 0.7948 - auc: 0.8763 - loss: 0.4419
Evaluate->  Loss: 0.4259, Accuracy: 0.8025,Accuracy: 0.8860
50/50 ???????????????????? 0s 6ms/step
197/197 ???????????????????? 1s 5ms/step
CNN: Accuracy: 0.8025, AUC-ROC: 0.8880
CNN: AUC-PR: 0.8858, Precision: 0.8369,
CNN Recall: 0.7481, F1 Score: 0.7900
CNN:RMSE: 17.6352 , PCC: 0.6774
****************************************************************************************************
Accuracy Score and AUC for ANN = AUC: 0.9489, Accuracy: 0.8857
Accuracy Score and AUC for KANN = AUC: 0.9555, Accuracy: 0.8851
Accuracy Score and AUC for KCNN = AUC: 0.8880, Accuracy: 0.8025
Average AUC = AUC: 0.9545, Accuracy: 0.8914
MAX AUC = AUC: 0.9537, Accuracy: 0.8616
Fitting 5 folds for each of 14 candidates, totalling 70 fits
Finall ensemble results of fold_1 for MACSynDCR:
----------------------------------------------------------------------------------------------------
Ensemble Accuracy: 0.9029, AUC-ROC: 0.9594
Ensemble AUC-PR: 0.9570, Precision: 0.8956,
Ensemble Recall: 0.9105, F1 Score: 0.9030
Ensemble RMSE: 12.3693 , PCC: 0.8334
----------------------------------------------------------------------------------------------------
Fold 2
Data processing and Training of MACSynDCR_ANN model:
ANN_model saved with Val_ACC: 0.4933 Val_AUC: 0.5253
fold_2: Epoch [1/10], Loss: 0.7065, Val_ACC: 0.4933, Val_AUC: 0.5253
ANN_model saved with Val_ACC: 0.7924 Val_AUC: 0.8790
ANN_model saved with Val_ACC: 0.8108 Val_AUC: 0.9003
ANN_model saved with Val_ACC: 0.8279 Val_AUC: 0.9114
ANN_model saved with Val_ACC: 0.8406 Val_AUC: 0.9186
ANN_model saved with Val_ACC: 0.8514 Val_AUC: 0.9251
ANN_model saved with Val_ACC: 0.8578 Val_AUC: 0.9318
ANN_model saved with Val_ACC: 0.8641 Val_AUC: 0.9376
ANN_model saved with Val_ACC: 0.8743 Val_AUC: 0.9445
ANN_model saved with Val_ACC: 0.8825 Val_AUC: 0.9510
Accuracy: 0.8825, AUC-ROC: 0.9510
 AUC-PR: 0.9475, Precision: 0.8563, Recall: 0.9148, F1 Score: 0.8846
RMSE: 11.7460 , PCC: 0.8132
Data processing and Training of MACSynDCR_ANN model:
MACSynDCR_ANN model:
Model: "sequential_2"
????????????????????????????????????????????????????????????????????????????????????????
? Layer (type)                         ? Output Shape                ?         Param # ?
????????????????????????????????????????????????????????????????????????????????????????
¦ dense_8 (Dense)                      ¦ (None, 2048)                ¦       4,458,496 ¦
+--------------------------------------+-----------------------------+-----------------¦
¦ batch_normalization_5                ¦ (None, 2048)                ¦           8,192 ¦
¦ (BatchNormalization)                 ¦                             ¦                 ¦
+--------------------------------------+-----------------------------+-----------------¦
¦ dense_9 (Dense)                      ¦ (None, 1024)                ¦       2,098,176 ¦
+--------------------------------------+-----------------------------+-----------------¦
¦ batch_normalization_6                ¦ (None, 1024)                ¦           4,096 ¦
¦ (BatchNormalization)                 ¦                             ¦                 ¦
+--------------------------------------+-----------------------------+-----------------¦
¦ dense_10 (Dense)                     ¦ (None, 512)                 ¦         524,800 ¦
+--------------------------------------+-----------------------------+-----------------¦
¦ batch_normalization_7                ¦ (None, 512)                 ¦           2,048 ¦
¦ (BatchNormalization)                 ¦                             ¦                 ¦
+--------------------------------------+-----------------------------+-----------------¦
¦ dense_11 (Dense)                     ¦ (None, 256)                 ¦         131,328 ¦
+--------------------------------------+-----------------------------+-----------------¦
¦ batch_normalization_8                ¦ (None, 256)                 ¦           1,024 ¦
¦ (BatchNormalization)                 ¦                             ¦                 ¦
+--------------------------------------+-----------------------------+-----------------¦
¦ dense_12 (Dense)                     ¦ (None, 128)                 ¦          32,896 ¦
+--------------------------------------+-----------------------------+-----------------¦
¦ batch_normalization_9                ¦ (None, 128)                 ¦             512 ¦
¦ (BatchNormalization)                 ¦                             ¦                 ¦
+--------------------------------------+-----------------------------+-----------------¦
¦ dense_13 (Dense)                     ¦ (None, 2)                   ¦             258 ¦
+--------------------------------------------------------------------------------------+
 Total params: 7,261,826 (27.70 MB)
 Trainable params: 7,253,890 (27.67 MB)
 Non-trainable params: 7,936 (31.00 KB)
Epoch 1/10
50/50 ???????????????????? 0s 46ms/step - acc: 0.7501 - auc: 0.8257 - loss: 0.5872
Epoch 1: val_auc improved from -inf to 0.71823, saving model to saved_models/best_MACSynDCR_ANN_model.keras
50/50 ???????????????????? 6s 68ms/step - acc: 0.7511 - auc: 0.8267 - loss: 0.5848 - val_acc: 0.6190 - val_auc: 0.7182 - val_loss: 0.7403
Epoch 2/10
50/50 ???????????????????? 0s 47ms/step - acc: 0.9004 - auc: 0.9596 - loss: 0.2591
Epoch 2: val_auc improved from 0.71823 to 0.78960, saving model to saved_models/best_MACSynDCR_ANN_model.keras
50/50 ???????????????????? 3s 61ms/step - acc: 0.9005 - auc: 0.9596 - loss: 0.2589 - val_acc: 0.7086 - val_auc: 0.7896 - val_loss: 0.6086
Epoch 3/10
49/50 ???????????????????? 0s 47ms/step - acc: 0.9359 - auc: 0.9831 - loss: 0.1685
Epoch 3: val_auc improved from 0.78960 to 0.88201, saving model to saved_models/best_MACSynDCR_ANN_model.keras
50/50 ???????????????????? 3s 61ms/step - acc: 0.9356 - auc: 0.9829 - loss: 0.1690 - val_acc: 0.7937 - val_auc: 0.8820 - val_loss: 0.4594
Epoch 4/10
50/50 ???????????????????? 0s 47ms/step - acc: 0.9486 - auc: 0.9875 - loss: 0.1426
Epoch 4: val_auc improved from 0.88201 to 0.92447, saving model to saved_models/best_MACSynDCR_ANN_model.keras
50/50 ???????????????????? 3s 64ms/step - acc: 0.9485 - auc: 0.9875 - loss: 0.1427 - val_acc: 0.8514 - val_auc: 0.9245 - val_loss: 0.3761
Epoch 5/10
49/50 ???????????????????? 0s 47ms/step - acc: 0.9546 - auc: 0.9928 - loss: 0.1111
Epoch 5: val_auc improved from 0.92447 to 0.93554, saving model to saved_models/best_MACSynDCR_ANN_model.keras
50/50 ???????????????????? 3s 62ms/step - acc: 0.9546 - auc: 0.9927 - loss: 0.1113 - val_acc: 0.8641 - val_auc: 0.9355 - val_loss: 0.3801
Epoch 6/10
50/50 ???????????????????? 0s 47ms/step - acc: 0.9564 - auc: 0.9908 - loss: 0.1172
Epoch 6: val_auc improved from 0.93554 to 0.93881, saving model to saved_models/best_MACSynDCR_ANN_model.keras
50/50 ???????????????????? 3s 61ms/step - acc: 0.9563 - auc: 0.9908 - loss: 0.1173 - val_acc: 0.8737 - val_auc: 0.9388 - val_loss: 0.3852
Epoch 7/10
49/50 ???????????????????? 0s 47ms/step - acc: 0.9717 - auc: 0.9953 - loss: 0.0869
Epoch 7: val_auc improved from 0.93881 to 0.94051, saving model to saved_models/best_MACSynDCR_ANN_model.keras
50/50 ???????????????????? 3s 60ms/step - acc: 0.9716 - auc: 0.9953 - loss: 0.0871 - val_acc: 0.8717 - val_auc: 0.9405 - val_loss: 0.3932
Epoch 8/10
49/50 ???????????????????? 0s 47ms/step - acc: 0.9663 - auc: 0.9954 - loss: 0.0845
Epoch 8: val_auc improved from 0.94051 to 0.94324, saving model to saved_models/best_MACSynDCR_ANN_model.keras
50/50 ???????????????????? 3s 59ms/step - acc: 0.9663 - auc: 0.9953 - loss: 0.0847 - val_acc: 0.8813 - val_auc: 0.9432 - val_loss: 0.4132
Epoch 9/10
50/50 ???????????????????? 0s 46ms/step - acc: 0.9684 - auc: 0.9953 - loss: 0.0857
Epoch 9: val_auc did not improve from 0.94324
50/50 ???????????????????? 2s 49ms/step - acc: 0.9683 - auc: 0.9953 - loss: 0.0857 - val_acc: 0.8635 - val_auc: 0.9355 - val_loss: 0.4420
Epoch 10/10
49/50 ???????????????????? 0s 46ms/step - acc: 0.9723 - auc: 0.9967 - loss: 0.0692
Epoch 10: val_auc did not improve from 0.94324
50/50 ???????????????????? 2s 48ms/step - acc: 0.9724 - auc: 0.9967 - loss: 0.0691 - val_acc: 0.8660 - val_auc: 0.9359 - val_loss: 0.4623
50/50 ???????????????????? 0s 6ms/step
50/50 ???????????????????? 0s 4ms/step
ANN: Accuracy: 0.8813, AUC-ROC: 0.9481
ANN: AUC-PR: 0.9479, Precision: 0.8941,
ANN Recall: 0.8606, F1 Score: 0.8771
\ANN:RMSE: 13.6748 , PCC: 0.7905
Data processing and Training of MACSynDCR_CNN model:
MACSynDCR_CNN model:
Model: "sequential_3"
????????????????????????????????????????????????????????????????????????????????????????
? Layer (type)                         ? Output Shape                ?         Param # ?
????????????????????????????????????????????????????????????????????????????????????????
¦ conv2d_3 (Conv2D)                    ¦ (None, 66, 30, 32)          ¦             320 ¦
+--------------------------------------+-----------------------------+-----------------¦
¦ max_pooling2d_3 (MaxPooling2D)       ¦ (None, 33, 15, 32)          ¦               0 ¦
+--------------------------------------+-----------------------------+-----------------¦
¦ dropout_3 (Dropout)                  ¦ (None, 33, 15, 32)          ¦               0 ¦
+--------------------------------------+-----------------------------+-----------------¦
¦ conv2d_4 (Conv2D)                    ¦ (None, 31, 13, 64)          ¦          18,496 ¦
+--------------------------------------+-----------------------------+-----------------¦
¦ max_pooling2d_4 (MaxPooling2D)       ¦ (None, 15, 6, 64)           ¦               0 ¦
+--------------------------------------+-----------------------------+-----------------¦
¦ dropout_4 (Dropout)                  ¦ (None, 15, 6, 64)           ¦               0 ¦
+--------------------------------------+-----------------------------+-----------------¦
¦ conv2d_5 (Conv2D)                    ¦ (None, 13, 4, 128)          ¦          73,856 ¦
+--------------------------------------+-----------------------------+-----------------¦
¦ max_pooling2d_5 (MaxPooling2D)       ¦ (None, 6, 2, 128)           ¦               0 ¦
+--------------------------------------+-----------------------------+-----------------¦
¦ dropout_5 (Dropout)                  ¦ (None, 6, 2, 128)           ¦               0 ¦
+--------------------------------------+-----------------------------+-----------------¦
¦ flatten_1 (Flatten)                  ¦ (None, 1536)                ¦               0 ¦
+--------------------------------------+-----------------------------+-----------------¦
¦ dense_14 (Dense)                     ¦ (None, 128)                 ¦         196,736 ¦
+--------------------------------------+-----------------------------+-----------------¦
¦ dense_15 (Dense)                     ¦ (None, 2)                   ¦             258 ¦
+--------------------------------------------------------------------------------------+
 Total params: 289,666 (1.10 MB)
 Trainable params: 289,666 (1.10 MB)
 Non-trainable params: 0 (0.00 B)
Epoch 1/10
50/50 ???????????????????? 0s 46ms/step - acc: 0.4995 - auc: 0.5049 - loss: 0.6986
Epoch 1: val_acc improved from -inf to 0.49206, saving model to saved_models/best_MACSynDCR_CNN_model.keras
50/50 ???????????????????? 4s 56ms/step - acc: 0.4998 - auc: 0.5052 - loss: 0.6985 - val_acc: 0.4921 - val_auc: 0.6422 - val_loss: 0.6862
Epoch 2/10
48/50 ???????????????????? 0s 46ms/step - acc: 0.5544 - auc: 0.5851 - loss: 0.6827
Epoch 2: val_acc improved from 0.49206 to 0.78540, saving model to saved_models/best_MACSynDCR_CNN_model.keras
50/50 ???????????????????? 2s 49ms/step - acc: 0.5566 - auc: 0.5882 - loss: 0.6817 - val_acc: 0.7854 - val_auc: 0.8345 - val_loss: 0.5668
Epoch 3/10
49/50 ???????????????????? 0s 46ms/step - acc: 0.7393 - auc: 0.8067 - loss: 0.5480
Epoch 3: val_acc did not improve from 0.78540
50/50 ???????????????????? 2s 49ms/step - acc: 0.7395 - auc: 0.8071 - loss: 0.5472 - val_acc: 0.7854 - val_auc: 0.8679 - val_loss: 0.4691
Epoch 4/10
49/50 ???????????????????? 0s 46ms/step - acc: 0.7632 - auc: 0.8473 - loss: 0.4864
Epoch 4: val_acc improved from 0.78540 to 0.80571, saving model to saved_models/best_MACSynDCR_CNN_model.keras
50/50 ???????????????????? 3s 50ms/step - acc: 0.7636 - auc: 0.8475 - loss: 0.4861 - val_acc: 0.8057 - val_auc: 0.8828 - val_loss: 0.4496
Epoch 5/10
50/50 ???????????????????? 0s 46ms/step - acc: 0.7857 - auc: 0.8723 - loss: 0.4500
Epoch 5: val_acc improved from 0.80571 to 0.80952, saving model to saved_models/best_MACSynDCR_CNN_model.keras
50/50 ???????????????????? 3s 51ms/step - acc: 0.7858 - auc: 0.8724 - loss: 0.4498 - val_acc: 0.8095 - val_auc: 0.8937 - val_loss: 0.4133
Epoch 6/10
50/50 ???????????????????? 0s 46ms/step - acc: 0.7948 - auc: 0.8791 - loss: 0.4356
Epoch 6: val_acc improved from 0.80952 to 0.81714, saving model to saved_models/best_MACSynDCR_CNN_model.keras
50/50 ???????????????????? 3s 51ms/step - acc: 0.7948 - auc: 0.8791 - loss: 0.4356 - val_acc: 0.8171 - val_auc: 0.8907 - val_loss: 0.4174
Epoch 7/10
49/50 ???????????????????? 0s 48ms/step - acc: 0.7996 - auc: 0.8805 - loss: 0.4342
Epoch 7: val_acc did not improve from 0.81714
50/50 ???????????????????? 3s 51ms/step - acc: 0.7997 - auc: 0.8807 - loss: 0.4338 - val_acc: 0.8159 - val_auc: 0.8980 - val_loss: 0.4056
Epoch 8/10
50/50 ???????????????????? 0s 46ms/step - acc: 0.8052 - auc: 0.8897 - loss: 0.4174
Epoch 8: val_acc improved from 0.81714 to 0.82476, saving model to saved_models/best_MACSynDCR_CNN_model.keras
50/50 ???????????????????? 3s 51ms/step - acc: 0.8051 - auc: 0.8897 - loss: 0.4174 - val_acc: 0.8248 - val_auc: 0.8981 - val_loss: 0.4090
Epoch 9/10
50/50 ???????????????????? 0s 45ms/step - acc: 0.8091 - auc: 0.8947 - loss: 0.4098
Epoch 9: val_acc did not improve from 0.82476
50/50 ???????????????????? 2s 49ms/step - acc: 0.8092 - auc: 0.8948 - loss: 0.4097 - val_acc: 0.8108 - val_auc: 0.8971 - val_loss: 0.4055
Epoch 10/10
50/50 ???????????????????? 0s 47ms/step - acc: 0.8172 - auc: 0.9017 - loss: 0.3962
Epoch 10: val_acc did not improve from 0.82476
50/50 ???????????????????? 3s 51ms/step - acc: 0.8171 - auc: 0.9016 - loss: 0.3964 - val_acc: 0.8032 - val_auc: 0.8898 - val_loss: 0.4207
50/50 ???????????????????? 0s 6ms/step
50/50 ???????????????????? 0s 4ms/step
CNN: Accuracy: 0.8248, AUC-ROC: 0.9018
CNN: AUC-PR: 0.8976, Precision: 0.8590,
CNN Recall: 0.7703, F1 Score: 0.8122
CNN:RMSE: 16.6132 , PCC: 0.7034
Evaluation of Keras MACSynDCR_ANN model:
50/50 ???????????????????? 1s 4ms/step - acc: 0.8810 - auc: 0.9398 - loss: 0.4301
Evaluate->  Loss: 0.4132, Accuracy: 0.8813,AUC: 0.9432
50/50 ???????????????????? 0s 6ms/step
197/197 ???????????????????? 1s 3ms/step
ANN: Accuracy: 0.8813, AUC-ROC: 0.9481
ANN: AUC-PR: 0.9479, Precision: 0.8941,
ANN Recall: 0.8606, F1 Score: 0.8771
ANN:RMSE: 13.6748 , PCC: 0.7905
****************************************************************************************************
Evaluation of Keras MACSynDCR_CNN model:
50/50 ???????????????????? 1s 4ms/step - acc: 0.8428 - auc: 0.9120 - loss: 0.3865
Evaluate->  Loss: 0.4090, Accuracy: 0.8248,Accuracy: 0.8981
50/50 ???????????????????? 0s 6ms/step
197/197 ???????????????????? 1s 4ms/step
CNN: Accuracy: 0.8248, AUC-ROC: 0.9018
CNN: AUC-PR: 0.8976, Precision: 0.8590,
CNN Recall: 0.7703, F1 Score: 0.8122
CNN:RMSE: 16.6132 , PCC: 0.7034
****************************************************************************************************
Accuracy Score and AUC for ANN = AUC: 0.9510, Accuracy: 0.8825
Accuracy Score and AUC for KANN = AUC: 0.9481, Accuracy: 0.8813
Accuracy Score and AUC for KCNN = AUC: 0.9018, Accuracy: 0.8248
Average AUC = AUC: 0.9514, Accuracy: 0.8914
MAX AUC = AUC: 0.9504, Accuracy: 0.8629
Fitting 5 folds for each of 14 candidates, totalling 70 fits
Finall ensemble results of fold_2 for MACSynDCR:
----------------------------------------------------------------------------------------------------
Ensemble Accuracy: 0.8933, AUC-ROC: 0.9569
Ensemble AUC-PR: 0.9544, Precision: 0.8876,
Ensemble Recall: 0.8968, F1 Score: 0.8922
Ensemble RMSE: 12.9615 , PCC: 0.8279
----------------------------------------------------------------------------------------------------
Fold 3
Data processing and Training of MACSynDCR_ANN model:
ANN_model saved with Val_ACC: 0.4419 Val_AUC: 0.4243
fold_3: Epoch [1/10], Loss: 0.7123, Val_ACC: 0.4419, Val_AUC: 0.4243
ANN_model saved with Val_ACC: 0.8000 Val_AUC: 0.8807
ANN_model saved with Val_ACC: 0.8222 Val_AUC: 0.9059
ANN_model saved with Val_ACC: 0.8349 Val_AUC: 0.9194
ANN_model saved with Val_ACC: 0.8432 Val_AUC: 0.9271
ANN_model saved with Val_ACC: 0.8521 Val_AUC: 0.9343
ANN_model saved with Val_ACC: 0.8629 Val_AUC: 0.9402
ANN_model saved with Val_ACC: 0.8787 Val_AUC: 0.9465
ANN_model saved with Val_ACC: 0.8889 Val_AUC: 0.9504
ANN_model saved with Val_ACC: 0.8940 Val_AUC: 0.9529
Accuracy: 0.8940, AUC-ROC: 0.9529
 AUC-PR: 0.9454, Precision: 0.8797, Recall: 0.9061, F1 Score: 0.8927
RMSE: 11.3586 , PCC: 0.8213
Data processing and Training of MACSynDCR_ANN model:
MACSynDCR_ANN model:
Model: "sequential_4"
????????????????????????????????????????????????????????????????????????????????????????
? Layer (type)                         ? Output Shape                ?         Param # ?
????????????????????????????????????????????????????????????????????????????????????????
¦ dense_16 (Dense)                     ¦ (None, 2048)                ¦       4,458,496 ¦
+--------------------------------------+-----------------------------+-----------------¦
¦ batch_normalization_10               ¦ (None, 2048)                ¦           8,192 ¦
¦ (BatchNormalization)                 ¦                             ¦                 ¦
+--------------------------------------+-----------------------------+-----------------¦
¦ dense_17 (Dense)                     ¦ (None, 1024)                ¦       2,098,176 ¦
+--------------------------------------+-----------------------------+-----------------¦
¦ batch_normalization_11               ¦ (None, 1024)                ¦           4,096 ¦
¦ (BatchNormalization)                 ¦                             ¦                 ¦
+--------------------------------------+-----------------------------+-----------------¦
¦ dense_18 (Dense)                     ¦ (None, 512)                 ¦         524,800 ¦
+--------------------------------------+-----------------------------+-----------------¦
¦ batch_normalization_12               ¦ (None, 512)                 ¦           2,048 ¦
¦ (BatchNormalization)                 ¦                             ¦                 ¦
+--------------------------------------+-----------------------------+-----------------¦
¦ dense_19 (Dense)                     ¦ (None, 256)                 ¦         131,328 ¦
+--------------------------------------+-----------------------------+-----------------¦
¦ batch_normalization_13               ¦ (None, 256)                 ¦           1,024 ¦
¦ (BatchNormalization)                 ¦                             ¦                 ¦
+--------------------------------------+-----------------------------+-----------------¦
¦ dense_20 (Dense)                     ¦ (None, 128)                 ¦          32,896 ¦
+--------------------------------------+-----------------------------+-----------------¦
¦ batch_normalization_14               ¦ (None, 128)                 ¦             512 ¦
¦ (BatchNormalization)                 ¦                             ¦                 ¦
+--------------------------------------+-----------------------------+-----------------¦
¦ dense_21 (Dense)                     ¦ (None, 2)                   ¦             258 ¦
+--------------------------------------------------------------------------------------+
 Total params: 7,261,826 (27.70 MB)
 Trainable params: 7,253,890 (27.67 MB)
 Non-trainable params: 7,936 (31.00 KB)
Epoch 1/10
50/50 ???????????????????? 0s 47ms/step - acc: 0.7576 - auc: 0.8336 - loss: 0.5818
Epoch 1: val_auc improved from -inf to 0.67414, saving model to saved_models/best_MACSynDCR_ANN_model.keras
50/50 ???????????????????? 7s 66ms/step - acc: 0.7586 - auc: 0.8345 - loss: 0.5794 - val_acc: 0.5663 - val_auc: 0.6741 - val_loss: 0.8733
Epoch 2/10
50/50 ???????????????????? 0s 48ms/step - acc: 0.9032 - auc: 0.9645 - loss: 0.2424
Epoch 2: val_auc improved from 0.67414 to 0.83830, saving model to saved_models/best_MACSynDCR_ANN_model.keras
50/50 ???????????????????? 3s 64ms/step - acc: 0.9031 - auc: 0.9645 - loss: 0.2424 - val_acc: 0.7581 - val_auc: 0.8383 - val_loss: 0.5427
Epoch 3/10
49/50 ???????????????????? 0s 47ms/step - acc: 0.9315 - auc: 0.9802 - loss: 0.1814
Epoch 3: val_auc improved from 0.83830 to 0.87624, saving model to saved_models/best_MACSynDCR_ANN_model.keras
50/50 ???????????????????? 3s 60ms/step - acc: 0.9312 - auc: 0.9801 - loss: 0.1818 - val_acc: 0.8171 - val_auc: 0.8762 - val_loss: 0.5458
Epoch 4/10
49/50 ???????????????????? 0s 47ms/step - acc: 0.9439 - auc: 0.9863 - loss: 0.1485
Epoch 4: val_auc improved from 0.87624 to 0.90934, saving model to saved_models/best_MACSynDCR_ANN_model.keras
50/50 ???????????????????? 3s 62ms/step - acc: 0.9438 - auc: 0.9863 - loss: 0.1487 - val_acc: 0.8286 - val_auc: 0.9093 - val_loss: 0.4219
Epoch 5/10
50/50 ???????????????????? 0s 46ms/step - acc: 0.9464 - auc: 0.9876 - loss: 0.1398
Epoch 5: val_auc improved from 0.90934 to 0.93900, saving model to saved_models/best_MACSynDCR_ANN_model.keras
50/50 ???????????????????? 3s 61ms/step - acc: 0.9463 - auc: 0.9876 - loss: 0.1399 - val_acc: 0.8641 - val_auc: 0.9390 - val_loss: 0.3846
Epoch 6/10
50/50 ???????????????????? 0s 47ms/step - acc: 0.9556 - auc: 0.9890 - loss: 0.1284
Epoch 6: val_auc did not improve from 0.93900
50/50 ???????????????????? 3s 50ms/step - acc: 0.9556 - auc: 0.9890 - loss: 0.1283 - val_acc: 0.8584 - val_auc: 0.9289 - val_loss: 0.4542
Epoch 7/10
50/50 ???????????????????? 0s 47ms/step - acc: 0.9684 - auc: 0.9949 - loss: 0.0897
Epoch 7: val_auc improved from 0.93900 to 0.94433, saving model to saved_models/best_MACSynDCR_ANN_model.keras
50/50 ???????????????????? 3s 61ms/step - acc: 0.9684 - auc: 0.9948 - loss: 0.0898 - val_acc: 0.8813 - val_auc: 0.9443 - val_loss: 0.3819
Epoch 8/10
49/50 ???????????????????? 0s 47ms/step - acc: 0.9692 - auc: 0.9949 - loss: 0.0881
Epoch 8: val_auc did not improve from 0.94433
50/50 ???????????????????? 2s 49ms/step - acc: 0.9692 - auc: 0.9950 - loss: 0.0882 - val_acc: 0.8819 - val_auc: 0.9408 - val_loss: 0.4276
Epoch 9/10
49/50 ???????????????????? 0s 47ms/step - acc: 0.9748 - auc: 0.9963 - loss: 0.0712
Epoch 9: val_auc did not improve from 0.94433
50/50 ???????????????????? 3s 50ms/step - acc: 0.9748 - auc: 0.9963 - loss: 0.0714 - val_acc: 0.8851 - val_auc: 0.9388 - val_loss: 0.4285
Epoch 10/10
50/50 ???????????????????? 0s 47ms/step - acc: 0.9705 - auc: 0.9945 - loss: 0.0863
Epoch 10: val_auc did not improve from 0.94433
50/50 ???????????????????? 3s 50ms/step - acc: 0.9705 - auc: 0.9946 - loss: 0.0863 - val_acc: 0.8895 - val_auc: 0.9371 - val_loss: 0.4328
50/50 ???????????????????? 0s 6ms/step
50/50 ???????????????????? 0s 3ms/step
ANN: Accuracy: 0.8813, AUC-ROC: 0.9516
ANN: AUC-PR: 0.9520, Precision: 0.8680,
ANN Recall: 0.8918, F1 Score: 0.8797
\ANN:RMSE: 13.6748 , PCC: 0.8000
Data processing and Training of MACSynDCR_CNN model:
MACSynDCR_CNN model:
Model: "sequential_5"
????????????????????????????????????????????????????????????????????????????????????????
? Layer (type)                         ? Output Shape                ?         Param # ?
????????????????????????????????????????????????????????????????????????????????????????
¦ conv2d_6 (Conv2D)                    ¦ (None, 66, 30, 32)          ¦             320 ¦
+--------------------------------------+-----------------------------+-----------------¦
¦ max_pooling2d_6 (MaxPooling2D)       ¦ (None, 33, 15, 32)          ¦               0 ¦
+--------------------------------------+-----------------------------+-----------------¦
¦ dropout_6 (Dropout)                  ¦ (None, 33, 15, 32)          ¦               0 ¦
+--------------------------------------+-----------------------------+-----------------¦
¦ conv2d_7 (Conv2D)                    ¦ (None, 31, 13, 64)          ¦          18,496 ¦
+--------------------------------------+-----------------------------+-----------------¦
¦ max_pooling2d_7 (MaxPooling2D)       ¦ (None, 15, 6, 64)           ¦               0 ¦
+--------------------------------------+-----------------------------+-----------------¦
¦ dropout_7 (Dropout)                  ¦ (None, 15, 6, 64)           ¦               0 ¦
+--------------------------------------+-----------------------------+-----------------¦
¦ conv2d_8 (Conv2D)                    ¦ (None, 13, 4, 128)          ¦          73,856 ¦
+--------------------------------------+-----------------------------+-----------------¦
¦ max_pooling2d_8 (MaxPooling2D)       ¦ (None, 6, 2, 128)           ¦               0 ¦
+--------------------------------------+-----------------------------+-----------------¦
¦ dropout_8 (Dropout)                  ¦ (None, 6, 2, 128)           ¦               0 ¦
+--------------------------------------+-----------------------------+-----------------¦
¦ flatten_2 (Flatten)                  ¦ (None, 1536)                ¦               0 ¦
+--------------------------------------+-----------------------------+-----------------¦
¦ dense_22 (Dense)                     ¦ (None, 128)                 ¦         196,736 ¦
+--------------------------------------+-----------------------------+-----------------¦
¦ dense_23 (Dense)                     ¦ (None, 2)                   ¦             258 ¦
+--------------------------------------------------------------------------------------+
 Total params: 289,666 (1.10 MB)
 Trainable params: 289,666 (1.10 MB)
 Non-trainable params: 0 (0.00 B)
Epoch 1/10
49/50 ???????????????????? 0s 45ms/step - acc: 0.5172 - auc: 0.5194 - loss: 0.7017
Epoch 1: val_acc improved from -inf to 0.51302, saving model to saved_models/best_MACSynDCR_CNN_model.keras
50/50 ???????????????????? 4s 54ms/step - acc: 0.5172 - auc: 0.5192 - loss: 0.7015 - val_acc: 0.5130 - val_auc: 0.6146 - val_loss: 0.6908
Epoch 2/10
50/50 ???????????????????? 0s 45ms/step - acc: 0.5643 - auc: 0.5865 - loss: 0.6839
Epoch 2: val_acc improved from 0.51302 to 0.73841, saving model to saved_models/best_MACSynDCR_CNN_model.keras
50/50 ???????????????????? 3s 50ms/step - acc: 0.5649 - auc: 0.5875 - loss: 0.6835 - val_acc: 0.7384 - val_auc: 0.8060 - val_loss: 0.5732
Epoch 3/10
48/50 ???????????????????? 0s 46ms/step - acc: 0.7026 - auc: 0.7755 - loss: 0.5707
Epoch 3: val_acc did not improve from 0.73841
50/50 ???????????????????? 2s 48ms/step - acc: 0.7041 - auc: 0.7771 - loss: 0.5691 - val_acc: 0.7371 - val_auc: 0.8295 - val_loss: 0.5103
Epoch 4/10
49/50 ???????????????????? 0s 45ms/step - acc: 0.7559 - auc: 0.8362 - loss: 0.5006
Epoch 4: val_acc improved from 0.73841 to 0.79492, saving model to saved_models/best_MACSynDCR_CNN_model.keras
50/50 ???????????????????? 2s 49ms/step - acc: 0.7564 - auc: 0.8366 - loss: 0.5000 - val_acc: 0.7949 - val_auc: 0.8782 - val_loss: 0.4390
Epoch 5/10
49/50 ???????????????????? 0s 45ms/step - acc: 0.7924 - auc: 0.8690 - loss: 0.4544
Epoch 5: val_acc improved from 0.79492 to 0.81143, saving model to saved_models/best_MACSynDCR_CNN_model.keras
50/50 ???????????????????? 2s 49ms/step - acc: 0.7924 - auc: 0.8691 - loss: 0.4542 - val_acc: 0.8114 - val_auc: 0.8926 - val_loss: 0.4162
Epoch 6/10
49/50 ???????????????????? 0s 46ms/step - acc: 0.8016 - auc: 0.8848 - loss: 0.4274
Epoch 6: val_acc improved from 0.81143 to 0.82286, saving model to saved_models/best_MACSynDCR_CNN_model.keras
50/50 ???????????????????? 3s 50ms/step - acc: 0.8015 - auc: 0.8845 - loss: 0.4277 - val_acc: 0.8229 - val_auc: 0.8976 - val_loss: 0.4050
Epoch 7/10
50/50 ???????????????????? 0s 46ms/step - acc: 0.8112 - auc: 0.8911 - loss: 0.4163
Epoch 7: val_acc improved from 0.82286 to 0.82349, saving model to saved_models/best_MACSynDCR_CNN_model.keras
50/50 ???????????????????? 3s 52ms/step - acc: 0.8110 - auc: 0.8909 - loss: 0.4166 - val_acc: 0.8235 - val_auc: 0.9000 - val_loss: 0.4007
Epoch 8/10
49/50 ???????????????????? 0s 45ms/step - acc: 0.7980 - auc: 0.8807 - loss: 0.4342
Epoch 8: val_acc did not improve from 0.82349
50/50 ???????????????????? 2s 48ms/step - acc: 0.7982 - auc: 0.8810 - loss: 0.4338 - val_acc: 0.8216 - val_auc: 0.9019 - val_loss: 0.3964
Epoch 9/10
50/50 ???????????????????? 0s 46ms/step - acc: 0.8172 - auc: 0.8961 - loss: 0.4078
Epoch 9: val_acc improved from 0.82349 to 0.82413, saving model to saved_models/best_MACSynDCR_CNN_model.keras
50/50 ???????????????????? 3s 51ms/step - acc: 0.8171 - auc: 0.8961 - loss: 0.4078 - val_acc: 0.8241 - val_auc: 0.9051 - val_loss: 0.3907
Epoch 10/10
49/50 ???????????????????? 0s 48ms/step - acc: 0.8206 - auc: 0.8959 - loss: 0.4076
Epoch 10: val_acc did not improve from 0.82413
50/50 ???????????????????? 3s 51ms/step - acc: 0.8204 - auc: 0.8959 - loss: 0.4077 - val_acc: 0.8216 - val_auc: 0.9018 - val_loss: 0.3968
50/50 ???????????????????? 0s 5ms/step
50/50 ???????????????????? 0s 4ms/step
CNN: Accuracy: 0.8241, AUC-ROC: 0.9053
CNN: AUC-PR: 0.9062, Precision: 0.8190,
CNN Recall: 0.8201, F1 Score: 0.8195
CNN:RMSE: 16.6433 , PCC: 0.7081
Evaluation of Keras MACSynDCR_ANN model:
50/50 ???????????????????? 1s 3ms/step - acc: 0.8753 - auc: 0.9393 - loss: 0.4113
Evaluate->  Loss: 0.3819, Accuracy: 0.8813,AUC: 0.9443
50/50 ???????????????????? 0s 6ms/step
197/197 ???????????????????? 1s 3ms/step
ANN: Accuracy: 0.8813, AUC-ROC: 0.9516
ANN: AUC-PR: 0.9520, Precision: 0.8680,
ANN Recall: 0.8918, F1 Score: 0.8797
ANN:RMSE: 13.6748 , PCC: 0.8000
****************************************************************************************************
Evaluation of Keras MACSynDCR_CNN model:
50/50 ???????????????????? 1s 4ms/step - acc: 0.8346 - auc: 0.9160 - loss: 0.3688
Evaluate->  Loss: 0.3907, Accuracy: 0.8241,Accuracy: 0.9051
50/50 ???????????????????? 0s 5ms/step
197/197 ???????????????????? 1s 4ms/step
CNN: Accuracy: 0.8241, AUC-ROC: 0.9053
CNN: AUC-PR: 0.9062, Precision: 0.8190,
CNN Recall: 0.8201, F1 Score: 0.8195
CNN:RMSE: 16.6433 , PCC: 0.7081
****************************************************************************************************
Accuracy Score and AUC for ANN = AUC: 0.9529, Accuracy: 0.8940
Accuracy Score and AUC for KANN = AUC: 0.9516, Accuracy: 0.8813
Accuracy Score and AUC for KCNN = AUC: 0.9053, Accuracy: 0.8241
Average AUC = AUC: 0.9563, Accuracy: 0.8959
MAX AUC = AUC: 0.9501, Accuracy: 0.8584
Fitting 5 folds for each of 14 candidates, totalling 70 fits
Finall ensemble results of fold_3 for MACSynDCR:
----------------------------------------------------------------------------------------------------
Ensemble Accuracy: 0.9016, AUC-ROC: 0.9612
Ensemble AUC-PR: 0.9554, Precision: 0.8953,
Ensemble Recall: 0.9035, F1 Score: 0.8994
Ensemble RMSE: 12.4499 , PCC: 0.8317
----------------------------------------------------------------------------------------------------
Fold 4
Data processing and Training of MACSynDCR_ANN model:
ANN_model saved with Val_ACC: 0.4863 Val_AUC: 0.4345
fold_4: Epoch [1/10], Loss: 0.7238, Val_ACC: 0.4863, Val_AUC: 0.4345
ANN_model saved with Val_ACC: 0.7949 Val_AUC: 0.8723
ANN_model saved with Val_ACC: 0.8222 Val_AUC: 0.8988
ANN_model saved with Val_ACC: 0.8305 Val_AUC: 0.9112
ANN_model saved with Val_ACC: 0.8432 Val_AUC: 0.9212
ANN_model saved with Val_ACC: 0.8495 Val_AUC: 0.9300
ANN_model saved with Val_ACC: 0.8641 Val_AUC: 0.9371
ANN_model saved with Val_ACC: 0.8756 Val_AUC: 0.9431
ANN_model saved with Val_ACC: 0.8883 Val_AUC: 0.9522
Accuracy: 0.8883, AUC-ROC: 0.9522
 AUC-PR: 0.9518, Precision: 0.8828, Recall: 0.9004, F1 Score: 0.8915
RMSE: 11.5413 , PCC: 0.8143
Data processing and Training of MACSynDCR_ANN model:
MACSynDCR_ANN model:
Model: "sequential_6"
????????????????????????????????????????????????????????????????????????????????????????
? Layer (type)                         ? Output Shape                ?         Param # ?
????????????????????????????????????????????????????????????????????????????????????????
¦ dense_24 (Dense)                     ¦ (None, 2048)                ¦       4,458,496 ¦
+--------------------------------------+-----------------------------+-----------------¦
¦ batch_normalization_15               ¦ (None, 2048)                ¦           8,192 ¦
¦ (BatchNormalization)                 ¦                             ¦                 ¦
+--------------------------------------+-----------------------------+-----------------¦
¦ dense_25 (Dense)                     ¦ (None, 1024)                ¦       2,098,176 ¦
+--------------------------------------+-----------------------------+-----------------¦
¦ batch_normalization_16               ¦ (None, 1024)                ¦           4,096 ¦
¦ (BatchNormalization)                 ¦                             ¦                 ¦
+--------------------------------------+-----------------------------+-----------------¦
¦ dense_26 (Dense)                     ¦ (None, 512)                 ¦         524,800 ¦
+--------------------------------------+-----------------------------+-----------------¦
¦ batch_normalization_17               ¦ (None, 512)                 ¦           2,048 ¦
¦ (BatchNormalization)                 ¦                             ¦                 ¦
+--------------------------------------+-----------------------------+-----------------¦
¦ dense_27 (Dense)                     ¦ (None, 256)                 ¦         131,328 ¦
+--------------------------------------+-----------------------------+-----------------¦
¦ batch_normalization_18               ¦ (None, 256)                 ¦           1,024 ¦
¦ (BatchNormalization)                 ¦                             ¦                 ¦
+--------------------------------------+-----------------------------+-----------------¦
¦ dense_28 (Dense)                     ¦ (None, 128)                 ¦          32,896 ¦
+--------------------------------------+-----------------------------+-----------------¦
¦ batch_normalization_19               ¦ (None, 128)                 ¦             512 ¦
¦ (BatchNormalization)                 ¦                             ¦                 ¦
+--------------------------------------+-----------------------------+-----------------¦
¦ dense_29 (Dense)                     ¦ (None, 2)                   ¦             258 ¦
+--------------------------------------------------------------------------------------+
 Total params: 7,261,826 (27.70 MB)
 Trainable params: 7,253,890 (27.67 MB)
 Non-trainable params: 7,936 (31.00 KB)
Epoch 1/10
50/50 ???????????????????? 0s 47ms/step - acc: 0.7349 - auc: 0.8113 - loss: 0.6096
Epoch 1: val_auc improved from -inf to 0.68213, saving model to saved_models/best_MACSynDCR_ANN_model.keras
50/50 ???????????????????? 6s 67ms/step - acc: 0.7360 - auc: 0.8125 - loss: 0.6069 - val_acc: 0.5162 - val_auc: 0.6821 - val_loss: 1.4244
Epoch 2/10
50/50 ???????????????????? 0s 47ms/step - acc: 0.9002 - auc: 0.9619 - loss: 0.2532
Epoch 2: val_auc improved from 0.68213 to 0.85088, saving model to saved_models/best_MACSynDCR_ANN_model.keras
50/50 ???????????????????? 3s 66ms/step - acc: 0.9002 - auc: 0.9619 - loss: 0.2532 - val_acc: 0.7721 - val_auc: 0.8509 - val_loss: 0.4907
Epoch 3/10
49/50 ???????????????????? 0s 46ms/step - acc: 0.9295 - auc: 0.9808 - loss: 0.1791
Epoch 3: val_auc improved from 0.85088 to 0.87995, saving model to saved_models/best_MACSynDCR_ANN_model.keras
50/50 ???????????????????? 3s 63ms/step - acc: 0.9294 - auc: 0.9808 - loss: 0.1792 - val_acc: 0.8025 - val_auc: 0.8799 - val_loss: 0.4389
Epoch 4/10
49/50 ???????????????????? 0s 47ms/step - acc: 0.9487 - auc: 0.9873 - loss: 0.1435
Epoch 4: val_auc improved from 0.87995 to 0.91605, saving model to saved_models/best_MACSynDCR_ANN_model.keras
50/50 ???????????????????? 3s 63ms/step - acc: 0.9483 - auc: 0.9871 - loss: 0.1442 - val_acc: 0.8400 - val_auc: 0.9161 - val_loss: 0.3965
Epoch 5/10
49/50 ???????????????????? 0s 46ms/step - acc: 0.9428 - auc: 0.9854 - loss: 0.1533
Epoch 5: val_auc improved from 0.91605 to 0.94361, saving model to saved_models/best_MACSynDCR_ANN_model.keras
50/50 ???????????????????? 3s 59ms/step - acc: 0.9427 - auc: 0.9854 - loss: 0.1536 - val_acc: 0.8743 - val_auc: 0.9436 - val_loss: 0.3358
Epoch 6/10
50/50 ???????????????????? 0s 46ms/step - acc: 0.9590 - auc: 0.9931 - loss: 0.1076
Epoch 6: val_auc improved from 0.94361 to 0.94940, saving model to saved_models/best_MACSynDCR_ANN_model.keras
50/50 ???????????????????? 3s 59ms/step - acc: 0.9589 - auc: 0.9931 - loss: 0.1078 - val_acc: 0.8787 - val_auc: 0.9494 - val_loss: 0.3154
Epoch 7/10
50/50 ???????????????????? 0s 46ms/step - acc: 0.9625 - auc: 0.9928 - loss: 0.1050
Epoch 7: val_auc did not improve from 0.94940
50/50 ???????????????????? 2s 49ms/step - acc: 0.9625 - auc: 0.9928 - loss: 0.1051 - val_acc: 0.8679 - val_auc: 0.9402 - val_loss: 0.3563
Epoch 8/10
49/50 ???????????????????? 0s 46ms/step - acc: 0.9668 - auc: 0.9943 - loss: 0.0939
Epoch 8: val_auc improved from 0.94940 to 0.95097, saving model to saved_models/best_MACSynDCR_ANN_model.keras
50/50 ???????????????????? 3s 63ms/step - acc: 0.9666 - auc: 0.9942 - loss: 0.0943 - val_acc: 0.8895 - val_auc: 0.9510 - val_loss: 0.3402
Epoch 9/10
49/50 ???????????????????? 0s 46ms/step - acc: 0.9614 - auc: 0.9922 - loss: 0.1057
Epoch 9: val_auc did not improve from 0.95097
50/50 ???????????????????? 2s 48ms/step - acc: 0.9613 - auc: 0.9921 - loss: 0.1060 - val_acc: 0.8857 - val_auc: 0.9414 - val_loss: 0.4333
Epoch 10/10
50/50 ???????????????????? 0s 47ms/step - acc: 0.9743 - auc: 0.9967 - loss: 0.0716
Epoch 10: val_auc improved from 0.95097 to 0.95138, saving model to saved_models/best_MACSynDCR_ANN_model.keras
50/50 ???????????????????? 3s 60ms/step - acc: 0.9743 - auc: 0.9967 - loss: 0.0717 - val_acc: 0.8921 - val_auc: 0.9514 - val_loss: 0.3562
50/50 ???????????????????? 0s 6ms/step
50/50 ???????????????????? 0s 4ms/step
ANN: Accuracy: 0.8921, AUC-ROC: 0.9556
ANN: AUC-PR: 0.9554, Precision: 0.8922,
ANN Recall: 0.8966, F1 Score: 0.8944
\ANN:RMSE: 13.0384 , PCC: 0.8142
Data processing and Training of MACSynDCR_CNN model:
MACSynDCR_CNN model:
Model: "sequential_7"
????????????????????????????????????????????????????????????????????????????????????????
? Layer (type)                         ? Output Shape                ?         Param # ?
????????????????????????????????????????????????????????????????????????????????????????
¦ conv2d_9 (Conv2D)                    ¦ (None, 66, 30, 32)          ¦             320 ¦
+--------------------------------------+-----------------------------+-----------------¦
¦ max_pooling2d_9 (MaxPooling2D)       ¦ (None, 33, 15, 32)          ¦               0 ¦
+--------------------------------------+-----------------------------+-----------------¦
¦ dropout_9 (Dropout)                  ¦ (None, 33, 15, 32)          ¦               0 ¦
+--------------------------------------+-----------------------------+-----------------¦
¦ conv2d_10 (Conv2D)                   ¦ (None, 31, 13, 64)          ¦          18,496 ¦
+--------------------------------------+-----------------------------+-----------------¦
¦ max_pooling2d_10 (MaxPooling2D)      ¦ (None, 15, 6, 64)           ¦               0 ¦
+--------------------------------------+-----------------------------+-----------------¦
¦ dropout_10 (Dropout)                 ¦ (None, 15, 6, 64)           ¦               0 ¦
+--------------------------------------+-----------------------------+-----------------¦
¦ conv2d_11 (Conv2D)                   ¦ (None, 13, 4, 128)          ¦          73,856 ¦
+--------------------------------------+-----------------------------+-----------------¦
¦ max_pooling2d_11 (MaxPooling2D)      ¦ (None, 6, 2, 128)           ¦               0 ¦
+--------------------------------------+-----------------------------+-----------------¦
¦ dropout_11 (Dropout)                 ¦ (None, 6, 2, 128)           ¦               0 ¦
+--------------------------------------+-----------------------------+-----------------¦
¦ flatten_3 (Flatten)                  ¦ (None, 1536)                ¦               0 ¦
+--------------------------------------+-----------------------------+-----------------¦
¦ dense_30 (Dense)                     ¦ (None, 128)                 ¦         196,736 ¦
+--------------------------------------+-----------------------------+-----------------¦
¦ dense_31 (Dense)                     ¦ (None, 2)                   ¦             258 ¦
+--------------------------------------------------------------------------------------+
 Total params: 289,666 (1.10 MB)
 Trainable params: 289,666 (1.10 MB)
 Non-trainable params: 0 (0.00 B)
Epoch 1/10
49/50 ???????????????????? 0s 47ms/step - acc: 0.5050 - auc: 0.5018 - loss: 0.7170
Epoch 1: val_acc improved from -inf to 0.49016, saving model to saved_models/best_MACSynDCR_CNN_model.keras
50/50 ???????????????????? 4s 56ms/step - acc: 0.5050 - auc: 0.5022 - loss: 0.7163 - val_acc: 0.4902 - val_auc: 0.5651 - val_loss: 0.6920
Epoch 2/10
48/50 ???????????????????? 0s 45ms/step - acc: 0.5333 - auc: 0.5464 - loss: 0.6908
Epoch 2: val_acc improved from 0.49016 to 0.64000, saving model to saved_models/best_MACSynDCR_CNN_model.keras
50/50 ???????????????????? 2s 49ms/step - acc: 0.5343 - auc: 0.5479 - loss: 0.6906 - val_acc: 0.6400 - val_auc: 0.7285 - val_loss: 0.6591
Epoch 3/10
49/50 ???????????????????? 0s 45ms/step - acc: 0.6310 - auc: 0.6888 - loss: 0.6416
Epoch 3: val_acc improved from 0.64000 to 0.76825, saving model to saved_models/best_MACSynDCR_CNN_model.keras
50/50 ???????????????????? 2s 49ms/step - acc: 0.6325 - auc: 0.6907 - loss: 0.6403 - val_acc: 0.7683 - val_auc: 0.8458 - val_loss: 0.4980
Epoch 4/10
49/50 ???????????????????? 0s 46ms/step - acc: 0.7433 - auc: 0.8167 - loss: 0.5278
Epoch 4: val_acc improved from 0.76825 to 0.78413, saving model to saved_models/best_MACSynDCR_CNN_model.keras
50/50 ???????????????????? 3s 50ms/step - acc: 0.7436 - auc: 0.8172 - loss: 0.5272 - val_acc: 0.7841 - val_auc: 0.8654 - val_loss: 0.4598
Epoch 5/10
50/50 ???????????????????? 0s 44ms/step - acc: 0.7693 - auc: 0.8424 - loss: 0.4924
Epoch 5: val_acc improved from 0.78413 to 0.79111, saving model to saved_models/best_MACSynDCR_CNN_model.keras
50/50 ???????????????????? 2s 48ms/step - acc: 0.7695 - auc: 0.8427 - loss: 0.4920 - val_acc: 0.7911 - val_auc: 0.8766 - val_loss: 0.4438
Epoch 6/10
49/50 ???????????????????? 0s 45ms/step - acc: 0.7759 - auc: 0.8602 - loss: 0.4664
Epoch 6: val_acc improved from 0.79111 to 0.79556, saving model to saved_models/best_MACSynDCR_CNN_model.keras
50/50 ???????????????????? 2s 49ms/step - acc: 0.7763 - auc: 0.8605 - loss: 0.4660 - val_acc: 0.7956 - val_auc: 0.8811 - val_loss: 0.4342
Epoch 7/10
50/50 ???????????????????? 0s 45ms/step - acc: 0.7995 - auc: 0.8851 - loss: 0.4267
Epoch 7: val_acc improved from 0.79556 to 0.79746, saving model to saved_models/best_MACSynDCR_CNN_model.keras
50/50 ???????????????????? 2s 49ms/step - acc: 0.7995 - auc: 0.8850 - loss: 0.4269 - val_acc: 0.7975 - val_auc: 0.8798 - val_loss: 0.4369
Epoch 8/10
50/50 ???????????????????? 0s 45ms/step - acc: 0.7948 - auc: 0.8717 - loss: 0.4499
Epoch 8: val_acc improved from 0.79746 to 0.81206, saving model to saved_models/best_MACSynDCR_CNN_model.keras
50/50 ???????????????????? 3s 50ms/step - acc: 0.7950 - auc: 0.8720 - loss: 0.4495 - val_acc: 0.8121 - val_auc: 0.8917 - val_loss: 0.4193
Epoch 9/10
49/50 ???????????????????? 0s 48ms/step - acc: 0.8135 - auc: 0.8883 - loss: 0.4211
Epoch 9: val_acc improved from 0.81206 to 0.81397, saving model to saved_models/best_MACSynDCR_CNN_model.keras
50/50 ???????????????????? 3s 52ms/step - acc: 0.8133 - auc: 0.8883 - loss: 0.4212 - val_acc: 0.8140 - val_auc: 0.9002 - val_loss: 0.4016
Epoch 10/10
49/50 ???????????????????? 0s 45ms/step - acc: 0.8102 - auc: 0.8930 - loss: 0.4127
Epoch 10: val_acc improved from 0.81397 to 0.82540, saving model to saved_models/best_MACSynDCR_CNN_model.keras
50/50 ???????????????????? 2s 49ms/step - acc: 0.8104 - auc: 0.8931 - loss: 0.4127 - val_acc: 0.8254 - val_auc: 0.9051 - val_loss: 0.3940
50/50 ???????????????????? 0s 5ms/step
50/50 ???????????????????? 0s 4ms/step
CNN: Accuracy: 0.8254, AUC-ROC: 0.9056
CNN: AUC-PR: 0.9020, Precision: 0.8251,
CNN Recall: 0.8344, F1 Score: 0.8297
CNN:RMSE: 16.5831 , PCC: 0.7138
Evaluation of Keras MACSynDCR_ANN model:
50/50 ???????????????????? 1s 4ms/step - acc: 0.8854 - auc: 0.9454 - loss: 0.3710
Evaluate->  Loss: 0.3562, Accuracy: 0.8921,AUC: 0.9514
50/50 ???????????????????? 0s 6ms/step
197/197 ???????????????????? 1s 4ms/step
ANN: Accuracy: 0.8921, AUC-ROC: 0.9556
ANN: AUC-PR: 0.9554, Precision: 0.8922,
ANN Recall: 0.8966, F1 Score: 0.8944
ANN:RMSE: 13.0384 , PCC: 0.8142
****************************************************************************************************
Evaluation of Keras MACSynDCR_CNN model:
50/50 ???????????????????? 1s 4ms/step - acc: 0.8253 - auc: 0.9021 - loss: 0.3975
Evaluate->  Loss: 0.3940, Accuracy: 0.8254,Accuracy: 0.9051
50/50 ???????????????????? 0s 6ms/step
197/197 ???????????????????? 1s 4ms/step
CNN: Accuracy: 0.8254, AUC-ROC: 0.9056
CNN: AUC-PR: 0.9020, Precision: 0.8251,
CNN Recall: 0.8344, F1 Score: 0.8297
CNN:RMSE: 16.5831 , PCC: 0.7138
****************************************************************************************************
Accuracy Score and AUC for ANN = AUC: 0.9522, Accuracy: 0.8883
Accuracy Score and AUC for KANN = AUC: 0.9556, Accuracy: 0.8921
Accuracy Score and AUC for KCNN = AUC: 0.9056, Accuracy: 0.8254
Average AUC = AUC: 0.9547, Accuracy: 0.8914
MAX AUC = AUC: 0.9529, Accuracy: 0.8540
Fitting 5 folds for each of 14 candidates, totalling 70 fits
Finall ensemble results of fold_4 for MACSynDCR:
----------------------------------------------------------------------------------------------------
Ensemble Accuracy: 0.8952, AUC-ROC: 0.9597
Ensemble AUC-PR: 0.9601, Precision: 0.8948,
Ensemble Recall: 0.9004, F1 Score: 0.8976
Ensemble RMSE: 12.8452 , PCC: 0.8301
----------------------------------------------------------------------------------------------------
Fold 5
Data processing and Training of MACSynDCR_ANN model:
ANN_model saved with Val_ACC: 0.4797 Val_AUC: 0.4670
fold_5: Epoch [1/10], Loss: 0.7018, Val_ACC: 0.4797, Val_AUC: 0.4670
ANN_model saved with Val_ACC: 0.8094 Val_AUC: 0.8833
ANN_model saved with Val_ACC: 0.8278 Val_AUC: 0.9106
ANN_model saved with Val_ACC: 0.8443 Val_AUC: 0.9216
ANN_model saved with Val_ACC: 0.8469 Val_AUC: 0.9292
ANN_model saved with Val_ACC: 0.8577 Val_AUC: 0.9366
ANN_model saved with Val_ACC: 0.8685 Val_AUC: 0.9426
ANN_model saved with Val_ACC: 0.8761 Val_AUC: 0.9458
ANN_model saved with Val_ACC: 0.8806 Val_AUC: 0.9497
ANN_model saved with Val_ACC: 0.8850 Val_AUC: 0.9505
Accuracy: 0.8850, AUC-ROC: 0.9505
 AUC-PR: 0.9502, Precision: 0.8824, Recall: 0.8924, F1 Score: 0.8874
RMSE: 11.5789 , PCC: 0.8127
Data processing and Training of MACSynDCR_ANN model:
MACSynDCR_ANN model:
Model: "sequential_8"
????????????????????????????????????????????????????????????????????????????????????????
? Layer (type)                         ? Output Shape                ?         Param # ?
????????????????????????????????????????????????????????????????????????????????????????
¦ dense_32 (Dense)                     ¦ (None, 2048)                ¦       4,458,496 ¦
+--------------------------------------+-----------------------------+-----------------¦
¦ batch_normalization_20               ¦ (None, 2048)                ¦           8,192 ¦
¦ (BatchNormalization)                 ¦                             ¦                 ¦
+--------------------------------------+-----------------------------+-----------------¦
¦ dense_33 (Dense)                     ¦ (None, 1024)                ¦       2,098,176 ¦
+--------------------------------------+-----------------------------+-----------------¦
¦ batch_normalization_21               ¦ (None, 1024)                ¦           4,096 ¦
¦ (BatchNormalization)                 ¦                             ¦                 ¦
+--------------------------------------+-----------------------------+-----------------¦
¦ dense_34 (Dense)                     ¦ (None, 512)                 ¦         524,800 ¦
+--------------------------------------+-----------------------------+-----------------¦
¦ batch_normalization_22               ¦ (None, 512)                 ¦           2,048 ¦
¦ (BatchNormalization)                 ¦                             ¦                 ¦
+--------------------------------------+-----------------------------+-----------------¦
¦ dense_35 (Dense)                     ¦ (None, 256)                 ¦         131,328 ¦
+--------------------------------------+-----------------------------+-----------------¦
¦ batch_normalization_23               ¦ (None, 256)                 ¦           1,024 ¦
¦ (BatchNormalization)                 ¦                             ¦                 ¦
+--------------------------------------+-----------------------------+-----------------¦
¦ dense_36 (Dense)                     ¦ (None, 128)                 ¦          32,896 ¦
+--------------------------------------+-----------------------------+-----------------¦
¦ batch_normalization_24               ¦ (None, 128)                 ¦             512 ¦
¦ (BatchNormalization)                 ¦                             ¦                 ¦
+--------------------------------------+-----------------------------+-----------------¦
¦ dense_37 (Dense)                     ¦ (None, 2)                   ¦             258 ¦
+--------------------------------------------------------------------------------------+
 Total params: 7,261,826 (27.70 MB)
 Trainable params: 7,253,890 (27.67 MB)
 Non-trainable params: 7,936 (31.00 KB)
Epoch 1/10
50/50 ???????????????????? 0s 47ms/step - acc: 0.7615 - auc: 0.8294 - loss: 0.5765
Epoch 1: val_auc improved from -inf to 0.83021, saving model to saved_models/best_MACSynDCR_ANN_model.keras
50/50 ???????????????????? 6s 67ms/step - acc: 0.7623 - auc: 0.8303 - loss: 0.5744 - val_acc: 0.7573 - val_auc: 0.8302 - val_loss: 0.5088
Epoch 2/10
49/50 ???????????????????? 0s 46ms/step - acc: 0.9024 - auc: 0.9607 - loss: 0.2539
Epoch 2: val_auc improved from 0.83021 to 0.88606, saving model to saved_models/best_MACSynDCR_ANN_model.keras
50/50 ???????????????????? 3s 59ms/step - acc: 0.9023 - auc: 0.9607 - loss: 0.2539 - val_acc: 0.8043 - val_auc: 0.8861 - val_loss: 0.4264
Epoch 3/10
49/50 ???????????????????? 0s 51ms/step - acc: 0.9262 - auc: 0.9770 - loss: 0.1949
Epoch 3: val_auc improved from 0.88606 to 0.89488, saving model to saved_models/best_MACSynDCR_ANN_model.keras
50/50 ???????????????????? 3s 68ms/step - acc: 0.9260 - auc: 0.9769 - loss: 0.1954 - val_acc: 0.8043 - val_auc: 0.8949 - val_loss: 0.4217
Epoch 4/10
50/50 ???????????????????? 0s 47ms/step - acc: 0.9332 - auc: 0.9806 - loss: 0.1767
Epoch 4: val_auc improved from 0.89488 to 0.92340, saving model to saved_models/best_MACSynDCR_ANN_model.keras
50/50 ???????????????????? 3s 62ms/step - acc: 0.9331 - auc: 0.9806 - loss: 0.1768 - val_acc: 0.8520 - val_auc: 0.9234 - val_loss: 0.3834
Epoch 5/10
49/50 ???????????????????? 0s 46ms/step - acc: 0.9509 - auc: 0.9857 - loss: 0.1480
Epoch 5: val_auc improved from 0.92340 to 0.93364, saving model to saved_models/best_MACSynDCR_ANN_model.keras
50/50 ???????????????????? 3s 61ms/step - acc: 0.9507 - auc: 0.9858 - loss: 0.1479 - val_acc: 0.8539 - val_auc: 0.9336 - val_loss: 0.3703
Epoch 6/10
49/50 ???????????????????? 0s 47ms/step - acc: 0.9536 - auc: 0.9901 - loss: 0.1249
Epoch 6: val_auc did not improve from 0.93364
50/50 ???????????????????? 2s 49ms/step - acc: 0.9537 - auc: 0.9902 - loss: 0.1246 - val_acc: 0.8539 - val_auc: 0.9301 - val_loss: 0.3999
Epoch 7/10
49/50 ???????????????????? 0s 46ms/step - acc: 0.9694 - auc: 0.9940 - loss: 0.0924
Epoch 7: val_auc improved from 0.93364 to 0.94995, saving model to saved_models/best_MACSynDCR_ANN_model.keras
50/50 ???????????????????? 3s 61ms/step - acc: 0.9691 - auc: 0.9940 - loss: 0.0928 - val_acc: 0.8787 - val_auc: 0.9500 - val_loss: 0.3396
Epoch 8/10
50/50 ???????????????????? 0s 47ms/step - acc: 0.9672 - auc: 0.9938 - loss: 0.0939
Epoch 8: val_auc improved from 0.94995 to 0.95624, saving model to saved_models/best_MACSynDCR_ANN_model.keras
50/50 ???????????????????? 3s 64ms/step - acc: 0.9671 - auc: 0.9938 - loss: 0.0941 - val_acc: 0.8952 - val_auc: 0.9562 - val_loss: 0.3290
Epoch 9/10
49/50 ???????????????????? 0s 46ms/step - acc: 0.9732 - auc: 0.9965 - loss: 0.0758
Epoch 9: val_auc did not improve from 0.95624
50/50 ???????????????????? 2s 49ms/step - acc: 0.9732 - auc: 0.9965 - loss: 0.0757 - val_acc: 0.8958 - val_auc: 0.9554 - val_loss: 0.3396
Epoch 10/10
49/50 ???????????????????? 0s 47ms/step - acc: 0.9760 - auc: 0.9971 - loss: 0.0663
Epoch 10: val_auc did not improve from 0.95624
50/50 ???????????????????? 2s 49ms/step - acc: 0.9759 - auc: 0.9971 - loss: 0.0664 - val_acc: 0.8755 - val_auc: 0.9424 - val_loss: 0.4215
50/50 ???????????????????? 0s 6ms/step
50/50 ???????????????????? 0s 3ms/step
ANN: Accuracy: 0.8952, AUC-ROC: 0.9582
ANN: AUC-PR: 0.9576, Precision: 0.8866,
ANN Recall: 0.9099, F1 Score: 0.8981
\ANN:RMSE: 12.8452 , PCC: 0.8268
Data processing and Training of MACSynDCR_CNN model:
MACSynDCR_CNN model:
Model: "sequential_9"
????????????????????????????????????????????????????????????????????????????????????????
? Layer (type)                         ? Output Shape                ?         Param # ?
????????????????????????????????????????????????????????????????????????????????????????
¦ conv2d_12 (Conv2D)                   ¦ (None, 66, 30, 32)          ¦             320 ¦
+--------------------------------------+-----------------------------+-----------------¦
¦ max_pooling2d_12 (MaxPooling2D)      ¦ (None, 33, 15, 32)          ¦               0 ¦
+--------------------------------------+-----------------------------+-----------------¦
¦ dropout_12 (Dropout)                 ¦ (None, 33, 15, 32)          ¦               0 ¦
+--------------------------------------+-----------------------------+-----------------¦
¦ conv2d_13 (Conv2D)                   ¦ (None, 31, 13, 64)          ¦          18,496 ¦
+--------------------------------------+-----------------------------+-----------------¦
¦ max_pooling2d_13 (MaxPooling2D)      ¦ (None, 15, 6, 64)           ¦               0 ¦
+--------------------------------------+-----------------------------+-----------------¦
¦ dropout_13 (Dropout)                 ¦ (None, 15, 6, 64)           ¦               0 ¦
+--------------------------------------+-----------------------------+-----------------¦
¦ conv2d_14 (Conv2D)                   ¦ (None, 13, 4, 128)          ¦          73,856 ¦
+--------------------------------------+-----------------------------+-----------------¦
¦ max_pooling2d_14 (MaxPooling2D)      ¦ (None, 6, 2, 128)           ¦               0 ¦
+--------------------------------------+-----------------------------+-----------------¦
¦ dropout_14 (Dropout)                 ¦ (None, 6, 2, 128)           ¦               0 ¦
+--------------------------------------+-----------------------------+-----------------¦
¦ flatten_4 (Flatten)                  ¦ (None, 1536)                ¦               0 ¦
+--------------------------------------+-----------------------------+-----------------¦
¦ dense_38 (Dense)                     ¦ (None, 128)                 ¦         196,736 ¦
+--------------------------------------+-----------------------------+-----------------¦
¦ dense_39 (Dense)                     ¦ (None, 2)                   ¦             258 ¦
+--------------------------------------------------------------------------------------+
 Total params: 289,666 (1.10 MB)
 Trainable params: 289,666 (1.10 MB)
 Non-trainable params: 0 (0.00 B)
Epoch 1/10
49/50 ???????????????????? 0s 46ms/step - acc: 0.5006 - auc: 0.5079 - loss: 0.7081
Epoch 1: val_acc improved from -inf to 0.49238, saving model to saved_models/best_MACSynDCR_CNN_model.keras
50/50 ???????????????????? 4s 56ms/step - acc: 0.5009 - auc: 0.5082 - loss: 0.7076 - val_acc: 0.4924 - val_auc: 0.5746 - val_loss: 0.6919
Epoch 2/10
49/50 ???????????????????? 0s 46ms/step - acc: 0.5318 - auc: 0.5502 - loss: 0.6898
Epoch 2: val_acc improved from 0.49238 to 0.62071, saving model to saved_models/best_MACSynDCR_CNN_model.keras
50/50 ???????????????????? 3s 50ms/step - acc: 0.5325 - auc: 0.5510 - loss: 0.6897 - val_acc: 0.6207 - val_auc: 0.7241 - val_loss: 0.6568
Epoch 3/10
50/50 ???????????????????? 0s 45ms/step - acc: 0.6521 - auc: 0.7206 - loss: 0.6248
Epoch 3: val_acc improved from 0.62071 to 0.75731, saving model to saved_models/best_MACSynDCR_CNN_model.keras
50/50 ???????????????????? 3s 50ms/step - acc: 0.6528 - auc: 0.7214 - loss: 0.6241 - val_acc: 0.7573 - val_auc: 0.8424 - val_loss: 0.5008
Epoch 4/10
50/50 ???????????????????? 0s 47ms/step - acc: 0.7502 - auc: 0.8275 - loss: 0.5130
Epoch 4: val_acc improved from 0.75731 to 0.79987, saving model to saved_models/best_MACSynDCR_CNN_model.keras
50/50 ???????????????????? 3s 52ms/step - acc: 0.7503 - auc: 0.8277 - loss: 0.5128 - val_acc: 0.7999 - val_auc: 0.8788 - val_loss: 0.4421
Epoch 5/10
49/50 ???????????????????? 0s 45ms/step - acc: 0.7934 - auc: 0.8715 - loss: 0.4504
Epoch 5: val_acc improved from 0.79987 to 0.80686, saving model to saved_models/best_MACSynDCR_CNN_model.keras
50/50 ???????????????????? 2s 49ms/step - acc: 0.7932 - auc: 0.8714 - loss: 0.4505 - val_acc: 0.8069 - val_auc: 0.8944 - val_loss: 0.4209
Epoch 6/10
49/50 ???????????????????? 0s 46ms/step - acc: 0.8001 - auc: 0.8800 - loss: 0.4371
Epoch 6: val_acc did not improve from 0.80686
50/50 ???????????????????? 2s 49ms/step - acc: 0.8001 - auc: 0.8800 - loss: 0.4370 - val_acc: 0.8056 - val_auc: 0.8948 - val_loss: 0.4091
Epoch 7/10
50/50 ???????????????????? 0s 45ms/step - acc: 0.7978 - auc: 0.8764 - loss: 0.4417
Epoch 7: val_acc did not improve from 0.80686
50/50 ???????????????????? 2s 48ms/step - acc: 0.7979 - auc: 0.8764 - loss: 0.4416 - val_acc: 0.7853 - val_auc: 0.8735 - val_loss: 0.4501
Epoch 8/10
49/50 ???????????????????? 0s 45ms/step - acc: 0.8030 - auc: 0.8900 - loss: 0.4181
Epoch 8: val_acc did not improve from 0.80686
50/50 ???????????????????? 2s 48ms/step - acc: 0.8031 - auc: 0.8899 - loss: 0.4184 - val_acc: 0.8062 - val_auc: 0.8834 - val_loss: 0.4311
Epoch 9/10
49/50 ???????????????????? 0s 45ms/step - acc: 0.8077 - auc: 0.8900 - loss: 0.4178
Epoch 9: val_acc improved from 0.80686 to 0.82211, saving model to saved_models/best_MACSynDCR_CNN_model.keras
50/50 ???????????????????? 2s 49ms/step - acc: 0.8078 - auc: 0.8900 - loss: 0.4177 - val_acc: 0.8221 - val_auc: 0.9073 - val_loss: 0.3919
Epoch 10/10
50/50 ???????????????????? 0s 44ms/step - acc: 0.8137 - auc: 0.8907 - loss: 0.4176
Epoch 10: val_acc did not improve from 0.82211
50/50 ???????????????????? 2s 48ms/step - acc: 0.8138 - auc: 0.8908 - loss: 0.4174 - val_acc: 0.8170 - val_auc: 0.9064 - val_loss: 0.3881
50/50 ???????????????????? 0s 6ms/step
50/50 ???????????????????? 0s 4ms/step
CNN: Accuracy: 0.8221, AUC-ROC: 0.9077
CNN: AUC-PR: 0.9069, Precision: 0.8168,
CNN Recall: 0.8373, F1 Score: 0.8269
CNN:RMSE: 16.7332 , PCC: 0.7145
Evaluation of Keras MACSynDCR_ANN model:
50/50 ???????????????????? 1s 3ms/step - acc: 0.9079 - auc: 0.9585 - loss: 0.3095
Evaluate->  Loss: 0.3290, Accuracy: 0.8952,AUC: 0.9562
50/50 ???????????????????? 0s 6ms/step
197/197 ???????????????????? 1s 4ms/step
ANN: Accuracy: 0.8952, AUC-ROC: 0.9582
ANN: AUC-PR: 0.9576, Precision: 0.8866,
ANN Recall: 0.9099, F1 Score: 0.8981
ANN:RMSE: 12.8452 , PCC: 0.8268
****************************************************************************************************
Evaluation of Keras MACSynDCR_CNN model:
50/50 ???????????????????? 1s 5ms/step - acc: 0.8358 - auc: 0.9149 - loss: 0.3799
Evaluate->  Loss: 0.3919, Accuracy: 0.8221,Accuracy: 0.9073
50/50 ???????????????????? 0s 5ms/step
197/197 ???????????????????? 1s 4ms/step
CNN: Accuracy: 0.8221, AUC-ROC: 0.9077
CNN: AUC-PR: 0.9069, Precision: 0.8168,
CNN Recall: 0.8373, F1 Score: 0.8269
CNN:RMSE: 16.7332 , PCC: 0.7145
****************************************************************************************************
Accuracy Score and AUC for ANN = AUC: 0.9505, Accuracy: 0.8850
Accuracy Score and AUC for KANN = AUC: 0.9582, Accuracy: 0.8952
Accuracy Score and AUC for KCNN = AUC: 0.9077, Accuracy: 0.8221
Average AUC = AUC: 0.9580, Accuracy: 0.9034
MAX AUC = AUC: 0.9539, Accuracy: 0.8507
Fitting 5 folds for each of 14 candidates, totalling 70 fits
Finall ensemble results of fold_5 for MACSynDCR:
----------------------------------------------------------------------------------------------------
Ensemble Accuracy: 0.9028, AUC-ROC: 0.9605
Ensemble AUC-PR: 0.9611, Precision: 0.9027,
Ensemble Recall: 0.9061, F1 Score: 0.9044
Ensemble RMSE: 12.3693 , PCC: 0.8415
----------------------------------------------------------------------------------------------------
****************************************************************************************************
*           Final MACSynCDR Results:
****************************************************************************************************
 AUC: 0.9596 ± 0.0015
 Accuracy: 0.8992 ± 0.0041
 AUC-PR: 0.9576 ± 0.0026
 Precision: 0.8952 ± 0.0048
 Recall: 0.9035 ± 0.0047
 F1: 0.8993 ± 0.0043
 RMSE: 12.5990 ± 0.2529
 PCC: 0.8329 ± 0.0047
Max AUC: 0.9612
Max ACC: 0.9029
Max AUC-PR: 0.9611
Max Precision: 0.9027
Max Reacall: 0.9105
Max F1: 0.9044
MIN RMSE: 12.3693
Max PCC: 0.8415
