[2025-06-08 21:33:59] Fold 1
[2025-06-08 21:33:59] ----------------------------------------------------------------------------------------------------
[2025-06-08 21:34:01] ANN_model saved with Val_ACC: 0.4839
[2025-06-08 21:34:01] ----------------------------------------------------------------------------------------------------
[2025-06-08 21:34:02] fold_1: Epoch [1/200], Loss: 0.7035, ACC: 0.4839, AUC: 0.5476
[2025-06-08 21:34:02] ANN_model saved with Val_ACC: 0.7915
[2025-06-08 21:34:02] ----------------------------------------------------------------------------------------------------
[2025-06-08 21:34:02] ANN_model saved with Val_ACC: 0.8212
[2025-06-08 21:34:02] ----------------------------------------------------------------------------------------------------
[2025-06-08 21:34:03] ANN_model saved with Val_ACC: 0.8261
[2025-06-08 21:34:03] ----------------------------------------------------------------------------------------------------
[2025-06-08 21:34:03] ANN_model saved with Val_ACC: 0.8335
[2025-06-08 21:34:03] ----------------------------------------------------------------------------------------------------
[2025-06-08 21:34:03] ANN_model saved with Val_ACC: 0.8472
[2025-06-08 21:34:03] ----------------------------------------------------------------------------------------------------
[2025-06-08 21:34:04] ANN_model saved with Val_ACC: 0.8564
[2025-06-08 21:34:04] ----------------------------------------------------------------------------------------------------
[2025-06-08 21:34:04] ANN_model saved with Val_ACC: 0.8682
[2025-06-08 21:34:04] ----------------------------------------------------------------------------------------------------
[2025-06-08 21:34:04] ANN_model saved with Val_ACC: 0.8806
[2025-06-08 21:34:04] ----------------------------------------------------------------------------------------------------
[2025-06-08 21:34:06] ANN_model saved with Val_ACC: 0.8824
[2025-06-08 21:34:06] ----------------------------------------------------------------------------------------------------
[2025-06-08 21:34:06] ANN_model saved with Val_ACC: 0.8923
[2025-06-08 21:34:06] ----------------------------------------------------------------------------------------------------
[2025-06-08 21:34:08] ANN_model saved with Val_ACC: 0.8998
[2025-06-08 21:34:08] ----------------------------------------------------------------------------------------------------
[2025-06-08 21:34:08] ANN_model saved with Val_ACC: 0.9010
[2025-06-08 21:34:08] ----------------------------------------------------------------------------------------------------
[2025-06-08 21:34:09] ANN_model saved with Val_ACC: 0.9028
[2025-06-08 21:34:09] ----------------------------------------------------------------------------------------------------
[2025-06-08 21:34:10] ANN_model saved with Val_ACC: 0.9053
[2025-06-08 21:34:10] ----------------------------------------------------------------------------------------------------
[2025-06-08 21:34:11] fold_1: Epoch [21/200], Loss: 0.3409, ACC: 0.9022, AUC: 0.9612
[2025-06-08 21:34:14] ANN_model saved with Val_ACC: 0.9059
[2025-06-08 21:34:14] ----------------------------------------------------------------------------------------------------
[2025-06-08 21:34:15] ANN_model saved with Val_ACC: 0.9066
[2025-06-08 21:34:15] ----------------------------------------------------------------------------------------------------
[2025-06-08 21:34:15] fold_1: Epoch [41/200], Loss: 0.3209, ACC: 0.9016, AUC: 0.9587
[2025-06-08 21:34:19] fold_1: Epoch [61/200], Loss: 0.3175, ACC: 0.9028, AUC: 0.9603
[2025-06-08 21:34:24] fold_1: Epoch [81/200], Loss: 0.3164, ACC: 0.9016, AUC: 0.9613
[2025-06-08 21:34:28] fold_1: Epoch [101/200], Loss: 0.3156, ACC: 0.9047, AUC: 0.9613
[2025-06-08 21:34:31] ANN_model saved with Val_ACC: 0.9078
[2025-06-08 21:34:31] ----------------------------------------------------------------------------------------------------
[2025-06-08 21:34:33] fold_1: Epoch [121/200], Loss: 0.3150, ACC: 0.9028, AUC: 0.9614
[2025-06-08 21:34:39] fold_1: Epoch [141/200], Loss: 0.3522, ACC: 0.8880, AUC: 0.9355
[2025-06-08 21:34:43] fold_1: Epoch [161/200], Loss: 0.3261, ACC: 0.8874, AUC: 0.9517
[2025-06-08 21:34:48] fold_1: Epoch [181/200], Loss: 0.3161, ACC: 0.8967, AUC: 0.9495
[2025-06-08 22:04:21] Finall ensemble results of fold_1 for MACSynDCR:
[2025-06-08 22:04:21] ----------------------------------------------------------------------------------------------------
[2025-06-08 22:04:21] Ensemble Accuracy: 0.9072, AUC-ROC: 0.9670, 
Ensemble AUC-PR: 0.9631, Precision: 0.9037, 
Ensemble Recall: 0.9104, F1 Score: 0.9071, 
Ensemble RMSE: 12.2474
[2025-06-08 22:04:21] ----------------------------------------------------------------------------------------------------
[2025-06-08 22:04:21] Fold 2
[2025-06-08 22:04:21] ----------------------------------------------------------------------------------------------------
[2025-06-08 22:04:23] ANN_model saved with Val_ACC: 0.5102
[2025-06-08 22:04:23] ----------------------------------------------------------------------------------------------------
[2025-06-08 22:04:24] fold_2: Epoch [1/200], Loss: 0.6944, ACC: 0.5102, AUC: 0.5009
[2025-06-08 22:04:25] ANN_model saved with Val_ACC: 0.8000
[2025-06-08 22:04:25] ----------------------------------------------------------------------------------------------------
[2025-06-08 22:04:26] ANN_model saved with Val_ACC: 0.8279
[2025-06-08 22:04:26] ----------------------------------------------------------------------------------------------------
[2025-06-08 22:04:28] ANN_model saved with Val_ACC: 0.8310
[2025-06-08 22:04:28] ----------------------------------------------------------------------------------------------------
[2025-06-08 22:04:29] ANN_model saved with Val_ACC: 0.8477
[2025-06-08 22:04:29] ----------------------------------------------------------------------------------------------------
[2025-06-08 22:04:31] ANN_model saved with Val_ACC: 0.8644
[2025-06-08 22:04:31] ----------------------------------------------------------------------------------------------------
[2025-06-08 22:04:32] ANN_model saved with Val_ACC: 0.8762
[2025-06-08 22:04:32] ----------------------------------------------------------------------------------------------------
[2025-06-08 22:04:33] ANN_model saved with Val_ACC: 0.8861
[2025-06-08 22:04:33] ----------------------------------------------------------------------------------------------------
[2025-06-08 22:04:35] ANN_model saved with Val_ACC: 0.8885
[2025-06-08 22:04:35] ----------------------------------------------------------------------------------------------------
[2025-06-08 22:04:36] ANN_model saved with Val_ACC: 0.8972
[2025-06-08 22:04:36] ----------------------------------------------------------------------------------------------------
[2025-06-08 22:04:39] ANN_model saved with Val_ACC: 0.9034
[2025-06-08 22:04:39] ----------------------------------------------------------------------------------------------------
[2025-06-08 22:04:43] ANN_model saved with Val_ACC: 0.9040
[2025-06-08 22:04:43] ----------------------------------------------------------------------------------------------------
[2025-06-08 22:04:44] ANN_model saved with Val_ACC: 0.9046
[2025-06-08 22:04:44] ----------------------------------------------------------------------------------------------------
[2025-06-08 22:04:47] ANN_model saved with Val_ACC: 0.9065
[2025-06-08 22:04:47] ----------------------------------------------------------------------------------------------------
[2025-06-08 22:04:47] fold_2: Epoch [21/200], Loss: 0.3322, ACC: 0.9065, AUC: 0.9600
[2025-06-08 22:04:48] ANN_model saved with Val_ACC: 0.9108
[2025-06-08 22:04:48] ----------------------------------------------------------------------------------------------------
[2025-06-08 22:04:51] ANN_model saved with Val_ACC: 0.9121
[2025-06-08 22:04:51] ----------------------------------------------------------------------------------------------------
[2025-06-08 22:04:53] ANN_model saved with Val_ACC: 0.9152
[2025-06-08 22:04:53] ----------------------------------------------------------------------------------------------------
[2025-06-08 22:04:58] fold_2: Epoch [41/200], Loss: 0.3187, ACC: 0.9108, AUC: 0.9624
[2025-06-08 22:05:53] fold_2: Epoch [61/200], Loss: 0.3165, ACC: 0.9115, AUC: 0.9648
[2025-06-08 22:06:12] fold_2: Epoch [81/200], Loss: 0.3156, ACC: 0.9121, AUC: 0.9653
[2025-06-08 22:06:34] fold_2: Epoch [101/200], Loss: 0.3151, ACC: 0.9127, AUC: 0.9655
[2025-06-08 22:06:54] fold_2: Epoch [121/200], Loss: 0.3411, ACC: 0.8904, AUC: 0.9484
[2025-06-08 22:07:12] fold_2: Epoch [141/200], Loss: 0.3209, ACC: 0.9003, AUC: 0.9550
[2025-06-08 22:07:25] fold_2: Epoch [161/200], Loss: 0.3183, ACC: 0.8997, AUC: 0.9554
[2025-06-08 22:07:36] fold_2: Epoch [181/200], Loss: 0.3170, ACC: 0.8991, AUC: 0.9577
[2025-06-08 22:35:29] Finall ensemble results of fold_2 for MACSynDCR:
[2025-06-08 22:35:29] ----------------------------------------------------------------------------------------------------
[2025-06-08 22:35:29] Ensemble Accuracy: 0.9573, AUC-ROC: 0.9908, 
Ensemble AUC-PR: 0.9908, Precision: 0.9523, 
Ensemble Recall: 0.9650, F1 Score: 0.9586, 
Ensemble RMSE: 8.3066
[2025-06-08 22:35:29] ----------------------------------------------------------------------------------------------------
[2025-06-08 22:35:29] Fold 3
[2025-06-08 22:35:29] ----------------------------------------------------------------------------------------------------
[2025-06-08 22:35:30] ANN_model saved with Val_ACC: 0.5251
[2025-06-08 22:35:30] ----------------------------------------------------------------------------------------------------
[2025-06-08 22:35:31] fold_3: Epoch [1/200], Loss: 0.6941, ACC: 0.5251, AUC: 0.5425
[2025-06-08 22:35:31] ANN_model saved with Val_ACC: 0.8019
[2025-06-08 22:35:31] ----------------------------------------------------------------------------------------------------
[2025-06-08 22:35:33] ANN_model saved with Val_ACC: 0.8241
[2025-06-08 22:35:33] ----------------------------------------------------------------------------------------------------
[2025-06-08 22:35:35] ANN_model saved with Val_ACC: 0.8421
[2025-06-08 22:35:35] ----------------------------------------------------------------------------------------------------
[2025-06-08 22:35:37] ANN_model saved with Val_ACC: 0.8514
[2025-06-08 22:35:37] ----------------------------------------------------------------------------------------------------
[2025-06-08 22:35:39] ANN_model saved with Val_ACC: 0.8638
[2025-06-08 22:35:39] ----------------------------------------------------------------------------------------------------
[2025-06-08 22:35:41] ANN_model saved with Val_ACC: 0.8786
[2025-06-08 22:35:41] ----------------------------------------------------------------------------------------------------
[2025-06-08 22:35:42] ANN_model saved with Val_ACC: 0.8817
[2025-06-08 22:35:42] ----------------------------------------------------------------------------------------------------
[2025-06-08 22:35:44] ANN_model saved with Val_ACC: 0.8867
[2025-06-08 22:35:44] ----------------------------------------------------------------------------------------------------
[2025-06-08 22:35:47] ANN_model saved with Val_ACC: 0.8923
[2025-06-08 22:35:47] ----------------------------------------------------------------------------------------------------
[2025-06-08 22:35:50] ANN_model saved with Val_ACC: 0.8941
[2025-06-08 22:35:50] ----------------------------------------------------------------------------------------------------
[2025-06-08 22:35:52] ANN_model saved with Val_ACC: 0.8960
[2025-06-08 22:35:52] ----------------------------------------------------------------------------------------------------
[2025-06-08 22:35:55] ANN_model saved with Val_ACC: 0.8985
[2025-06-08 22:35:55] ----------------------------------------------------------------------------------------------------
[2025-06-08 22:35:57] ANN_model saved with Val_ACC: 0.9015
[2025-06-08 22:35:57] ----------------------------------------------------------------------------------------------------
[2025-06-08 22:36:00] ANN_model saved with Val_ACC: 0.9034
[2025-06-08 22:36:00] ----------------------------------------------------------------------------------------------------
[2025-06-08 22:36:03] ANN_model saved with Val_ACC: 0.9040
[2025-06-08 22:36:03] ----------------------------------------------------------------------------------------------------
[2025-06-08 22:36:06] ANN_model saved with Val_ACC: 0.9071
[2025-06-08 22:36:06] ----------------------------------------------------------------------------------------------------
[2025-06-08 22:36:08] ANN_model saved with Val_ACC: 0.9102
[2025-06-08 22:36:08] ----------------------------------------------------------------------------------------------------
[2025-06-08 22:36:08] fold_3: Epoch [21/200], Loss: 0.3351, ACC: 0.9102, AUC: 0.9628
[2025-06-08 22:36:10] ANN_model saved with Val_ACC: 0.9127
[2025-06-08 22:36:10] ----------------------------------------------------------------------------------------------------
[2025-06-08 22:36:33] fold_3: Epoch [41/200], Loss: 0.3199, ACC: 0.9096, AUC: 0.9647
[2025-06-08 22:36:57] fold_3: Epoch [61/200], Loss: 0.3170, ACC: 0.9040, AUC: 0.9671
[2025-06-08 22:37:20] fold_3: Epoch [81/200], Loss: 0.3157, ACC: 0.9090, AUC: 0.9649
[2025-06-08 22:37:46] fold_3: Epoch [101/200], Loss: 0.3168, ACC: 0.9096, AUC: 0.9609
[2025-06-08 22:38:12] fold_3: Epoch [121/200], Loss: 0.3159, ACC: 0.9102, AUC: 0.9621
[2025-06-08 22:38:37] fold_3: Epoch [141/200], Loss: 0.3156, ACC: 0.9096, AUC: 0.9627
[2025-06-08 22:39:03] fold_3: Epoch [161/200], Loss: 0.3154, ACC: 0.9077, AUC: 0.9630
[2025-06-08 22:39:29] fold_3: Epoch [181/200], Loss: 0.3153, ACC: 0.9077, AUC: 0.9632
[2025-06-08 23:00:53] Finall ensemble results of fold_3 for MACSynDCR:
[2025-06-08 23:00:53] ----------------------------------------------------------------------------------------------------
[2025-06-08 23:00:53] Ensemble Accuracy: 0.9164, AUC-ROC: 0.9711, 
Ensemble AUC-PR: 0.9709, Precision: 0.9091, 
Ensemble Recall: 0.9280, F1 Score: 0.9184, 
Ensemble RMSE: 11.6190
[2025-06-08 23:00:53] ----------------------------------------------------------------------------------------------------
[2025-06-08 23:00:53] Fold 4
[2025-06-08 23:00:53] ----------------------------------------------------------------------------------------------------
[2025-06-08 23:00:54] ANN_model saved with Val_ACC: 0.5344
[2025-06-08 23:00:54] ----------------------------------------------------------------------------------------------------
[2025-06-08 23:00:54] fold_4: Epoch [1/200], Loss: 0.6864, ACC: 0.5344, AUC: 0.5574
[2025-06-08 23:00:54] ANN_model saved with Val_ACC: 0.8031
[2025-06-08 23:00:54] ----------------------------------------------------------------------------------------------------
[2025-06-08 23:00:54] ANN_model saved with Val_ACC: 0.8155
[2025-06-08 23:00:54] ----------------------------------------------------------------------------------------------------
[2025-06-08 23:00:54] ANN_model saved with Val_ACC: 0.8254
[2025-06-08 23:00:54] ----------------------------------------------------------------------------------------------------
[2025-06-08 23:00:55] ANN_model saved with Val_ACC: 0.8316
[2025-06-08 23:00:55] ----------------------------------------------------------------------------------------------------
[2025-06-08 23:00:55] ANN_model saved with Val_ACC: 0.8440
[2025-06-08 23:00:55] ----------------------------------------------------------------------------------------------------
[2025-06-08 23:00:55] ANN_model saved with Val_ACC: 0.8607
[2025-06-08 23:00:55] ----------------------------------------------------------------------------------------------------
[2025-06-08 23:00:56] ANN_model saved with Val_ACC: 0.8687
[2025-06-08 23:00:56] ----------------------------------------------------------------------------------------------------
[2025-06-08 23:00:56] ANN_model saved with Val_ACC: 0.8799
[2025-06-08 23:00:56] ----------------------------------------------------------------------------------------------------
[2025-06-08 23:00:56] ANN_model saved with Val_ACC: 0.8817
[2025-06-08 23:00:56] ----------------------------------------------------------------------------------------------------
[2025-06-08 23:00:57] ANN_model saved with Val_ACC: 0.8867
[2025-06-08 23:00:57] ----------------------------------------------------------------------------------------------------
[2025-06-08 23:00:57] ANN_model saved with Val_ACC: 0.8935
[2025-06-08 23:00:57] ----------------------------------------------------------------------------------------------------
[2025-06-08 23:00:57] ANN_model saved with Val_ACC: 0.8966
[2025-06-08 23:00:57] ----------------------------------------------------------------------------------------------------
[2025-06-08 23:00:58] ANN_model saved with Val_ACC: 0.8972
[2025-06-08 23:00:58] ----------------------------------------------------------------------------------------------------
[2025-06-08 23:00:59] ANN_model saved with Val_ACC: 0.8978
[2025-06-08 23:00:59] ----------------------------------------------------------------------------------------------------
[2025-06-08 23:00:59] fold_4: Epoch [21/200], Loss: 0.3337, ACC: 0.8923, AUC: 0.9540
[2025-06-08 23:01:00] ANN_model saved with Val_ACC: 0.8991
[2025-06-08 23:01:00] ----------------------------------------------------------------------------------------------------
[2025-06-08 23:01:01] ANN_model saved with Val_ACC: 0.8997
[2025-06-08 23:01:01] ----------------------------------------------------------------------------------------------------
[2025-06-08 23:01:01] ANN_model saved with Val_ACC: 0.9003
[2025-06-08 23:01:01] ----------------------------------------------------------------------------------------------------
[2025-06-08 23:01:01] ANN_model saved with Val_ACC: 0.9022
[2025-06-08 23:01:01] ----------------------------------------------------------------------------------------------------
[2025-06-08 23:01:02] ANN_model saved with Val_ACC: 0.9040
[2025-06-08 23:01:02] ----------------------------------------------------------------------------------------------------
[2025-06-08 23:01:04] fold_4: Epoch [41/200], Loss: 0.3186, ACC: 0.8985, AUC: 0.9594
[2025-06-08 23:01:08] fold_4: Epoch [61/200], Loss: 0.3164, ACC: 0.8997, AUC: 0.9612
[2025-06-08 23:01:12] fold_4: Epoch [81/200], Loss: 0.3156, ACC: 0.8985, AUC: 0.9607
[2025-06-08 23:01:19] fold_4: Epoch [101/200], Loss: 0.3151, ACC: 0.9009, AUC: 0.9617
[2025-06-08 23:01:23] fold_4: Epoch [121/200], Loss: 0.3149, ACC: 0.9003, AUC: 0.9617
[2025-06-08 23:01:27] fold_4: Epoch [141/200], Loss: 0.3147, ACC: 0.9003, AUC: 0.9614
[2025-06-08 23:01:31] fold_4: Epoch [161/200], Loss: 0.3518, ACC: 0.8805, AUC: 0.9299
[2025-06-08 23:01:35] fold_4: Epoch [181/200], Loss: 0.3273, ACC: 0.8842, AUC: 0.9428
[2025-06-08 23:19:01] Finall ensemble results of fold_4 for MACSynDCR:
[2025-06-08 23:19:01] ----------------------------------------------------------------------------------------------------
[2025-06-08 23:19:01] Ensemble Accuracy: 0.9084, AUC-ROC: 0.9648, 
Ensemble AUC-PR: 0.9631, Precision: 0.9049, 
Ensemble Recall: 0.9138, F1 Score: 0.9093, 
Ensemble RMSE: 12.1655
[2025-06-08 23:19:01] ----------------------------------------------------------------------------------------------------
[2025-06-08 23:19:01] Fold 5
[2025-06-08 23:19:01] ----------------------------------------------------------------------------------------------------
[2025-06-08 23:19:01] ANN_model saved with Val_ACC: 0.4824
[2025-06-08 23:19:01] ----------------------------------------------------------------------------------------------------
[2025-06-08 23:19:01] fold_5: Epoch [1/200], Loss: 0.7067, ACC: 0.4824, AUC: 0.4577
[2025-06-08 23:19:02] ANN_model saved with Val_ACC: 0.8019
[2025-06-08 23:19:02] ----------------------------------------------------------------------------------------------------
[2025-06-08 23:19:02] ANN_model saved with Val_ACC: 0.8248
[2025-06-08 23:19:02] ----------------------------------------------------------------------------------------------------
[2025-06-08 23:19:02] ANN_model saved with Val_ACC: 0.8433
[2025-06-08 23:19:02] ----------------------------------------------------------------------------------------------------
[2025-06-08 23:19:02] ANN_model saved with Val_ACC: 0.8489
[2025-06-08 23:19:02] ----------------------------------------------------------------------------------------------------
[2025-06-08 23:19:03] ANN_model saved with Val_ACC: 0.8607
[2025-06-08 23:19:03] ----------------------------------------------------------------------------------------------------
[2025-06-08 23:19:03] ANN_model saved with Val_ACC: 0.8693
[2025-06-08 23:19:03] ----------------------------------------------------------------------------------------------------
[2025-06-08 23:19:03] ANN_model saved with Val_ACC: 0.8749
[2025-06-08 23:19:03] ----------------------------------------------------------------------------------------------------
[2025-06-08 23:19:04] ANN_model saved with Val_ACC: 0.8768
[2025-06-08 23:19:04] ----------------------------------------------------------------------------------------------------
[2025-06-08 23:19:04] ANN_model saved with Val_ACC: 0.8861
[2025-06-08 23:19:04] ----------------------------------------------------------------------------------------------------
[2025-06-08 23:19:04] ANN_model saved with Val_ACC: 0.8898
[2025-06-08 23:19:04] ----------------------------------------------------------------------------------------------------
[2025-06-08 23:19:05] ANN_model saved with Val_ACC: 0.8941
[2025-06-08 23:19:05] ----------------------------------------------------------------------------------------------------
[2025-06-08 23:19:05] ANN_model saved with Val_ACC: 0.8997
[2025-06-08 23:19:05] ----------------------------------------------------------------------------------------------------
[2025-06-08 23:19:05] ANN_model saved with Val_ACC: 0.9015
[2025-06-08 23:19:05] ----------------------------------------------------------------------------------------------------
[2025-06-08 23:19:07] fold_5: Epoch [21/200], Loss: 0.3402, ACC: 0.8972, AUC: 0.9582
[2025-06-08 23:19:11] fold_5: Epoch [41/200], Loss: 0.3208, ACC: 0.8972, AUC: 0.9607
[2025-06-08 23:19:15] fold_5: Epoch [61/200], Loss: 0.3175, ACC: 0.8978, AUC: 0.9610
[2025-06-08 23:19:19] fold_5: Epoch [81/200], Loss: 0.3163, ACC: 0.8941, AUC: 0.9606
[2025-06-08 23:19:23] fold_5: Epoch [101/200], Loss: 0.3156, ACC: 0.8966, AUC: 0.9610
[2025-06-08 23:19:27] fold_5: Epoch [121/200], Loss: 0.3152, ACC: 0.8972, AUC: 0.9609
[2025-06-08 23:19:31] fold_5: Epoch [141/200], Loss: 0.3148, ACC: 0.9009, AUC: 0.9613
[2025-06-08 23:19:35] fold_5: Epoch [161/200], Loss: 0.3661, ACC: 0.8656, AUC: 0.9246
[2025-06-08 23:19:39] fold_5: Epoch [181/200], Loss: 0.3313, ACC: 0.8885, AUC: 0.9484
[2025-06-08 23:37:04] Finall ensemble results of fold_5 for MACSynDCR:
[2025-06-08 23:37:04] ----------------------------------------------------------------------------------------------------
[2025-06-08 23:37:04] Ensemble Accuracy: 0.9146, AUC-ROC: 0.9674, 
Ensemble AUC-PR: 0.9653, Precision: 0.9201, 
Ensemble Recall: 0.9135, F1 Score: 0.9168, 
Ensemble RMSE: 11.7473
[2025-06-08 23:37:04] ----------------------------------------------------------------------------------------------------
[2025-06-08 23:37:04] ****************************************************************************************************
[2025-06-08 23:37:04] *          Final MACSynCDR Results:
[2025-06-08 23:37:04] ****************************************************************************************************
[2025-06-08 23:37:04]  AUC: 0.9722 ± 0.0095
[2025-06-08 23:37:04]  Accuracy: 0.9208 ± 0.0186
[2025-06-08 23:37:04]  AUC-PR: 0.9707 ± 0.0105
[2025-06-08 23:37:04]  Precision: 0.9180 ± 0.0181
[2025-06-08 23:37:04]  Recall: 0.9261 ± 0.0204
[2025-06-08 23:37:04]  F1: 0.9220 ± 0.0188
[2025-06-08 23:37:04]  RMSE: 11.2172 ± 1.4748
[2025-06-08 23:37:04]  PCC: 0.8686 ± 0.0324
