[2025-08-21 00:24:51] Fold 1
[2025-08-21 00:24:51] ----------------------------------------------------------------------------------------------------
[2025-08-21 00:24:53] ANN_model saved with Val_ACC: 0.5098
[2025-08-21 00:24:53] ----------------------------------------------------------------------------------------------------
[2025-08-21 00:24:53] fold_1: Epoch [1/10], Loss: 0.6986, ACC: 0.5098, AUC: 0.5308
[2025-08-21 00:24:54] ANN_model saved with Val_ACC: 0.7803
[2025-08-21 00:24:54] ----------------------------------------------------------------------------------------------------
[2025-08-21 00:24:54] ANN_model saved with Val_ACC: 0.8006
[2025-08-21 00:24:54] ----------------------------------------------------------------------------------------------------
[2025-08-21 00:24:55] ANN_model saved with Val_ACC: 0.8152
[2025-08-21 00:24:55] ----------------------------------------------------------------------------------------------------
[2025-08-21 00:24:56] ANN_model saved with Val_ACC: 0.8292
[2025-08-21 00:24:56] ----------------------------------------------------------------------------------------------------
[2025-08-21 00:24:57] ANN_model saved with Val_ACC: 0.8438
[2025-08-21 00:24:57] ----------------------------------------------------------------------------------------------------
[2025-08-21 00:24:58] ANN_model saved with Val_ACC: 0.8552
[2025-08-21 00:24:58] ----------------------------------------------------------------------------------------------------
[2025-08-21 00:24:58] ANN_model saved with Val_ACC: 0.8692
[2025-08-21 00:24:58] ----------------------------------------------------------------------------------------------------
[2025-08-21 00:24:59] ANN_model saved with Val_ACC: 0.8724
[2025-08-21 00:24:59] ----------------------------------------------------------------------------------------------------
[2025-08-21 00:26:10] Finall ensemble results of fold_1 for MACSynDCR:
[2025-08-21 00:26:10] ----------------------------------------------------------------------------------------------------
[2025-08-21 00:26:10] Ensemble Accuracy: 0.8940, AUC-ROC: 0.9529, 
Ensemble AUC-PR: 0.9550, Precision: 0.8958, 
Ensemble Recall: 0.8900, F1 Score: 0.8929, 
Ensemble RMSE: 12.9228
[2025-08-21 00:26:10] ----------------------------------------------------------------------------------------------------
[2025-08-21 00:26:10] Fold 2
[2025-08-21 00:26:10] ----------------------------------------------------------------------------------------------------
[2025-08-21 00:26:11] ANN_model saved with Val_ACC: 0.5416
[2025-08-21 00:26:11] ----------------------------------------------------------------------------------------------------
[2025-08-21 00:26:11] fold_2: Epoch [1/10], Loss: 0.6980, ACC: 0.5416, AUC: 0.5560
[2025-08-21 00:26:11] ANN_model saved with Val_ACC: 0.8070
[2025-08-21 00:26:11] ----------------------------------------------------------------------------------------------------
[2025-08-21 00:26:11] ANN_model saved with Val_ACC: 0.8260
[2025-08-21 00:26:11] ----------------------------------------------------------------------------------------------------
[2025-08-21 00:26:12] ANN_model saved with Val_ACC: 0.8324
[2025-08-21 00:26:12] ----------------------------------------------------------------------------------------------------
[2025-08-21 00:26:12] ANN_model saved with Val_ACC: 0.8508
[2025-08-21 00:26:12] ----------------------------------------------------------------------------------------------------
[2025-08-21 00:26:12] ANN_model saved with Val_ACC: 0.8571
[2025-08-21 00:26:12] ----------------------------------------------------------------------------------------------------
[2025-08-21 00:26:13] ANN_model saved with Val_ACC: 0.8692
[2025-08-21 00:26:13] ----------------------------------------------------------------------------------------------------
[2025-08-21 00:26:13] ANN_model saved with Val_ACC: 0.8730
[2025-08-21 00:26:13] ----------------------------------------------------------------------------------------------------
[2025-08-21 00:26:13] ANN_model saved with Val_ACC: 0.8787
[2025-08-21 00:26:13] ----------------------------------------------------------------------------------------------------
[2025-08-21 00:26:14] ANN_model saved with Val_ACC: 0.8876
[2025-08-21 00:26:14] ----------------------------------------------------------------------------------------------------
[2025-08-21 00:27:23] Finall ensemble results of fold_2 for MACSynDCR:
[2025-08-21 00:27:23] ----------------------------------------------------------------------------------------------------
[2025-08-21 00:27:23] Ensemble Accuracy: 0.8990, AUC-ROC: 0.9594, 
Ensemble AUC-PR: 0.9581, Precision: 0.8990, 
Ensemble Recall: 0.8955, F1 Score: 0.8972, 
Ensemble RMSE: 12.6095
[2025-08-21 00:27:23] ----------------------------------------------------------------------------------------------------
[2025-08-21 00:27:23] Fold 3
[2025-08-21 00:27:23] ----------------------------------------------------------------------------------------------------
[2025-08-21 00:27:23] ANN_model saved with Val_ACC: 0.4768
[2025-08-21 00:27:23] ----------------------------------------------------------------------------------------------------
[2025-08-21 00:27:23] fold_3: Epoch [1/10], Loss: 0.7117, ACC: 0.4768, AUC: 0.4579
[2025-08-21 00:27:24] ANN_model saved with Val_ACC: 0.7975
[2025-08-21 00:27:24] ----------------------------------------------------------------------------------------------------
[2025-08-21 00:27:25] ANN_model saved with Val_ACC: 0.8248
[2025-08-21 00:27:25] ----------------------------------------------------------------------------------------------------
[2025-08-21 00:27:26] ANN_model saved with Val_ACC: 0.8349
[2025-08-21 00:27:26] ----------------------------------------------------------------------------------------------------
[2025-08-21 00:27:26] ANN_model saved with Val_ACC: 0.8425
[2025-08-21 00:27:26] ----------------------------------------------------------------------------------------------------
[2025-08-21 00:27:27] ANN_model saved with Val_ACC: 0.8584
[2025-08-21 00:27:27] ----------------------------------------------------------------------------------------------------
[2025-08-21 00:27:27] ANN_model saved with Val_ACC: 0.8737
[2025-08-21 00:27:27] ----------------------------------------------------------------------------------------------------
[2025-08-21 00:27:27] ANN_model saved with Val_ACC: 0.8825
[2025-08-21 00:27:27] ----------------------------------------------------------------------------------------------------
[2025-08-21 00:27:28] ANN_model saved with Val_ACC: 0.8908
[2025-08-21 00:27:28] ----------------------------------------------------------------------------------------------------
[2025-08-21 00:28:39] Finall ensemble results of fold_3 for MACSynDCR:
[2025-08-21 00:28:39] ----------------------------------------------------------------------------------------------------
[2025-08-21 00:28:39] Ensemble Accuracy: 0.9010, AUC-ROC: 0.9599, 
Ensemble AUC-PR: 0.9559, Precision: 0.8962, 
Ensemble Recall: 0.9009, F1 Score: 0.8986, 
Ensemble RMSE: 12.4900
[2025-08-21 00:28:39] ----------------------------------------------------------------------------------------------------
[2025-08-21 00:28:39] Fold 4
[2025-08-21 00:28:39] ----------------------------------------------------------------------------------------------------
[2025-08-21 00:28:39] ANN_model saved with Val_ACC: 0.5200
[2025-08-21 00:28:39] ----------------------------------------------------------------------------------------------------
[2025-08-21 00:28:39] fold_4: Epoch [1/10], Loss: 0.6987, ACC: 0.5200, AUC: 0.5279
[2025-08-21 00:28:39] ANN_model saved with Val_ACC: 0.8044
[2025-08-21 00:28:39] ----------------------------------------------------------------------------------------------------
[2025-08-21 00:28:40] ANN_model saved with Val_ACC: 0.8152
[2025-08-21 00:28:40] ----------------------------------------------------------------------------------------------------
[2025-08-21 00:28:41] ANN_model saved with Val_ACC: 0.8286
[2025-08-21 00:28:41] ----------------------------------------------------------------------------------------------------
[2025-08-21 00:28:42] ANN_model saved with Val_ACC: 0.8419
[2025-08-21 00:28:42] ----------------------------------------------------------------------------------------------------
[2025-08-21 00:28:43] ANN_model saved with Val_ACC: 0.8622
[2025-08-21 00:28:43] ----------------------------------------------------------------------------------------------------
[2025-08-21 00:28:43] ANN_model saved with Val_ACC: 0.8775
[2025-08-21 00:28:43] ----------------------------------------------------------------------------------------------------
[2025-08-21 00:28:44] ANN_model saved with Val_ACC: 0.8851
[2025-08-21 00:28:44] ----------------------------------------------------------------------------------------------------
[2025-08-21 00:28:44] ANN_model saved with Val_ACC: 0.8863
[2025-08-21 00:28:44] ----------------------------------------------------------------------------------------------------
[2025-08-21 00:28:45] ANN_model saved with Val_ACC: 0.8927
[2025-08-21 00:28:45] ----------------------------------------------------------------------------------------------------
[2025-08-21 00:29:55] Finall ensemble results of fold_4 for MACSynDCR:
[2025-08-21 00:29:55] ----------------------------------------------------------------------------------------------------
[2025-08-21 00:29:55] Ensemble Accuracy: 0.9060, AUC-ROC: 0.9618, 
Ensemble AUC-PR: 0.9616, Precision: 0.9161, 
Ensemble Recall: 0.8979, F1 Score: 0.9069, 
Ensemble RMSE: 12.1655
[2025-08-21 00:29:55] ----------------------------------------------------------------------------------------------------
[2025-08-21 00:29:55] Fold 5
[2025-08-21 00:29:55] ----------------------------------------------------------------------------------------------------
[2025-08-21 00:29:55] ANN_model saved with Val_ACC: 0.4689
[2025-08-21 00:29:55] ----------------------------------------------------------------------------------------------------
[2025-08-21 00:29:56] fold_5: Epoch [1/10], Loss: 0.7108, ACC: 0.4689, AUC: 0.4559
[2025-08-21 00:29:56] ANN_model saved with Val_ACC: 0.8081
[2025-08-21 00:29:56] ----------------------------------------------------------------------------------------------------
[2025-08-21 00:29:56] ANN_model saved with Val_ACC: 0.8253
[2025-08-21 00:29:56] ----------------------------------------------------------------------------------------------------
[2025-08-21 00:29:57] ANN_model saved with Val_ACC: 0.8386
[2025-08-21 00:29:57] ----------------------------------------------------------------------------------------------------
[2025-08-21 00:29:57] ANN_model saved with Val_ACC: 0.8450
[2025-08-21 00:29:57] ----------------------------------------------------------------------------------------------------
[2025-08-21 00:29:58] ANN_model saved with Val_ACC: 0.8590
[2025-08-21 00:29:58] ----------------------------------------------------------------------------------------------------
[2025-08-21 00:29:59] ANN_model saved with Val_ACC: 0.8704
[2025-08-21 00:29:59] ----------------------------------------------------------------------------------------------------
[2025-08-21 00:29:59] ANN_model saved with Val_ACC: 0.8844
[2025-08-21 00:29:59] ----------------------------------------------------------------------------------------------------
[2025-08-21 00:30:00] ANN_model saved with Val_ACC: 0.8888
[2025-08-21 00:30:00] ----------------------------------------------------------------------------------------------------
[2025-08-21 00:30:00] ANN_model saved with Val_ACC: 0.8920
[2025-08-21 00:30:00] ----------------------------------------------------------------------------------------------------
[2025-08-21 00:31:13] Finall ensemble results of fold_5 for MACSynDCR:
[2025-08-21 00:31:13] ----------------------------------------------------------------------------------------------------
[2025-08-21 00:31:13] Ensemble Accuracy: 0.9072, AUC-ROC: 0.9630, 
Ensemble AUC-PR: 0.9637, Precision: 0.9076, 
Ensemble Recall: 0.9099, F1 Score: 0.9087, 
Ensemble RMSE: 12.0830
[2025-08-21 00:31:13] ----------------------------------------------------------------------------------------------------
[2025-08-21 00:31:13] ****************************************************************************************************
[2025-08-21 00:31:13] *          Final MACSynCDR Results:
[2025-08-21 00:31:13] ****************************************************************************************************
[2025-08-21 00:31:13]  AUC: 0.9594 ± 0.0035
[2025-08-21 00:31:13]  Accuracy: 0.9014 ± 0.0048
[2025-08-21 00:31:13]  AUC-PR: 0.9589 ± 0.0033
[2025-08-21 00:31:13]  Precision: 0.9029 ± 0.0079
[2025-08-21 00:31:13]  Recall: 0.8988 ± 0.0066
[2025-08-21 00:31:13]  F1: 0.9009 ± 0.0060
[2025-08-21 00:31:13]  RMSE: 12.4542 ± 0.3053
[2025-08-21 00:31:13]  PCC: 0.8331 ± 0.0109

C:\Users\srahaman2\Documents\PhD research\MACSynDCR\LapMGAN>python MACSynDCR_CV_RUN_with_LMGAN_shape.py --epoch 10 --suffix Ablation_GEx
2025-08-21 00:24:42.180307: I tensorflow/core/util/port.cc:153] oneDNN custom operations are on. You may see slightly different numerical results due to floating-point round-off errors from different computation orders. To turn them off, set the environment variable `TF_ENABLE_ONEDNN_OPTS=0`.
2025-08-21 00:24:43.157826: I tensorflow/core/util/port.cc:153] oneDNN custom operations are on. You may see slightly different numerical results due to floating-point round-off errors from different computation orders. To turn them off, set the environment variable `TF_ENABLE_ONEDNN_OPTS=0`.
Fold 1
Data processing and Training of MACSynDCR_ANN model:
ANN_model saved with Val_ACC: 0.5098 Val_AUC: 0.5308
fold_1: Epoch [1/10], Loss: 0.6986, Val_ACC: 0.5098, Val_AUC: 0.5308
ANN_model saved with Val_ACC: 0.7803 Val_AUC: 0.8625
ANN_model saved with Val_ACC: 0.8006 Val_AUC: 0.8890
ANN_model saved with Val_ACC: 0.8152 Val_AUC: 0.9014
ANN_model saved with Val_ACC: 0.8292 Val_AUC: 0.9112
ANN_model saved with Val_ACC: 0.8438 Val_AUC: 0.9207
ANN_model saved with Val_ACC: 0.8552 Val_AUC: 0.9310
ANN_model saved with Val_ACC: 0.8692 Val_AUC: 0.9393
ANN_model saved with Val_ACC: 0.8724 Val_AUC: 0.9435
Accuracy: 0.8724, AUC-ROC: 0.9435
 AUC-PR: 0.9469, Precision: 0.8600, Recall: 0.8875, F1 Score: 0.8735
RMSE: 12.0606 , PCC: 0.7953
Data processing and Training of MACSynDCR_ANN model:
2025-08-21 00:24:59.805973: I tensorflow/core/platform/cpu_feature_guard.cc:210] This TensorFlow binary is optimized to use available CPU instructions in performance-critical operations.
To enable the following instructions: AVX2 FMA, in other operations, rebuild TensorFlow with the appropriate compiler flags.
MACSynDCR_ANN model:
Model: "sequential"
????????????????????????????????????????????????????????????????????????????????????????
? Layer (type)                         ? Output Shape                ?         Param # ?
????????????????????????????????????????????????????????????????????????????????????????
¦ dense (Dense)                        ¦ (None, 2048)                ¦       4,458,496 ¦
+--------------------------------------+-----------------------------+-----------------¦
¦ batch_normalization                  ¦ (None, 2048)                ¦           8,192 ¦
¦ (BatchNormalization)                 ¦                             ¦                 ¦
+--------------------------------------+-----------------------------+-----------------¦
¦ dense_1 (Dense)                      ¦ (None, 1024)                ¦       2,098,176 ¦
+--------------------------------------+-----------------------------+-----------------¦
¦ batch_normalization_1                ¦ (None, 1024)                ¦           4,096 ¦
¦ (BatchNormalization)                 ¦                             ¦                 ¦
+--------------------------------------+-----------------------------+-----------------¦
¦ dense_2 (Dense)                      ¦ (None, 512)                 ¦         524,800 ¦
+--------------------------------------+-----------------------------+-----------------¦
¦ batch_normalization_2                ¦ (None, 512)                 ¦           2,048 ¦
¦ (BatchNormalization)                 ¦                             ¦                 ¦
+--------------------------------------+-----------------------------+-----------------¦
¦ dense_3 (Dense)                      ¦ (None, 256)                 ¦         131,328 ¦
+--------------------------------------+-----------------------------+-----------------¦
¦ batch_normalization_3                ¦ (None, 256)                 ¦           1,024 ¦
¦ (BatchNormalization)                 ¦                             ¦                 ¦
+--------------------------------------+-----------------------------+-----------------¦
¦ dense_4 (Dense)                      ¦ (None, 128)                 ¦          32,896 ¦
+--------------------------------------+-----------------------------+-----------------¦
¦ batch_normalization_4                ¦ (None, 128)                 ¦             512 ¦
¦ (BatchNormalization)                 ¦                             ¦                 ¦
+--------------------------------------+-----------------------------+-----------------¦
¦ dense_5 (Dense)                      ¦ (None, 2)                   ¦             258 ¦
+--------------------------------------------------------------------------------------+
 Total params: 7,261,826 (27.70 MB)
 Trainable params: 7,253,890 (27.67 MB)
 Non-trainable params: 7,936 (31.00 KB)
Epoch 1/10
49/50 ???????????????????? 0s 47ms/step - acc: 0.7333 - auc: 0.8205 - loss: 0.6137
Epoch 1: val_auc improved from -inf to 0.70594, saving model to saved_models/best_MACSynDCR_ANN_model.keras
50/50 ???????????????????? 7s 70ms/step - acc: 0.7354 - auc: 0.8224 - loss: 0.6087 - val_acc: 0.6305 - val_auc: 0.7059 - val_loss: 0.7754
Epoch 2/10
50/50 ???????????????????? 0s 48ms/step - acc: 0.8975 - auc: 0.9621 - loss: 0.2512
Epoch 2: val_auc improved from 0.70594 to 0.80162, saving model to saved_models/best_MACSynDCR_ANN_model.keras
50/50 ???????????????????? 3s 63ms/step - acc: 0.8974 - auc: 0.9620 - loss: 0.2513 - val_acc: 0.7168 - val_auc: 0.8016 - val_loss: 0.5402
Epoch 3/10
49/50 ???????????????????? 0s 47ms/step - acc: 0.9298 - auc: 0.9812 - loss: 0.1780
Epoch 3: val_auc improved from 0.80162 to 0.80838, saving model to saved_models/best_MACSynDCR_ANN_model.keras
50/50 ???????????????????? 3s 61ms/step - acc: 0.9297 - auc: 0.9811 - loss: 0.1782 - val_acc: 0.7238 - val_auc: 0.8084 - val_loss: 0.6615
Epoch 4/10
49/50 ???????????????????? 0s 47ms/step - acc: 0.9427 - auc: 0.9860 - loss: 0.1490
Epoch 4: val_auc improved from 0.80838 to 0.86594, saving model to saved_models/best_MACSynDCR_ANN_model.keras
50/50 ???????????????????? 3s 61ms/step - acc: 0.9424 - auc: 0.9859 - loss: 0.1494 - val_acc: 0.7784 - val_auc: 0.8659 - val_loss: 0.5895
Epoch 5/10
49/50 ???????????????????? 0s 48ms/step - acc: 0.9524 - auc: 0.9906 - loss: 0.1230
Epoch 5: val_auc improved from 0.86594 to 0.92338, saving model to saved_models/best_MACSynDCR_ANN_model.keras
50/50 ???????????????????? 3s 63ms/step - acc: 0.9524 - auc: 0.9905 - loss: 0.1232 - val_acc: 0.8502 - val_auc: 0.9234 - val_loss: 0.4112
Epoch 6/10
49/50 ???????????????????? 0s 47ms/step - acc: 0.9689 - auc: 0.9942 - loss: 0.0944
Epoch 6: val_auc improved from 0.92338 to 0.92927, saving model to saved_models/best_MACSynDCR_ANN_model.keras
50/50 ???????????????????? 3s 61ms/step - acc: 0.9685 - auc: 0.9941 - loss: 0.0951 - val_acc: 0.8616 - val_auc: 0.9293 - val_loss: 0.4330
Epoch 7/10
50/50 ???????????????????? 0s 47ms/step - acc: 0.9590 - auc: 0.9934 - loss: 0.1032
Epoch 7: val_auc improved from 0.92927 to 0.93277, saving model to saved_models/best_MACSynDCR_ANN_model.keras
50/50 ???????????????????? 3s 61ms/step - acc: 0.9590 - auc: 0.9934 - loss: 0.1033 - val_acc: 0.8654 - val_auc: 0.9328 - val_loss: 0.4466
Epoch 8/10
50/50 ???????????????????? 0s 47ms/step - acc: 0.9698 - auc: 0.9945 - loss: 0.0891
Epoch 8: val_auc did not improve from 0.93277
50/50 ???????????????????? 3s 50ms/step - acc: 0.9697 - auc: 0.9945 - loss: 0.0894 - val_acc: 0.8711 - val_auc: 0.9287 - val_loss: 0.4522
Epoch 9/10
49/50 ???????????????????? 0s 47ms/step - acc: 0.9659 - auc: 0.9950 - loss: 0.0854
Epoch 9: val_auc improved from 0.93277 to 0.94153, saving model to saved_models/best_MACSynDCR_ANN_model.keras
50/50 ???????????????????? 3s 60ms/step - acc: 0.9660 - auc: 0.9950 - loss: 0.0852 - val_acc: 0.8775 - val_auc: 0.9415 - val_loss: 0.4287
Epoch 10/10
50/50 ???????????????????? 0s 46ms/step - acc: 0.9689 - auc: 0.9951 - loss: 0.0849
Epoch 10: val_auc did not improve from 0.94153
50/50 ???????????????????? 3s 49ms/step - acc: 0.9690 - auc: 0.9951 - loss: 0.0848 - val_acc: 0.8762 - val_auc: 0.9359 - val_loss: 0.4560
50/50 ???????????????????? 0s 6ms/step
50/50 ???????????????????? 0s 4ms/step
ANN: Accuracy: 0.8775, AUC-ROC: 0.9485
ANN: AUC-PR: 0.9453, Precision: 0.8860,
ANN Recall: 0.8645, F1 Score: 0.8751
\ANN:RMSE: 13.8924 , PCC: 0.7940
Data processing and Training of MACSynDCR_CNN model:
MACSynDCR_CNN model:
Model: "sequential_1"
????????????????????????????????????????????????????????????????????????????????????????
? Layer (type)                         ? Output Shape                ?         Param # ?
????????????????????????????????????????????????????????????????????????????????????????
¦ conv2d (Conv2D)                      ¦ (None, 66, 30, 32)          ¦             320 ¦
+--------------------------------------+-----------------------------+-----------------¦
¦ max_pooling2d (MaxPooling2D)         ¦ (None, 33, 15, 32)          ¦               0 ¦
+--------------------------------------+-----------------------------+-----------------¦
¦ dropout (Dropout)                    ¦ (None, 33, 15, 32)          ¦               0 ¦
+--------------------------------------+-----------------------------+-----------------¦
¦ conv2d_1 (Conv2D)                    ¦ (None, 31, 13, 64)          ¦          18,496 ¦
+--------------------------------------+-----------------------------+-----------------¦
¦ max_pooling2d_1 (MaxPooling2D)       ¦ (None, 15, 6, 64)           ¦               0 ¦
+--------------------------------------+-----------------------------+-----------------¦
¦ dropout_1 (Dropout)                  ¦ (None, 15, 6, 64)           ¦               0 ¦
+--------------------------------------+-----------------------------+-----------------¦
¦ conv2d_2 (Conv2D)                    ¦ (None, 13, 4, 128)          ¦          73,856 ¦
+--------------------------------------+-----------------------------+-----------------¦
¦ max_pooling2d_2 (MaxPooling2D)       ¦ (None, 6, 2, 128)           ¦               0 ¦
+--------------------------------------+-----------------------------+-----------------¦
¦ dropout_2 (Dropout)                  ¦ (None, 6, 2, 128)           ¦               0 ¦
+--------------------------------------+-----------------------------+-----------------¦
¦ flatten (Flatten)                    ¦ (None, 1536)                ¦               0 ¦
+--------------------------------------+-----------------------------+-----------------¦
¦ dense_6 (Dense)                      ¦ (None, 128)                 ¦         196,736 ¦
+--------------------------------------+-----------------------------+-----------------¦
¦ dense_7 (Dense)                      ¦ (None, 2)                   ¦             258 ¦
+--------------------------------------------------------------------------------------+
 Total params: 289,666 (1.10 MB)
 Trainable params: 289,666 (1.10 MB)
 Non-trainable params: 0 (0.00 B)
Epoch 1/10
50/50 ???????????????????? 0s 49ms/step - acc: 0.4954 - auc: 0.4915 - loss: 0.7151
Epoch 1: val_acc improved from -inf to 0.49651, saving model to saved_models/best_MACSynDCR_CNN_model.keras
50/50 ???????????????????? 5s 61ms/step - acc: 0.4955 - auc: 0.4917 - loss: 0.7148 - val_acc: 0.4965 - val_auc: 0.5362 - val_loss: 0.6928
Epoch 2/10
50/50 ???????????????????? 0s 48ms/step - acc: 0.5043 - auc: 0.5147 - loss: 0.6928
Epoch 2: val_acc improved from 0.49651 to 0.72063, saving model to saved_models/best_MACSynDCR_CNN_model.keras
50/50 ???????????????????? 3s 53ms/step - acc: 0.5046 - auc: 0.5150 - loss: 0.6928 - val_acc: 0.7206 - val_auc: 0.7419 - val_loss: 0.6882
Epoch 3/10
50/50 ???????????????????? 0s 48ms/step - acc: 0.5944 - auc: 0.6253 - loss: 0.6805
Epoch 3: val_acc did not improve from 0.72063
50/50 ???????????????????? 3s 52ms/step - acc: 0.5948 - auc: 0.6260 - loss: 0.6801 - val_acc: 0.7111 - val_auc: 0.7758 - val_loss: 0.5805
Epoch 4/10
49/50 ???????????????????? 0s 48ms/step - acc: 0.7001 - auc: 0.7743 - loss: 0.5718
Epoch 4: val_acc improved from 0.72063 to 0.74667, saving model to saved_models/best_MACSynDCR_CNN_model.keras
50/50 ???????????????????? 3s 52ms/step - acc: 0.7008 - auc: 0.7750 - loss: 0.5711 - val_acc: 0.7467 - val_auc: 0.8399 - val_loss: 0.4967
Epoch 5/10
49/50 ???????????????????? 0s 48ms/step - acc: 0.7434 - auc: 0.8244 - loss: 0.5144
Epoch 5: val_acc improved from 0.74667 to 0.79111, saving model to saved_models/best_MACSynDCR_CNN_model.keras
50/50 ???????????????????? 3s 53ms/step - acc: 0.7440 - auc: 0.8250 - loss: 0.5137 - val_acc: 0.7911 - val_auc: 0.8717 - val_loss: 0.4507
Epoch 6/10
49/50 ???????????????????? 0s 48ms/step - acc: 0.7941 - auc: 0.8711 - loss: 0.4509
Epoch 6: val_acc improved from 0.79111 to 0.80063, saving model to saved_models/best_MACSynDCR_CNN_model.keras
50/50 ???????????????????? 3s 54ms/step - acc: 0.7938 - auc: 0.8709 - loss: 0.4511 - val_acc: 0.8006 - val_auc: 0.8651 - val_loss: 0.4601
Epoch 7/10
50/50 ???????????????????? 0s 45ms/step - acc: 0.7952 - auc: 0.8816 - loss: 0.4329
Epoch 7: val_acc improved from 0.80063 to 0.80254, saving model to saved_models/best_MACSynDCR_CNN_model.keras
50/50 ???????????????????? 3s 50ms/step - acc: 0.7952 - auc: 0.8816 - loss: 0.4329 - val_acc: 0.8025 - val_auc: 0.8780 - val_loss: 0.4398
Epoch 8/10
49/50 ???????????????????? 0s 50ms/step - acc: 0.8037 - auc: 0.8854 - loss: 0.4258
Epoch 8: val_acc improved from 0.80254 to 0.80571, saving model to saved_models/best_MACSynDCR_CNN_model.keras
50/50 ???????????????????? 3s 54ms/step - acc: 0.8036 - auc: 0.8854 - loss: 0.4259 - val_acc: 0.8057 - val_auc: 0.8858 - val_loss: 0.4257
Epoch 9/10
49/50 ???????????????????? 0s 47ms/step - acc: 0.8162 - auc: 0.8923 - loss: 0.4154
Epoch 9: val_acc did not improve from 0.80571
50/50 ???????????????????? 3s 50ms/step - acc: 0.8159 - auc: 0.8922 - loss: 0.4155 - val_acc: 0.8006 - val_auc: 0.8854 - val_loss: 0.4273
Epoch 10/10
50/50 ???????????????????? 0s 45ms/step - acc: 0.8087 - auc: 0.8927 - loss: 0.4149
Epoch 10: val_acc improved from 0.80571 to 0.80698, saving model to saved_models/best_MACSynDCR_CNN_model.keras
50/50 ???????????????????? 3s 50ms/step - acc: 0.8088 - auc: 0.8927 - loss: 0.4149 - val_acc: 0.8070 - val_auc: 0.8892 - val_loss: 0.4208
50/50 ???????????????????? 0s 5ms/step
50/50 ???????????????????? 0s 4ms/step
CNN: Accuracy: 0.8070, AUC-ROC: 0.8905
CNN: AUC-PR: 0.8879, Precision: 0.7922,
CNN Recall: 0.8286, F1 Score: 0.8100
CNN:RMSE: 17.4356 , PCC: 0.6827
Evaluation of Keras MACSynDCR_ANN model:
50/50 ???????????????????? 1s 4ms/step - acc: 0.8815 - auc: 0.9437 - loss: 0.4070
Evaluate->  Loss: 0.4287, Accuracy: 0.8775,AUC: 0.9415
50/50 ???????????????????? 0s 6ms/step
197/197 ???????????????????? 1s 3ms/step
ANN: Accuracy: 0.8775, AUC-ROC: 0.9485
ANN: AUC-PR: 0.9453, Precision: 0.8860,
ANN Recall: 0.8645, F1 Score: 0.8751
ANN:RMSE: 13.8924 , PCC: 0.7940
****************************************************************************************************
Evaluation of Keras MACSynDCR_CNN model:
50/50 ???????????????????? 1s 4ms/step - acc: 0.7917 - auc: 0.8801 - loss: 0.4346
Evaluate->  Loss: 0.4208, Accuracy: 0.8070,Accuracy: 0.8892
50/50 ???????????????????? 1s 10ms/step
197/197 ???????????????????? 1s 4ms/step
CNN: Accuracy: 0.8070, AUC-ROC: 0.8905
CNN: AUC-PR: 0.8879, Precision: 0.7922,
CNN Recall: 0.8286, F1 Score: 0.8100
CNN:RMSE: 17.4356 , PCC: 0.6827
****************************************************************************************************
Accuracy Score and AUC for ANN = AUC: 0.9435, Accuracy: 0.8724
Accuracy Score and AUC for KANN = AUC: 0.9485, Accuracy: 0.8775
Accuracy Score and AUC for KCNN = AUC: 0.8905, Accuracy: 0.8070
Average AUC = AUC: 0.9484, Accuracy: 0.8819
MAX AUC = AUC: 0.9439, Accuracy: 0.8324
Fitting 5 folds for each of 14 candidates, totalling 70 fits
Finall ensemble results of fold_1 for MACSynDCR:
----------------------------------------------------------------------------------------------------
Ensemble Accuracy: 0.8940, AUC-ROC: 0.9529
Ensemble AUC-PR: 0.9550, Precision: 0.8958,
Ensemble Recall: 0.8900, F1 Score: 0.8929
Ensemble RMSE: 12.9228 , PCC: 0.8141
----------------------------------------------------------------------------------------------------
Fold 2
Data processing and Training of MACSynDCR_ANN model:
ANN_model saved with Val_ACC: 0.5416 Val_AUC: 0.5560
fold_2: Epoch [1/10], Loss: 0.6980, Val_ACC: 0.5416, Val_AUC: 0.5560
ANN_model saved with Val_ACC: 0.8070 Val_AUC: 0.8748
ANN_model saved with Val_ACC: 0.8260 Val_AUC: 0.9009
ANN_model saved with Val_ACC: 0.8324 Val_AUC: 0.9123
ANN_model saved with Val_ACC: 0.8508 Val_AUC: 0.9208
ANN_model saved with Val_ACC: 0.8571 Val_AUC: 0.9292
ANN_model saved with Val_ACC: 0.8692 Val_AUC: 0.9365
ANN_model saved with Val_ACC: 0.8730 Val_AUC: 0.9419
ANN_model saved with Val_ACC: 0.8787 Val_AUC: 0.9467
ANN_model saved with Val_ACC: 0.8876 Val_AUC: 0.9527
Accuracy: 0.8876, AUC-ROC: 0.9527
 AUC-PR: 0.9491, Precision: 0.8728, Recall: 0.9032, F1 Score: 0.8878
RMSE: 11.5052 , PCC: 0.8190
Data processing and Training of MACSynDCR_ANN model:
MACSynDCR_ANN model:
Model: "sequential_2"
????????????????????????????????????????????????????????????????????????????????????????
? Layer (type)                         ? Output Shape                ?         Param # ?
????????????????????????????????????????????????????????????????????????????????????????
¦ dense_8 (Dense)                      ¦ (None, 2048)                ¦       4,458,496 ¦
+--------------------------------------+-----------------------------+-----------------¦
¦ batch_normalization_5                ¦ (None, 2048)                ¦           8,192 ¦
¦ (BatchNormalization)                 ¦                             ¦                 ¦
+--------------------------------------+-----------------------------+-----------------¦
¦ dense_9 (Dense)                      ¦ (None, 1024)                ¦       2,098,176 ¦
+--------------------------------------+-----------------------------+-----------------¦
¦ batch_normalization_6                ¦ (None, 1024)                ¦           4,096 ¦
¦ (BatchNormalization)                 ¦                             ¦                 ¦
+--------------------------------------+-----------------------------+-----------------¦
¦ dense_10 (Dense)                     ¦ (None, 512)                 ¦         524,800 ¦
+--------------------------------------+-----------------------------+-----------------¦
¦ batch_normalization_7                ¦ (None, 512)                 ¦           2,048 ¦
¦ (BatchNormalization)                 ¦                             ¦                 ¦
+--------------------------------------+-----------------------------+-----------------¦
¦ dense_11 (Dense)                     ¦ (None, 256)                 ¦         131,328 ¦
+--------------------------------------+-----------------------------+-----------------¦
¦ batch_normalization_8                ¦ (None, 256)                 ¦           1,024 ¦
¦ (BatchNormalization)                 ¦                             ¦                 ¦
+--------------------------------------+-----------------------------+-----------------¦
¦ dense_12 (Dense)                     ¦ (None, 128)                 ¦          32,896 ¦
+--------------------------------------+-----------------------------+-----------------¦
¦ batch_normalization_9                ¦ (None, 128)                 ¦             512 ¦
¦ (BatchNormalization)                 ¦                             ¦                 ¦
+--------------------------------------+-----------------------------+-----------------¦
¦ dense_13 (Dense)                     ¦ (None, 2)                   ¦             258 ¦
+--------------------------------------------------------------------------------------+
 Total params: 7,261,826 (27.70 MB)
 Trainable params: 7,253,890 (27.67 MB)
 Non-trainable params: 7,936 (31.00 KB)
Epoch 1/10
50/50 ???????????????????? 0s 49ms/step - acc: 0.7457 - auc: 0.8187 - loss: 0.5862
Epoch 1: val_auc improved from -inf to 0.68941, saving model to saved_models/best_MACSynDCR_ANN_model.keras
50/50 ???????????????????? 7s 70ms/step - acc: 0.7467 - auc: 0.8199 - loss: 0.5837 - val_acc: 0.5676 - val_auc: 0.6894 - val_loss: 0.8833
Epoch 2/10
49/50 ???????????????????? 0s 47ms/step - acc: 0.9111 - auc: 0.9674 - loss: 0.2341
Epoch 2: val_auc improved from 0.68941 to 0.71910, saving model to saved_models/best_MACSynDCR_ANN_model.keras
50/50 ???????????????????? 3s 61ms/step - acc: 0.9107 - auc: 0.9673 - loss: 0.2344 - val_acc: 0.6267 - val_auc: 0.7191 - val_loss: 0.7824
Epoch 3/10
50/50 ???????????????????? 0s 49ms/step - acc: 0.9290 - auc: 0.9797 - loss: 0.1838
Epoch 3: val_auc improved from 0.71910 to 0.80080, saving model to saved_models/best_MACSynDCR_ANN_model.keras
50/50 ???????????????????? 3s 63ms/step - acc: 0.9290 - auc: 0.9797 - loss: 0.1838 - val_acc: 0.7117 - val_auc: 0.8008 - val_loss: 0.6586
Epoch 4/10
49/50 ???????????????????? 0s 47ms/step - acc: 0.9491 - auc: 0.9887 - loss: 0.1365
Epoch 4: val_auc improved from 0.80080 to 0.89157, saving model to saved_models/best_MACSynDCR_ANN_model.keras
50/50 ???????????????????? 3s 61ms/step - acc: 0.9487 - auc: 0.9886 - loss: 0.1373 - val_acc: 0.8190 - val_auc: 0.8916 - val_loss: 0.5089
Epoch 5/10
49/50 ???????????????????? 0s 46ms/step - acc: 0.9421 - auc: 0.9853 - loss: 0.1535
Epoch 5: val_auc improved from 0.89157 to 0.92022, saving model to saved_models/best_MACSynDCR_ANN_model.keras
50/50 ???????????????????? 3s 59ms/step - acc: 0.9421 - auc: 0.9854 - loss: 0.1534 - val_acc: 0.8521 - val_auc: 0.9202 - val_loss: 0.4159
Epoch 6/10
49/50 ???????????????????? 0s 48ms/step - acc: 0.9483 - auc: 0.9900 - loss: 0.1267
Epoch 6: val_auc improved from 0.92022 to 0.94398, saving model to saved_models/best_MACSynDCR_ANN_model.keras
50/50 ???????????????????? 3s 62ms/step - acc: 0.9484 - auc: 0.9900 - loss: 0.1267 - val_acc: 0.8673 - val_auc: 0.9440 - val_loss: 0.3476
Epoch 7/10
49/50 ???????????????????? 0s 47ms/step - acc: 0.9636 - auc: 0.9931 - loss: 0.1026
Epoch 7: val_auc improved from 0.94398 to 0.94548, saving model to saved_models/best_MACSynDCR_ANN_model.keras
50/50 ???????????????????? 3s 61ms/step - acc: 0.9635 - auc: 0.9931 - loss: 0.1028 - val_acc: 0.8857 - val_auc: 0.9455 - val_loss: 0.3797
Epoch 8/10
50/50 ???????????????????? 0s 48ms/step - acc: 0.9731 - auc: 0.9957 - loss: 0.0790
Epoch 8: val_auc did not improve from 0.94548
50/50 ???????????????????? 3s 50ms/step - acc: 0.9730 - auc: 0.9957 - loss: 0.0792 - val_acc: 0.8692 - val_auc: 0.9384 - val_loss: 0.3945
Epoch 9/10
49/50 ???????????????????? 0s 48ms/step - acc: 0.9720 - auc: 0.9954 - loss: 0.0804
Epoch 9: val_auc did not improve from 0.94548
50/50 ???????????????????? 3s 50ms/step - acc: 0.9718 - auc: 0.9954 - loss: 0.0806 - val_acc: 0.8781 - val_auc: 0.9396 - val_loss: 0.4067
Epoch 10/10
49/50 ???????????????????? 0s 47ms/step - acc: 0.9732 - auc: 0.9956 - loss: 0.0776
Epoch 10: val_auc improved from 0.94548 to 0.94555, saving model to saved_models/best_MACSynDCR_ANN_model.keras
50/50 ???????????????????? 3s 61ms/step - acc: 0.9731 - auc: 0.9956 - loss: 0.0778 - val_acc: 0.8876 - val_auc: 0.9455 - val_loss: 0.4005
50/50 ???????????????????? 0s 6ms/step
50/50 ???????????????????? 0s 4ms/step
ANN: Accuracy: 0.8876, AUC-ROC: 0.9512
ANN: AUC-PR: 0.9510, Precision: 0.8903,
ANN Recall: 0.8800, F1 Score: 0.8851
\ANN:RMSE: 13.3041 , PCC: 0.8025
Data processing and Training of MACSynDCR_CNN model:
MACSynDCR_CNN model:
Model: "sequential_3"
????????????????????????????????????????????????????????????????????????????????????????
? Layer (type)                         ? Output Shape                ?         Param # ?
????????????????????????????????????????????????????????????????????????????????????????
¦ conv2d_3 (Conv2D)                    ¦ (None, 66, 30, 32)          ¦             320 ¦
+--------------------------------------+-----------------------------+-----------------¦
¦ max_pooling2d_3 (MaxPooling2D)       ¦ (None, 33, 15, 32)          ¦               0 ¦
+--------------------------------------+-----------------------------+-----------------¦
¦ dropout_3 (Dropout)                  ¦ (None, 33, 15, 32)          ¦               0 ¦
+--------------------------------------+-----------------------------+-----------------¦
¦ conv2d_4 (Conv2D)                    ¦ (None, 31, 13, 64)          ¦          18,496 ¦
+--------------------------------------+-----------------------------+-----------------¦
¦ max_pooling2d_4 (MaxPooling2D)       ¦ (None, 15, 6, 64)           ¦               0 ¦
+--------------------------------------+-----------------------------+-----------------¦
¦ dropout_4 (Dropout)                  ¦ (None, 15, 6, 64)           ¦               0 ¦
+--------------------------------------+-----------------------------+-----------------¦
¦ conv2d_5 (Conv2D)                    ¦ (None, 13, 4, 128)          ¦          73,856 ¦
+--------------------------------------+-----------------------------+-----------------¦
¦ max_pooling2d_5 (MaxPooling2D)       ¦ (None, 6, 2, 128)           ¦               0 ¦
+--------------------------------------+-----------------------------+-----------------¦
¦ dropout_5 (Dropout)                  ¦ (None, 6, 2, 128)           ¦               0 ¦
+--------------------------------------+-----------------------------+-----------------¦
¦ flatten_1 (Flatten)                  ¦ (None, 1536)                ¦               0 ¦
+--------------------------------------+-----------------------------+-----------------¦
¦ dense_14 (Dense)                     ¦ (None, 128)                 ¦         196,736 ¦
+--------------------------------------+-----------------------------+-----------------¦
¦ dense_15 (Dense)                     ¦ (None, 2)                   ¦             258 ¦
+--------------------------------------------------------------------------------------+
 Total params: 289,666 (1.10 MB)
 Trainable params: 289,666 (1.10 MB)
 Non-trainable params: 0 (0.00 B)
Epoch 1/10
50/50 ???????????????????? 0s 45ms/step - acc: 0.5137 - auc: 0.5133 - loss: 0.7003
Epoch 1: val_acc improved from -inf to 0.50794, saving model to saved_models/best_MACSynDCR_CNN_model.keras
50/50 ???????????????????? 4s 54ms/step - acc: 0.5136 - auc: 0.5132 - loss: 0.7002 - val_acc: 0.5079 - val_auc: 0.5840 - val_loss: 0.6924
Epoch 2/10
49/50 ???????????????????? 0s 46ms/step - acc: 0.5195 - auc: 0.5326 - loss: 0.6917
Epoch 2: val_acc improved from 0.50794 to 0.68000, saving model to saved_models/best_MACSynDCR_CNN_model.keras
50/50 ???????????????????? 3s 51ms/step - acc: 0.5197 - auc: 0.5329 - loss: 0.6916 - val_acc: 0.6800 - val_auc: 0.7816 - val_loss: 0.6785
Epoch 3/10
49/50 ???????????????????? 0s 50ms/step - acc: 0.6559 - auc: 0.7144 - loss: 0.6434
Epoch 3: val_acc improved from 0.68000 to 0.72762, saving model to saved_models/best_MACSynDCR_CNN_model.keras
50/50 ???????????????????? 3s 55ms/step - acc: 0.6572 - auc: 0.7160 - loss: 0.6416 - val_acc: 0.7276 - val_auc: 0.8329 - val_loss: 0.5095
Epoch 4/10
49/50 ???????????????????? 0s 46ms/step - acc: 0.7600 - auc: 0.8416 - loss: 0.4936
Epoch 4: val_acc improved from 0.72762 to 0.78857, saving model to saved_models/best_MACSynDCR_CNN_model.keras
50/50 ???????????????????? 3s 50ms/step - acc: 0.7602 - auc: 0.8420 - loss: 0.4931 - val_acc: 0.7886 - val_auc: 0.8671 - val_loss: 0.4569
Epoch 5/10
49/50 ???????????????????? 0s 46ms/step - acc: 0.7722 - auc: 0.8600 - loss: 0.4662
Epoch 5: val_acc improved from 0.78857 to 0.79619, saving model to saved_models/best_MACSynDCR_CNN_model.keras
50/50 ???????????????????? 2s 49ms/step - acc: 0.7727 - auc: 0.8603 - loss: 0.4657 - val_acc: 0.7962 - val_auc: 0.8869 - val_loss: 0.4285
Epoch 6/10
50/50 ???????????????????? 0s 46ms/step - acc: 0.7936 - auc: 0.8798 - loss: 0.4355
Epoch 6: val_acc improved from 0.79619 to 0.81714, saving model to saved_models/best_MACSynDCR_CNN_model.keras
50/50 ???????????????????? 3s 50ms/step - acc: 0.7937 - auc: 0.8799 - loss: 0.4354 - val_acc: 0.8171 - val_auc: 0.8965 - val_loss: 0.4077
Epoch 7/10
49/50 ???????????????????? 0s 47ms/step - acc: 0.8052 - auc: 0.8853 - loss: 0.4266
Epoch 7: val_acc improved from 0.81714 to 0.83048, saving model to saved_models/best_MACSynDCR_CNN_model.keras
50/50 ???????????????????? 3s 51ms/step - acc: 0.8053 - auc: 0.8855 - loss: 0.4264 - val_acc: 0.8305 - val_auc: 0.9008 - val_loss: 0.4001
Epoch 8/10
49/50 ???????????????????? 0s 46ms/step - acc: 0.8042 - auc: 0.8919 - loss: 0.4135
Epoch 8: val_acc did not improve from 0.83048
50/50 ???????????????????? 2s 49ms/step - acc: 0.8045 - auc: 0.8920 - loss: 0.4133 - val_acc: 0.8305 - val_auc: 0.9051 - val_loss: 0.3906
Epoch 9/10
49/50 ???????????????????? 0s 46ms/step - acc: 0.8151 - auc: 0.8938 - loss: 0.4105
Epoch 9: val_acc did not improve from 0.83048
50/50 ???????????????????? 2s 49ms/step - acc: 0.8152 - auc: 0.8939 - loss: 0.4103 - val_acc: 0.8203 - val_auc: 0.8998 - val_loss: 0.4010
Epoch 10/10
48/50 ???????????????????? 0s 46ms/step - acc: 0.8198 - auc: 0.9013 - loss: 0.3969
Epoch 10: val_acc improved from 0.83048 to 0.83111, saving model to saved_models/best_MACSynDCR_CNN_model.keras
50/50 ???????????????????? 2s 49ms/step - acc: 0.8199 - auc: 0.9013 - loss: 0.3970 - val_acc: 0.8311 - val_auc: 0.9058 - val_loss: 0.3907
50/50 ???????????????????? 0s 6ms/step
50/50 ???????????????????? 0s 4ms/step
CNN: Accuracy: 0.8311, AUC-ROC: 0.9094
CNN: AUC-PR: 0.9054, Precision: 0.7963,
CNN Recall: 0.8826, F1 Score: 0.8372
CNN:RMSE: 16.3095 , PCC: 0.7210
Evaluation of Keras MACSynDCR_ANN model:
50/50 ???????????????????? 1s 3ms/step - acc: 0.8878 - auc: 0.9426 - loss: 0.4190
Evaluate->  Loss: 0.4005, Accuracy: 0.8876,AUC: 0.9455
50/50 ???????????????????? 0s 6ms/step
197/197 ???????????????????? 1s 4ms/step
ANN: Accuracy: 0.8876, AUC-ROC: 0.9512
ANN: AUC-PR: 0.9510, Precision: 0.8903,
ANN Recall: 0.8800, F1 Score: 0.8851
ANN:RMSE: 13.3041 , PCC: 0.8025
****************************************************************************************************
Evaluation of Keras MACSynDCR_CNN model:
50/50 ???????????????????? 1s 4ms/step - acc: 0.8444 - auc: 0.9175 - loss: 0.3687
Evaluate->  Loss: 0.3907, Accuracy: 0.8311,Accuracy: 0.9058
50/50 ???????????????????? 0s 6ms/step
197/197 ???????????????????? 1s 4ms/step
CNN: Accuracy: 0.8311, AUC-ROC: 0.9094
CNN: AUC-PR: 0.9054, Precision: 0.7963,
CNN Recall: 0.8826, F1 Score: 0.8372
CNN:RMSE: 16.3095 , PCC: 0.7210
****************************************************************************************************
Accuracy Score and AUC for ANN = AUC: 0.9527, Accuracy: 0.8876
Accuracy Score and AUC for KANN = AUC: 0.9512, Accuracy: 0.8876
Accuracy Score and AUC for KCNN = AUC: 0.9094, Accuracy: 0.8311
Average AUC = AUC: 0.9563, Accuracy: 0.8940
MAX AUC = AUC: 0.9516, Accuracy: 0.8381
Fitting 5 folds for each of 14 candidates, totalling 70 fits
Finall ensemble results of fold_2 for MACSynDCR:
----------------------------------------------------------------------------------------------------
Ensemble Accuracy: 0.8990, AUC-ROC: 0.9594
Ensemble AUC-PR: 0.9581, Precision: 0.8990,
Ensemble Recall: 0.8955, F1 Score: 0.8972
Ensemble RMSE: 12.6095 , PCC: 0.8332
----------------------------------------------------------------------------------------------------
Fold 3
Data processing and Training of MACSynDCR_ANN model:
ANN_model saved with Val_ACC: 0.4768 Val_AUC: 0.4579
fold_3: Epoch [1/10], Loss: 0.7117, Val_ACC: 0.4768, Val_AUC: 0.4579
ANN_model saved with Val_ACC: 0.7975 Val_AUC: 0.8745
ANN_model saved with Val_ACC: 0.8248 Val_AUC: 0.9047
ANN_model saved with Val_ACC: 0.8349 Val_AUC: 0.9193
ANN_model saved with Val_ACC: 0.8425 Val_AUC: 0.9288
ANN_model saved with Val_ACC: 0.8584 Val_AUC: 0.9362
ANN_model saved with Val_ACC: 0.8737 Val_AUC: 0.9420
ANN_model saved with Val_ACC: 0.8825 Val_AUC: 0.9469
ANN_model saved with Val_ACC: 0.8908 Val_AUC: 0.9538
Accuracy: 0.8908, AUC-ROC: 0.9538
 AUC-PR: 0.9480, Precision: 0.8742, Recall: 0.9061, F1 Score: 0.8899
RMSE: 11.4832 , PCC: 0.8197
Data processing and Training of MACSynDCR_ANN model:
MACSynDCR_ANN model:
Model: "sequential_4"
????????????????????????????????????????????????????????????????????????????????????????
? Layer (type)                         ? Output Shape                ?         Param # ?
????????????????????????????????????????????????????????????????????????????????????????
¦ dense_16 (Dense)                     ¦ (None, 2048)                ¦       4,458,496 ¦
+--------------------------------------+-----------------------------+-----------------¦
¦ batch_normalization_10               ¦ (None, 2048)                ¦           8,192 ¦
¦ (BatchNormalization)                 ¦                             ¦                 ¦
+--------------------------------------+-----------------------------+-----------------¦
¦ dense_17 (Dense)                     ¦ (None, 1024)                ¦       2,098,176 ¦
+--------------------------------------+-----------------------------+-----------------¦
¦ batch_normalization_11               ¦ (None, 1024)                ¦           4,096 ¦
¦ (BatchNormalization)                 ¦                             ¦                 ¦
+--------------------------------------+-----------------------------+-----------------¦
¦ dense_18 (Dense)                     ¦ (None, 512)                 ¦         524,800 ¦
+--------------------------------------+-----------------------------+-----------------¦
¦ batch_normalization_12               ¦ (None, 512)                 ¦           2,048 ¦
¦ (BatchNormalization)                 ¦                             ¦                 ¦
+--------------------------------------+-----------------------------+-----------------¦
¦ dense_19 (Dense)                     ¦ (None, 256)                 ¦         131,328 ¦
+--------------------------------------+-----------------------------+-----------------¦
¦ batch_normalization_13               ¦ (None, 256)                 ¦           1,024 ¦
¦ (BatchNormalization)                 ¦                             ¦                 ¦
+--------------------------------------+-----------------------------+-----------------¦
¦ dense_20 (Dense)                     ¦ (None, 128)                 ¦          32,896 ¦
+--------------------------------------+-----------------------------+-----------------¦
¦ batch_normalization_14               ¦ (None, 128)                 ¦             512 ¦
¦ (BatchNormalization)                 ¦                             ¦                 ¦
+--------------------------------------+-----------------------------+-----------------¦
¦ dense_21 (Dense)                     ¦ (None, 2)                   ¦             258 ¦
+--------------------------------------------------------------------------------------+
 Total params: 7,261,826 (27.70 MB)
 Trainable params: 7,253,890 (27.67 MB)
 Non-trainable params: 7,936 (31.00 KB)
Epoch 1/10
50/50 ???????????????????? 0s 51ms/step - acc: 0.7475 - auc: 0.8126 - loss: 0.6301
Epoch 1: val_auc improved from -inf to 0.61016, saving model to saved_models/best_MACSynDCR_ANN_model.keras
50/50 ???????????????????? 7s 72ms/step - acc: 0.7486 - auc: 0.8138 - loss: 0.6271 - val_acc: 0.4876 - val_auc: 0.6102 - val_loss: 2.3014
Epoch 2/10
50/50 ???????????????????? 0s 48ms/step - acc: 0.8930 - auc: 0.9601 - loss: 0.2607
Epoch 2: val_auc improved from 0.61016 to 0.72792, saving model to saved_models/best_MACSynDCR_ANN_model.keras
50/50 ???????????????????? 3s 62ms/step - acc: 0.8931 - auc: 0.9601 - loss: 0.2606 - val_acc: 0.6419 - val_auc: 0.7279 - val_loss: 1.0002
Epoch 3/10
50/50 ???????????????????? 0s 47ms/step - acc: 0.9263 - auc: 0.9803 - loss: 0.1828
Epoch 3: val_auc improved from 0.72792 to 0.88993, saving model to saved_models/best_MACSynDCR_ANN_model.keras
50/50 ???????????????????? 3s 62ms/step - acc: 0.9262 - auc: 0.9802 - loss: 0.1830 - val_acc: 0.8051 - val_auc: 0.8899 - val_loss: 0.4657
Epoch 4/10
49/50 ???????????????????? 0s 48ms/step - acc: 0.9382 - auc: 0.9835 - loss: 0.1633
Epoch 4: val_auc improved from 0.88993 to 0.91080, saving model to saved_models/best_MACSynDCR_ANN_model.keras
50/50 ???????????????????? 3s 63ms/step - acc: 0.9381 - auc: 0.9835 - loss: 0.1633 - val_acc: 0.8381 - val_auc: 0.9108 - val_loss: 0.4300
Epoch 5/10
49/50 ???????????????????? 0s 48ms/step - acc: 0.9519 - auc: 0.9895 - loss: 0.1320
Epoch 5: val_auc improved from 0.91080 to 0.93565, saving model to saved_models/best_MACSynDCR_ANN_model.keras
50/50 ???????????????????? 3s 61ms/step - acc: 0.9518 - auc: 0.9894 - loss: 0.1322 - val_acc: 0.8533 - val_auc: 0.9356 - val_loss: 0.3967
Epoch 6/10
49/50 ???????????????????? 0s 49ms/step - acc: 0.9551 - auc: 0.9893 - loss: 0.1287
Epoch 6: val_auc improved from 0.93565 to 0.94237, saving model to saved_models/best_MACSynDCR_ANN_model.keras
50/50 ???????????????????? 3s 63ms/step - acc: 0.9550 - auc: 0.9893 - loss: 0.1288 - val_acc: 0.8737 - val_auc: 0.9424 - val_loss: 0.3670
Epoch 7/10
49/50 ???????????????????? 0s 49ms/step - acc: 0.9668 - auc: 0.9947 - loss: 0.0924
Epoch 7: val_auc did not improve from 0.94237
50/50 ???????????????????? 3s 51ms/step - acc: 0.9665 - auc: 0.9946 - loss: 0.0930 - val_acc: 0.8851 - val_auc: 0.9422 - val_loss: 0.3960
Epoch 8/10
50/50 ???????????????????? 0s 48ms/step - acc: 0.9666 - auc: 0.9949 - loss: 0.0900
Epoch 8: val_auc improved from 0.94237 to 0.94759, saving model to saved_models/best_MACSynDCR_ANN_model.keras
50/50 ???????????????????? 3s 62ms/step - acc: 0.9665 - auc: 0.9949 - loss: 0.0901 - val_acc: 0.8794 - val_auc: 0.9476 - val_loss: 0.3674
Epoch 9/10
49/50 ???????????????????? 0s 47ms/step - acc: 0.9674 - auc: 0.9951 - loss: 0.0866
Epoch 9: val_auc did not improve from 0.94759
50/50 ???????????????????? 3s 50ms/step - acc: 0.9675 - auc: 0.9951 - loss: 0.0866 - val_acc: 0.8800 - val_auc: 0.9467 - val_loss: 0.3960
Epoch 10/10
49/50 ???????????????????? 0s 48ms/step - acc: 0.9744 - auc: 0.9968 - loss: 0.0717
Epoch 10: val_auc improved from 0.94759 to 0.94822, saving model to saved_models/best_MACSynDCR_ANN_model.keras
50/50 ???????????????????? 3s 62ms/step - acc: 0.9743 - auc: 0.9967 - loss: 0.0718 - val_acc: 0.8902 - val_auc: 0.9482 - val_loss: 0.3784
50/50 ???????????????????? 0s 6ms/step
50/50 ???????????????????? 0s 4ms/step
ANN: Accuracy: 0.8902, AUC-ROC: 0.9529
ANN: AUC-PR: 0.9519, Precision: 0.8939,
ANN Recall: 0.8787, F1 Score: 0.8863
\ANN:RMSE: 13.1529 , PCC: 0.8106
Data processing and Training of MACSynDCR_CNN model:
MACSynDCR_CNN model:
Model: "sequential_5"
????????????????????????????????????????????????????????????????????????????????????????
? Layer (type)                         ? Output Shape                ?         Param # ?
????????????????????????????????????????????????????????????????????????????????????????
¦ conv2d_6 (Conv2D)                    ¦ (None, 66, 30, 32)          ¦             320 ¦
+--------------------------------------+-----------------------------+-----------------¦
¦ max_pooling2d_6 (MaxPooling2D)       ¦ (None, 33, 15, 32)          ¦               0 ¦
+--------------------------------------+-----------------------------+-----------------¦
¦ dropout_6 (Dropout)                  ¦ (None, 33, 15, 32)          ¦               0 ¦
+--------------------------------------+-----------------------------+-----------------¦
¦ conv2d_7 (Conv2D)                    ¦ (None, 31, 13, 64)          ¦          18,496 ¦
+--------------------------------------+-----------------------------+-----------------¦
¦ max_pooling2d_7 (MaxPooling2D)       ¦ (None, 15, 6, 64)           ¦               0 ¦
+--------------------------------------+-----------------------------+-----------------¦
¦ dropout_7 (Dropout)                  ¦ (None, 15, 6, 64)           ¦               0 ¦
+--------------------------------------+-----------------------------+-----------------¦
¦ conv2d_8 (Conv2D)                    ¦ (None, 13, 4, 128)          ¦          73,856 ¦
+--------------------------------------+-----------------------------+-----------------¦
¦ max_pooling2d_8 (MaxPooling2D)       ¦ (None, 6, 2, 128)           ¦               0 ¦
+--------------------------------------+-----------------------------+-----------------¦
¦ dropout_8 (Dropout)                  ¦ (None, 6, 2, 128)           ¦               0 ¦
+--------------------------------------+-----------------------------+-----------------¦
¦ flatten_2 (Flatten)                  ¦ (None, 1536)                ¦               0 ¦
+--------------------------------------+-----------------------------+-----------------¦
¦ dense_22 (Dense)                     ¦ (None, 128)                 ¦         196,736 ¦
+--------------------------------------+-----------------------------+-----------------¦
¦ dense_23 (Dense)                     ¦ (None, 2)                   ¦             258 ¦
+--------------------------------------------------------------------------------------+
 Total params: 289,666 (1.10 MB)
 Trainable params: 289,666 (1.10 MB)
 Non-trainable params: 0 (0.00 B)
Epoch 1/10
50/50 ???????????????????? 0s 45ms/step - acc: 0.5088 - auc: 0.5052 - loss: 0.7045
Epoch 1: val_acc improved from -inf to 0.48698, saving model to saved_models/best_MACSynDCR_CNN_model.keras
50/50 ???????????????????? 4s 55ms/step - acc: 0.5087 - auc: 0.5052 - loss: 0.7043 - val_acc: 0.4870 - val_auc: 0.5789 - val_loss: 0.6924
Epoch 2/10
49/50 ???????????????????? 0s 51ms/step - acc: 0.5123 - auc: 0.5395 - loss: 0.6911
Epoch 2: val_acc improved from 0.48698 to 0.74413, saving model to saved_models/best_MACSynDCR_CNN_model.keras
50/50 ???????????????????? 3s 55ms/step - acc: 0.5132 - auc: 0.5406 - loss: 0.6910 - val_acc: 0.7441 - val_auc: 0.8104 - val_loss: 0.6628
Epoch 3/10
50/50 ???????????????????? 0s 46ms/step - acc: 0.6601 - auc: 0.7178 - loss: 0.6337
Epoch 3: val_acc improved from 0.74413 to 0.76571, saving model to saved_models/best_MACSynDCR_CNN_model.keras
50/50 ???????????????????? 3s 52ms/step - acc: 0.6607 - auc: 0.7186 - loss: 0.6329 - val_acc: 0.7657 - val_auc: 0.8451 - val_loss: 0.4916
Epoch 4/10
49/50 ???????????????????? 0s 52ms/step - acc: 0.7656 - auc: 0.8445 - loss: 0.4899
Epoch 4: val_acc improved from 0.76571 to 0.80571, saving model to saved_models/best_MACSynDCR_CNN_model.keras
50/50 ???????????????????? 3s 57ms/step - acc: 0.7656 - auc: 0.8446 - loss: 0.4898 - val_acc: 0.8057 - val_auc: 0.8846 - val_loss: 0.4294
Epoch 5/10
49/50 ???????????????????? 0s 51ms/step - acc: 0.7808 - auc: 0.8698 - loss: 0.4509
Epoch 5: val_acc improved from 0.80571 to 0.81524, saving model to saved_models/best_MACSynDCR_CNN_model.keras
50/50 ???????????????????? 3s 55ms/step - acc: 0.7809 - auc: 0.8697 - loss: 0.4511 - val_acc: 0.8152 - val_auc: 0.8935 - val_loss: 0.4160
Epoch 6/10
49/50 ???????????????????? 0s 47ms/step - acc: 0.7962 - auc: 0.8781 - loss: 0.4393
Epoch 6: val_acc improved from 0.81524 to 0.81714, saving model to saved_models/best_MACSynDCR_CNN_model.keras
50/50 ???????????????????? 3s 51ms/step - acc: 0.7963 - auc: 0.8782 - loss: 0.4392 - val_acc: 0.8171 - val_auc: 0.8970 - val_loss: 0.4062
Epoch 7/10
49/50 ???????????????????? 0s 48ms/step - acc: 0.7966 - auc: 0.8823 - loss: 0.4309
Epoch 7: val_acc did not improve from 0.81714
50/50 ???????????????????? 3s 52ms/step - acc: 0.7967 - auc: 0.8824 - loss: 0.4308 - val_acc: 0.7981 - val_auc: 0.8884 - val_loss: 0.4235
Epoch 8/10
49/50 ???????????????????? 0s 49ms/step - acc: 0.8042 - auc: 0.8864 - loss: 0.4244
Epoch 8: val_acc improved from 0.81714 to 0.81778, saving model to saved_models/best_MACSynDCR_CNN_model.keras
50/50 ???????????????????? 3s 53ms/step - acc: 0.8044 - auc: 0.8865 - loss: 0.4242 - val_acc: 0.8178 - val_auc: 0.9001 - val_loss: 0.4017
Epoch 9/10
49/50 ???????????????????? 0s 47ms/step - acc: 0.8146 - auc: 0.8959 - loss: 0.4085
Epoch 9: val_acc did not improve from 0.81778
50/50 ???????????????????? 3s 50ms/step - acc: 0.8145 - auc: 0.8958 - loss: 0.4087 - val_acc: 0.8063 - val_auc: 0.8934 - val_loss: 0.4125
Epoch 10/10
50/50 ???????????????????? 0s 45ms/step - acc: 0.8166 - auc: 0.8939 - loss: 0.4111
Epoch 10: val_acc improved from 0.81778 to 0.82921, saving model to saved_models/best_MACSynDCR_CNN_model.keras
50/50 ???????????????????? 3s 51ms/step - acc: 0.8166 - auc: 0.8939 - loss: 0.4110 - val_acc: 0.8292 - val_auc: 0.9079 - val_loss: 0.3870
50/50 ???????????????????? 0s 6ms/step
50/50 ???????????????????? 0s 5ms/step
CNN: Accuracy: 0.8292, AUC-ROC: 0.9090
CNN: AUC-PR: 0.9104, Precision: 0.8144,
CNN Recall: 0.8409, F1 Score: 0.8275
CNN:RMSE: 16.4012 , PCC: 0.7156
Evaluation of Keras MACSynDCR_ANN model:
50/50 ???????????????????? 1s 4ms/step - acc: 0.8869 - auc: 0.9505 - loss: 0.3753
Evaluate->  Loss: 0.3784, Accuracy: 0.8902,AUC: 0.9482
50/50 ???????????????????? 0s 6ms/step
197/197 ???????????????????? 1s 4ms/step
ANN: Accuracy: 0.8902, AUC-ROC: 0.9529
ANN: AUC-PR: 0.9519, Precision: 0.8939,
ANN Recall: 0.8787, F1 Score: 0.8863
ANN:RMSE: 13.1529 , PCC: 0.8106
****************************************************************************************************
Evaluation of Keras MACSynDCR_CNN model:
50/50 ???????????????????? 1s 4ms/step - acc: 0.8376 - auc: 0.9180 - loss: 0.3677
Evaluate->  Loss: 0.3870, Accuracy: 0.8292,Accuracy: 0.9079
50/50 ???????????????????? 0s 5ms/step
197/197 ???????????????????? 1s 4ms/step
CNN: Accuracy: 0.8292, AUC-ROC: 0.9090
CNN: AUC-PR: 0.9104, Precision: 0.8144,
CNN Recall: 0.8409, F1 Score: 0.8275
CNN:RMSE: 16.4012 , PCC: 0.7156
****************************************************************************************************
Accuracy Score and AUC for ANN = AUC: 0.9538, Accuracy: 0.8908
Accuracy Score and AUC for KANN = AUC: 0.9529, Accuracy: 0.8902
Accuracy Score and AUC for KCNN = AUC: 0.9090, Accuracy: 0.8292
Average AUC = AUC: 0.9583, Accuracy: 0.9003
MAX AUC = AUC: 0.9552, Accuracy: 0.8578
Fitting 5 folds for each of 14 candidates, totalling 70 fits
Finall ensemble results of fold_3 for MACSynDCR:
----------------------------------------------------------------------------------------------------
Ensemble Accuracy: 0.9010, AUC-ROC: 0.9599
Ensemble AUC-PR: 0.9559, Precision: 0.8962,
Ensemble Recall: 0.9009, F1 Score: 0.8986
Ensemble RMSE: 12.4900 , PCC: 0.8339
----------------------------------------------------------------------------------------------------
Fold 4
Data processing and Training of MACSynDCR_ANN model:
ANN_model saved with Val_ACC: 0.5200 Val_AUC: 0.5279
fold_4: Epoch [1/10], Loss: 0.6987, Val_ACC: 0.5200, Val_AUC: 0.5279
ANN_model saved with Val_ACC: 0.8044 Val_AUC: 0.8847
ANN_model saved with Val_ACC: 0.8152 Val_AUC: 0.9044
ANN_model saved with Val_ACC: 0.8286 Val_AUC: 0.9138
ANN_model saved with Val_ACC: 0.8419 Val_AUC: 0.9257
ANN_model saved with Val_ACC: 0.8622 Val_AUC: 0.9360
ANN_model saved with Val_ACC: 0.8775 Val_AUC: 0.9453
ANN_model saved with Val_ACC: 0.8851 Val_AUC: 0.9508
ANN_model saved with Val_ACC: 0.8863 Val_AUC: 0.9543
ANN_model saved with Val_ACC: 0.8927 Val_AUC: 0.9596
Accuracy: 0.8927, AUC-ROC: 0.9596
 AUC-PR: 0.9617, Precision: 0.8885, Recall: 0.9029, F1 Score: 0.8956
RMSE: 11.1837 , PCC: 0.8263
Data processing and Training of MACSynDCR_ANN model:
MACSynDCR_ANN model:
Model: "sequential_6"
????????????????????????????????????????????????????????????????????????????????????????
? Layer (type)                         ? Output Shape                ?         Param # ?
????????????????????????????????????????????????????????????????????????????????????????
¦ dense_24 (Dense)                     ¦ (None, 2048)                ¦       4,458,496 ¦
+--------------------------------------+-----------------------------+-----------------¦
¦ batch_normalization_15               ¦ (None, 2048)                ¦           8,192 ¦
¦ (BatchNormalization)                 ¦                             ¦                 ¦
+--------------------------------------+-----------------------------+-----------------¦
¦ dense_25 (Dense)                     ¦ (None, 1024)                ¦       2,098,176 ¦
+--------------------------------------+-----------------------------+-----------------¦
¦ batch_normalization_16               ¦ (None, 1024)                ¦           4,096 ¦
¦ (BatchNormalization)                 ¦                             ¦                 ¦
+--------------------------------------+-----------------------------+-----------------¦
¦ dense_26 (Dense)                     ¦ (None, 512)                 ¦         524,800 ¦
+--------------------------------------+-----------------------------+-----------------¦
¦ batch_normalization_17               ¦ (None, 512)                 ¦           2,048 ¦
¦ (BatchNormalization)                 ¦                             ¦                 ¦
+--------------------------------------+-----------------------------+-----------------¦
¦ dense_27 (Dense)                     ¦ (None, 256)                 ¦         131,328 ¦
+--------------------------------------+-----------------------------+-----------------¦
¦ batch_normalization_18               ¦ (None, 256)                 ¦           1,024 ¦
¦ (BatchNormalization)                 ¦                             ¦                 ¦
+--------------------------------------+-----------------------------+-----------------¦
¦ dense_28 (Dense)                     ¦ (None, 128)                 ¦          32,896 ¦
+--------------------------------------+-----------------------------+-----------------¦
¦ batch_normalization_19               ¦ (None, 128)                 ¦             512 ¦
¦ (BatchNormalization)                 ¦                             ¦                 ¦
+--------------------------------------+-----------------------------+-----------------¦
¦ dense_29 (Dense)                     ¦ (None, 2)                   ¦             258 ¦
+--------------------------------------------------------------------------------------+
 Total params: 7,261,826 (27.70 MB)
 Trainable params: 7,253,890 (27.67 MB)
 Non-trainable params: 7,936 (31.00 KB)
Epoch 1/10
49/50 ???????????????????? 0s 50ms/step - acc: 0.7418 - auc: 0.8173 - loss: 0.5972
Epoch 1: val_auc improved from -inf to 0.80923, saving model to saved_models/best_MACSynDCR_ANN_model.keras
50/50 ???????????????????? 7s 69ms/step - acc: 0.7440 - auc: 0.8195 - loss: 0.5922 - val_acc: 0.7333 - val_auc: 0.8092 - val_loss: 0.5332
Epoch 2/10
50/50 ???????????????????? 0s 47ms/step - acc: 0.8960 - auc: 0.9596 - loss: 0.2602
Epoch 2: val_auc did not improve from 0.80923
50/50 ???????????????????? 2s 49ms/step - acc: 0.8959 - auc: 0.9596 - loss: 0.2602 - val_acc: 0.6971 - val_auc: 0.7860 - val_loss: 0.5628
Epoch 3/10
49/50 ???????????????????? 0s 47ms/step - acc: 0.9321 - auc: 0.9825 - loss: 0.1724
Epoch 3: val_auc improved from 0.80923 to 0.89554, saving model to saved_models/best_MACSynDCR_ANN_model.keras
50/50 ???????????????????? 3s 60ms/step - acc: 0.9318 - auc: 0.9824 - loss: 0.1731 - val_acc: 0.8171 - val_auc: 0.8955 - val_loss: 0.4108
Epoch 4/10
49/50 ???????????????????? 0s 46ms/step - acc: 0.9523 - auc: 0.9894 - loss: 0.1347
Epoch 4: val_auc improved from 0.89554 to 0.90069, saving model to saved_models/best_MACSynDCR_ANN_model.keras
50/50 ???????????????????? 3s 62ms/step - acc: 0.9519 - auc: 0.9892 - loss: 0.1354 - val_acc: 0.8286 - val_auc: 0.9007 - val_loss: 0.4388
Epoch 5/10
50/50 ???????????????????? 0s 47ms/step - acc: 0.9552 - auc: 0.9896 - loss: 0.1242
Epoch 5: val_auc improved from 0.90069 to 0.93608, saving model to saved_models/best_MACSynDCR_ANN_model.keras
50/50 ???????????????????? 3s 61ms/step - acc: 0.9551 - auc: 0.9896 - loss: 0.1243 - val_acc: 0.8749 - val_auc: 0.9361 - val_loss: 0.3778
Epoch 6/10
49/50 ???????????????????? 0s 46ms/step - acc: 0.9463 - auc: 0.9856 - loss: 0.1483
Epoch 6: val_auc improved from 0.93608 to 0.94907, saving model to saved_models/best_MACSynDCR_ANN_model.keras
50/50 ???????????????????? 3s 61ms/step - acc: 0.9463 - auc: 0.9857 - loss: 0.1480 - val_acc: 0.8800 - val_auc: 0.9491 - val_loss: 0.3220
Epoch 7/10
49/50 ???????????????????? 0s 47ms/step - acc: 0.9617 - auc: 0.9935 - loss: 0.1026
Epoch 7: val_auc improved from 0.94907 to 0.95087, saving model to saved_models/best_MACSynDCR_ANN_model.keras
50/50 ???????????????????? 3s 61ms/step - acc: 0.9616 - auc: 0.9934 - loss: 0.1028 - val_acc: 0.8762 - val_auc: 0.9509 - val_loss: 0.3428
Epoch 8/10
49/50 ???????????????????? 0s 46ms/step - acc: 0.9651 - auc: 0.9944 - loss: 0.0947
Epoch 8: val_auc did not improve from 0.95087
50/50 ???????????????????? 2s 48ms/step - acc: 0.9651 - auc: 0.9944 - loss: 0.0948 - val_acc: 0.8813 - val_auc: 0.9424 - val_loss: 0.3825
Epoch 9/10
50/50 ???????????????????? 0s 47ms/step - acc: 0.9647 - auc: 0.9943 - loss: 0.0904
Epoch 9: val_auc did not improve from 0.95087
50/50 ???????????????????? 2s 49ms/step - acc: 0.9647 - auc: 0.9943 - loss: 0.0906 - val_acc: 0.8825 - val_auc: 0.9428 - val_loss: 0.4079
Epoch 10/10
49/50 ???????????????????? 0s 46ms/step - acc: 0.9769 - auc: 0.9976 - loss: 0.0641
Epoch 10: val_auc did not improve from 0.95087
50/50 ???????????????????? 2s 48ms/step - acc: 0.9767 - auc: 0.9976 - loss: 0.0645 - val_acc: 0.8927 - val_auc: 0.9480 - val_loss: 0.3695
50/50 ???????????????????? 0s 6ms/step
50/50 ???????????????????? 0s 4ms/step
ANN: Accuracy: 0.8762, AUC-ROC: 0.9564
ANN: AUC-PR: 0.9554, Precision: 0.9142,
ANN Recall: 0.8356, F1 Score: 0.8731
\ANN:RMSE: 13.9642 , PCC: 0.8066
Data processing and Training of MACSynDCR_CNN model:
MACSynDCR_CNN model:
Model: "sequential_7"
????????????????????????????????????????????????????????????????????????????????????????
? Layer (type)                         ? Output Shape                ?         Param # ?
????????????????????????????????????????????????????????????????????????????????????????
¦ conv2d_9 (Conv2D)                    ¦ (None, 66, 30, 32)          ¦             320 ¦
+--------------------------------------+-----------------------------+-----------------¦
¦ max_pooling2d_9 (MaxPooling2D)       ¦ (None, 33, 15, 32)          ¦               0 ¦
+--------------------------------------+-----------------------------+-----------------¦
¦ dropout_9 (Dropout)                  ¦ (None, 33, 15, 32)          ¦               0 ¦
+--------------------------------------+-----------------------------+-----------------¦
¦ conv2d_10 (Conv2D)                   ¦ (None, 31, 13, 64)          ¦          18,496 ¦
+--------------------------------------+-----------------------------+-----------------¦
¦ max_pooling2d_10 (MaxPooling2D)      ¦ (None, 15, 6, 64)           ¦               0 ¦
+--------------------------------------+-----------------------------+-----------------¦
¦ dropout_10 (Dropout)                 ¦ (None, 15, 6, 64)           ¦               0 ¦
+--------------------------------------+-----------------------------+-----------------¦
¦ conv2d_11 (Conv2D)                   ¦ (None, 13, 4, 128)          ¦          73,856 ¦
+--------------------------------------+-----------------------------+-----------------¦
¦ max_pooling2d_11 (MaxPooling2D)      ¦ (None, 6, 2, 128)           ¦               0 ¦
+--------------------------------------+-----------------------------+-----------------¦
¦ dropout_11 (Dropout)                 ¦ (None, 6, 2, 128)           ¦               0 ¦
+--------------------------------------+-----------------------------+-----------------¦
¦ flatten_3 (Flatten)                  ¦ (None, 1536)                ¦               0 ¦
+--------------------------------------+-----------------------------+-----------------¦
¦ dense_30 (Dense)                     ¦ (None, 128)                 ¦         196,736 ¦
+--------------------------------------+-----------------------------+-----------------¦
¦ dense_31 (Dense)                     ¦ (None, 2)                   ¦             258 ¦
+--------------------------------------------------------------------------------------+
 Total params: 289,666 (1.10 MB)
 Trainable params: 289,666 (1.10 MB)
 Non-trainable params: 0 (0.00 B)
Epoch 1/10
49/50 ???????????????????? 0s 47ms/step - acc: 0.5085 - auc: 0.5041 - loss: 0.7021
Epoch 1: val_acc improved from -inf to 0.49651, saving model to saved_models/best_MACSynDCR_CNN_model.keras
50/50 ???????????????????? 4s 56ms/step - acc: 0.5086 - auc: 0.5045 - loss: 0.7018 - val_acc: 0.4965 - val_auc: 0.6083 - val_loss: 0.6902
Epoch 2/10
49/50 ???????????????????? 0s 48ms/step - acc: 0.5478 - auc: 0.5728 - loss: 0.6854
Epoch 2: val_acc improved from 0.49651 to 0.66730, saving model to saved_models/best_MACSynDCR_CNN_model.keras
50/50 ???????????????????? 3s 52ms/step - acc: 0.5498 - auc: 0.5754 - loss: 0.6847 - val_acc: 0.6673 - val_auc: 0.7599 - val_loss: 0.5854
Epoch 3/10
49/50 ???????????????????? 0s 47ms/step - acc: 0.6977 - auc: 0.7656 - loss: 0.5784
Epoch 3: val_acc improved from 0.66730 to 0.77333, saving model to saved_models/best_MACSynDCR_CNN_model.keras
50/50 ???????????????????? 3s 50ms/step - acc: 0.6985 - auc: 0.7666 - loss: 0.5774 - val_acc: 0.7733 - val_auc: 0.8455 - val_loss: 0.4932
Epoch 4/10
49/50 ???????????????????? 0s 50ms/step - acc: 0.7585 - auc: 0.8378 - loss: 0.4982
Epoch 4: val_acc improved from 0.77333 to 0.79492, saving model to saved_models/best_MACSynDCR_CNN_model.keras
50/50 ???????????????????? 3s 54ms/step - acc: 0.7586 - auc: 0.8379 - loss: 0.4980 - val_acc: 0.7949 - val_auc: 0.8735 - val_loss: 0.4466
Epoch 5/10
49/50 ???????????????????? 0s 52ms/step - acc: 0.7839 - auc: 0.8620 - loss: 0.4643
Epoch 5: val_acc improved from 0.79492 to 0.79810, saving model to saved_models/best_MACSynDCR_CNN_model.keras
50/50 ???????????????????? 3s 56ms/step - acc: 0.7839 - auc: 0.8621 - loss: 0.4642 - val_acc: 0.7981 - val_auc: 0.8893 - val_loss: 0.4208
Epoch 6/10
49/50 ???????????????????? 0s 50ms/step - acc: 0.8049 - auc: 0.8831 - loss: 0.4313
Epoch 6: val_acc improved from 0.79810 to 0.81651, saving model to saved_models/best_MACSynDCR_CNN_model.keras
50/50 ???????????????????? 3s 55ms/step - acc: 0.8046 - auc: 0.8829 - loss: 0.4316 - val_acc: 0.8165 - val_auc: 0.8879 - val_loss: 0.4238
Epoch 7/10
49/50 ???????????????????? 0s 53ms/step - acc: 0.8059 - auc: 0.8861 - loss: 0.4246
Epoch 7: val_acc did not improve from 0.81651
50/50 ???????????????????? 3s 57ms/step - acc: 0.8058 - auc: 0.8860 - loss: 0.4248 - val_acc: 0.8159 - val_auc: 0.8995 - val_loss: 0.4047
Epoch 8/10
49/50 ???????????????????? 0s 55ms/step - acc: 0.8040 - auc: 0.8834 - loss: 0.4288
Epoch 8: val_acc improved from 0.81651 to 0.81778, saving model to saved_models/best_MACSynDCR_CNN_model.keras
50/50 ???????????????????? 3s 59ms/step - acc: 0.8042 - auc: 0.8837 - loss: 0.4283 - val_acc: 0.8178 - val_auc: 0.9016 - val_loss: 0.3982
Epoch 9/10
49/50 ???????????????????? 0s 54ms/step - acc: 0.8103 - auc: 0.8942 - loss: 0.4104
Epoch 9: val_acc improved from 0.81778 to 0.81905, saving model to saved_models/best_MACSynDCR_CNN_model.keras
50/50 ???????????????????? 3s 59ms/step - acc: 0.8105 - auc: 0.8942 - loss: 0.4104 - val_acc: 0.8190 - val_auc: 0.9048 - val_loss: 0.3951
Epoch 10/10
49/50 ???????????????????? 0s 50ms/step - acc: 0.8165 - auc: 0.8950 - loss: 0.4105
Epoch 10: val_acc improved from 0.81905 to 0.83111, saving model to saved_models/best_MACSynDCR_CNN_model.keras
50/50 ???????????????????? 3s 55ms/step - acc: 0.8166 - auc: 0.8950 - loss: 0.4103 - val_acc: 0.8311 - val_auc: 0.9055 - val_loss: 0.3909
50/50 ???????????????????? 0s 7ms/step
50/50 ???????????????????? 0s 4ms/step
CNN: Accuracy: 0.8311, AUC-ROC: 0.9070
CNN: AUC-PR: 0.9040, Precision: 0.8216,
CNN Recall: 0.8543, F1 Score: 0.8376
CNN:RMSE: 16.3095 , PCC: 0.7163
Evaluation of Keras MACSynDCR_ANN model:
50/50 ???????????????????? 1s 4ms/step - acc: 0.8685 - auc: 0.9489 - loss: 0.3460
Evaluate->  Loss: 0.3428, Accuracy: 0.8762,AUC: 0.9509
50/50 ???????????????????? 0s 6ms/step
197/197 ???????????????????? 1s 4ms/step
ANN: Accuracy: 0.8762, AUC-ROC: 0.9564
ANN: AUC-PR: 0.9554, Precision: 0.9142,
ANN Recall: 0.8356, F1 Score: 0.8731
ANN:RMSE: 13.9642 , PCC: 0.8066
****************************************************************************************************
Evaluation of Keras MACSynDCR_CNN model:
50/50 ???????????????????? 1s 5ms/step - acc: 0.8277 - auc: 0.9015 - loss: 0.4002
Evaluate->  Loss: 0.3909, Accuracy: 0.8311,Accuracy: 0.9055
50/50 ???????????????????? 0s 6ms/step
197/197 ???????????????????? 1s 4ms/step
CNN: Accuracy: 0.8311, AUC-ROC: 0.9070
CNN: AUC-PR: 0.9040, Precision: 0.8216,
CNN Recall: 0.8543, F1 Score: 0.8376
CNN:RMSE: 16.3095 , PCC: 0.7163
****************************************************************************************************
Accuracy Score and AUC for ANN = AUC: 0.9596, Accuracy: 0.8927
Accuracy Score and AUC for KANN = AUC: 0.9564, Accuracy: 0.8762
Accuracy Score and AUC for KCNN = AUC: 0.9070, Accuracy: 0.8311
Average AUC = AUC: 0.9576, Accuracy: 0.8971
MAX AUC = AUC: 0.9506, Accuracy: 0.8533
Fitting 5 folds for each of 14 candidates, totalling 70 fits
Finall ensemble results of fold_4 for MACSynDCR:
----------------------------------------------------------------------------------------------------
Ensemble Accuracy: 0.9060, AUC-ROC: 0.9618
Ensemble AUC-PR: 0.9616, Precision: 0.9161,
Ensemble Recall: 0.8979, F1 Score: 0.9069
Ensemble RMSE: 12.1655 , PCC: 0.8365
----------------------------------------------------------------------------------------------------
Fold 5
Data processing and Training of MACSynDCR_ANN model:
ANN_model saved with Val_ACC: 0.4689 Val_AUC: 0.4559
fold_5: Epoch [1/10], Loss: 0.7108, Val_ACC: 0.4689, Val_AUC: 0.4559
ANN_model saved with Val_ACC: 0.8081 Val_AUC: 0.8784
ANN_model saved with Val_ACC: 0.8253 Val_AUC: 0.9067
ANN_model saved with Val_ACC: 0.8386 Val_AUC: 0.9186
ANN_model saved with Val_ACC: 0.8450 Val_AUC: 0.9288
ANN_model saved with Val_ACC: 0.8590 Val_AUC: 0.9376
ANN_model saved with Val_ACC: 0.8704 Val_AUC: 0.9444
ANN_model saved with Val_ACC: 0.8844 Val_AUC: 0.9515
ANN_model saved with Val_ACC: 0.8888 Val_AUC: 0.9550
ANN_model saved with Val_ACC: 0.8920 Val_AUC: 0.9571
Accuracy: 0.8920, AUC-ROC: 0.9571
 AUC-PR: 0.9601, Precision: 0.9017, Recall: 0.8836, F1 Score: 0.8925
RMSE: 11.2027 , PCC: 0.8271
Data processing and Training of MACSynDCR_ANN model:
MACSynDCR_ANN model:
Model: "sequential_8"
????????????????????????????????????????????????????????????????????????????????????????
? Layer (type)                         ? Output Shape                ?         Param # ?
????????????????????????????????????????????????????????????????????????????????????????
¦ dense_32 (Dense)                     ¦ (None, 2048)                ¦       4,458,496 ¦
+--------------------------------------+-----------------------------+-----------------¦
¦ batch_normalization_20               ¦ (None, 2048)                ¦           8,192 ¦
¦ (BatchNormalization)                 ¦                             ¦                 ¦
+--------------------------------------+-----------------------------+-----------------¦
¦ dense_33 (Dense)                     ¦ (None, 1024)                ¦       2,098,176 ¦
+--------------------------------------+-----------------------------+-----------------¦
¦ batch_normalization_21               ¦ (None, 1024)                ¦           4,096 ¦
¦ (BatchNormalization)                 ¦                             ¦                 ¦
+--------------------------------------+-----------------------------+-----------------¦
¦ dense_34 (Dense)                     ¦ (None, 512)                 ¦         524,800 ¦
+--------------------------------------+-----------------------------+-----------------¦
¦ batch_normalization_22               ¦ (None, 512)                 ¦           2,048 ¦
¦ (BatchNormalization)                 ¦                             ¦                 ¦
+--------------------------------------+-----------------------------+-----------------¦
¦ dense_35 (Dense)                     ¦ (None, 256)                 ¦         131,328 ¦
+--------------------------------------+-----------------------------+-----------------¦
¦ batch_normalization_23               ¦ (None, 256)                 ¦           1,024 ¦
¦ (BatchNormalization)                 ¦                             ¦                 ¦
+--------------------------------------+-----------------------------+-----------------¦
¦ dense_36 (Dense)                     ¦ (None, 128)                 ¦          32,896 ¦
+--------------------------------------+-----------------------------+-----------------¦
¦ batch_normalization_24               ¦ (None, 128)                 ¦             512 ¦
¦ (BatchNormalization)                 ¦                             ¦                 ¦
+--------------------------------------+-----------------------------+-----------------¦
¦ dense_37 (Dense)                     ¦ (None, 2)                   ¦             258 ¦
+--------------------------------------------------------------------------------------+
 Total params: 7,261,826 (27.70 MB)
 Trainable params: 7,253,890 (27.67 MB)
 Non-trainable params: 7,936 (31.00 KB)
Epoch 1/10
49/50 ???????????????????? 0s 52ms/step - acc: 0.7423 - auc: 0.8136 - loss: 0.5929
Epoch 1: val_auc improved from -inf to 0.67632, saving model to saved_models/best_MACSynDCR_ANN_model.keras
50/50 ???????????????????? 7s 72ms/step - acc: 0.7447 - auc: 0.8162 - loss: 0.5875 - val_acc: 0.5076 - val_auc: 0.6763 - val_loss: 1.7152
Epoch 2/10
49/50 ???????????????????? 0s 51ms/step - acc: 0.8981 - auc: 0.9594 - loss: 0.2577
Epoch 2: val_auc improved from 0.67632 to 0.80469, saving model to saved_models/best_MACSynDCR_ANN_model.keras
50/50 ???????????????????? 3s 67ms/step - acc: 0.8979 - auc: 0.9593 - loss: 0.2579 - val_acc: 0.7097 - val_auc: 0.8047 - val_loss: 0.5469
Epoch 3/10
49/50 ???????????????????? 0s 49ms/step - acc: 0.9253 - auc: 0.9777 - loss: 0.1940
Epoch 3: val_auc improved from 0.80469 to 0.86417, saving model to saved_models/best_MACSynDCR_ANN_model.keras
50/50 ???????????????????? 3s 63ms/step - acc: 0.9252 - auc: 0.9776 - loss: 0.1942 - val_acc: 0.7726 - val_auc: 0.8642 - val_loss: 0.4594
Epoch 4/10
49/50 ???????????????????? 0s 49ms/step - acc: 0.9422 - auc: 0.9859 - loss: 0.1520
Epoch 4: val_auc improved from 0.86417 to 0.91654, saving model to saved_models/best_MACSynDCR_ANN_model.keras
50/50 ???????????????????? 3s 64ms/step - acc: 0.9420 - auc: 0.9858 - loss: 0.1524 - val_acc: 0.8316 - val_auc: 0.9165 - val_loss: 0.3861
Epoch 5/10
50/50 ???????????????????? 0s 49ms/step - acc: 0.9526 - auc: 0.9887 - loss: 0.1329
Epoch 5: val_auc improved from 0.91654 to 0.93557, saving model to saved_models/best_MACSynDCR_ANN_model.keras
50/50 ???????????????????? 3s 62ms/step - acc: 0.9525 - auc: 0.9887 - loss: 0.1330 - val_acc: 0.8691 - val_auc: 0.9356 - val_loss: 0.3630
Epoch 6/10
49/50 ???????????????????? 0s 51ms/step - acc: 0.9616 - auc: 0.9928 - loss: 0.1043
Epoch 6: val_auc did not improve from 0.93557
50/50 ???????????????????? 3s 53ms/step - acc: 0.9614 - auc: 0.9927 - loss: 0.1048 - val_acc: 0.8501 - val_auc: 0.9228 - val_loss: 0.4289
Epoch 7/10
49/50 ???????????????????? 0s 52ms/step - acc: 0.9575 - auc: 0.9922 - loss: 0.1094
Epoch 7: val_auc improved from 0.93557 to 0.94564, saving model to saved_models/best_MACSynDCR_ANN_model.keras
50/50 ???????????????????? 3s 65ms/step - acc: 0.9575 - auc: 0.9922 - loss: 0.1094 - val_acc: 0.8812 - val_auc: 0.9456 - val_loss: 0.3437
Epoch 8/10
50/50 ???????????????????? 0s 48ms/step - acc: 0.9717 - auc: 0.9966 - loss: 0.0765
Epoch 8: val_auc improved from 0.94564 to 0.94905, saving model to saved_models/best_MACSynDCR_ANN_model.keras
50/50 ???????????????????? 3s 61ms/step - acc: 0.9717 - auc: 0.9966 - loss: 0.0765 - val_acc: 0.8901 - val_auc: 0.9490 - val_loss: 0.3521
Epoch 9/10
50/50 ???????????????????? 0s 52ms/step - acc: 0.9748 - auc: 0.9963 - loss: 0.0686
Epoch 9: val_auc did not improve from 0.94905
50/50 ???????????????????? 3s 54ms/step - acc: 0.9748 - auc: 0.9963 - loss: 0.0687 - val_acc: 0.8793 - val_auc: 0.9451 - val_loss: 0.3908
Epoch 10/10
49/50 ???????????????????? 0s 53ms/step - acc: 0.9664 - auc: 0.9940 - loss: 0.0943
Epoch 10: val_auc did not improve from 0.94905
50/50 ???????????????????? 3s 56ms/step - acc: 0.9663 - auc: 0.9940 - loss: 0.0945 - val_acc: 0.8920 - val_auc: 0.9485 - val_loss: 0.3748
50/50 ???????????????????? 0s 6ms/step
50/50 ???????????????????? 0s 4ms/step
ANN: Accuracy: 0.8901, AUC-ROC: 0.9525
ANN: AUC-PR: 0.9515, Precision: 0.8952,
ANN Recall: 0.8874, F1 Score: 0.8913
\ANN:RMSE: 13.1529 , PCC: 0.8154
Data processing and Training of MACSynDCR_CNN model:
MACSynDCR_CNN model:
Model: "sequential_9"
????????????????????????????????????????????????????????????????????????????????????????
? Layer (type)                         ? Output Shape                ?         Param # ?
????????????????????????????????????????????????????????????????????????????????????????
¦ conv2d_12 (Conv2D)                   ¦ (None, 66, 30, 32)          ¦             320 ¦
+--------------------------------------+-----------------------------+-----------------¦
¦ max_pooling2d_12 (MaxPooling2D)      ¦ (None, 33, 15, 32)          ¦               0 ¦
+--------------------------------------+-----------------------------+-----------------¦
¦ dropout_12 (Dropout)                 ¦ (None, 33, 15, 32)          ¦               0 ¦
+--------------------------------------+-----------------------------+-----------------¦
¦ conv2d_13 (Conv2D)                   ¦ (None, 31, 13, 64)          ¦          18,496 ¦
+--------------------------------------+-----------------------------+-----------------¦
¦ max_pooling2d_13 (MaxPooling2D)      ¦ (None, 15, 6, 64)           ¦               0 ¦
+--------------------------------------+-----------------------------+-----------------¦
¦ dropout_13 (Dropout)                 ¦ (None, 15, 6, 64)           ¦               0 ¦
+--------------------------------------+-----------------------------+-----------------¦
¦ conv2d_14 (Conv2D)                   ¦ (None, 13, 4, 128)          ¦          73,856 ¦
+--------------------------------------+-----------------------------+-----------------¦
¦ max_pooling2d_14 (MaxPooling2D)      ¦ (None, 6, 2, 128)           ¦               0 ¦
+--------------------------------------+-----------------------------+-----------------¦
¦ dropout_14 (Dropout)                 ¦ (None, 6, 2, 128)           ¦               0 ¦
+--------------------------------------+-----------------------------+-----------------¦
¦ flatten_4 (Flatten)                  ¦ (None, 1536)                ¦               0 ¦
+--------------------------------------+-----------------------------+-----------------¦
¦ dense_38 (Dense)                     ¦ (None, 128)                 ¦         196,736 ¦
+--------------------------------------+-----------------------------+-----------------¦
¦ dense_39 (Dense)                     ¦ (None, 2)                   ¦             258 ¦
+--------------------------------------------------------------------------------------+
 Total params: 289,666 (1.10 MB)
 Trainable params: 289,666 (1.10 MB)
 Non-trainable params: 0 (0.00 B)
Epoch 1/10
49/50 ???????????????????? 0s 52ms/step - acc: 0.5020 - auc: 0.5062 - loss: 0.7044
Epoch 1: val_acc improved from -inf to 0.49238, saving model to saved_models/best_MACSynDCR_CNN_model.keras
50/50 ???????????????????? 5s 62ms/step - acc: 0.5018 - auc: 0.5062 - loss: 0.7041 - val_acc: 0.4924 - val_auc: 0.5738 - val_loss: 0.6921
Epoch 2/10
50/50 ???????????????????? 0s 52ms/step - acc: 0.5448 - auc: 0.5638 - loss: 0.6904
Epoch 2: val_acc improved from 0.49238 to 0.64104, saving model to saved_models/best_MACSynDCR_CNN_model.keras
50/50 ???????????????????? 3s 58ms/step - acc: 0.5451 - auc: 0.5641 - loss: 0.6903 - val_acc: 0.6410 - val_auc: 0.7527 - val_loss: 0.6526
Epoch 3/10
49/50 ???????????????????? 0s 55ms/step - acc: 0.6600 - auc: 0.7154 - loss: 0.6317
Epoch 3: val_acc improved from 0.64104 to 0.76048, saving model to saved_models/best_MACSynDCR_CNN_model.keras
50/50 ???????????????????? 3s 60ms/step - acc: 0.6617 - auc: 0.7174 - loss: 0.6300 - val_acc: 0.7605 - val_auc: 0.8492 - val_loss: 0.4837
Epoch 4/10
49/50 ???????????????????? 0s 58ms/step - acc: 0.7655 - auc: 0.8388 - loss: 0.4982
Epoch 4: val_acc improved from 0.76048 to 0.79479, saving model to saved_models/best_MACSynDCR_CNN_model.keras
50/50 ???????????????????? 3s 62ms/step - acc: 0.7657 - auc: 0.8391 - loss: 0.4978 - val_acc: 0.7948 - val_auc: 0.8765 - val_loss: 0.4427
Epoch 5/10
48/50 ???????????????????? 0s 52ms/step - acc: 0.7752 - auc: 0.8610 - loss: 0.4659
Epoch 5: val_acc improved from 0.79479 to 0.81004, saving model to saved_models/best_MACSynDCR_CNN_model.keras
50/50 ???????????????????? 3s 55ms/step - acc: 0.7759 - auc: 0.8616 - loss: 0.4650 - val_acc: 0.8100 - val_auc: 0.8951 - val_loss: 0.4138
Epoch 6/10
48/50 ???????????????????? 0s 47ms/step - acc: 0.7995 - auc: 0.8830 - loss: 0.4305
Epoch 6: val_acc improved from 0.81004 to 0.81703, saving model to saved_models/best_MACSynDCR_CNN_model.keras
50/50 ???????????????????? 3s 51ms/step - acc: 0.7994 - auc: 0.8827 - loss: 0.4310 - val_acc: 0.8170 - val_auc: 0.8997 - val_loss: 0.4032
Epoch 7/10
50/50 ???????????????????? 0s 49ms/step - acc: 0.8166 - auc: 0.8968 - loss: 0.4078
Epoch 7: val_acc improved from 0.81703 to 0.82084, saving model to saved_models/best_MACSynDCR_CNN_model.keras
50/50 ???????????????????? 3s 54ms/step - acc: 0.8164 - auc: 0.8966 - loss: 0.4081 - val_acc: 0.8208 - val_auc: 0.8992 - val_loss: 0.4028
Epoch 8/10
49/50 ???????????????????? 0s 48ms/step - acc: 0.8183 - auc: 0.8930 - loss: 0.4137
Epoch 8: val_acc did not improve from 0.82084
50/50 ???????????????????? 3s 52ms/step - acc: 0.8181 - auc: 0.8930 - loss: 0.4136 - val_acc: 0.8151 - val_auc: 0.9037 - val_loss: 0.3965
Epoch 9/10
49/50 ???????????????????? 0s 49ms/step - acc: 0.8178 - auc: 0.9007 - loss: 0.3994
Epoch 9: val_acc improved from 0.82084 to 0.83100, saving model to saved_models/best_MACSynDCR_CNN_model.keras
50/50 ???????????????????? 3s 53ms/step - acc: 0.8177 - auc: 0.9005 - loss: 0.3997 - val_acc: 0.8310 - val_auc: 0.9085 - val_loss: 0.3857
Epoch 10/10
49/50 ???????????????????? 0s 47ms/step - acc: 0.8164 - auc: 0.8998 - loss: 0.4003
Epoch 10: val_acc did not improve from 0.83100
50/50 ???????????????????? 2s 49ms/step - acc: 0.8164 - auc: 0.8996 - loss: 0.4006 - val_acc: 0.8278 - val_auc: 0.9095 - val_loss: 0.3936
50/50 ???????????????????? 0s 6ms/step
50/50 ???????????????????? 0s 5ms/step
CNN: Accuracy: 0.8310, AUC-ROC: 0.9087
CNN: AUC-PR: 0.9073, Precision: 0.8207,
CNN Recall: 0.8536, F1 Score: 0.8368
CNN:RMSE: 16.3095 , PCC: 0.7186
Evaluation of Keras MACSynDCR_ANN model:
50/50 ???????????????????? 1s 4ms/step - acc: 0.9062 - auc: 0.9563 - loss: 0.3099
Evaluate->  Loss: 0.3521, Accuracy: 0.8901,AUC: 0.9490
50/50 ???????????????????? 0s 6ms/step
197/197 ???????????????????? 1s 3ms/step
ANN: Accuracy: 0.8901, AUC-ROC: 0.9525
ANN: AUC-PR: 0.9515, Precision: 0.8952,
ANN Recall: 0.8874, F1 Score: 0.8913
ANN:RMSE: 13.1529 , PCC: 0.8154
****************************************************************************************************
Evaluation of Keras MACSynDCR_CNN model:
50/50 ???????????????????? 1s 4ms/step - acc: 0.8526 - auc: 0.9187 - loss: 0.3672
Evaluate->  Loss: 0.3857, Accuracy: 0.8310,Accuracy: 0.9085
50/50 ???????????????????? 0s 6ms/step
197/197 ???????????????????? 1s 4ms/step
CNN: Accuracy: 0.8310, AUC-ROC: 0.9087
CNN: AUC-PR: 0.9073, Precision: 0.8207,
CNN Recall: 0.8536, F1 Score: 0.8368
CNN:RMSE: 16.3095 , PCC: 0.7186
****************************************************************************************************
Accuracy Score and AUC for ANN = AUC: 0.9571, Accuracy: 0.8920
Accuracy Score and AUC for KANN = AUC: 0.9525, Accuracy: 0.8901
Accuracy Score and AUC for KCNN = AUC: 0.9087, Accuracy: 0.8310
Average AUC = AUC: 0.9612, Accuracy: 0.9085
MAX AUC = AUC: 0.9512, Accuracy: 0.8564
Fitting 5 folds for each of 14 candidates, totalling 70 fits
Finall ensemble results of fold_5 for MACSynDCR:
----------------------------------------------------------------------------------------------------
Ensemble Accuracy: 0.9072, AUC-ROC: 0.9630
Ensemble AUC-PR: 0.9637, Precision: 0.9076,
Ensemble Recall: 0.9099, F1 Score: 0.9087
Ensemble RMSE: 12.0830 , PCC: 0.8479
----------------------------------------------------------------------------------------------------
****************************************************************************************************
*           Final MACSynCDR Results:
****************************************************************************************************
 AUC: 0.9594 ± 0.0035
 Accuracy: 0.9014 ± 0.0048
 AUC-PR: 0.9589 ± 0.0033
 Precision: 0.9029 ± 0.0079
 Recall: 0.8988 ± 0.0066
 F1: 0.9009 ± 0.0060
 RMSE: 12.4542 ± 0.3053
 PCC: 0.8331 ± 0.0109
Max AUC: 0.9630
Max ACC: 0.9072
Max AUC-PR: 0.9637
Max Precision: 0.9161
Max Reacall: 0.9099
Max F1: 0.9087
MIN RMSE: 12.0830
Max PCC: 0.8479
