[2025-08-21 23:56:46] Fold 1
[2025-08-21 23:56:46] ----------------------------------------------------------------------------------------------------
[2025-08-21 23:56:48] ANN_model saved with Val_ACC: 0.4942
[2025-08-21 23:56:48] ----------------------------------------------------------------------------------------------------
[2025-08-21 23:56:48] fold_1: Epoch [1/1], Loss: 0.7050, ACC: 0.4942, AUC: 0.4906
[2025-08-21 23:57:14] Finall ensemble results of fold_1 for MACSynDCR:
[2025-08-21 23:57:14] ----------------------------------------------------------------------------------------------------
[2025-08-21 23:57:14] Ensemble Accuracy: 0.7124, AUC-ROC: 0.7935, 
Ensemble AUC-PR: 0.7896, Precision: 0.6859, 
Ensemble Recall: 0.7730, F1 Score: 0.7269, 
Ensemble RMSE: 26.7208
[2025-08-21 23:57:14] ----------------------------------------------------------------------------------------------------
[2025-08-21 23:57:14] Fold 2
[2025-08-21 23:57:14] ----------------------------------------------------------------------------------------------------
[2025-08-21 23:57:15] ANN_model saved with Val_ACC: 0.4756
[2025-08-21 23:57:15] ----------------------------------------------------------------------------------------------------
[2025-08-21 23:57:15] fold_2: Epoch [1/1], Loss: 0.7039, ACC: 0.4756, AUC: 0.4786
[2025-08-21 23:57:43] Finall ensemble results of fold_2 for MACSynDCR:
[2025-08-21 23:57:43] ----------------------------------------------------------------------------------------------------
[2025-08-21 23:57:43] Ensemble Accuracy: 0.7016, AUC-ROC: 0.7880, 
Ensemble AUC-PR: 0.7899, Precision: 0.6704, 
Ensemble Recall: 0.7801, F1 Score: 0.7211, 
Ensemble RMSE: 27.2213
[2025-08-21 23:57:43] ----------------------------------------------------------------------------------------------------
[2025-08-21 23:57:43] Fold 3
[2025-08-21 23:57:43] ----------------------------------------------------------------------------------------------------
[2025-08-21 23:57:44] ANN_model saved with Val_ACC: 0.5151
[2025-08-21 23:57:44] ----------------------------------------------------------------------------------------------------
[2025-08-21 23:57:44] fold_3: Epoch [1/1], Loss: 0.7166, ACC: 0.5151, AUC: 0.4792
[2025-08-21 23:58:09] Finall ensemble results of fold_3 for MACSynDCR:
[2025-08-21 23:58:09] ----------------------------------------------------------------------------------------------------
[2025-08-21 23:58:09] Ensemble Accuracy: 0.7229, AUC-ROC: 0.8085, 
Ensemble AUC-PR: 0.7954, Precision: 0.7101, 
Ensemble Recall: 0.7161, F1 Score: 0.7131, 
Ensemble RMSE: 26.2298
[2025-08-21 23:58:09] ----------------------------------------------------------------------------------------------------
[2025-08-21 23:58:09] Fold 4
[2025-08-21 23:58:09] ----------------------------------------------------------------------------------------------------
[2025-08-21 23:58:10] ANN_model saved with Val_ACC: 0.5010
[2025-08-21 23:58:10] ----------------------------------------------------------------------------------------------------
[2025-08-21 23:58:10] fold_4: Epoch [1/1], Loss: 0.6998, ACC: 0.5010, AUC: 0.5063
[2025-08-21 23:58:37] Finall ensemble results of fold_4 for MACSynDCR:
[2025-08-21 23:58:37] ----------------------------------------------------------------------------------------------------
[2025-08-21 23:58:37] Ensemble Accuracy: 0.7012, AUC-ROC: 0.7842, 
Ensemble AUC-PR: 0.7881, Precision: 0.6772, 
Ensemble Recall: 0.7828, F1 Score: 0.7262, 
Ensemble RMSE: 27.2397
[2025-08-21 23:58:37] ----------------------------------------------------------------------------------------------------
[2025-08-21 23:58:37] Fold 5
[2025-08-21 23:58:37] ----------------------------------------------------------------------------------------------------
[2025-08-21 23:58:39] ANN_model saved with Val_ACC: 0.5268
[2025-08-21 23:58:39] ----------------------------------------------------------------------------------------------------
[2025-08-21 23:58:39] fold_5: Epoch [1/1], Loss: 0.6925, ACC: 0.5268, AUC: 0.5334
[2025-08-21 23:59:05] Finall ensemble results of fold_5 for MACSynDCR:
[2025-08-21 23:59:05] ----------------------------------------------------------------------------------------------------
[2025-08-21 23:59:05] Ensemble Accuracy: 0.7056, AUC-ROC: 0.7880, 
Ensemble AUC-PR: 0.7627, Precision: 0.6628, 
Ensemble Recall: 0.8038, F1 Score: 0.7265, 
Ensemble RMSE: 27.0370
[2025-08-21 23:59:05] ----------------------------------------------------------------------------------------------------
[2025-08-21 23:59:05] ****************************************************************************************************
[2025-08-21 23:59:05] *          Final MACSynCDR Results:
[2025-08-21 23:59:05] ****************************************************************************************************
[2025-08-21 23:59:05]  AUC: 0.7925 ± 0.0086
[2025-08-21 23:59:05]  Accuracy: 0.7087 ± 0.0082
[2025-08-21 23:59:05]  AUC-PR: 0.7851 ± 0.0115
[2025-08-21 23:59:05]  Precision: 0.6813 ± 0.0163
[2025-08-21 23:59:05]  Recall: 0.7712 ± 0.0294
[2025-08-21 23:59:05]  F1: 0.7228 ± 0.0053
[2025-08-21 23:59:05]  RMSE: 26.8897 ± 0.3790
[2025-08-21 23:59:05]  PCC: 0.4905 ± 0.0215
[2025-08-22 00:21:00] Fold 1
[2025-08-22 00:21:00] ----------------------------------------------------------------------------------------------------
[2025-08-22 00:21:02] ANN_model saved with Val_ACC: 0.4917
[2025-08-22 00:21:02] ----------------------------------------------------------------------------------------------------
[2025-08-22 00:21:02] fold_1: Epoch [1/1], Loss: 0.7087, ACC: 0.4917, AUC: 0.5037
[2025-08-22 00:21:28] Finall ensemble results of fold_1 for MACSynDCR:
[2025-08-22 00:21:28] ----------------------------------------------------------------------------------------------------
[2025-08-22 00:22:27] Fold 1
[2025-08-22 00:22:27] ----------------------------------------------------------------------------------------------------
[2025-08-22 00:22:28] ANN_model saved with Val_ACC: 0.5288
[2025-08-22 00:22:28] ----------------------------------------------------------------------------------------------------
[2025-08-22 00:22:29] fold_1: Epoch [1/1], Loss: 0.6955, ACC: 0.5288, AUC: 0.5565
[2025-08-22 00:22:55] Finall ensemble results of fold_1 for MACSynDCR:
[2025-08-22 00:22:55] ----------------------------------------------------------------------------------------------------
[2025-08-22 00:25:47] Fold 1
[2025-08-22 00:25:47] ----------------------------------------------------------------------------------------------------
[2025-08-22 00:25:49] ANN_model saved with Val_ACC: 0.4571
[2025-08-22 00:25:49] ----------------------------------------------------------------------------------------------------
[2025-08-22 00:25:49] fold_1: Epoch [1/1], Loss: 0.7062, ACC: 0.4571, AUC: 0.4462
[2025-08-22 00:26:20] Finall ensemble results of fold_1 for MACSynDCR:
[2025-08-22 00:26:20] ----------------------------------------------------------------------------------------------------
[2025-08-22 00:26:20] Ensemble Accuracy: 0.7133, AUC-ROC: 0.7978, 
Ensemble AUC-PR: 0.7888, Precision: 0.6734, 
Ensemble Recall: 0.8169, F1 Score: 0.7382, 
Ensemble RMSE: 26.6833
[2025-08-22 00:26:20] ----------------------------------------------------------------------------------------------------
[2025-08-22 00:26:20] Fold 2
[2025-08-22 00:26:20] ----------------------------------------------------------------------------------------------------
[2025-08-22 00:26:21] ANN_model saved with Val_ACC: 0.5191
[2025-08-22 00:26:21] ----------------------------------------------------------------------------------------------------
[2025-08-22 00:26:21] fold_2: Epoch [1/1], Loss: 0.6949, ACC: 0.5191, AUC: 0.5235
[2025-08-22 00:26:52] Finall ensemble results of fold_2 for MACSynDCR:
[2025-08-22 00:26:52] ----------------------------------------------------------------------------------------------------
[2025-08-22 00:26:52] Ensemble Accuracy: 0.7032, AUC-ROC: 0.7846, 
Ensemble AUC-PR: 0.7772, Precision: 0.6651, 
Ensemble Recall: 0.8054, F1 Score: 0.7285, 
Ensemble RMSE: 27.1477
[2025-08-22 00:26:52] ----------------------------------------------------------------------------------------------------
[2025-08-22 00:26:52] Fold 3
[2025-08-22 00:26:52] ----------------------------------------------------------------------------------------------------
[2025-08-22 00:26:53] ANN_model saved with Val_ACC: 0.5171
[2025-08-22 00:26:53] ----------------------------------------------------------------------------------------------------
[2025-08-22 00:26:53] fold_3: Epoch [1/1], Loss: 0.7061, ACC: 0.5171, AUC: 0.4952
[2025-08-22 00:27:21] Finall ensemble results of fold_3 for MACSynDCR:
[2025-08-22 00:27:21] ----------------------------------------------------------------------------------------------------
[2025-08-22 00:27:21] Ensemble Accuracy: 0.7209, AUC-ROC: 0.8030, 
Ensemble AUC-PR: 0.7856, Precision: 0.6977, 
Ensemble Recall: 0.7404, F1 Score: 0.7184, 
Ensemble RMSE: 26.3249
[2025-08-22 00:27:21] ----------------------------------------------------------------------------------------------------
[2025-08-22 00:27:21] Fold 4
[2025-08-22 00:27:21] ----------------------------------------------------------------------------------------------------
[2025-08-22 00:27:22] ANN_model saved with Val_ACC: 0.4917
[2025-08-22 00:27:22] ----------------------------------------------------------------------------------------------------
[2025-08-22 00:27:23] fold_4: Epoch [1/1], Loss: 0.7067, ACC: 0.4917, AUC: 0.4947
[2025-08-22 00:27:51] Finall ensemble results of fold_4 for MACSynDCR:
[2025-08-22 00:27:51] ----------------------------------------------------------------------------------------------------
[2025-08-22 00:27:51] Ensemble Accuracy: 0.7008, AUC-ROC: 0.7799, 
Ensemble AUC-PR: 0.7821, Precision: 0.6844, 
Ensemble Recall: 0.7589, F1 Score: 0.7197, 
Ensemble RMSE: 27.2580
[2025-08-22 00:27:51] ----------------------------------------------------------------------------------------------------
[2025-08-22 00:27:51] Fold 5
[2025-08-22 00:27:51] ----------------------------------------------------------------------------------------------------
[2025-08-22 00:27:52] ANN_model saved with Val_ACC: 0.5151
[2025-08-22 00:27:52] ----------------------------------------------------------------------------------------------------
[2025-08-22 00:27:53] fold_5: Epoch [1/1], Loss: 0.6912, ACC: 0.5151, AUC: 0.5362
[2025-08-22 00:28:21] Finall ensemble results of fold_5 for MACSynDCR:
[2025-08-22 00:28:21] ----------------------------------------------------------------------------------------------------
[2025-08-22 00:28:21] Ensemble Accuracy: 0.7229, AUC-ROC: 0.8035, 
Ensemble AUC-PR: 0.7919, Precision: 0.7031, 
Ensemble Recall: 0.7450, F1 Score: 0.7235, 
Ensemble RMSE: 26.2298
[2025-08-22 00:28:21] ----------------------------------------------------------------------------------------------------
[2025-08-22 00:28:21] ****************************************************************************************************
[2025-08-22 00:28:21] *          Final MACSynCDR Results:
[2025-08-22 00:28:21] ****************************************************************************************************
[2025-08-22 00:28:21]  AUC: 0.7938 ± 0.0097
[2025-08-22 00:28:21]  Accuracy: 0.7122 ± 0.0090
[2025-08-22 00:28:21]  AUC-PR: 0.7851 ± 0.0051
[2025-08-22 00:28:21]  Precision: 0.6847 ± 0.0143
[2025-08-22 00:28:21]  Recall: 0.7733 ± 0.0317
[2025-08-22 00:28:21]  F1: 0.7257 ± 0.0072
[2025-08-22 00:28:21]  BACC: 0.7127 ± 0.0093
[2025-08-22 00:28:21]  Kappa: 0.4249 ± 0.0182
[2025-08-22 00:28:21]  RMSE: 26.7287 ± 0.4171
[2025-08-22 00:28:21]  PCC: 0.4637 ± 0.0627
[2025-08-22 00:47:40] Fold 1
[2025-08-22 00:47:40] ----------------------------------------------------------------------------------------------------
[2025-08-22 00:47:41] ANN_model saved with Val_ACC: 0.4833
[2025-08-22 00:47:41] ----------------------------------------------------------------------------------------------------
[2025-08-22 00:47:42] fold_1: Epoch [1/250], Loss: 0.7036, ACC: 0.4833, AUC: 0.4799
[2025-08-22 00:47:42] ANN_model saved with Val_ACC: 0.7354
[2025-08-22 00:47:42] ----------------------------------------------------------------------------------------------------
[2025-08-22 00:47:43] ANN_model saved with Val_ACC: 0.7624
[2025-08-22 00:47:43] ----------------------------------------------------------------------------------------------------
[2025-08-22 00:47:44] ANN_model saved with Val_ACC: 0.7656
[2025-08-22 00:47:44] ----------------------------------------------------------------------------------------------------
[2025-08-22 00:47:44] ANN_model saved with Val_ACC: 0.7801
[2025-08-22 00:47:44] ----------------------------------------------------------------------------------------------------
[2025-08-22 00:47:45] ANN_model saved with Val_ACC: 0.7817
[2025-08-22 00:47:45] ----------------------------------------------------------------------------------------------------
[2025-08-22 00:47:46] ANN_model saved with Val_ACC: 0.7966
[2025-08-22 00:47:46] ----------------------------------------------------------------------------------------------------
[2025-08-22 00:47:47] ANN_model saved with Val_ACC: 0.8172
[2025-08-22 00:47:47] ----------------------------------------------------------------------------------------------------
[2025-08-22 00:47:47] ANN_model saved with Val_ACC: 0.8260
[2025-08-22 00:47:47] ----------------------------------------------------------------------------------------------------
[2025-08-22 00:47:48] ANN_model saved with Val_ACC: 0.8296
[2025-08-22 00:47:48] ----------------------------------------------------------------------------------------------------
[2025-08-22 00:47:49] ANN_model saved with Val_ACC: 0.8325
[2025-08-22 00:47:49] ----------------------------------------------------------------------------------------------------
[2025-08-22 00:47:50] ANN_model saved with Val_ACC: 0.8405
[2025-08-22 00:47:50] ----------------------------------------------------------------------------------------------------
[2025-08-22 00:47:50] ANN_model saved with Val_ACC: 0.8437
[2025-08-22 00:47:50] ----------------------------------------------------------------------------------------------------
[2025-08-22 00:47:52] ANN_model saved with Val_ACC: 0.8474
[2025-08-22 00:47:52] ----------------------------------------------------------------------------------------------------
[2025-08-22 00:47:53] fold_1: Epoch [21/250], Loss: 0.3564, ACC: 0.8441, AUC: 0.9202
[2025-08-22 00:48:01] fold_1: Epoch [41/250], Loss: 0.3235, ACC: 0.8449, AUC: 0.9164
[2025-08-22 00:48:02] ANN_model saved with Val_ACC: 0.8482
[2025-08-22 00:48:02] ----------------------------------------------------------------------------------------------------
[2025-08-22 00:48:03] ANN_model saved with Val_ACC: 0.8486
[2025-08-22 00:48:03] ----------------------------------------------------------------------------------------------------
[2025-08-22 00:48:03] ANN_model saved with Val_ACC: 0.8506
[2025-08-22 00:48:03] ----------------------------------------------------------------------------------------------------
[2025-08-22 00:48:04] ANN_model saved with Val_ACC: 0.8518
[2025-08-22 00:48:04] ----------------------------------------------------------------------------------------------------
[2025-08-22 00:48:10] fold_1: Epoch [61/250], Loss: 0.3182, ACC: 0.8466, AUC: 0.9164
[2025-08-22 00:48:18] fold_1: Epoch [81/250], Loss: 0.3168, ACC: 0.8474, AUC: 0.9196
[2025-08-22 00:48:26] fold_1: Epoch [101/250], Loss: 0.3150, ACC: 0.8474, AUC: 0.9195
[2025-08-22 00:48:33] fold_1: Epoch [121/250], Loss: 0.3147, ACC: 0.8478, AUC: 0.9195
[2025-08-22 00:48:41] fold_1: Epoch [141/250], Loss: 0.3144, ACC: 0.8478, AUC: 0.9195
[2025-08-22 00:48:49] fold_1: Epoch [161/250], Loss: 0.3142, ACC: 0.8494, AUC: 0.9193
[2025-08-22 00:48:57] fold_1: Epoch [181/250], Loss: 0.3141, ACC: 0.8482, AUC: 0.9193
[2025-08-22 00:49:04] fold_1: Epoch [201/250], Loss: 0.3140, ACC: 0.8478, AUC: 0.9192
[2025-08-22 00:49:12] fold_1: Epoch [221/250], Loss: 0.3139, ACC: 0.8486, AUC: 0.9192
[2025-08-22 00:49:22] fold_1: Epoch [241/250], Loss: 0.3139, ACC: 0.8486, AUC: 0.9191
[2025-08-22 01:29:20] Finall ensemble results of fold_1 for MACSynDCR:
[2025-08-22 01:29:20] ----------------------------------------------------------------------------------------------------
[2025-08-22 01:29:20] Ensemble Accuracy: 0.8542, AUC-ROC: 0.9332, 
Ensemble AUC-PR: 0.9282, Precision: 0.8527, 
Ensemble Recall: 0.8527, F1 Score: 0.8527, 
Ensemble RMSE: 19.0263
[2025-08-22 01:29:20] ----------------------------------------------------------------------------------------------------
[2025-08-22 01:29:20] Fold 2
[2025-08-22 01:29:20] ----------------------------------------------------------------------------------------------------
[2025-08-22 01:29:21] ANN_model saved with Val_ACC: 0.5030
[2025-08-22 01:29:21] ----------------------------------------------------------------------------------------------------
[2025-08-22 01:29:22] fold_2: Epoch [1/250], Loss: 0.7075, ACC: 0.5030, AUC: 0.4640
[2025-08-22 01:29:22] ANN_model saved with Val_ACC: 0.7241
[2025-08-22 01:29:22] ----------------------------------------------------------------------------------------------------
[2025-08-22 01:29:23] ANN_model saved with Val_ACC: 0.7551
[2025-08-22 01:29:23] ----------------------------------------------------------------------------------------------------
[2025-08-22 01:29:25] ANN_model saved with Val_ACC: 0.7668
[2025-08-22 01:29:25] ----------------------------------------------------------------------------------------------------
[2025-08-22 01:29:25] ANN_model saved with Val_ACC: 0.7825
[2025-08-22 01:29:25] ----------------------------------------------------------------------------------------------------
[2025-08-22 01:29:26] ANN_model saved with Val_ACC: 0.7990
[2025-08-22 01:29:26] ----------------------------------------------------------------------------------------------------
[2025-08-22 01:29:26] ANN_model saved with Val_ACC: 0.8115
[2025-08-22 01:29:26] ----------------------------------------------------------------------------------------------------
[2025-08-22 01:29:27] ANN_model saved with Val_ACC: 0.8164
[2025-08-22 01:29:27] ----------------------------------------------------------------------------------------------------
[2025-08-22 01:29:28] ANN_model saved with Val_ACC: 0.8212
[2025-08-22 01:29:28] ----------------------------------------------------------------------------------------------------
[2025-08-22 01:29:28] ANN_model saved with Val_ACC: 0.8216
[2025-08-22 01:29:28] ----------------------------------------------------------------------------------------------------
[2025-08-22 01:29:29] ANN_model saved with Val_ACC: 0.8349
[2025-08-22 01:29:29] ----------------------------------------------------------------------------------------------------
[2025-08-22 01:29:31] ANN_model saved with Val_ACC: 0.8421
[2025-08-22 01:29:31] ----------------------------------------------------------------------------------------------------
[2025-08-22 01:29:32] ANN_model saved with Val_ACC: 0.8441
[2025-08-22 01:29:32] ----------------------------------------------------------------------------------------------------
[2025-08-22 01:29:33] ANN_model saved with Val_ACC: 0.8490
[2025-08-22 01:29:33] ----------------------------------------------------------------------------------------------------
[2025-08-22 01:29:33] ANN_model saved with Val_ACC: 0.8502
[2025-08-22 01:29:33] ----------------------------------------------------------------------------------------------------
[2025-08-22 01:29:34] ANN_model saved with Val_ACC: 0.8518
[2025-08-22 01:29:34] ----------------------------------------------------------------------------------------------------
[2025-08-22 01:29:34] fold_2: Epoch [21/250], Loss: 0.3564, ACC: 0.8510, AUC: 0.9223
[2025-08-22 01:29:35] ANN_model saved with Val_ACC: 0.8574
[2025-08-22 01:29:35] ----------------------------------------------------------------------------------------------------
[2025-08-22 01:29:43] fold_2: Epoch [41/250], Loss: 0.3285, ACC: 0.8474, AUC: 0.9225
[2025-08-22 01:29:51] fold_2: Epoch [61/250], Loss: 0.3208, ACC: 0.8502, AUC: 0.9254
[2025-08-22 01:29:59] fold_2: Epoch [81/250], Loss: 0.3178, ACC: 0.8470, AUC: 0.9237
[2025-08-22 01:30:06] fold_2: Epoch [101/250], Loss: 0.3166, ACC: 0.8498, AUC: 0.9233
[2025-08-22 01:30:14] fold_2: Epoch [121/250], Loss: 0.3150, ACC: 0.8462, AUC: 0.9232
[2025-08-22 01:30:22] fold_2: Epoch [141/250], Loss: 0.3145, ACC: 0.8482, AUC: 0.9250
[2025-08-22 01:30:30] fold_2: Epoch [161/250], Loss: 0.3142, ACC: 0.8482, AUC: 0.9248
[2025-08-22 01:30:38] fold_2: Epoch [181/250], Loss: 0.3141, ACC: 0.8478, AUC: 0.9250
[2025-08-22 01:30:46] fold_2: Epoch [201/250], Loss: 0.3139, ACC: 0.8445, AUC: 0.9246
[2025-08-22 01:30:54] fold_2: Epoch [221/250], Loss: 0.3138, ACC: 0.8453, AUC: 0.9251
[2025-08-22 01:31:02] fold_2: Epoch [241/250], Loss: 0.3137, ACC: 0.8466, AUC: 0.9250
[2025-08-22 02:09:40] Finall ensemble results of fold_2 for MACSynDCR:
[2025-08-22 02:09:40] ----------------------------------------------------------------------------------------------------
[2025-08-22 02:09:40] Ensemble Accuracy: 0.8747, AUC-ROC: 0.9441, 
Ensemble AUC-PR: 0.9391, Precision: 0.8725, 
Ensemble Recall: 0.8746, F1 Score: 0.8735, 
Ensemble RMSE: 17.6352
[2025-08-22 02:09:40] ----------------------------------------------------------------------------------------------------
[2025-08-22 02:09:40] Fold 3
[2025-08-22 02:09:40] ----------------------------------------------------------------------------------------------------
[2025-08-22 02:09:41] ANN_model saved with Val_ACC: 0.4841
[2025-08-22 02:09:41] ----------------------------------------------------------------------------------------------------
[2025-08-22 02:09:41] fold_3: Epoch [1/250], Loss: 0.7049, ACC: 0.4841, AUC: 0.4811
[2025-08-22 02:09:42] ANN_model saved with Val_ACC: 0.7620
[2025-08-22 02:09:42] ----------------------------------------------------------------------------------------------------
[2025-08-22 02:09:42] ANN_model saved with Val_ACC: 0.7773
[2025-08-22 02:09:42] ----------------------------------------------------------------------------------------------------
[2025-08-22 02:09:43] ANN_model saved with Val_ACC: 0.7926
[2025-08-22 02:09:43] ----------------------------------------------------------------------------------------------------
[2025-08-22 02:09:44] ANN_model saved with Val_ACC: 0.8035
[2025-08-22 02:09:44] ----------------------------------------------------------------------------------------------------
[2025-08-22 02:09:44] ANN_model saved with Val_ACC: 0.8095
[2025-08-22 02:09:44] ----------------------------------------------------------------------------------------------------
[2025-08-22 02:09:45] ANN_model saved with Val_ACC: 0.8176
[2025-08-22 02:09:45] ----------------------------------------------------------------------------------------------------
[2025-08-22 02:09:46] ANN_model saved with Val_ACC: 0.8300
[2025-08-22 02:09:46] ----------------------------------------------------------------------------------------------------
[2025-08-22 02:09:46] ANN_model saved with Val_ACC: 0.8313
[2025-08-22 02:09:46] ----------------------------------------------------------------------------------------------------
[2025-08-22 02:09:47] ANN_model saved with Val_ACC: 0.8337
[2025-08-22 02:09:47] ----------------------------------------------------------------------------------------------------
[2025-08-22 02:09:48] ANN_model saved with Val_ACC: 0.8397
[2025-08-22 02:09:48] ----------------------------------------------------------------------------------------------------
[2025-08-22 02:09:50] ANN_model saved with Val_ACC: 0.8437
[2025-08-22 02:09:50] ----------------------------------------------------------------------------------------------------
[2025-08-22 02:09:51] ANN_model saved with Val_ACC: 0.8449
[2025-08-22 02:09:51] ----------------------------------------------------------------------------------------------------
[2025-08-22 02:09:52] ANN_model saved with Val_ACC: 0.8502
[2025-08-22 02:09:52] ----------------------------------------------------------------------------------------------------
[2025-08-22 02:09:52] fold_3: Epoch [21/250], Loss: 0.3525, ACC: 0.8486, AUC: 0.9176
[2025-08-22 02:09:53] ANN_model saved with Val_ACC: 0.8530
[2025-08-22 02:09:53] ----------------------------------------------------------------------------------------------------
[2025-08-22 02:09:54] ANN_model saved with Val_ACC: 0.8538
[2025-08-22 02:09:54] ----------------------------------------------------------------------------------------------------
[2025-08-22 02:09:54] ANN_model saved with Val_ACC: 0.8546
[2025-08-22 02:09:54] ----------------------------------------------------------------------------------------------------
[2025-08-22 02:09:56] ANN_model saved with Val_ACC: 0.8554
[2025-08-22 02:09:56] ----------------------------------------------------------------------------------------------------
[2025-08-22 02:10:01] fold_3: Epoch [41/250], Loss: 0.3232, ACC: 0.8449, AUC: 0.9185
[2025-08-22 02:10:08] fold_3: Epoch [61/250], Loss: 0.3171, ACC: 0.8482, AUC: 0.9202
[2025-08-22 02:10:16] fold_3: Epoch [81/250], Loss: 0.3155, ACC: 0.8490, AUC: 0.9204
[2025-08-22 02:10:23] fold_3: Epoch [101/250], Loss: 0.3150, ACC: 0.8498, AUC: 0.9207
[2025-08-22 02:10:32] fold_3: Epoch [121/250], Loss: 0.3147, ACC: 0.8518, AUC: 0.9202
[2025-08-22 02:10:39] fold_3: Epoch [141/250], Loss: 0.3143, ACC: 0.8518, AUC: 0.9201
[2025-08-22 02:10:47] fold_3: Epoch [161/250], Loss: 0.3141, ACC: 0.8486, AUC: 0.9202
[2025-08-22 02:10:55] fold_3: Epoch [181/250], Loss: 0.3140, ACC: 0.8506, AUC: 0.9201
[2025-08-22 02:11:03] fold_3: Epoch [201/250], Loss: 0.3139, ACC: 0.8490, AUC: 0.9200
[2025-08-22 02:11:10] fold_3: Epoch [221/250], Loss: 0.3138, ACC: 0.8502, AUC: 0.9200
[2025-08-22 02:11:19] fold_3: Epoch [241/250], Loss: 0.3137, ACC: 0.8506, AUC: 0.9195
[2025-08-22 02:49:59] Finall ensemble results of fold_3 for MACSynDCR:
[2025-08-22 02:49:59] ----------------------------------------------------------------------------------------------------
[2025-08-22 02:49:59] Ensemble Accuracy: 0.8703, AUC-ROC: 0.9331, 
Ensemble AUC-PR: 0.9278, Precision: 0.8664, 
Ensemble Recall: 0.8635, F1 Score: 0.8649, 
Ensemble RMSE: 17.9444
[2025-08-22 02:49:59] ----------------------------------------------------------------------------------------------------
[2025-08-22 02:49:59] Fold 4
[2025-08-22 02:49:59] ----------------------------------------------------------------------------------------------------
[2025-08-22 02:50:01] ANN_model saved with Val_ACC: 0.5111
[2025-08-22 02:50:01] ----------------------------------------------------------------------------------------------------
[2025-08-22 02:50:01] fold_4: Epoch [1/250], Loss: 0.6975, ACC: 0.5111, AUC: 0.5310
[2025-08-22 02:50:01] ANN_model saved with Val_ACC: 0.7197
[2025-08-22 02:50:01] ----------------------------------------------------------------------------------------------------
[2025-08-22 02:50:02] ANN_model saved with Val_ACC: 0.7531
[2025-08-22 02:50:02] ----------------------------------------------------------------------------------------------------
[2025-08-22 02:50:02] ANN_model saved with Val_ACC: 0.7716
[2025-08-22 02:50:02] ----------------------------------------------------------------------------------------------------
[2025-08-22 02:50:03] ANN_model saved with Val_ACC: 0.7849
[2025-08-22 02:50:03] ----------------------------------------------------------------------------------------------------
[2025-08-22 02:50:04] ANN_model saved with Val_ACC: 0.7950
[2025-08-22 02:50:04] ----------------------------------------------------------------------------------------------------
[2025-08-22 02:50:04] ANN_model saved with Val_ACC: 0.8083
[2025-08-22 02:50:19] ----------------------------------------------------------------------------------------------------
[2025-08-22 02:50:19] ANN_model saved with Val_ACC: 0.8143
[2025-08-22 02:50:19] ----------------------------------------------------------------------------------------------------
[2025-08-22 02:50:20] ANN_model saved with Val_ACC: 0.8180
[2025-08-22 02:50:20] ----------------------------------------------------------------------------------------------------
[2025-08-22 02:50:21] ANN_model saved with Val_ACC: 0.8248
[2025-08-22 02:50:21] ----------------------------------------------------------------------------------------------------
[2025-08-22 02:50:22] ANN_model saved with Val_ACC: 0.8341
[2025-08-22 02:50:22] ----------------------------------------------------------------------------------------------------
[2025-08-22 02:50:22] ANN_model saved with Val_ACC: 0.8389
[2025-08-22 02:50:22] ----------------------------------------------------------------------------------------------------
[2025-08-22 02:50:23] ANN_model saved with Val_ACC: 0.8445
[2025-08-22 02:50:23] ----------------------------------------------------------------------------------------------------
[2025-08-22 02:50:23] ANN_model saved with Val_ACC: 0.8458
[2025-08-22 02:50:23] ----------------------------------------------------------------------------------------------------
[2025-08-22 02:50:24] ANN_model saved with Val_ACC: 0.8462
[2025-08-22 02:50:24] ----------------------------------------------------------------------------------------------------
[2025-08-22 02:50:24] ANN_model saved with Val_ACC: 0.8478
[2025-08-22 02:50:24] ----------------------------------------------------------------------------------------------------
[2025-08-22 02:50:25] ANN_model saved with Val_ACC: 0.8494
[2025-08-22 02:50:25] ----------------------------------------------------------------------------------------------------
[2025-08-22 02:50:27] ANN_model saved with Val_ACC: 0.8522
[2025-08-22 02:50:27] ----------------------------------------------------------------------------------------------------
[2025-08-22 02:50:27] fold_4: Epoch [21/250], Loss: 0.3512, ACC: 0.8522, AUC: 0.9192
[2025-08-22 02:50:35] fold_4: Epoch [41/250], Loss: 0.3308, ACC: 0.8510, AUC: 0.9178
[2025-08-22 02:50:44] fold_4: Epoch [61/250], Loss: 0.3198, ACC: 0.8470, AUC: 0.9177
[2025-08-22 02:50:52] fold_4: Epoch [81/250], Loss: 0.3169, ACC: 0.8498, AUC: 0.9187
[2025-08-22 02:50:53] ANN_model saved with Val_ACC: 0.8534
[2025-08-22 02:50:53] ----------------------------------------------------------------------------------------------------
[2025-08-22 02:51:00] ANN_model saved with Val_ACC: 0.8542
[2025-08-22 02:51:00] ----------------------------------------------------------------------------------------------------
[2025-08-22 02:51:00] fold_4: Epoch [101/250], Loss: 0.3159, ACC: 0.8542, AUC: 0.9197
[2025-08-22 02:51:04] ANN_model saved with Val_ACC: 0.8546
[2025-08-22 02:51:04] ----------------------------------------------------------------------------------------------------
[2025-08-22 02:51:08] fold_4: Epoch [121/250], Loss: 0.3154, ACC: 0.8514, AUC: 0.9191
[2025-08-22 02:51:17] fold_4: Epoch [141/250], Loss: 0.3147, ACC: 0.8498, AUC: 0.9187
[2025-08-22 02:51:24] fold_4: Epoch [161/250], Loss: 0.3145, ACC: 0.8510, AUC: 0.9195
[2025-08-22 02:51:33] fold_4: Epoch [181/250], Loss: 0.3144, ACC: 0.8490, AUC: 0.9195
[2025-08-22 02:51:41] fold_4: Epoch [201/250], Loss: 0.3140, ACC: 0.8490, AUC: 0.9188
[2025-08-22 02:51:49] fold_4: Epoch [221/250], Loss: 0.3139, ACC: 0.8510, AUC: 0.9195
[2025-08-22 02:51:57] fold_4: Epoch [241/250], Loss: 0.3137, ACC: 0.8486, AUC: 0.9192
[2025-08-22 03:30:36] Finall ensemble results of fold_4 for MACSynDCR:
[2025-08-22 03:30:36] ----------------------------------------------------------------------------------------------------
[2025-08-22 03:30:36] Ensemble Accuracy: 0.8651, AUC-ROC: 0.9345, 
Ensemble AUC-PR: 0.9368, Precision: 0.8754, 
Ensemble Recall: 0.8552, F1 Score: 0.8652, 
Ensemble RMSE: 18.3030
[2025-08-22 03:30:36] ----------------------------------------------------------------------------------------------------
[2025-08-22 03:30:36] Fold 5
[2025-08-22 03:30:36] ----------------------------------------------------------------------------------------------------
[2025-08-22 03:30:37] ANN_model saved with Val_ACC: 0.5042
[2025-08-22 03:30:37] ----------------------------------------------------------------------------------------------------
[2025-08-22 03:30:37] fold_5: Epoch [1/250], Loss: 0.7014, ACC: 0.5042, AUC: 0.4926
[2025-08-22 03:30:38] ANN_model saved with Val_ACC: 0.7374
[2025-08-22 03:30:38] ----------------------------------------------------------------------------------------------------
[2025-08-22 03:30:38] ANN_model saved with Val_ACC: 0.7596
[2025-08-22 03:30:38] ----------------------------------------------------------------------------------------------------
[2025-08-22 03:30:39] ANN_model saved with Val_ACC: 0.7725
[2025-08-22 03:30:39] ----------------------------------------------------------------------------------------------------
[2025-08-22 03:30:40] ANN_model saved with Val_ACC: 0.7857
[2025-08-22 03:30:40] ----------------------------------------------------------------------------------------------------
[2025-08-22 03:30:41] ANN_model saved with Val_ACC: 0.7906
[2025-08-22 03:30:41] ----------------------------------------------------------------------------------------------------
[2025-08-22 03:30:42] ANN_model saved with Val_ACC: 0.8075
[2025-08-22 03:30:42] ----------------------------------------------------------------------------------------------------
[2025-08-22 03:30:44] ANN_model saved with Val_ACC: 0.8252
[2025-08-22 03:30:44] ----------------------------------------------------------------------------------------------------
[2025-08-22 03:30:46] ANN_model saved with Val_ACC: 0.8280
[2025-08-22 03:30:46] ----------------------------------------------------------------------------------------------------
[2025-08-22 03:30:47] ANN_model saved with Val_ACC: 0.8284
[2025-08-22 03:30:47] ----------------------------------------------------------------------------------------------------
[2025-08-22 03:30:47] ANN_model saved with Val_ACC: 0.8296
[2025-08-22 03:30:47] ----------------------------------------------------------------------------------------------------
[2025-08-22 03:30:48] ANN_model saved with Val_ACC: 0.8361
[2025-08-22 03:30:48] ----------------------------------------------------------------------------------------------------
[2025-08-22 03:30:50] ANN_model saved with Val_ACC: 0.8425
[2025-08-22 03:30:50] ----------------------------------------------------------------------------------------------------
[2025-08-22 03:30:50] ANN_model saved with Val_ACC: 0.8490
[2025-08-22 03:30:50] ----------------------------------------------------------------------------------------------------
[2025-08-22 03:30:52] ANN_model saved with Val_ACC: 0.8518
[2025-08-22 03:30:52] ----------------------------------------------------------------------------------------------------
[2025-08-22 03:30:53] ANN_model saved with Val_ACC: 0.8534
[2025-08-22 03:30:53] ----------------------------------------------------------------------------------------------------
[2025-08-22 03:30:54] fold_5: Epoch [21/250], Loss: 0.3565, ACC: 0.8522, AUC: 0.9209
[2025-08-22 03:30:55] ANN_model saved with Val_ACC: 0.8554
[2025-08-22 03:30:55] ----------------------------------------------------------------------------------------------------
[2025-08-22 03:30:57] ANN_model saved with Val_ACC: 0.8558
[2025-08-22 03:30:57] ----------------------------------------------------------------------------------------------------
[2025-08-22 03:31:01] ANN_model saved with Val_ACC: 0.8566
[2025-08-22 03:31:01] ----------------------------------------------------------------------------------------------------
[2025-08-22 03:31:04] fold_5: Epoch [41/250], Loss: 0.3253, ACC: 0.8482, AUC: 0.9198
[2025-08-22 03:31:13] fold_5: Epoch [61/250], Loss: 0.3195, ACC: 0.8458, AUC: 0.9203
[2025-08-22 03:31:29] fold_5: Epoch [81/250], Loss: 0.3168, ACC: 0.8510, AUC: 0.9220
[2025-08-22 03:31:44] fold_5: Epoch [101/250], Loss: 0.3154, ACC: 0.8482, AUC: 0.9207
[2025-08-22 03:31:58] fold_5: Epoch [121/250], Loss: 0.4182, ACC: 0.7805, AUC: 0.8325
[2025-08-22 03:32:13] fold_5: Epoch [141/250], Loss: 0.3238, ACC: 0.8389, AUC: 0.9150
[2025-08-22 03:32:36] fold_5: Epoch [161/250], Loss: 0.3153, ACC: 0.8510, AUC: 0.9229
[2025-08-22 03:32:59] fold_5: Epoch [181/250], Loss: 0.3146, ACC: 0.8550, AUC: 0.9257
[2025-08-22 03:33:02] ANN_model saved with Val_ACC: 0.8578
[2025-08-22 03:33:02] ----------------------------------------------------------------------------------------------------
[2025-08-22 03:33:04] ANN_model saved with Val_ACC: 0.8582
[2025-08-22 03:33:04] ----------------------------------------------------------------------------------------------------
[2025-08-22 03:33:09] ANN_model saved with Val_ACC: 0.8586
[2025-08-22 03:33:09] ----------------------------------------------------------------------------------------------------
[2025-08-22 03:33:17] fold_5: Epoch [201/250], Loss: 0.3143, ACC: 0.8530, AUC: 0.9265
[2025-08-22 03:33:30] fold_5: Epoch [221/250], Loss: 0.3142, ACC: 0.8558, AUC: 0.9268
[2025-08-22 03:33:44] fold_5: Epoch [241/250], Loss: 0.3140, ACC: 0.8550, AUC: 0.9265
[2025-08-22 04:13:05] Finall ensemble results of fold_5 for MACSynDCR:
[2025-08-22 04:13:05] ----------------------------------------------------------------------------------------------------
[2025-08-22 04:13:05] Ensemble Accuracy: 0.8747, AUC-ROC: 0.9440, 
Ensemble AUC-PR: 0.9436, Precision: 0.8741, 
Ensemble Recall: 0.8675, F1 Score: 0.8708, 
Ensemble RMSE: 17.6352
[2025-08-22 04:13:05] ----------------------------------------------------------------------------------------------------
[2025-08-22 04:13:05] ****************************************************************************************************
[2025-08-22 04:13:05] *          Final MACSynCDR Results:
[2025-08-22 04:13:05] ****************************************************************************************************
[2025-08-22 04:13:05]  AUC: 0.9378 ± 0.0052
[2025-08-22 04:13:05]  Accuracy: 0.8678 ± 0.0077
[2025-08-22 04:13:05]  AUC-PR: 0.9351 ± 0.0062
[2025-08-22 04:13:05]  Precision: 0.8682 ± 0.0083
[2025-08-22 04:13:05]  Recall: 0.8627 ± 0.0080
[2025-08-22 04:13:05]  F1: 0.8654 ± 0.0072
[2025-08-22 04:13:05]  BACC: 0.8678 ± 0.0076
[2025-08-22 04:13:05]  Kappa: 0.7355 ± 0.0153
[2025-08-22 04:13:05]  RMSE: 18.1088 ± 0.5206
[2025-08-22 04:13:05]  PCC: 0.7760 ± 0.0109
