[2025-08-25 22:09:48] Fold 1
[2025-08-25 22:09:48] ----------------------------------------------------------------------------------------------------
[2025-08-25 22:09:49] ANN_model saved with Val_ACC: 0.5039
[2025-08-25 22:09:49] ----------------------------------------------------------------------------------------------------
[2025-08-25 22:09:49] fold_1: Epoch [1/150], Loss: 0.7165, ACC: 0.5039, AUC: 0.4896
[2025-08-25 22:09:50] ANN_model saved with Val_ACC: 0.7473
[2025-08-25 22:09:50] ----------------------------------------------------------------------------------------------------
[2025-08-25 22:09:50] ANN_model saved with Val_ACC: 0.7986
[2025-08-25 22:09:50] ----------------------------------------------------------------------------------------------------
[2025-08-25 22:09:50] ANN_model saved with Val_ACC: 0.8212
[2025-08-25 22:09:50] ----------------------------------------------------------------------------------------------------
[2025-08-25 22:09:51] ANN_model saved with Val_ACC: 0.8289
[2025-08-25 22:09:51] ----------------------------------------------------------------------------------------------------
[2025-08-25 22:09:51] ANN_model saved with Val_ACC: 0.8398
[2025-08-25 22:09:51] ----------------------------------------------------------------------------------------------------
[2025-08-25 22:09:51] ANN_model saved with Val_ACC: 0.8554
[2025-08-25 22:09:51] ----------------------------------------------------------------------------------------------------
[2025-08-25 22:09:52] ANN_model saved with Val_ACC: 0.8631
[2025-08-25 22:09:52] ----------------------------------------------------------------------------------------------------
[2025-08-25 22:09:52] ANN_model saved with Val_ACC: 0.8733
[2025-08-25 22:09:52] ----------------------------------------------------------------------------------------------------
[2025-08-25 22:09:52] ANN_model saved with Val_ACC: 0.8764
[2025-08-25 22:09:52] ----------------------------------------------------------------------------------------------------
[2025-08-25 22:09:53] ANN_model saved with Val_ACC: 0.8810
[2025-08-25 22:09:53] ----------------------------------------------------------------------------------------------------
[2025-08-25 22:09:53] ANN_model saved with Val_ACC: 0.8935
[2025-08-25 22:09:53] ----------------------------------------------------------------------------------------------------
[2025-08-25 22:09:55] fold_1: Epoch [21/150], Loss: 0.3395, ACC: 0.8865, AUC: 0.9510
[2025-08-25 22:10:01] fold_1: Epoch [41/150], Loss: 0.3201, ACC: 0.8865, AUC: 0.9526
[2025-08-25 22:10:01] ANN_model saved with Val_ACC: 0.8942
[2025-08-25 22:10:01] ----------------------------------------------------------------------------------------------------
[2025-08-25 22:10:05] ANN_model saved with Val_ACC: 0.8950
[2025-08-25 22:10:05] ----------------------------------------------------------------------------------------------------
[2025-08-25 22:10:06] fold_1: Epoch [61/150], Loss: 0.3166, ACC: 0.8950, AUC: 0.9543
[2025-08-25 22:10:08] ANN_model saved with Val_ACC: 0.8958
[2025-08-25 22:10:08] ----------------------------------------------------------------------------------------------------
[2025-08-25 22:10:09] ANN_model saved with Val_ACC: 0.8981
[2025-08-25 22:10:09] ----------------------------------------------------------------------------------------------------
[2025-08-25 22:10:10] fold_1: Epoch [81/150], Loss: 0.3153, ACC: 0.8958, AUC: 0.9541
[2025-08-25 22:10:15] fold_1: Epoch [101/150], Loss: 0.3148, ACC: 0.8958, AUC: 0.9540
[2025-08-25 22:10:20] fold_1: Epoch [121/150], Loss: 0.3144, ACC: 0.8958, AUC: 0.9540
[2025-08-25 22:10:24] fold_1: Epoch [141/150], Loss: 0.3142, ACC: 0.8942, AUC: 0.9539
[2025-08-25 22:13:59] Fold 2
[2025-08-25 22:13:59] ----------------------------------------------------------------------------------------------------
[2025-08-25 22:14:00] ANN_model saved with Val_ACC: 0.5093
[2025-08-25 22:14:00] ----------------------------------------------------------------------------------------------------
[2025-08-25 22:14:00] fold_2: Epoch [1/150], Loss: 0.6989, ACC: 0.5093, AUC: 0.5108
[2025-08-25 22:14:00] ANN_model saved with Val_ACC: 0.7636
[2025-08-25 22:14:00] ----------------------------------------------------------------------------------------------------
[2025-08-25 22:14:01] ANN_model saved with Val_ACC: 0.8103
[2025-08-25 22:14:01] ----------------------------------------------------------------------------------------------------
[2025-08-25 22:14:01] ANN_model saved with Val_ACC: 0.8149
[2025-08-25 22:14:01] ----------------------------------------------------------------------------------------------------
[2025-08-25 22:14:02] ANN_model saved with Val_ACC: 0.8250
[2025-08-25 22:14:02] ----------------------------------------------------------------------------------------------------
[2025-08-25 22:14:02] ANN_model saved with Val_ACC: 0.8398
[2025-08-25 22:14:02] ----------------------------------------------------------------------------------------------------
[2025-08-25 22:14:03] ANN_model saved with Val_ACC: 0.8476
[2025-08-25 22:14:03] ----------------------------------------------------------------------------------------------------
[2025-08-25 22:14:03] ANN_model saved with Val_ACC: 0.8585
[2025-08-25 22:14:03] ----------------------------------------------------------------------------------------------------
[2025-08-25 22:14:04] ANN_model saved with Val_ACC: 0.8756
[2025-08-25 22:14:04] ----------------------------------------------------------------------------------------------------
[2025-08-25 22:14:04] ANN_model saved with Val_ACC: 0.8810
[2025-08-25 22:14:04] ----------------------------------------------------------------------------------------------------
[2025-08-25 22:14:05] ANN_model saved with Val_ACC: 0.8857
[2025-08-25 22:14:05] ----------------------------------------------------------------------------------------------------
[2025-08-25 22:14:06] ANN_model saved with Val_ACC: 0.8880
[2025-08-25 22:14:06] ----------------------------------------------------------------------------------------------------
[2025-08-25 22:14:07] ANN_model saved with Val_ACC: 0.8935
[2025-08-25 22:14:07] ----------------------------------------------------------------------------------------------------
[2025-08-25 22:14:09] fold_2: Epoch [21/150], Loss: 0.3439, ACC: 0.8888, AUC: 0.9529
[2025-08-25 22:14:10] ANN_model saved with Val_ACC: 0.8958
[2025-08-25 22:14:10] ----------------------------------------------------------------------------------------------------
[2025-08-25 22:14:12] ANN_model saved with Val_ACC: 0.8974
[2025-08-25 22:14:12] ----------------------------------------------------------------------------------------------------
[2025-08-25 22:14:12] ANN_model saved with Val_ACC: 0.8981
[2025-08-25 22:14:12] ----------------------------------------------------------------------------------------------------
[2025-08-25 22:14:14] ANN_model saved with Val_ACC: 0.9020
[2025-08-25 22:14:14] ----------------------------------------------------------------------------------------------------
[2025-08-25 22:14:15] ANN_model saved with Val_ACC: 0.9028
[2025-08-25 22:14:15] ----------------------------------------------------------------------------------------------------
[2025-08-25 22:14:15] fold_2: Epoch [41/150], Loss: 0.3207, ACC: 0.8981, AUC: 0.9565
[2025-08-25 22:14:20] fold_2: Epoch [61/150], Loss: 0.3171, ACC: 0.8989, AUC: 0.9576
[2025-08-25 22:14:24] ANN_model saved with Val_ACC: 0.9044
[2025-08-25 22:14:24] ----------------------------------------------------------------------------------------------------
[2025-08-25 22:14:27] fold_2: Epoch [81/150], Loss: 0.3157, ACC: 0.9012, AUC: 0.9574
[2025-08-25 22:14:32] fold_2: Epoch [101/150], Loss: 0.3148, ACC: 0.9028, AUC: 0.9575
[2025-08-25 22:14:32] ANN_model saved with Val_ACC: 0.9059
[2025-08-25 22:14:32] ----------------------------------------------------------------------------------------------------
[2025-08-25 22:14:32] ANN_model saved with Val_ACC: 0.9067
[2025-08-25 22:14:32] ----------------------------------------------------------------------------------------------------
[2025-08-25 22:14:37] fold_2: Epoch [121/150], Loss: 0.3144, ACC: 0.9044, AUC: 0.9575
[2025-08-25 22:14:42] fold_2: Epoch [141/150], Loss: 0.3142, ACC: 0.9028, AUC: 0.9577
[2025-08-25 22:17:33] Fold 3
[2025-08-25 22:17:33] ----------------------------------------------------------------------------------------------------
[2025-08-25 22:17:34] ANN_model saved with Val_ACC: 0.4969
[2025-08-25 22:17:34] ----------------------------------------------------------------------------------------------------
[2025-08-25 22:17:34] fold_3: Epoch [1/150], Loss: 0.6973, ACC: 0.4969, AUC: 0.4887
[2025-08-25 22:17:34] ANN_model saved with Val_ACC: 0.7543
[2025-08-25 22:17:34] ----------------------------------------------------------------------------------------------------
[2025-08-25 22:17:35] ANN_model saved with Val_ACC: 0.7830
[2025-08-25 22:17:35] ----------------------------------------------------------------------------------------------------
[2025-08-25 22:17:35] ANN_model saved with Val_ACC: 0.7994
[2025-08-25 22:17:35] ----------------------------------------------------------------------------------------------------
[2025-08-25 22:17:36] ANN_model saved with Val_ACC: 0.8165
[2025-08-25 22:17:36] ----------------------------------------------------------------------------------------------------
[2025-08-25 22:17:36] ANN_model saved with Val_ACC: 0.8351
[2025-08-25 22:17:36] ----------------------------------------------------------------------------------------------------
[2025-08-25 22:17:36] ANN_model saved with Val_ACC: 0.8429
[2025-08-25 22:17:36] ----------------------------------------------------------------------------------------------------
[2025-08-25 22:17:37] ANN_model saved with Val_ACC: 0.8554
[2025-08-25 22:17:37] ----------------------------------------------------------------------------------------------------
[2025-08-25 22:17:37] ANN_model saved with Val_ACC: 0.8655
[2025-08-25 22:17:37] ----------------------------------------------------------------------------------------------------
[2025-08-25 22:17:38] ANN_model saved with Val_ACC: 0.8670
[2025-08-25 22:17:38] ----------------------------------------------------------------------------------------------------
[2025-08-25 22:17:38] ANN_model saved with Val_ACC: 0.8694
[2025-08-25 22:17:38] ----------------------------------------------------------------------------------------------------
[2025-08-25 22:17:39] ANN_model saved with Val_ACC: 0.8709
[2025-08-25 22:17:39] ----------------------------------------------------------------------------------------------------
[2025-08-25 22:17:41] ANN_model saved with Val_ACC: 0.8771
[2025-08-25 22:17:41] ----------------------------------------------------------------------------------------------------
[2025-08-25 22:17:41] ANN_model saved with Val_ACC: 0.8818
[2025-08-25 22:17:41] ----------------------------------------------------------------------------------------------------
[2025-08-25 22:17:42] ANN_model saved with Val_ACC: 0.8849
[2025-08-25 22:17:42] ----------------------------------------------------------------------------------------------------
[2025-08-25 22:17:42] fold_3: Epoch [21/150], Loss: 0.3376, ACC: 0.8841, AUC: 0.9464
[2025-08-25 22:17:43] ANN_model saved with Val_ACC: 0.8888
[2025-08-25 22:17:43] ----------------------------------------------------------------------------------------------------
[2025-08-25 22:17:46] fold_3: Epoch [41/150], Loss: 0.3193, ACC: 0.8857, AUC: 0.9504
[2025-08-25 22:17:47] ANN_model saved with Val_ACC: 0.8904
[2025-08-25 22:17:47] ----------------------------------------------------------------------------------------------------
[2025-08-25 22:17:48] ANN_model saved with Val_ACC: 0.8911
[2025-08-25 22:17:48] ----------------------------------------------------------------------------------------------------
[2025-08-25 22:17:48] ANN_model saved with Val_ACC: 0.8927
[2025-08-25 22:17:48] ----------------------------------------------------------------------------------------------------
[2025-08-25 22:17:51] fold_3: Epoch [61/150], Loss: 0.3163, ACC: 0.8904, AUC: 0.9519
[2025-08-25 22:17:54] ANN_model saved with Val_ACC: 0.8942
[2025-08-25 22:17:54] ----------------------------------------------------------------------------------------------------
[2025-08-25 22:17:55] fold_3: Epoch [81/150], Loss: 0.3154, ACC: 0.8896, AUC: 0.9521
[2025-08-25 22:18:00] fold_3: Epoch [101/150], Loss: 0.3149, ACC: 0.8896, AUC: 0.9525
[2025-08-25 22:18:04] fold_3: Epoch [121/150], Loss: 0.3146, ACC: 0.8888, AUC: 0.9528
[2025-08-25 22:18:08] fold_3: Epoch [141/150], Loss: 0.3145, ACC: 0.8888, AUC: 0.9529
[2025-08-25 22:21:45] Fold 4
[2025-08-25 22:21:45] ----------------------------------------------------------------------------------------------------
[2025-08-25 22:21:46] ANN_model saved with Val_ACC: 0.4689
[2025-08-25 22:21:46] ----------------------------------------------------------------------------------------------------
[2025-08-25 22:21:46] fold_4: Epoch [1/150], Loss: 0.7104, ACC: 0.4689, AUC: 0.4665
[2025-08-25 22:21:46] ANN_model saved with Val_ACC: 0.7364
[2025-08-25 22:21:46] ----------------------------------------------------------------------------------------------------
[2025-08-25 22:21:46] ANN_model saved with Val_ACC: 0.8033
[2025-08-25 22:21:46] ----------------------------------------------------------------------------------------------------
[2025-08-25 22:21:47] ANN_model saved with Val_ACC: 0.8173
[2025-08-25 22:21:47] ----------------------------------------------------------------------------------------------------
[2025-08-25 22:21:47] ANN_model saved with Val_ACC: 0.8305
[2025-08-25 22:21:47] ----------------------------------------------------------------------------------------------------
[2025-08-25 22:21:48] ANN_model saved with Val_ACC: 0.8445
[2025-08-25 22:21:48] ----------------------------------------------------------------------------------------------------
[2025-08-25 22:21:48] ANN_model saved with Val_ACC: 0.8546
[2025-08-25 22:21:48] ----------------------------------------------------------------------------------------------------
[2025-08-25 22:21:48] ANN_model saved with Val_ACC: 0.8600
[2025-08-25 22:21:48] ----------------------------------------------------------------------------------------------------
[2025-08-25 22:21:48] ANN_model saved with Val_ACC: 0.8701
[2025-08-25 22:21:48] ----------------------------------------------------------------------------------------------------
[2025-08-25 22:21:49] ANN_model saved with Val_ACC: 0.8725
[2025-08-25 22:21:49] ----------------------------------------------------------------------------------------------------
[2025-08-25 22:21:50] ANN_model saved with Val_ACC: 0.8818
[2025-08-25 22:21:50] ----------------------------------------------------------------------------------------------------
[2025-08-25 22:21:51] ANN_model saved with Val_ACC: 0.8841
[2025-08-25 22:21:51] ----------------------------------------------------------------------------------------------------
[2025-08-25 22:21:51] ANN_model saved with Val_ACC: 0.8880
[2025-08-25 22:21:51] ----------------------------------------------------------------------------------------------------
[2025-08-25 22:21:52] ANN_model saved with Val_ACC: 0.8904
[2025-08-25 22:21:52] ----------------------------------------------------------------------------------------------------
[2025-08-25 22:21:52] fold_4: Epoch [21/150], Loss: 0.3378, ACC: 0.8865, AUC: 0.9551
[2025-08-25 22:21:52] ANN_model saved with Val_ACC: 0.8919
[2025-08-25 22:21:52] ----------------------------------------------------------------------------------------------------
[2025-08-25 22:21:53] ANN_model saved with Val_ACC: 0.8927
[2025-08-25 22:21:53] ----------------------------------------------------------------------------------------------------
[2025-08-25 22:21:53] ANN_model saved with Val_ACC: 0.8950
[2025-08-25 22:21:53] ----------------------------------------------------------------------------------------------------
[2025-08-25 22:21:54] ANN_model saved with Val_ACC: 0.8974
[2025-08-25 22:21:54] ----------------------------------------------------------------------------------------------------
[2025-08-25 22:21:56] ANN_model saved with Val_ACC: 0.9012
[2025-08-25 22:21:56] ----------------------------------------------------------------------------------------------------
[2025-08-25 22:21:57] fold_4: Epoch [41/150], Loss: 0.3200, ACC: 0.8950, AUC: 0.9569
[2025-08-25 22:22:01] ANN_model saved with Val_ACC: 0.9036
[2025-08-25 22:22:01] ----------------------------------------------------------------------------------------------------
[2025-08-25 22:22:01] fold_4: Epoch [61/150], Loss: 0.3166, ACC: 0.9020, AUC: 0.9586
[2025-08-25 22:22:06] fold_4: Epoch [81/150], Loss: 0.3154, ACC: 0.9012, AUC: 0.9591
[2025-08-25 22:22:10] fold_4: Epoch [101/150], Loss: 0.3149, ACC: 0.9012, AUC: 0.9595
[2025-08-25 22:22:14] fold_4: Epoch [121/150], Loss: 0.3144, ACC: 0.9020, AUC: 0.9601
[2025-08-25 22:22:18] fold_4: Epoch [141/150], Loss: 0.3142, ACC: 0.8989, AUC: 0.9597
[2025-08-25 22:26:00] Fold 5
[2025-08-25 22:26:00] ----------------------------------------------------------------------------------------------------
[2025-08-25 22:26:00] ANN_model saved with Val_ACC: 0.4218
[2025-08-25 22:26:00] ----------------------------------------------------------------------------------------------------
[2025-08-25 22:26:01] fold_5: Epoch [1/150], Loss: 0.7164, ACC: 0.4218, AUC: 0.4062
[2025-08-25 22:26:01] ANN_model saved with Val_ACC: 0.7844
[2025-08-25 22:26:01] ----------------------------------------------------------------------------------------------------
[2025-08-25 22:26:01] ANN_model saved with Val_ACC: 0.8226
[2025-08-25 22:26:01] ----------------------------------------------------------------------------------------------------
[2025-08-25 22:26:02] ANN_model saved with Val_ACC: 0.8428
[2025-08-25 22:26:02] ----------------------------------------------------------------------------------------------------
[2025-08-25 22:26:02] ANN_model saved with Val_ACC: 0.8576
[2025-08-25 22:26:02] ----------------------------------------------------------------------------------------------------
[2025-08-25 22:26:02] ANN_model saved with Val_ACC: 0.8591
[2025-08-25 22:26:02] ----------------------------------------------------------------------------------------------------
[2025-08-25 22:26:03] ANN_model saved with Val_ACC: 0.8716
[2025-08-25 22:26:03] ----------------------------------------------------------------------------------------------------
[2025-08-25 22:26:03] ANN_model saved with Val_ACC: 0.8770
[2025-08-25 22:26:03] ----------------------------------------------------------------------------------------------------
[2025-08-25 22:26:04] ANN_model saved with Val_ACC: 0.8864
[2025-08-25 22:26:04] ----------------------------------------------------------------------------------------------------
[2025-08-25 22:26:04] ANN_model saved with Val_ACC: 0.8903
[2025-08-25 22:26:04] ----------------------------------------------------------------------------------------------------
[2025-08-25 22:26:05] ANN_model saved with Val_ACC: 0.8973
[2025-08-25 22:26:05] ----------------------------------------------------------------------------------------------------
[2025-08-25 22:26:06] ANN_model saved with Val_ACC: 0.9012
[2025-08-25 22:26:06] ----------------------------------------------------------------------------------------------------
[2025-08-25 22:26:06] ANN_model saved with Val_ACC: 0.9058
[2025-08-25 22:26:06] ----------------------------------------------------------------------------------------------------
[2025-08-25 22:26:07] fold_5: Epoch [21/150], Loss: 0.3414, ACC: 0.9058, AUC: 0.9621
[2025-08-25 22:26:08] ANN_model saved with Val_ACC: 0.9082
[2025-08-25 22:26:08] ----------------------------------------------------------------------------------------------------
[2025-08-25 22:26:10] ANN_model saved with Val_ACC: 0.9089
[2025-08-25 22:26:10] ----------------------------------------------------------------------------------------------------
[2025-08-25 22:26:11] fold_5: Epoch [41/150], Loss: 0.3197, ACC: 0.9074, AUC: 0.9678
[2025-08-25 22:26:11] ANN_model saved with Val_ACC: 0.9105
[2025-08-25 22:26:11] ----------------------------------------------------------------------------------------------------
[2025-08-25 22:26:12] ANN_model saved with Val_ACC: 0.9113
[2025-08-25 22:26:12] ----------------------------------------------------------------------------------------------------
[2025-08-25 22:26:12] ANN_model saved with Val_ACC: 0.9128
[2025-08-25 22:26:12] ----------------------------------------------------------------------------------------------------
[2025-08-25 22:26:14] ANN_model saved with Val_ACC: 0.9136
[2025-08-25 22:26:14] ----------------------------------------------------------------------------------------------------
[2025-08-25 22:26:16] fold_5: Epoch [61/150], Loss: 0.3164, ACC: 0.9105, AUC: 0.9709
[2025-08-25 22:26:20] fold_5: Epoch [81/150], Loss: 0.3152, ACC: 0.9097, AUC: 0.9712
[2025-08-25 22:26:25] fold_5: Epoch [101/150], Loss: 0.3147, ACC: 0.9105, AUC: 0.9710
[2025-08-25 22:26:29] fold_5: Epoch [121/150], Loss: 0.3144, ACC: 0.9089, AUC: 0.9712
[2025-08-25 22:26:33] fold_5: Epoch [141/150], Loss: 0.3142, ACC: 0.9097, AUC: 0.9712
[2025-08-25 22:30:24] ****************************************************************************************************
[2025-08-25 22:30:24] *           AVG MACSynCDR Results for One Drug leave out (ODLO):
[2025-08-25 22:30:24] ****************************************************************************************************
[2025-08-25 22:30:24]  AUC: 0.8710 ± 0.0467
[2025-08-25 22:30:24]  Accuracy: 0.6432 ± 0.1720
[2025-08-25 22:30:24]  AUC-PR: 0.8235 ± 0.0673
[2025-08-25 22:30:24]  Precision: 0.6354 ± 0.1713
[2025-08-25 22:30:24]  Recall: 0.8020 ± 0.2818
[2025-08-25 22:30:24]  F1: 0.6403 ± 0.1607
[2025-08-25 22:30:24]  BACC: 0.6662 ± 0.1429
[2025-08-25 22:30:24]  Kappa: 0.3269 ± 0.2788
[2025-08-25 22:30:24]  RMSE: 17.8178 ± 3.3469
[2025-08-25 22:30:24]  PCC: 0.6335 ± 0.0713
[2025-08-25 22:30:24] ****************************************************************************************************
[2025-08-25 22:30:24] *           Final Ensemble MACSynCDR Results for One Drug leave out (ODLO):
[2025-08-25 22:30:24] ****************************************************************************************************
Fitting 5 folds for each of 14 candidates, totalling 70 fits
=== XGBoost Stacking Results ===
AUC: 0.9203
ACC: 0.8242
AUC-PR: 0.8848
Precision: 0.7270
Recall: 0.9233
F1: 0.8135
BACC: 0.8386
Kappa: 0.6517
RMSE: 0.3695
PCC: 0.7206

=== LightGBM Stacking Results ===
AUC: 0.9039
ACC: 0.8062
AUC-PR: 0.8613
Precision: 0.7089
Recall: 0.9050
F1: 0.7950
BACC: 0.8205
Kappa: 0.6164
RMSE: 0.3989
PCC: 0.7025

=== LR Stacking Results ===
AUC: 0.9188
ACC: 0.8145
AUC-PR: 0.8837
Precision: 0.7117
Recall: 0.9300
F1: 0.8064
BACC: 0.8313
Kappa: 0.6343
RMSE: 0.3961
PCC: 0.7206

Sanity check (shuffled labels accuracy): 0.4879

Accuracy: 0.8145, AUC-ROC: 0.9188
 AUC-PR: 0.8837, Precision: 0.7117, Recall: 0.9300, F1 Score: 0.8064
BACC: 0.8313 , Kappa: 0.6343
RMSE: 15.0555 , PCC: 0.7206