[2025-08-24 21:41:30] Fold 1
[2025-08-24 21:41:30] ----------------------------------------------------------------------------------------------------
[2025-08-24 21:41:31] ANN_model saved with Val_ACC: 0.4570
[2025-08-24 21:41:31] ----------------------------------------------------------------------------------------------------
[2025-08-24 21:41:31] fold_1: Epoch [1/200], Loss: 0.7109, ACC: 0.4570, AUC: 0.4293
[2025-08-24 21:41:31] ANN_model saved with Val_ACC: 0.7810
[2025-08-24 21:41:31] ----------------------------------------------------------------------------------------------------
[2025-08-24 21:41:32] ANN_model saved with Val_ACC: 0.8099
[2025-08-24 21:41:32] ----------------------------------------------------------------------------------------------------
[2025-08-24 21:41:32] ANN_model saved with Val_ACC: 0.8397
[2025-08-24 21:41:32] ----------------------------------------------------------------------------------------------------
[2025-08-24 21:41:32] ANN_model saved with Val_ACC: 0.8430
[2025-08-24 21:41:32] ----------------------------------------------------------------------------------------------------
[2025-08-24 21:41:33] ANN_model saved with Val_ACC: 0.8537
[2025-08-24 21:41:33] ----------------------------------------------------------------------------------------------------
[2025-08-24 21:41:33] ANN_model saved with Val_ACC: 0.8603
[2025-08-24 21:41:33] ----------------------------------------------------------------------------------------------------
[2025-08-24 21:41:34] ANN_model saved with Val_ACC: 0.8653
[2025-08-24 21:41:34] ----------------------------------------------------------------------------------------------------
[2025-08-24 21:41:34] ANN_model saved with Val_ACC: 0.8669
[2025-08-24 21:41:34] ----------------------------------------------------------------------------------------------------
[2025-08-24 21:41:35] ANN_model saved with Val_ACC: 0.8793
[2025-08-24 21:41:35] ----------------------------------------------------------------------------------------------------
[2025-08-24 21:41:36] ANN_model saved with Val_ACC: 0.8851
[2025-08-24 21:41:36] ----------------------------------------------------------------------------------------------------
[2025-08-24 21:41:37] ANN_model saved with Val_ACC: 0.8893
[2025-08-24 21:41:37] ----------------------------------------------------------------------------------------------------
[2025-08-24 21:41:37] fold_1: Epoch [21/200], Loss: 0.3362, ACC: 0.8893, AUC: 0.9478
[2025-08-24 21:41:38] ANN_model saved with Val_ACC: 0.8934
[2025-08-24 21:41:38] ----------------------------------------------------------------------------------------------------
[2025-08-24 21:41:42] fold_1: Epoch [41/200], Loss: 0.3193, ACC: 0.8901, AUC: 0.9500
[2025-08-24 21:41:46] fold_1: Epoch [61/200], Loss: 0.3163, ACC: 0.8909, AUC: 0.9509
[2025-08-24 21:41:46] ANN_model saved with Val_ACC: 0.8942
[2025-08-24 21:41:46] ----------------------------------------------------------------------------------------------------
[2025-08-24 21:41:46] ANN_model saved with Val_ACC: 0.8959
[2025-08-24 21:41:46] ----------------------------------------------------------------------------------------------------
[2025-08-24 21:41:50] fold_1: Epoch [81/200], Loss: 0.3153, ACC: 0.8909, AUC: 0.9516
[2025-08-24 21:41:54] fold_1: Epoch [101/200], Loss: 0.3147, ACC: 0.8909, AUC: 0.9517
[2025-08-24 21:41:59] fold_1: Epoch [121/200], Loss: 0.3144, ACC: 0.8959, AUC: 0.9527
[2025-08-24 21:42:04] fold_1: Epoch [141/200], Loss: 0.3142, ACC: 0.8942, AUC: 0.9528
[2025-08-24 21:42:09] fold_1: Epoch [161/200], Loss: 0.3139, ACC: 0.8950, AUC: 0.9528
[2025-08-24 21:42:13] fold_1: Epoch [181/200], Loss: 0.3138, ACC: 0.8926, AUC: 0.9525
[2025-08-24 21:58:04] Finall ensemble results of fold_1 for MACSynDCR:
[2025-08-24 21:58:04] ----------------------------------------------------------------------------------------------------
[2025-08-24 21:58:04] Ensemble Accuracy: 0.9116, AUC-ROC: 0.9627, 
Ensemble AUC-PR: 0.9647, Precision: 0.9143, 
Ensemble Recall: 0.9157, F1 Score: 0.9150, 
Ensemble RMSE: 10.3441
[2025-08-24 21:58:04] ----------------------------------------------------------------------------------------------------
[2025-08-24 21:58:04] Fold 2
[2025-08-24 21:58:04] ----------------------------------------------------------------------------------------------------
[2025-08-24 21:58:05] ANN_model saved with Val_ACC: 0.4595
[2025-08-24 21:58:05] ----------------------------------------------------------------------------------------------------
[2025-08-24 21:58:05] fold_2: Epoch [1/200], Loss: 0.7070, ACC: 0.4595, AUC: 0.4204
[2025-08-24 21:58:05] ANN_model saved with Val_ACC: 0.7917
[2025-08-24 21:58:05] ----------------------------------------------------------------------------------------------------
[2025-08-24 21:58:06] ANN_model saved with Val_ACC: 0.8066
[2025-08-24 21:58:06] ----------------------------------------------------------------------------------------------------
[2025-08-24 21:58:06] ANN_model saved with Val_ACC: 0.8248
[2025-08-24 21:58:06] ----------------------------------------------------------------------------------------------------
[2025-08-24 21:58:06] ANN_model saved with Val_ACC: 0.8388
[2025-08-24 21:58:06] ----------------------------------------------------------------------------------------------------
[2025-08-24 21:58:07] ANN_model saved with Val_ACC: 0.8421
[2025-08-24 21:58:07] ----------------------------------------------------------------------------------------------------
[2025-08-24 21:58:07] ANN_model saved with Val_ACC: 0.8545
[2025-08-24 21:58:07] ----------------------------------------------------------------------------------------------------
[2025-08-24 21:58:08] ANN_model saved with Val_ACC: 0.8636
[2025-08-24 21:58:08] ----------------------------------------------------------------------------------------------------
[2025-08-24 21:58:08] ANN_model saved with Val_ACC: 0.8719
[2025-08-24 21:58:08] ----------------------------------------------------------------------------------------------------
[2025-08-24 21:58:09] ANN_model saved with Val_ACC: 0.8793
[2025-08-24 21:58:09] ----------------------------------------------------------------------------------------------------
[2025-08-24 21:58:10] ANN_model saved with Val_ACC: 0.8876
[2025-08-24 21:58:10] ----------------------------------------------------------------------------------------------------
[2025-08-24 21:58:10] ANN_model saved with Val_ACC: 0.8884
[2025-08-24 21:58:10] ----------------------------------------------------------------------------------------------------
[2025-08-24 21:58:11] ANN_model saved with Val_ACC: 0.8934
[2025-08-24 21:58:11] ----------------------------------------------------------------------------------------------------
[2025-08-24 21:58:12] ANN_model saved with Val_ACC: 0.8975
[2025-08-24 21:58:12] ----------------------------------------------------------------------------------------------------
[2025-08-24 21:58:12] fold_2: Epoch [21/200], Loss: 0.3435, ACC: 0.8967, AUC: 0.9537
[2025-08-24 21:58:13] ANN_model saved with Val_ACC: 0.9033
[2025-08-24 21:58:13] ----------------------------------------------------------------------------------------------------
[2025-08-24 21:58:14] ANN_model saved with Val_ACC: 0.9066
[2025-08-24 21:58:14] ----------------------------------------------------------------------------------------------------
[2025-08-24 21:58:16] ANN_model saved with Val_ACC: 0.9091
[2025-08-24 21:58:16] ----------------------------------------------------------------------------------------------------
[2025-08-24 21:58:17] ANN_model saved with Val_ACC: 0.9099
[2025-08-24 21:58:17] ----------------------------------------------------------------------------------------------------
[2025-08-24 21:58:18] fold_2: Epoch [41/200], Loss: 0.3208, ACC: 0.9074, AUC: 0.9609
[2025-08-24 21:58:19] ANN_model saved with Val_ACC: 0.9107
[2025-08-24 21:58:19] ----------------------------------------------------------------------------------------------------
[2025-08-24 21:58:19] ANN_model saved with Val_ACC: 0.9116
[2025-08-24 21:58:19] ----------------------------------------------------------------------------------------------------
[2025-08-24 21:58:28] fold_2: Epoch [61/200], Loss: 0.3170, ACC: 0.9083, AUC: 0.9628
[2025-08-24 21:58:33] fold_2: Epoch [81/200], Loss: 0.3157, ACC: 0.9091, AUC: 0.9635
[2025-08-24 21:58:37] fold_2: Epoch [101/200], Loss: 0.3151, ACC: 0.9099, AUC: 0.9638
[2025-08-24 21:58:41] fold_2: Epoch [121/200], Loss: 0.3146, ACC: 0.9050, AUC: 0.9632
[2025-08-24 21:58:44] ANN_model saved with Val_ACC: 0.9124
[2025-08-24 21:58:44] ----------------------------------------------------------------------------------------------------
[2025-08-24 21:58:46] fold_2: Epoch [141/200], Loss: 0.3143, ACC: 0.9107, AUC: 0.9647
[2025-08-24 21:58:50] fold_2: Epoch [161/200], Loss: 0.3141, ACC: 0.9083, AUC: 0.9643
[2025-08-24 21:58:54] fold_2: Epoch [181/200], Loss: 0.3140, ACC: 0.9083, AUC: 0.9644
[2025-08-24 22:14:54] Finall ensemble results of fold_2 for MACSynDCR:
[2025-08-24 22:14:54] ----------------------------------------------------------------------------------------------------
[2025-08-24 22:14:54] Ensemble Accuracy: 0.9256, AUC-ROC: 0.9673, 
Ensemble AUC-PR: 0.9668, Precision: 0.9239, 
Ensemble Recall: 0.9355, F1 Score: 0.9297, 
Ensemble RMSE: 9.4868
[2025-08-24 22:14:54] ----------------------------------------------------------------------------------------------------
[2025-08-24 22:14:54] Fold 3
[2025-08-24 22:14:54] ----------------------------------------------------------------------------------------------------
[2025-08-24 22:14:55] ANN_model saved with Val_ACC: 0.5182
[2025-08-24 22:14:55] ----------------------------------------------------------------------------------------------------
[2025-08-24 22:14:55] fold_3: Epoch [1/200], Loss: 0.6858, ACC: 0.5182, AUC: 0.5187
[2025-08-24 22:14:55] ANN_model saved with Val_ACC: 0.7777
[2025-08-24 22:14:55] ----------------------------------------------------------------------------------------------------
[2025-08-24 22:14:55] ANN_model saved with Val_ACC: 0.8017
[2025-08-24 22:14:55] ----------------------------------------------------------------------------------------------------
[2025-08-24 22:14:56] ANN_model saved with Val_ACC: 0.8132
[2025-08-24 22:14:56] ----------------------------------------------------------------------------------------------------
[2025-08-24 22:14:56] ANN_model saved with Val_ACC: 0.8273
[2025-08-24 22:14:56] ----------------------------------------------------------------------------------------------------
[2025-08-24 22:14:57] ANN_model saved with Val_ACC: 0.8364
[2025-08-24 22:14:57] ----------------------------------------------------------------------------------------------------
[2025-08-24 22:14:57] ANN_model saved with Val_ACC: 0.8512
[2025-08-24 22:14:57] ----------------------------------------------------------------------------------------------------
[2025-08-24 22:14:57] ANN_model saved with Val_ACC: 0.8612
[2025-08-24 22:14:57] ----------------------------------------------------------------------------------------------------
[2025-08-24 22:14:58] ANN_model saved with Val_ACC: 0.8744
[2025-08-24 22:14:58] ----------------------------------------------------------------------------------------------------
[2025-08-24 22:14:58] ANN_model saved with Val_ACC: 0.8810
[2025-08-24 22:14:58] ----------------------------------------------------------------------------------------------------
[2025-08-24 22:14:59] ANN_model saved with Val_ACC: 0.8818
[2025-08-24 22:14:59] ----------------------------------------------------------------------------------------------------
[2025-08-24 22:14:59] ANN_model saved with Val_ACC: 0.8835
[2025-08-24 22:14:59] ----------------------------------------------------------------------------------------------------
[2025-08-24 22:14:59] ANN_model saved with Val_ACC: 0.8893
[2025-08-24 22:14:59] ----------------------------------------------------------------------------------------------------
[2025-08-24 22:15:00] ANN_model saved with Val_ACC: 0.8926
[2025-08-24 22:15:00] ----------------------------------------------------------------------------------------------------
[2025-08-24 22:15:01] fold_3: Epoch [21/200], Loss: 0.3355, ACC: 0.8876, AUC: 0.9547
[2025-08-24 22:15:01] ANN_model saved with Val_ACC: 0.8934
[2025-08-24 22:15:01] ----------------------------------------------------------------------------------------------------
[2025-08-24 22:15:03] ANN_model saved with Val_ACC: 0.8983
[2025-08-24 22:15:03] ----------------------------------------------------------------------------------------------------
[2025-08-24 22:15:05] fold_3: Epoch [41/200], Loss: 0.3184, ACC: 0.8909, AUC: 0.9538
[2025-08-24 22:15:07] ANN_model saved with Val_ACC: 0.8992
[2025-08-24 22:15:07] ----------------------------------------------------------------------------------------------------
[2025-08-24 22:15:10] fold_3: Epoch [61/200], Loss: 0.3159, ACC: 0.8950, AUC: 0.9544
[2025-08-24 22:15:15] fold_3: Epoch [81/200], Loss: 0.3152, ACC: 0.8909, AUC: 0.9569
[2025-08-24 22:15:19] fold_3: Epoch [101/200], Loss: 0.3146, ACC: 0.8942, AUC: 0.9576
[2025-08-24 22:15:24] fold_3: Epoch [121/200], Loss: 0.3143, ACC: 0.8934, AUC: 0.9580
[2025-08-24 22:15:29] fold_3: Epoch [141/200], Loss: 0.3140, ACC: 0.8926, AUC: 0.9577
[2025-08-24 22:15:34] fold_3: Epoch [161/200], Loss: 0.3139, ACC: 0.8909, AUC: 0.9573
[2025-08-24 22:15:38] fold_3: Epoch [181/200], Loss: 0.3138, ACC: 0.8909, AUC: 0.9580
[2025-08-24 22:31:51] Finall ensemble results of fold_3 for MACSynDCR:
[2025-08-24 22:31:51] ----------------------------------------------------------------------------------------------------
[2025-08-24 22:31:51] Ensemble Accuracy: 0.8992, AUC-ROC: 0.9617, 
Ensemble AUC-PR: 0.9645, Precision: 0.9015, 
Ensemble Recall: 0.9099, F1 Score: 0.9057, 
Ensemble RMSE: 11.0454
[2025-08-24 22:31:51] ----------------------------------------------------------------------------------------------------
[2025-08-24 22:31:51] Fold 4
[2025-08-24 22:31:51] ----------------------------------------------------------------------------------------------------
[2025-08-24 22:31:52] ANN_model saved with Val_ACC: 0.5231
[2025-08-24 22:31:52] ----------------------------------------------------------------------------------------------------
[2025-08-24 22:31:52] fold_4: Epoch [1/200], Loss: 0.6890, ACC: 0.5231, AUC: 0.5419
[2025-08-24 22:31:52] ANN_model saved with Val_ACC: 0.7826
[2025-08-24 22:31:52] ----------------------------------------------------------------------------------------------------
[2025-08-24 22:31:52] ANN_model saved with Val_ACC: 0.8231
[2025-08-24 22:31:52] ----------------------------------------------------------------------------------------------------
[2025-08-24 22:31:53] ANN_model saved with Val_ACC: 0.8438
[2025-08-24 22:31:53] ----------------------------------------------------------------------------------------------------
[2025-08-24 22:31:53] ANN_model saved with Val_ACC: 0.8521
[2025-08-24 22:31:53] ----------------------------------------------------------------------------------------------------
[2025-08-24 22:31:53] ANN_model saved with Val_ACC: 0.8636
[2025-08-24 22:31:53] ----------------------------------------------------------------------------------------------------
[2025-08-24 22:31:54] ANN_model saved with Val_ACC: 0.8678
[2025-08-24 22:31:54] ----------------------------------------------------------------------------------------------------
[2025-08-24 22:31:54] ANN_model saved with Val_ACC: 0.8760
[2025-08-24 22:31:54] ----------------------------------------------------------------------------------------------------
[2025-08-24 22:31:54] ANN_model saved with Val_ACC: 0.8810
[2025-08-24 22:31:54] ----------------------------------------------------------------------------------------------------
[2025-08-24 22:31:55] ANN_model saved with Val_ACC: 0.8934
[2025-08-24 22:31:55] ----------------------------------------------------------------------------------------------------
[2025-08-24 22:31:57] ANN_model saved with Val_ACC: 0.8967
[2025-08-24 22:31:57] ----------------------------------------------------------------------------------------------------
[2025-08-24 22:31:57] ANN_model saved with Val_ACC: 0.9017
[2025-08-24 22:31:57] ----------------------------------------------------------------------------------------------------
[2025-08-24 22:31:57] ANN_model saved with Val_ACC: 0.9041
[2025-08-24 22:31:57] ----------------------------------------------------------------------------------------------------
[2025-08-24 22:31:58] fold_4: Epoch [21/200], Loss: 0.3370, ACC: 0.8942, AUC: 0.9527
[2025-08-24 22:32:02] ANN_model saved with Val_ACC: 0.9058
[2025-08-24 22:32:02] ----------------------------------------------------------------------------------------------------
[2025-08-24 22:32:03] ANN_model saved with Val_ACC: 0.9066
[2025-08-24 22:32:03] ----------------------------------------------------------------------------------------------------
[2025-08-24 22:32:03] fold_4: Epoch [41/200], Loss: 0.3194, ACC: 0.9033, AUC: 0.9579
[2025-08-24 22:32:08] fold_4: Epoch [61/200], Loss: 0.3164, ACC: 0.9050, AUC: 0.9573
[2025-08-24 22:32:12] fold_4: Epoch [81/200], Loss: 0.3153, ACC: 0.8992, AUC: 0.9585
[2025-08-24 22:32:17] fold_4: Epoch [101/200], Loss: 0.3148, ACC: 0.9041, AUC: 0.9587
[2025-08-24 22:32:22] fold_4: Epoch [121/200], Loss: 0.3143, ACC: 0.9025, AUC: 0.9590
[2025-08-24 22:32:30] fold_4: Epoch [141/200], Loss: 0.3141, ACC: 0.9033, AUC: 0.9585
[2025-08-24 22:32:35] fold_4: Epoch [161/200], Loss: 0.3140, ACC: 0.9033, AUC: 0.9586
[2025-08-24 22:32:40] fold_4: Epoch [181/200], Loss: 0.3139, ACC: 0.9033, AUC: 0.9587
[2025-08-24 22:49:40] Finall ensemble results of fold_4 for MACSynDCR:
[2025-08-24 22:49:40] ----------------------------------------------------------------------------------------------------
[2025-08-24 22:49:40] Ensemble Accuracy: 0.9124, AUC-ROC: 0.9605, 
Ensemble AUC-PR: 0.9621, Precision: 0.9276, 
Ensemble Recall: 0.9107, F1 Score: 0.9191, 
Ensemble RMSE: 10.2956
[2025-08-24 22:49:40] ----------------------------------------------------------------------------------------------------
[2025-08-24 22:49:40] Fold 5
[2025-08-24 22:49:40] ----------------------------------------------------------------------------------------------------
[2025-08-24 22:49:40] ANN_model saved with Val_ACC: 0.5136
[2025-08-24 22:49:40] ----------------------------------------------------------------------------------------------------
[2025-08-24 22:49:40] fold_5: Epoch [1/200], Loss: 0.7003, ACC: 0.5136, AUC: 0.5170
[2025-08-24 22:49:41] ANN_model saved with Val_ACC: 0.7568
[2025-08-24 22:49:41] ----------------------------------------------------------------------------------------------------
[2025-08-24 22:49:41] ANN_model saved with Val_ACC: 0.7858
[2025-08-24 22:49:41] ----------------------------------------------------------------------------------------------------
[2025-08-24 22:49:41] ANN_model saved with Val_ACC: 0.8114
[2025-08-24 22:49:41] ----------------------------------------------------------------------------------------------------
[2025-08-24 22:49:42] ANN_model saved with Val_ACC: 0.8222
[2025-08-24 22:49:42] ----------------------------------------------------------------------------------------------------
[2025-08-24 22:49:42] ANN_model saved with Val_ACC: 0.8329
[2025-08-24 22:49:42] ----------------------------------------------------------------------------------------------------
[2025-08-24 22:49:42] ANN_model saved with Val_ACC: 0.8445
[2025-08-24 22:49:42] ----------------------------------------------------------------------------------------------------
[2025-08-24 22:49:43] ANN_model saved with Val_ACC: 0.8602
[2025-08-24 22:49:43] ----------------------------------------------------------------------------------------------------
[2025-08-24 22:49:43] ANN_model saved with Val_ACC: 0.8644
[2025-08-24 22:49:43] ----------------------------------------------------------------------------------------------------
[2025-08-24 22:49:44] ANN_model saved with Val_ACC: 0.8693
[2025-08-24 22:49:44] ----------------------------------------------------------------------------------------------------
[2025-08-24 22:49:44] ANN_model saved with Val_ACC: 0.8784
[2025-08-24 22:49:44] ----------------------------------------------------------------------------------------------------
[2025-08-24 22:49:44] ANN_model saved with Val_ACC: 0.8792
[2025-08-24 22:49:44] ----------------------------------------------------------------------------------------------------
[2025-08-24 22:49:45] ANN_model saved with Val_ACC: 0.8801
[2025-08-24 22:49:45] ----------------------------------------------------------------------------------------------------
[2025-08-24 22:49:45] ANN_model saved with Val_ACC: 0.8809
[2025-08-24 22:49:45] ----------------------------------------------------------------------------------------------------
[2025-08-24 22:49:45] ANN_model saved with Val_ACC: 0.8834
[2025-08-24 22:49:45] ----------------------------------------------------------------------------------------------------
[2025-08-24 22:49:46] ANN_model saved with Val_ACC: 0.8842
[2025-08-24 22:49:46] ----------------------------------------------------------------------------------------------------
[2025-08-24 22:49:46] ANN_model saved with Val_ACC: 0.8916
[2025-08-24 22:49:46] ----------------------------------------------------------------------------------------------------
[2025-08-24 22:49:47] fold_5: Epoch [21/200], Loss: 0.3344, ACC: 0.8892, AUC: 0.9489
[2025-08-24 22:49:48] ANN_model saved with Val_ACC: 0.8983
[2025-08-24 22:49:48] ----------------------------------------------------------------------------------------------------
[2025-08-24 22:49:48] ANN_model saved with Val_ACC: 0.8991
[2025-08-24 22:49:48] ----------------------------------------------------------------------------------------------------
[2025-08-24 22:49:49] ANN_model saved with Val_ACC: 0.9024
[2025-08-24 22:49:49] ----------------------------------------------------------------------------------------------------
[2025-08-24 22:49:51] ANN_model saved with Val_ACC: 0.9049
[2025-08-24 22:49:51] ----------------------------------------------------------------------------------------------------
[2025-08-24 22:49:53] fold_5: Epoch [41/200], Loss: 0.3192, ACC: 0.9007, AUC: 0.9523
[2025-08-24 22:49:54] ANN_model saved with Val_ACC: 0.9065
[2025-08-24 22:49:54] ----------------------------------------------------------------------------------------------------
[2025-08-24 22:49:55] ANN_model saved with Val_ACC: 0.9082
[2025-08-24 22:49:55] ----------------------------------------------------------------------------------------------------
[2025-08-24 22:49:58] fold_5: Epoch [61/200], Loss: 0.3164, ACC: 0.9057, AUC: 0.9524
[2025-08-24 22:50:04] fold_5: Epoch [81/200], Loss: 0.3149, ACC: 0.9049, AUC: 0.9528
[2025-08-24 22:50:09] fold_5: Epoch [101/200], Loss: 0.3144, ACC: 0.9049, AUC: 0.9539
[2025-08-24 22:50:14] fold_5: Epoch [121/200], Loss: 0.3142, ACC: 0.9057, AUC: 0.9536
[2025-08-24 22:50:18] fold_5: Epoch [141/200], Loss: 0.3140, ACC: 0.9049, AUC: 0.9533
[2025-08-24 22:50:24] fold_5: Epoch [161/200], Loss: 0.3139, ACC: 0.9041, AUC: 0.9533
[2025-08-24 22:50:30] fold_5: Epoch [181/200], Loss: 0.3138, ACC: 0.9041, AUC: 0.9532
[2025-08-24 23:07:55] Finall ensemble results of fold_5 for MACSynDCR:
[2025-08-24 23:07:55] ----------------------------------------------------------------------------------------------------
[2025-08-24 23:07:55] Ensemble Accuracy: 0.9090, AUC-ROC: 0.9598, 
Ensemble AUC-PR: 0.9619, Precision: 0.9074, 
Ensemble Recall: 0.9216, F1 Score: 0.9145, 
Ensemble RMSE: 10.4881
[2025-08-24 23:07:55] ----------------------------------------------------------------------------------------------------
[2025-08-24 23:07:55] ****************************************************************************************************
[2025-08-24 23:07:55] *          Final MACSynCDR Results:
[2025-08-24 23:07:55] ****************************************************************************************************
[2025-08-24 23:07:55]  AUC: 0.9624 ± 0.0026
[2025-08-24 23:07:55]  Accuracy: 0.9116 ± 0.0085
[2025-08-24 23:07:55]  AUC-PR: 0.9640 ± 0.0018
[2025-08-24 23:07:55]  Precision: 0.9149 ± 0.0098
[2025-08-24 23:07:55]  Recall: 0.9187 ± 0.0094
[2025-08-24 23:07:55]  F1: 0.9168 ± 0.0078
[2025-08-24 23:07:55]  BACC: 0.9112 ± 0.0086
[2025-08-24 23:07:55]  Kappa: 0.8224 ± 0.0171
[2025-08-24 23:07:55]  RMSE: 10.3320 ± 0.4998
[2025-08-24 23:07:55]  PCC: 0.8479 ± 0.0113
