[2025-06-09 09:38:06] Fold 1
[2025-06-09 09:38:06] ----------------------------------------------------------------------------------------------------
[2025-06-09 09:38:09] ANN_model saved with Val_ACC: 0.5050
[2025-06-09 09:38:09] ----------------------------------------------------------------------------------------------------
[2025-06-09 09:38:09] fold_1: Epoch [1/200], Loss: 0.7032, ACC: 0.5050, AUC: 0.5102
[2025-06-09 09:38:10] ANN_model saved with Val_ACC: 0.7318
[2025-06-09 09:38:10] ----------------------------------------------------------------------------------------------------
[2025-06-09 09:38:10] ANN_model saved with Val_ACC: 0.7588
[2025-06-09 09:38:10] ----------------------------------------------------------------------------------------------------
[2025-06-09 09:38:12] ANN_model saved with Val_ACC: 0.7600
[2025-06-09 09:38:12] ----------------------------------------------------------------------------------------------------
[2025-06-09 09:38:13] ANN_model saved with Val_ACC: 0.7725
[2025-06-09 09:38:13] ----------------------------------------------------------------------------------------------------
[2025-06-09 09:38:14] ANN_model saved with Val_ACC: 0.7857
[2025-06-09 09:38:14] ----------------------------------------------------------------------------------------------------
[2025-06-09 09:38:14] ANN_model saved with Val_ACC: 0.7978
[2025-06-09 09:38:14] ----------------------------------------------------------------------------------------------------
[2025-06-09 09:38:15] ANN_model saved with Val_ACC: 0.8147
[2025-06-09 09:38:15] ----------------------------------------------------------------------------------------------------
[2025-06-09 09:38:15] ANN_model saved with Val_ACC: 0.8248
[2025-06-09 09:38:15] ----------------------------------------------------------------------------------------------------
[2025-06-09 09:38:16] ANN_model saved with Val_ACC: 0.8260
[2025-06-09 09:38:16] ----------------------------------------------------------------------------------------------------
[2025-06-09 09:38:16] ANN_model saved with Val_ACC: 0.8272
[2025-06-09 09:38:16] ----------------------------------------------------------------------------------------------------
[2025-06-09 09:38:17] ANN_model saved with Val_ACC: 0.8397
[2025-06-09 09:38:17] ----------------------------------------------------------------------------------------------------
[2025-06-09 09:38:17] ANN_model saved with Val_ACC: 0.8437
[2025-06-09 09:38:17] ----------------------------------------------------------------------------------------------------
[2025-06-09 09:38:19] ANN_model saved with Val_ACC: 0.8474
[2025-06-09 09:38:19] ----------------------------------------------------------------------------------------------------
[2025-06-09 09:38:19] ANN_model saved with Val_ACC: 0.8482
[2025-06-09 09:38:19] ----------------------------------------------------------------------------------------------------
[2025-06-09 09:38:20] fold_1: Epoch [21/200], Loss: 0.3586, ACC: 0.8433, AUC: 0.9185
[2025-06-09 09:38:29] fold_1: Epoch [41/200], Loss: 0.3276, ACC: 0.8437, AUC: 0.9177
[2025-06-09 09:38:29] ANN_model saved with Val_ACC: 0.8494
[2025-06-09 09:38:29] ----------------------------------------------------------------------------------------------------
[2025-06-09 09:38:30] ANN_model saved with Val_ACC: 0.8498
[2025-06-09 09:38:30] ----------------------------------------------------------------------------------------------------
[2025-06-09 09:38:35] ANN_model saved with Val_ACC: 0.8502
[2025-06-09 09:38:35] ----------------------------------------------------------------------------------------------------
[2025-06-09 09:38:35] fold_1: Epoch [61/200], Loss: 0.3197, ACC: 0.8502, AUC: 0.9193
[2025-06-09 09:38:44] fold_1: Epoch [81/200], Loss: 0.3184, ACC: 0.8433, AUC: 0.9179
[2025-06-09 09:38:49] ANN_model saved with Val_ACC: 0.8506
[2025-06-09 09:38:49] ----------------------------------------------------------------------------------------------------
[2025-06-09 09:38:50] fold_1: Epoch [101/200], Loss: 0.3172, ACC: 0.8494, AUC: 0.9182
[2025-06-09 09:38:54] ANN_model saved with Val_ACC: 0.8514
[2025-06-09 09:38:54] ----------------------------------------------------------------------------------------------------
[2025-06-09 09:38:57] fold_1: Epoch [121/200], Loss: 0.3166, ACC: 0.8470, AUC: 0.9179
[2025-06-09 09:39:06] fold_1: Epoch [141/200], Loss: 0.3161, ACC: 0.8482, AUC: 0.9180
[2025-06-09 09:39:12] fold_1: Epoch [161/200], Loss: 0.3159, ACC: 0.8490, AUC: 0.9184
[2025-06-09 09:39:18] fold_1: Epoch [181/200], Loss: 0.3158, ACC: 0.8486, AUC: 0.9190
[2025-06-09 10:15:46] Finall ensemble results of fold_1 for MACSynDCR:
[2025-06-09 10:15:46] ----------------------------------------------------------------------------------------------------
[2025-06-09 10:15:46] Ensemble Accuracy: 0.8659, AUC-ROC: 0.9407, 
Ensemble AUC-PR: 0.9407, Precision: 0.8678, 
Ensemble Recall: 0.8600, F1 Score: 0.8639, 
Ensemble RMSE: 18.2483
[2025-06-09 10:15:46] ----------------------------------------------------------------------------------------------------
[2025-06-09 10:15:46] Fold 2
[2025-06-09 10:15:46] ----------------------------------------------------------------------------------------------------
[2025-06-09 10:15:49] ANN_model saved with Val_ACC: 0.4962
[2025-06-09 10:15:49] ----------------------------------------------------------------------------------------------------
[2025-06-09 10:15:49] fold_2: Epoch [1/200], Loss: 0.7017, ACC: 0.4962, AUC: 0.4883
[2025-06-09 10:15:50] ANN_model saved with Val_ACC: 0.7342
[2025-06-09 10:15:50] ----------------------------------------------------------------------------------------------------
[2025-06-09 10:15:52] ANN_model saved with Val_ACC: 0.7491
[2025-06-09 10:15:52] ----------------------------------------------------------------------------------------------------
[2025-06-09 10:15:54] ANN_model saved with Val_ACC: 0.7644
[2025-06-09 10:15:54] ----------------------------------------------------------------------------------------------------
[2025-06-09 10:15:56] ANN_model saved with Val_ACC: 0.7741
[2025-06-09 10:15:56] ----------------------------------------------------------------------------------------------------
[2025-06-09 10:15:58] ANN_model saved with Val_ACC: 0.7882
[2025-06-09 10:15:58] ----------------------------------------------------------------------------------------------------
[2025-06-09 10:16:00] ANN_model saved with Val_ACC: 0.7958
[2025-06-09 10:16:00] ----------------------------------------------------------------------------------------------------
[2025-06-09 10:16:02] ANN_model saved with Val_ACC: 0.8135
[2025-06-09 10:16:02] ----------------------------------------------------------------------------------------------------
[2025-06-09 10:16:04] ANN_model saved with Val_ACC: 0.8204
[2025-06-09 10:16:04] ----------------------------------------------------------------------------------------------------
[2025-06-09 10:16:07] ANN_model saved with Val_ACC: 0.8212
[2025-06-09 10:16:07] ----------------------------------------------------------------------------------------------------
[2025-06-09 10:16:10] ANN_model saved with Val_ACC: 0.8248
[2025-06-09 10:16:10] ----------------------------------------------------------------------------------------------------
[2025-06-09 10:16:13] ANN_model saved with Val_ACC: 0.8337
[2025-06-09 10:16:13] ----------------------------------------------------------------------------------------------------
[2025-06-09 10:16:15] ANN_model saved with Val_ACC: 0.8413
[2025-06-09 10:16:15] ----------------------------------------------------------------------------------------------------
[2025-06-09 10:16:19] ANN_model saved with Val_ACC: 0.8474
[2025-06-09 10:16:19] ----------------------------------------------------------------------------------------------------
[2025-06-09 10:16:24] fold_2: Epoch [21/200], Loss: 0.3529, ACC: 0.8377, AUC: 0.9158
[2025-06-09 10:16:36] ANN_model saved with Val_ACC: 0.8498
[2025-06-09 10:16:36] ----------------------------------------------------------------------------------------------------
[2025-06-09 10:16:38] ANN_model saved with Val_ACC: 0.8510
[2025-06-09 10:16:38] ----------------------------------------------------------------------------------------------------
[2025-06-09 10:16:51] fold_2: Epoch [41/200], Loss: 0.3240, ACC: 0.8441, AUC: 0.9204
[2025-06-09 10:17:22] fold_2: Epoch [61/200], Loss: 0.3191, ACC: 0.8381, AUC: 0.9191
[2025-06-09 10:17:50] fold_2: Epoch [81/200], Loss: 0.3176, ACC: 0.8413, AUC: 0.9155
[2025-06-09 10:18:17] fold_2: Epoch [101/200], Loss: 0.3159, ACC: 0.8357, AUC: 0.9165
[2025-06-09 10:18:41] fold_2: Epoch [121/200], Loss: 0.3153, ACC: 0.8365, AUC: 0.9187
[2025-06-09 10:19:06] fold_2: Epoch [141/200], Loss: 0.3150, ACC: 0.8393, AUC: 0.9191
[2025-06-09 10:19:31] fold_2: Epoch [161/200], Loss: 0.3148, ACC: 0.8377, AUC: 0.9198
[2025-06-09 10:19:59] fold_2: Epoch [181/200], Loss: 0.3147, ACC: 0.8393, AUC: 0.9194
[2025-06-09 11:15:05] Finall ensemble results of fold_2 for MACSynDCR:
[2025-06-09 11:15:05] ----------------------------------------------------------------------------------------------------
[2025-06-09 11:15:05] Ensemble Accuracy: 0.9335, AUC-ROC: 0.9786, 
Ensemble AUC-PR: 0.9782, Precision: 0.9339, 
Ensemble Recall: 0.9316, F1 Score: 0.9327, 
Ensemble RMSE: 12.8452
[2025-06-09 11:15:05] ----------------------------------------------------------------------------------------------------
[2025-06-09 11:15:05] Fold 3
[2025-06-09 11:15:05] ----------------------------------------------------------------------------------------------------
[2025-06-09 11:15:09] ANN_model saved with Val_ACC: 0.5131
[2025-06-09 11:15:09] ----------------------------------------------------------------------------------------------------
[2025-06-09 11:15:09] fold_3: Epoch [1/200], Loss: 0.6997, ACC: 0.5131, AUC: 0.4982
[2025-06-09 11:15:12] ANN_model saved with Val_ACC: 0.7571
[2025-06-09 11:15:12] ----------------------------------------------------------------------------------------------------
[2025-06-09 11:15:16] ANN_model saved with Val_ACC: 0.7761
[2025-06-09 11:15:16] ----------------------------------------------------------------------------------------------------
[2025-06-09 11:15:19] ANN_model saved with Val_ACC: 0.7926
[2025-06-09 11:15:19] ----------------------------------------------------------------------------------------------------
[2025-06-09 11:15:22] ANN_model saved with Val_ACC: 0.8002
[2025-06-09 11:15:22] ----------------------------------------------------------------------------------------------------
[2025-06-09 11:15:25] ANN_model saved with Val_ACC: 0.8031
[2025-06-09 11:15:25] ----------------------------------------------------------------------------------------------------
[2025-06-09 11:15:28] ANN_model saved with Val_ACC: 0.8131
[2025-06-09 11:15:28] ----------------------------------------------------------------------------------------------------
[2025-06-09 11:15:32] ANN_model saved with Val_ACC: 0.8188
[2025-06-09 11:15:32] ----------------------------------------------------------------------------------------------------
[2025-06-09 11:15:36] ANN_model saved with Val_ACC: 0.8256
[2025-06-09 11:15:36] ----------------------------------------------------------------------------------------------------
[2025-06-09 11:15:45] ANN_model saved with Val_ACC: 0.8381
[2025-06-09 11:15:45] ----------------------------------------------------------------------------------------------------
[2025-06-09 11:15:58] ANN_model saved with Val_ACC: 0.8385
[2025-06-09 11:15:58] ----------------------------------------------------------------------------------------------------
[2025-06-09 11:16:08] ANN_model saved with Val_ACC: 0.8413
[2025-06-09 11:16:08] ----------------------------------------------------------------------------------------------------
[2025-06-09 11:16:12] ANN_model saved with Val_ACC: 0.8482
[2025-06-09 11:16:12] ----------------------------------------------------------------------------------------------------
[2025-06-09 11:16:16] fold_3: Epoch [21/200], Loss: 0.3541, ACC: 0.8377, AUC: 0.9161
[2025-06-09 11:16:28] ANN_model saved with Val_ACC: 0.8574
[2025-06-09 11:16:28] ----------------------------------------------------------------------------------------------------
[2025-06-09 11:17:11] fold_3: Epoch [41/200], Loss: 0.3239, ACC: 0.8482, AUC: 0.9208
[2025-06-09 11:18:18] fold_3: Epoch [61/200], Loss: 0.3171, ACC: 0.8570, AUC: 0.9210
[2025-06-09 11:19:14] fold_3: Epoch [81/200], Loss: 0.3153, ACC: 0.8526, AUC: 0.9222
[2025-06-09 11:20:12] fold_3: Epoch [101/200], Loss: 0.3147, ACC: 0.8554, AUC: 0.9231
[2025-06-09 11:21:10] fold_3: Epoch [121/200], Loss: 0.3144, ACC: 0.8534, AUC: 0.9231
[2025-06-09 11:22:06] fold_3: Epoch [141/200], Loss: 0.3142, ACC: 0.8526, AUC: 0.9233
[2025-06-09 11:23:11] fold_3: Epoch [161/200], Loss: 0.3141, ACC: 0.8518, AUC: 0.9234
[2025-06-09 11:24:08] fold_3: Epoch [181/200], Loss: 0.3140, ACC: 0.8510, AUC: 0.9233
[2025-06-09 12:17:02] Finall ensemble results of fold_3 for MACSynDCR:
[2025-06-09 12:17:02] ----------------------------------------------------------------------------------------------------
[2025-06-09 12:17:02] Ensemble Accuracy: 0.8675, AUC-ROC: 0.9365, 
Ensemble AUC-PR: 0.9328, Precision: 0.8577, 
Ensemble Recall: 0.8685, F1 Score: 0.8631, 
Ensemble RMSE: 18.1384
[2025-06-09 12:17:02] ----------------------------------------------------------------------------------------------------
[2025-06-09 12:17:02] Fold 4
[2025-06-09 12:17:02] ----------------------------------------------------------------------------------------------------
[2025-06-09 12:17:04] ANN_model saved with Val_ACC: 0.4938
[2025-06-09 12:17:04] ----------------------------------------------------------------------------------------------------
[2025-06-09 12:17:05] fold_4: Epoch [1/200], Loss: 0.7103, ACC: 0.4938, AUC: 0.4876
[2025-06-09 12:17:06] ANN_model saved with Val_ACC: 0.7241
[2025-06-09 12:17:06] ----------------------------------------------------------------------------------------------------
[2025-06-09 12:17:08] ANN_model saved with Val_ACC: 0.7604
[2025-06-09 12:17:08] ----------------------------------------------------------------------------------------------------
[2025-06-09 12:17:10] ANN_model saved with Val_ACC: 0.7773
[2025-06-09 12:17:10] ----------------------------------------------------------------------------------------------------
[2025-06-09 12:17:11] ANN_model saved with Val_ACC: 0.7890
[2025-06-09 12:17:11] ----------------------------------------------------------------------------------------------------
[2025-06-09 12:17:13] ANN_model saved with Val_ACC: 0.7970
[2025-06-09 12:17:13] ----------------------------------------------------------------------------------------------------
[2025-06-09 12:17:15] ANN_model saved with Val_ACC: 0.8135
[2025-06-09 12:17:15] ----------------------------------------------------------------------------------------------------
[2025-06-09 12:17:17] ANN_model saved with Val_ACC: 0.8232
[2025-06-09 12:17:17] ----------------------------------------------------------------------------------------------------
[2025-06-09 12:17:19] ANN_model saved with Val_ACC: 0.8260
[2025-06-09 12:17:19] ----------------------------------------------------------------------------------------------------
[2025-06-09 12:17:21] ANN_model saved with Val_ACC: 0.8272
[2025-06-09 12:17:21] ----------------------------------------------------------------------------------------------------
[2025-06-09 12:17:23] ANN_model saved with Val_ACC: 0.8397
[2025-06-09 12:17:23] ----------------------------------------------------------------------------------------------------
[2025-06-09 12:17:26] ANN_model saved with Val_ACC: 0.8470
[2025-06-09 12:17:26] ----------------------------------------------------------------------------------------------------
[2025-06-09 12:17:32] ANN_model saved with Val_ACC: 0.8514
[2025-06-09 12:17:32] ----------------------------------------------------------------------------------------------------
[2025-06-09 12:17:38] fold_4: Epoch [21/200], Loss: 0.3577, ACC: 0.8490, AUC: 0.9188
[2025-06-09 12:18:02] fold_4: Epoch [41/200], Loss: 0.3240, ACC: 0.8462, AUC: 0.9167
[2025-06-09 12:18:25] fold_4: Epoch [61/200], Loss: 0.3180, ACC: 0.8445, AUC: 0.9153
[2025-06-09 12:18:47] fold_4: Epoch [81/200], Loss: 0.3160, ACC: 0.8453, AUC: 0.9167
[2025-06-09 12:19:09] fold_4: Epoch [101/200], Loss: 0.3153, ACC: 0.8482, AUC: 0.9170
[2025-06-09 12:19:33] fold_4: Epoch [121/200], Loss: 0.3147, ACC: 0.8437, AUC: 0.9166
[2025-06-09 12:19:56] fold_4: Epoch [141/200], Loss: 0.3145, ACC: 0.8462, AUC: 0.9171
[2025-06-09 12:20:22] fold_4: Epoch [161/200], Loss: 0.3143, ACC: 0.8445, AUC: 0.9169
[2025-06-09 12:20:49] fold_4: Epoch [181/200], Loss: 0.3142, ACC: 0.8449, AUC: 0.9169
[2025-06-09 12:54:15] Finall ensemble results of fold_4 for MACSynDCR:
[2025-06-09 12:54:15] ----------------------------------------------------------------------------------------------------
[2025-06-09 12:54:15] Ensemble Accuracy: 0.8675, AUC-ROC: 0.9332, 
Ensemble AUC-PR: 0.9303, Precision: 0.8712, 
Ensemble Recall: 0.8663, F1 Score: 0.8688, 
Ensemble RMSE: 18.1384
[2025-06-09 12:54:15] ----------------------------------------------------------------------------------------------------
[2025-06-09 12:54:15] Fold 5
[2025-06-09 12:54:15] ----------------------------------------------------------------------------------------------------
[2025-06-09 12:54:16] ANN_model saved with Val_ACC: 0.4994
[2025-06-09 12:54:16] ----------------------------------------------------------------------------------------------------
[2025-06-09 12:54:16] fold_5: Epoch [1/200], Loss: 0.7059, ACC: 0.4994, AUC: 0.4752
[2025-06-09 12:54:17] ANN_model saved with Val_ACC: 0.7290
[2025-06-09 12:54:17] ----------------------------------------------------------------------------------------------------
[2025-06-09 12:54:17] ANN_model saved with Val_ACC: 0.7612
[2025-06-09 12:54:17] ----------------------------------------------------------------------------------------------------
[2025-06-09 12:54:18] ANN_model saved with Val_ACC: 0.7773
[2025-06-09 12:54:18] ----------------------------------------------------------------------------------------------------
[2025-06-09 12:54:18] ANN_model saved with Val_ACC: 0.7902
[2025-06-09 12:54:18] ----------------------------------------------------------------------------------------------------
[2025-06-09 12:54:19] ANN_model saved with Val_ACC: 0.7970
[2025-06-09 12:54:19] ----------------------------------------------------------------------------------------------------
[2025-06-09 12:54:20] ANN_model saved with Val_ACC: 0.8131
[2025-06-09 12:54:20] ----------------------------------------------------------------------------------------------------
[2025-06-09 12:54:20] ANN_model saved with Val_ACC: 0.8252
[2025-06-09 12:54:20] ----------------------------------------------------------------------------------------------------
[2025-06-09 12:54:21] ANN_model saved with Val_ACC: 0.8268
[2025-06-09 12:54:21] ----------------------------------------------------------------------------------------------------
[2025-06-09 12:54:22] ANN_model saved with Val_ACC: 0.8325
[2025-06-09 12:54:22] ----------------------------------------------------------------------------------------------------
[2025-06-09 12:54:24] ANN_model saved with Val_ACC: 0.8445
[2025-06-09 12:54:24] ----------------------------------------------------------------------------------------------------
[2025-06-09 12:54:25] ANN_model saved with Val_ACC: 0.8449
[2025-06-09 12:54:25] ----------------------------------------------------------------------------------------------------
[2025-06-09 12:54:26] ANN_model saved with Val_ACC: 0.8466
[2025-06-09 12:54:26] ----------------------------------------------------------------------------------------------------
[2025-06-09 12:54:26] fold_5: Epoch [21/200], Loss: 0.3582, ACC: 0.8466, AUC: 0.9197
[2025-06-09 12:54:27] ANN_model saved with Val_ACC: 0.8502
[2025-06-09 12:54:27] ----------------------------------------------------------------------------------------------------
[2025-06-09 12:54:27] ANN_model saved with Val_ACC: 0.8530
[2025-06-09 12:54:27] ----------------------------------------------------------------------------------------------------
[2025-06-09 12:54:28] ANN_model saved with Val_ACC: 0.8566
[2025-06-09 12:54:28] ----------------------------------------------------------------------------------------------------
[2025-06-09 12:54:28] ANN_model saved with Val_ACC: 0.8570
[2025-06-09 12:54:28] ----------------------------------------------------------------------------------------------------
[2025-06-09 12:54:33] fold_5: Epoch [41/200], Loss: 0.3329, ACC: 0.8458, AUC: 0.9223
[2025-06-09 12:54:40] fold_5: Epoch [61/200], Loss: 0.3223, ACC: 0.8510, AUC: 0.9275
[2025-06-09 12:54:46] fold_5: Epoch [81/200], Loss: 0.3176, ACC: 0.8486, AUC: 0.9246
[2025-06-09 12:54:52] fold_5: Epoch [101/200], Loss: 0.3164, ACC: 0.8482, AUC: 0.9237
[2025-06-09 12:55:00] fold_5: Epoch [121/200], Loss: 0.3156, ACC: 0.8462, AUC: 0.9234
[2025-06-09 12:55:06] fold_5: Epoch [141/200], Loss: 0.3150, ACC: 0.8482, AUC: 0.9230
[2025-06-09 12:55:13] fold_5: Epoch [161/200], Loss: 0.3146, ACC: 0.8514, AUC: 0.9234
[2025-06-09 12:55:19] fold_5: Epoch [181/200], Loss: 0.3145, ACC: 0.8482, AUC: 0.9238
[2025-06-09 13:22:59] Finall ensemble results of fold_5 for MACSynDCR:
[2025-06-09 13:22:59] ----------------------------------------------------------------------------------------------------
[2025-06-09 13:22:59] Ensemble Accuracy: 0.8727, AUC-ROC: 0.9416, 
Ensemble AUC-PR: 0.9420, Precision: 0.8710, 
Ensemble Recall: 0.8667, F1 Score: 0.8689, 
Ensemble RMSE: 17.7764
[2025-06-09 13:22:59] ----------------------------------------------------------------------------------------------------
[2025-06-09 13:22:59] ****************************************************************************************************
[2025-06-09 13:22:59] *          Final MACSynCDR Results:
[2025-06-09 13:22:59] ****************************************************************************************************
[2025-06-09 13:22:59]  AUC: 0.9461 ± 0.0165
[2025-06-09 13:22:59]  Accuracy: 0.8814 ± 0.0262
[2025-06-09 13:22:59]  AUC-PR: 0.9448 ± 0.0173
[2025-06-09 13:22:59]  Precision: 0.8803 ± 0.0272
[2025-06-09 13:22:59]  Recall: 0.8786 ± 0.0266
[2025-06-09 13:22:59]  F1: 0.8795 ± 0.0267
[2025-06-09 13:22:59]  RMSE: 17.0293 ± 2.0981
[2025-06-09 13:22:59]  PCC: 0.8000 ± 0.0429
