[2025-08-21 11:27:30] Fold 1
[2025-08-21 11:27:30] ----------------------------------------------------------------------------------------------------
[2025-08-21 11:27:32] ANN_model saved with Val_ACC: 0.5403
[2025-08-21 11:27:32] ----------------------------------------------------------------------------------------------------
[2025-08-21 11:27:32] fold_1: Epoch [1/10], Loss: 0.6967, ACC: 0.5403, AUC: 0.5342
[2025-08-21 11:27:32] ANN_model saved with Val_ACC: 0.7867
[2025-08-21 11:27:32] ----------------------------------------------------------------------------------------------------
[2025-08-21 11:27:32] ANN_model saved with Val_ACC: 0.8127
[2025-08-21 11:27:32] ----------------------------------------------------------------------------------------------------
[2025-08-21 11:27:33] ANN_model saved with Val_ACC: 0.8190
[2025-08-21 11:27:33] ----------------------------------------------------------------------------------------------------
[2025-08-21 11:27:33] ANN_model saved with Val_ACC: 0.8317
[2025-08-21 11:27:33] ----------------------------------------------------------------------------------------------------
[2025-08-21 11:27:34] ANN_model saved with Val_ACC: 0.8502
[2025-08-21 11:27:34] ----------------------------------------------------------------------------------------------------
[2025-08-21 11:27:34] ANN_model saved with Val_ACC: 0.8648
[2025-08-21 11:27:34] ----------------------------------------------------------------------------------------------------
[2025-08-21 11:27:35] ANN_model saved with Val_ACC: 0.8825
[2025-08-21 11:27:35] ----------------------------------------------------------------------------------------------------
[2025-08-21 11:27:35] ANN_model saved with Val_ACC: 0.8844
[2025-08-21 11:27:35] ----------------------------------------------------------------------------------------------------
[2025-08-21 11:28:45] Finall ensemble results of fold_1 for MACSynDCR:
[2025-08-21 11:28:45] ----------------------------------------------------------------------------------------------------
[2025-08-21 11:28:45] Ensemble Accuracy: 0.8908, AUC-ROC: 0.9568, 
Ensemble AUC-PR: 0.9545, Precision: 0.8900, 
Ensemble Recall: 0.8900, F1 Score: 0.8900, 
Ensemble RMSE: 13.1149
[2025-08-21 11:28:45] ----------------------------------------------------------------------------------------------------
[2025-08-21 11:28:45] Fold 2
[2025-08-21 11:28:45] ----------------------------------------------------------------------------------------------------
[2025-08-21 11:28:45] ANN_model saved with Val_ACC: 0.4667
[2025-08-21 11:28:45] ----------------------------------------------------------------------------------------------------
[2025-08-21 11:28:45] fold_2: Epoch [1/10], Loss: 0.7060, ACC: 0.4667, AUC: 0.4523
[2025-08-21 11:28:46] ANN_model saved with Val_ACC: 0.8146
[2025-08-21 11:28:46] ----------------------------------------------------------------------------------------------------
[2025-08-21 11:28:46] ANN_model saved with Val_ACC: 0.8381
[2025-08-21 11:28:46] ----------------------------------------------------------------------------------------------------
[2025-08-21 11:28:46] ANN_model saved with Val_ACC: 0.8406
[2025-08-21 11:28:46] ----------------------------------------------------------------------------------------------------
[2025-08-21 11:28:47] ANN_model saved with Val_ACC: 0.8489
[2025-08-21 11:28:47] ----------------------------------------------------------------------------------------------------
[2025-08-21 11:28:47] ANN_model saved with Val_ACC: 0.8584
[2025-08-21 11:28:47] ----------------------------------------------------------------------------------------------------
[2025-08-21 11:28:48] ANN_model saved with Val_ACC: 0.8686
[2025-08-21 11:28:48] ----------------------------------------------------------------------------------------------------
[2025-08-21 11:28:48] ANN_model saved with Val_ACC: 0.8781
[2025-08-21 11:28:48] ----------------------------------------------------------------------------------------------------
[2025-08-21 11:28:48] ANN_model saved with Val_ACC: 0.8800
[2025-08-21 11:28:48] ----------------------------------------------------------------------------------------------------
[2025-08-21 11:28:49] ANN_model saved with Val_ACC: 0.8895
[2025-08-21 11:28:49] ----------------------------------------------------------------------------------------------------
[2025-08-21 11:30:04] Finall ensemble results of fold_2 for MACSynDCR:
[2025-08-21 11:30:04] ----------------------------------------------------------------------------------------------------
[2025-08-21 11:30:04] Ensemble Accuracy: 0.9079, AUC-ROC: 0.9609, 
Ensemble AUC-PR: 0.9587, Precision: 0.9200, 
Ensemble Recall: 0.8903, F1 Score: 0.9049, 
Ensemble RMSE: 12.0416
[2025-08-21 11:30:04] ----------------------------------------------------------------------------------------------------
[2025-08-21 11:30:04] Fold 3
[2025-08-21 11:30:04] ----------------------------------------------------------------------------------------------------
[2025-08-21 11:30:05] ANN_model saved with Val_ACC: 0.4844
[2025-08-21 11:30:05] ----------------------------------------------------------------------------------------------------
[2025-08-21 11:30:05] fold_3: Epoch [1/10], Loss: 0.7004, ACC: 0.4844, AUC: 0.4659
[2025-08-21 11:30:06] ANN_model saved with Val_ACC: 0.7924
[2025-08-21 11:30:06] ----------------------------------------------------------------------------------------------------
[2025-08-21 11:30:06] ANN_model saved with Val_ACC: 0.8241
[2025-08-21 11:30:06] ----------------------------------------------------------------------------------------------------
[2025-08-21 11:30:07] ANN_model saved with Val_ACC: 0.8375
[2025-08-21 11:30:07] ----------------------------------------------------------------------------------------------------
[2025-08-21 11:30:07] ANN_model saved with Val_ACC: 0.8444
[2025-08-21 11:30:07] ----------------------------------------------------------------------------------------------------
[2025-08-21 11:30:07] ANN_model saved with Val_ACC: 0.8571
[2025-08-21 11:30:07] ----------------------------------------------------------------------------------------------------
[2025-08-21 11:30:08] ANN_model saved with Val_ACC: 0.8705
[2025-08-21 11:30:08] ----------------------------------------------------------------------------------------------------
[2025-08-21 11:30:08] ANN_model saved with Val_ACC: 0.8806
[2025-08-21 11:30:08] ----------------------------------------------------------------------------------------------------
[2025-08-21 11:30:09] ANN_model saved with Val_ACC: 0.8857
[2025-08-21 11:30:09] ----------------------------------------------------------------------------------------------------
[2025-08-21 11:30:09] ANN_model saved with Val_ACC: 0.8876
[2025-08-21 11:30:09] ----------------------------------------------------------------------------------------------------
[2025-08-21 11:31:20] Finall ensemble results of fold_3 for MACSynDCR:
[2025-08-21 11:31:20] ----------------------------------------------------------------------------------------------------
[2025-08-21 11:31:20] Ensemble Accuracy: 0.9067, AUC-ROC: 0.9573, 
Ensemble AUC-PR: 0.9525, Precision: 0.9058, 
Ensemble Recall: 0.9022, F1 Score: 0.9040, 
Ensemble RMSE: 12.1244
[2025-08-21 11:31:20] ----------------------------------------------------------------------------------------------------
[2025-08-21 11:31:20] Fold 4
[2025-08-21 11:31:20] ----------------------------------------------------------------------------------------------------
[2025-08-21 11:31:21] ANN_model saved with Val_ACC: 0.4870
[2025-08-21 11:31:21] ----------------------------------------------------------------------------------------------------
[2025-08-21 11:31:21] fold_4: Epoch [1/10], Loss: 0.7170, ACC: 0.4870, AUC: 0.4708
[2025-08-21 11:31:21] ANN_model saved with Val_ACC: 0.7663
[2025-08-21 11:31:21] ----------------------------------------------------------------------------------------------------
[2025-08-21 11:31:21] ANN_model saved with Val_ACC: 0.8102
[2025-08-21 11:31:21] ----------------------------------------------------------------------------------------------------
[2025-08-21 11:31:22] ANN_model saved with Val_ACC: 0.8330
[2025-08-21 11:31:22] ----------------------------------------------------------------------------------------------------
[2025-08-21 11:31:22] ANN_model saved with Val_ACC: 0.8394
[2025-08-21 11:31:22] ----------------------------------------------------------------------------------------------------
[2025-08-21 11:31:23] ANN_model saved with Val_ACC: 0.8527
[2025-08-21 11:31:23] ----------------------------------------------------------------------------------------------------
[2025-08-21 11:31:23] ANN_model saved with Val_ACC: 0.8673
[2025-08-21 11:31:23] ----------------------------------------------------------------------------------------------------
[2025-08-21 11:31:23] ANN_model saved with Val_ACC: 0.8800
[2025-08-21 11:31:23] ----------------------------------------------------------------------------------------------------
[2025-08-21 11:31:24] ANN_model saved with Val_ACC: 0.8832
[2025-08-21 11:31:24] ----------------------------------------------------------------------------------------------------
[2025-08-21 11:31:24] ANN_model saved with Val_ACC: 0.8933
[2025-08-21 11:31:24] ----------------------------------------------------------------------------------------------------
[2025-08-21 11:32:33] Finall ensemble results of fold_4 for MACSynDCR:
[2025-08-21 11:32:33] ----------------------------------------------------------------------------------------------------
[2025-08-21 11:32:33] Ensemble Accuracy: 0.8990, AUC-ROC: 0.9570, 
Ensemble AUC-PR: 0.9566, Precision: 0.8927, 
Ensemble Recall: 0.9116, F1 Score: 0.9020, 
Ensemble RMSE: 12.6095
[2025-08-21 11:32:33] ----------------------------------------------------------------------------------------------------
[2025-08-21 11:32:33] Fold 5
[2025-08-21 11:32:33] ----------------------------------------------------------------------------------------------------
[2025-08-21 11:32:33] ANN_model saved with Val_ACC: 0.4835
[2025-08-21 11:32:33] ----------------------------------------------------------------------------------------------------
[2025-08-21 11:32:34] fold_5: Epoch [1/10], Loss: 0.6961, ACC: 0.4835, AUC: 0.4972
[2025-08-21 11:32:34] ANN_model saved with Val_ACC: 0.7992
[2025-08-21 11:32:34] ----------------------------------------------------------------------------------------------------
[2025-08-21 11:32:34] ANN_model saved with Val_ACC: 0.8177
[2025-08-21 11:32:34] ----------------------------------------------------------------------------------------------------
[2025-08-21 11:32:35] ANN_model saved with Val_ACC: 0.8316
[2025-08-21 11:32:35] ----------------------------------------------------------------------------------------------------
[2025-08-21 11:32:35] ANN_model saved with Val_ACC: 0.8482
[2025-08-21 11:32:35] ----------------------------------------------------------------------------------------------------
[2025-08-21 11:32:35] ANN_model saved with Val_ACC: 0.8571
[2025-08-21 11:32:35] ----------------------------------------------------------------------------------------------------
[2025-08-21 11:32:36] ANN_model saved with Val_ACC: 0.8634
[2025-08-21 11:32:36] ----------------------------------------------------------------------------------------------------
[2025-08-21 11:32:36] ANN_model saved with Val_ACC: 0.8710
[2025-08-21 11:32:36] ----------------------------------------------------------------------------------------------------
[2025-08-21 11:32:37] ANN_model saved with Val_ACC: 0.8850
[2025-08-21 11:32:37] ----------------------------------------------------------------------------------------------------
[2025-08-21 11:32:37] ANN_model saved with Val_ACC: 0.8856
[2025-08-21 11:32:37] ----------------------------------------------------------------------------------------------------
[2025-08-21 11:33:46] Finall ensemble results of fold_5 for MACSynDCR:
[2025-08-21 11:33:46] ----------------------------------------------------------------------------------------------------
[2025-08-21 11:33:46] Ensemble Accuracy: 0.9034, AUC-ROC: 0.9602, 
Ensemble AUC-PR: 0.9598, Precision: 0.9059, 
Ensemble Recall: 0.9036, F1 Score: 0.9048, 
Ensemble RMSE: 12.3288
[2025-08-21 11:33:46] ----------------------------------------------------------------------------------------------------
[2025-08-21 11:33:46] ****************************************************************************************************
[2025-08-21 11:33:46] *          Final MACSynCDR Results:
[2025-08-21 11:33:46] ****************************************************************************************************
[2025-08-21 11:33:46]  AUC: 0.9584 ± 0.0018
[2025-08-21 11:33:46]  Accuracy: 0.9016 ± 0.0062
[2025-08-21 11:33:46]  AUC-PR: 0.9564 ± 0.0027
[2025-08-21 11:33:46]  Precision: 0.9029 ± 0.0108
[2025-08-21 11:33:46]  Recall: 0.8996 ± 0.0083
[2025-08-21 11:33:46]  F1: 0.9011 ± 0.0057
[2025-08-21 11:33:46]  RMSE: 12.4438 ± 0.3885
[2025-08-21 11:33:46]  PCC: 0.8347 ± 0.0058

C:\Users\srahaman2\Documents\PhD research\MACSynDCR\LapMGAN>python MACSynDCR_CV_RUN_with_LMGAN_shape.py --epoch 10 --suffix Ablation_CNV
2025-08-21 11:27:21.477568: I tensorflow/core/util/port.cc:153] oneDNN custom operations are on. You may see slightly different numerical results due to floating-point round-off errors from different computation orders. To turn them off, set the environment variable `TF_ENABLE_ONEDNN_OPTS=0`.
2025-08-21 11:27:22.566344: I tensorflow/core/util/port.cc:153] oneDNN custom operations are on. You may see slightly different numerical results due to floating-point round-off errors from different computation orders. To turn them off, set the environment variable `TF_ENABLE_ONEDNN_OPTS=0`.
Fold 1
Data processing and Training of MACSynDCR_ANN model:
ANN_model saved with Val_ACC: 0.5403 Val_AUC: 0.5342
fold_1: Epoch [1/10], Loss: 0.6967, Val_ACC: 0.5403, Val_AUC: 0.5342
ANN_model saved with Val_ACC: 0.7867 Val_AUC: 0.8647
ANN_model saved with Val_ACC: 0.8127 Val_AUC: 0.8902
ANN_model saved with Val_ACC: 0.8190 Val_AUC: 0.9062
ANN_model saved with Val_ACC: 0.8317 Val_AUC: 0.9151
ANN_model saved with Val_ACC: 0.8502 Val_AUC: 0.9248
ANN_model saved with Val_ACC: 0.8648 Val_AUC: 0.9353
ANN_model saved with Val_ACC: 0.8825 Val_AUC: 0.9459
ANN_model saved with Val_ACC: 0.8844 Val_AUC: 0.9487
Accuracy: 0.8844, AUC-ROC: 0.9487
 AUC-PR: 0.9471, Precision: 0.8856, Recall: 0.8811, F1 Score: 0.8833
RMSE: 11.6352 , PCC: 0.8110
Data processing and Training of MACSynDCR_ANN model:
2025-08-21 11:27:36.062455: I tensorflow/core/platform/cpu_feature_guard.cc:210] This TensorFlow binary is optimized to use available CPU instructions in performance-critical operations.
To enable the following instructions: AVX2 FMA, in other operations, rebuild TensorFlow with the appropriate compiler flags.
MACSynDCR_ANN model:
Model: "sequential"
????????????????????????????????????????????????????????????????????????????????????????
? Layer (type)                         ? Output Shape                ?         Param # ?
????????????????????????????????????????????????????????????????????????????????????????
¦ dense (Dense)                        ¦ (None, 2048)                ¦       4,458,496 ¦
+--------------------------------------+-----------------------------+-----------------¦
¦ batch_normalization                  ¦ (None, 2048)                ¦           8,192 ¦
¦ (BatchNormalization)                 ¦                             ¦                 ¦
+--------------------------------------+-----------------------------+-----------------¦
¦ dense_1 (Dense)                      ¦ (None, 1024)                ¦       2,098,176 ¦
+--------------------------------------+-----------------------------+-----------------¦
¦ batch_normalization_1                ¦ (None, 1024)                ¦           4,096 ¦
¦ (BatchNormalization)                 ¦                             ¦                 ¦
+--------------------------------------+-----------------------------+-----------------¦
¦ dense_2 (Dense)                      ¦ (None, 512)                 ¦         524,800 ¦
+--------------------------------------+-----------------------------+-----------------¦
¦ batch_normalization_2                ¦ (None, 512)                 ¦           2,048 ¦
¦ (BatchNormalization)                 ¦                             ¦                 ¦
+--------------------------------------+-----------------------------+-----------------¦
¦ dense_3 (Dense)                      ¦ (None, 256)                 ¦         131,328 ¦
+--------------------------------------+-----------------------------+-----------------¦
¦ batch_normalization_3                ¦ (None, 256)                 ¦           1,024 ¦
¦ (BatchNormalization)                 ¦                             ¦                 ¦
+--------------------------------------+-----------------------------+-----------------¦
¦ dense_4 (Dense)                      ¦ (None, 128)                 ¦          32,896 ¦
+--------------------------------------+-----------------------------+-----------------¦
¦ batch_normalization_4                ¦ (None, 128)                 ¦             512 ¦
¦ (BatchNormalization)                 ¦                             ¦                 ¦
+--------------------------------------+-----------------------------+-----------------¦
¦ dense_5 (Dense)                      ¦ (None, 2)                   ¦             258 ¦
+--------------------------------------------------------------------------------------+
 Total params: 7,261,826 (27.70 MB)
 Trainable params: 7,253,890 (27.67 MB)
 Non-trainable params: 7,936 (31.00 KB)
Epoch 1/10
49/50 ???????????????????? 0s 48ms/step - acc: 0.7536 - auc: 0.8314 - loss: 0.5741
Epoch 1: val_auc improved from -inf to 0.67500, saving model to saved_models/best_MACSynDCR_ANN_model.keras
50/50 ???????????????????? 7s 72ms/step - acc: 0.7555 - auc: 0.8334 - loss: 0.5694 - val_acc: 0.5594 - val_auc: 0.6750 - val_loss: 1.1714
Epoch 2/10
49/50 ???????????????????? 0s 47ms/step - acc: 0.8899 - auc: 0.9589 - loss: 0.2615
Epoch 2: val_auc improved from 0.67500 to 0.86107, saving model to saved_models/best_MACSynDCR_ANN_model.keras
50/50 ???????????????????? 3s 65ms/step - acc: 0.8901 - auc: 0.9590 - loss: 0.2610 - val_acc: 0.7733 - val_auc: 0.8611 - val_loss: 0.4742
Epoch 3/10
50/50 ???????????????????? 0s 47ms/step - acc: 0.9274 - auc: 0.9783 - loss: 0.1887
Epoch 3: val_auc improved from 0.86107 to 0.87865, saving model to saved_models/best_MACSynDCR_ANN_model.keras
50/50 ???????????????????? 3s 63ms/step - acc: 0.9273 - auc: 0.9782 - loss: 0.1888 - val_acc: 0.7873 - val_auc: 0.8786 - val_loss: 0.4655
Epoch 4/10
49/50 ???????????????????? 0s 47ms/step - acc: 0.9398 - auc: 0.9821 - loss: 0.1685
Epoch 4: val_auc improved from 0.87865 to 0.90907, saving model to saved_models/best_MACSynDCR_ANN_model.keras
50/50 ???????????????????? 3s 63ms/step - acc: 0.9396 - auc: 0.9821 - loss: 0.1687 - val_acc: 0.8216 - val_auc: 0.9091 - val_loss: 0.4118
Epoch 5/10
50/50 ???????????????????? 0s 46ms/step - acc: 0.9477 - auc: 0.9876 - loss: 0.1405
Epoch 5: val_auc improved from 0.90907 to 0.91521, saving model to saved_models/best_MACSynDCR_ANN_model.keras
50/50 ???????????????????? 3s 62ms/step - acc: 0.9477 - auc: 0.9876 - loss: 0.1406 - val_acc: 0.8406 - val_auc: 0.9152 - val_loss: 0.4653
Epoch 6/10
49/50 ???????????????????? 0s 46ms/step - acc: 0.9538 - auc: 0.9909 - loss: 0.1213
Epoch 6: val_auc improved from 0.91521 to 0.94137, saving model to saved_models/best_MACSynDCR_ANN_model.keras
50/50 ???????????????????? 3s 61ms/step - acc: 0.9536 - auc: 0.9908 - loss: 0.1217 - val_acc: 0.8787 - val_auc: 0.9414 - val_loss: 0.3811
Epoch 7/10
49/50 ???????????????????? 0s 47ms/step - acc: 0.9492 - auc: 0.9900 - loss: 0.1261
Epoch 7: val_auc improved from 0.94137 to 0.94506, saving model to saved_models/best_MACSynDCR_ANN_model.keras
50/50 ???????????????????? 3s 61ms/step - acc: 0.9493 - auc: 0.9900 - loss: 0.1260 - val_acc: 0.8686 - val_auc: 0.9451 - val_loss: 0.3651
Epoch 8/10
49/50 ???????????????????? 0s 46ms/step - acc: 0.9600 - auc: 0.9931 - loss: 0.1048
Epoch 8: val_auc did not improve from 0.94506
50/50 ???????????????????? 2s 49ms/step - acc: 0.9600 - auc: 0.9931 - loss: 0.1048 - val_acc: 0.8679 - val_auc: 0.9427 - val_loss: 0.4191
Epoch 9/10
49/50 ???????????????????? 0s 46ms/step - acc: 0.9690 - auc: 0.9961 - loss: 0.0792
Epoch 9: val_auc did not improve from 0.94506
50/50 ???????????????????? 3s 49ms/step - acc: 0.9690 - auc: 0.9961 - loss: 0.0793 - val_acc: 0.8775 - val_auc: 0.9425 - val_loss: 0.4012
Epoch 10/10
49/50 ???????????????????? 0s 46ms/step - acc: 0.9643 - auc: 0.9929 - loss: 0.1014
Epoch 10: val_auc did not improve from 0.94506
50/50 ???????????????????? 2s 49ms/step - acc: 0.9643 - auc: 0.9929 - loss: 0.1014 - val_acc: 0.8775 - val_auc: 0.9442 - val_loss: 0.3951
50/50 ???????????????????? 0s 6ms/step
50/50 ???????????????????? 0s 3ms/step
ANN: Accuracy: 0.8686, AUC-ROC: 0.9478
ANN: AUC-PR: 0.9464, Precision: 0.8563,
ANN Recall: 0.8836, F1 Score: 0.8697
\ANN:RMSE: 14.3875 , PCC: 0.7915
Data processing and Training of MACSynDCR_CNN model:
MACSynDCR_CNN model:
Model: "sequential_1"
????????????????????????????????????????????????????????????????????????????????????????
? Layer (type)                         ? Output Shape                ?         Param # ?
????????????????????????????????????????????????????????????????????????????????????????
¦ conv2d (Conv2D)                      ¦ (None, 66, 30, 32)          ¦             320 ¦
+--------------------------------------+-----------------------------+-----------------¦
¦ max_pooling2d (MaxPooling2D)         ¦ (None, 33, 15, 32)          ¦               0 ¦
+--------------------------------------+-----------------------------+-----------------¦
¦ dropout (Dropout)                    ¦ (None, 33, 15, 32)          ¦               0 ¦
+--------------------------------------+-----------------------------+-----------------¦
¦ conv2d_1 (Conv2D)                    ¦ (None, 31, 13, 64)          ¦          18,496 ¦
+--------------------------------------+-----------------------------+-----------------¦
¦ max_pooling2d_1 (MaxPooling2D)       ¦ (None, 15, 6, 64)           ¦               0 ¦
+--------------------------------------+-----------------------------+-----------------¦
¦ dropout_1 (Dropout)                  ¦ (None, 15, 6, 64)           ¦               0 ¦
+--------------------------------------+-----------------------------+-----------------¦
¦ conv2d_2 (Conv2D)                    ¦ (None, 13, 4, 128)          ¦          73,856 ¦
+--------------------------------------+-----------------------------+-----------------¦
¦ max_pooling2d_2 (MaxPooling2D)       ¦ (None, 6, 2, 128)           ¦               0 ¦
+--------------------------------------+-----------------------------+-----------------¦
¦ dropout_2 (Dropout)                  ¦ (None, 6, 2, 128)           ¦               0 ¦
+--------------------------------------+-----------------------------+-----------------¦
¦ flatten (Flatten)                    ¦ (None, 1536)                ¦               0 ¦
+--------------------------------------+-----------------------------+-----------------¦
¦ dense_6 (Dense)                      ¦ (None, 128)                 ¦         196,736 ¦
+--------------------------------------+-----------------------------+-----------------¦
¦ dense_7 (Dense)                      ¦ (None, 2)                   ¦             258 ¦
+--------------------------------------------------------------------------------------+
 Total params: 289,666 (1.10 MB)
 Trainable params: 289,666 (1.10 MB)
 Non-trainable params: 0 (0.00 B)
Epoch 1/10
50/50 ???????????????????? 0s 44ms/step - acc: 0.5003 - auc: 0.4980 - loss: 0.7017
Epoch 1: val_acc improved from -inf to 0.75619, saving model to saved_models/best_MACSynDCR_CNN_model.keras
50/50 ???????????????????? 4s 55ms/step - acc: 0.5005 - auc: 0.4983 - loss: 0.7016 - val_acc: 0.7562 - val_auc: 0.7901 - val_loss: 0.6848
Epoch 2/10
50/50 ???????????????????? 0s 46ms/step - acc: 0.6040 - auc: 0.6433 - loss: 0.6712
Epoch 2: val_acc did not improve from 0.75619
50/50 ???????????????????? 3s 50ms/step - acc: 0.6046 - auc: 0.6441 - loss: 0.6707 - val_acc: 0.7270 - val_auc: 0.7936 - val_loss: 0.5558
Epoch 3/10
49/50 ???????????????????? 0s 45ms/step - acc: 0.7231 - auc: 0.8049 - loss: 0.5385
Epoch 3: val_acc improved from 0.75619 to 0.76952, saving model to saved_models/best_MACSynDCR_CNN_model.keras
50/50 ???????????????????? 3s 50ms/step - acc: 0.7240 - auc: 0.8057 - loss: 0.5375 - val_acc: 0.7695 - val_auc: 0.8448 - val_loss: 0.4905
Epoch 4/10
49/50 ???????????????????? 0s 46ms/step - acc: 0.7703 - auc: 0.8557 - loss: 0.4733
Epoch 4: val_acc improved from 0.76952 to 0.79619, saving model to saved_models/best_MACSynDCR_CNN_model.keras
50/50 ???????????????????? 3s 50ms/step - acc: 0.7708 - auc: 0.8560 - loss: 0.4729 - val_acc: 0.7962 - val_auc: 0.8754 - val_loss: 0.4451
Epoch 5/10
49/50 ???????????????????? 0s 46ms/step - acc: 0.7886 - auc: 0.8736 - loss: 0.4466
Epoch 5: val_acc did not improve from 0.79619
50/50 ???????????????????? 3s 50ms/step - acc: 0.7889 - auc: 0.8738 - loss: 0.4464 - val_acc: 0.7898 - val_auc: 0.8782 - val_loss: 0.4387
Epoch 6/10
50/50 ???????????????????? 0s 47ms/step - acc: 0.7992 - auc: 0.8753 - loss: 0.4431
Epoch 6: val_acc improved from 0.79619 to 0.80063, saving model to saved_models/best_MACSynDCR_CNN_model.keras
50/50 ???????????????????? 3s 53ms/step - acc: 0.7993 - auc: 0.8754 - loss: 0.4428 - val_acc: 0.8006 - val_auc: 0.8831 - val_loss: 0.4323
Epoch 7/10
49/50 ???????????????????? 0s 44ms/step - acc: 0.8057 - auc: 0.8897 - loss: 0.4182
Epoch 7: val_acc improved from 0.80063 to 0.80317, saving model to saved_models/best_MACSynDCR_CNN_model.keras
50/50 ???????????????????? 2s 49ms/step - acc: 0.8059 - auc: 0.8897 - loss: 0.4182 - val_acc: 0.8032 - val_auc: 0.8869 - val_loss: 0.4240
Epoch 8/10
49/50 ???????????????????? 0s 46ms/step - acc: 0.8090 - auc: 0.8948 - loss: 0.4092
Epoch 8: val_acc improved from 0.80317 to 0.81206, saving model to saved_models/best_MACSynDCR_CNN_model.keras
50/50 ???????????????????? 3s 51ms/step - acc: 0.8093 - auc: 0.8949 - loss: 0.4091 - val_acc: 0.8121 - val_auc: 0.8892 - val_loss: 0.4209
Epoch 9/10
49/50 ???????????????????? 0s 45ms/step - acc: 0.8124 - auc: 0.8935 - loss: 0.4119
Epoch 9: val_acc did not improve from 0.81206
50/50 ???????????????????? 2s 48ms/step - acc: 0.8127 - auc: 0.8936 - loss: 0.4117 - val_acc: 0.8019 - val_auc: 0.8885 - val_loss: 0.4239
Epoch 10/10
49/50 ???????????????????? 0s 45ms/step - acc: 0.8170 - auc: 0.8982 - loss: 0.4037
Epoch 10: val_acc improved from 0.81206 to 0.81968, saving model to saved_models/best_MACSynDCR_CNN_model.keras
50/50 ???????????????????? 3s 49ms/step - acc: 0.8171 - auc: 0.8982 - loss: 0.4037 - val_acc: 0.8197 - val_auc: 0.8936 - val_loss: 0.4119
50/50 ???????????????????? 0s 5ms/step
50/50 ???????????????????? 0s 4ms/step
CNN: Accuracy: 0.8197, AUC-ROC: 0.8934
CNN: AUC-PR: 0.8909, Precision: 0.8225,
CNN Recall: 0.8120, F1 Score: 0.8172
CNN:RMSE: 16.8523 , PCC: 0.6896
Evaluation of Keras MACSynDCR_ANN model:
50/50 ???????????????????? 1s 3ms/step - acc: 0.8566 - auc: 0.9385 - loss: 0.3807
Evaluate->  Loss: 0.3651, Accuracy: 0.8686,AUC: 0.9451
50/50 ???????????????????? 0s 6ms/step
197/197 ???????????????????? 1s 3ms/step
ANN: Accuracy: 0.8686, AUC-ROC: 0.9478
ANN: AUC-PR: 0.9464, Precision: 0.8563,
ANN Recall: 0.8836, F1 Score: 0.8697
ANN:RMSE: 14.3875 , PCC: 0.7915
****************************************************************************************************
Evaluation of Keras MACSynDCR_CNN model:
50/50 ???????????????????? 1s 4ms/step - acc: 0.8154 - auc: 0.8865 - loss: 0.4262
Evaluate->  Loss: 0.4119, Accuracy: 0.8197,Accuracy: 0.8936
50/50 ???????????????????? 0s 5ms/step
197/197 ???????????????????? 1s 4ms/step
CNN: Accuracy: 0.8197, AUC-ROC: 0.8934
CNN: AUC-PR: 0.8909, Precision: 0.8225,
CNN Recall: 0.8120, F1 Score: 0.8172
CNN:RMSE: 16.8523 , PCC: 0.6896
****************************************************************************************************
Accuracy Score and AUC for ANN = AUC: 0.9487, Accuracy: 0.8844
Accuracy Score and AUC for KANN = AUC: 0.9478, Accuracy: 0.8686
Accuracy Score and AUC for KCNN = AUC: 0.8934, Accuracy: 0.8197
Average AUC = AUC: 0.9517, Accuracy: 0.8851
MAX AUC = AUC: 0.9480, Accuracy: 0.8540
Fitting 5 folds for each of 14 candidates, totalling 70 fits
Finall ensemble results of fold_1 for MACSynDCR:
----------------------------------------------------------------------------------------------------
Ensemble Accuracy: 0.8908, AUC-ROC: 0.9568
Ensemble AUC-PR: 0.9545, Precision: 0.8900,
Ensemble Recall: 0.8900, F1 Score: 0.8900
Ensemble RMSE: 13.1149 , PCC: 0.8257
----------------------------------------------------------------------------------------------------
Fold 2
Data processing and Training of MACSynDCR_ANN model:
ANN_model saved with Val_ACC: 0.4667 Val_AUC: 0.4523
fold_2: Epoch [1/10], Loss: 0.7060, Val_ACC: 0.4667, Val_AUC: 0.4523
ANN_model saved with Val_ACC: 0.8146 Val_AUC: 0.8787
ANN_model saved with Val_ACC: 0.8381 Val_AUC: 0.9057
ANN_model saved with Val_ACC: 0.8406 Val_AUC: 0.9171
ANN_model saved with Val_ACC: 0.8489 Val_AUC: 0.9231
ANN_model saved with Val_ACC: 0.8584 Val_AUC: 0.9296
ANN_model saved with Val_ACC: 0.8686 Val_AUC: 0.9375
ANN_model saved with Val_ACC: 0.8781 Val_AUC: 0.9440
ANN_model saved with Val_ACC: 0.8800 Val_AUC: 0.9491
ANN_model saved with Val_ACC: 0.8895 Val_AUC: 0.9538
Accuracy: 0.8895, AUC-ROC: 0.9538
 AUC-PR: 0.9560, Precision: 0.8818, Recall: 0.8955, F1 Score: 0.8886
RMSE: 11.4060 , PCC: 0.8195
Data processing and Training of MACSynDCR_ANN model:
MACSynDCR_ANN model:
Model: "sequential_2"
????????????????????????????????????????????????????????????????????????????????????????
? Layer (type)                         ? Output Shape                ?         Param # ?
????????????????????????????????????????????????????????????????????????????????????????
¦ dense_8 (Dense)                      ¦ (None, 2048)                ¦       4,458,496 ¦
+--------------------------------------+-----------------------------+-----------------¦
¦ batch_normalization_5                ¦ (None, 2048)                ¦           8,192 ¦
¦ (BatchNormalization)                 ¦                             ¦                 ¦
+--------------------------------------+-----------------------------+-----------------¦
¦ dense_9 (Dense)                      ¦ (None, 1024)                ¦       2,098,176 ¦
+--------------------------------------+-----------------------------+-----------------¦
¦ batch_normalization_6                ¦ (None, 1024)                ¦           4,096 ¦
¦ (BatchNormalization)                 ¦                             ¦                 ¦
+--------------------------------------+-----------------------------+-----------------¦
¦ dense_10 (Dense)                     ¦ (None, 512)                 ¦         524,800 ¦
+--------------------------------------+-----------------------------+-----------------¦
¦ batch_normalization_7                ¦ (None, 512)                 ¦           2,048 ¦
¦ (BatchNormalization)                 ¦                             ¦                 ¦
+--------------------------------------+-----------------------------+-----------------¦
¦ dense_11 (Dense)                     ¦ (None, 256)                 ¦         131,328 ¦
+--------------------------------------+-----------------------------+-----------------¦
¦ batch_normalization_8                ¦ (None, 256)                 ¦           1,024 ¦
¦ (BatchNormalization)                 ¦                             ¦                 ¦
+--------------------------------------+-----------------------------+-----------------¦
¦ dense_12 (Dense)                     ¦ (None, 128)                 ¦          32,896 ¦
+--------------------------------------+-----------------------------+-----------------¦
¦ batch_normalization_9                ¦ (None, 128)                 ¦             512 ¦
¦ (BatchNormalization)                 ¦                             ¦                 ¦
+--------------------------------------+-----------------------------+-----------------¦
¦ dense_13 (Dense)                     ¦ (None, 2)                   ¦             258 ¦
+--------------------------------------------------------------------------------------+
 Total params: 7,261,826 (27.70 MB)
 Trainable params: 7,253,890 (27.67 MB)
 Non-trainable params: 7,936 (31.00 KB)
Epoch 1/10
50/50 ???????????????????? 0s 49ms/step - acc: 0.7420 - auc: 0.8151 - loss: 0.5899
Epoch 1: val_auc improved from -inf to 0.65862, saving model to saved_models/best_MACSynDCR_ANN_model.keras
50/50 ???????????????????? 7s 71ms/step - acc: 0.7430 - auc: 0.8163 - loss: 0.5875 - val_acc: 0.4921 - val_auc: 0.6586 - val_loss: 1.4971
Epoch 2/10
49/50 ???????????????????? 0s 46ms/step - acc: 0.9033 - auc: 0.9639 - loss: 0.2489
Epoch 2: val_auc improved from 0.65862 to 0.76225, saving model to saved_models/best_MACSynDCR_ANN_model.keras
50/50 ???????????????????? 3s 63ms/step - acc: 0.9031 - auc: 0.9638 - loss: 0.2489 - val_acc: 0.6794 - val_auc: 0.7622 - val_loss: 0.6542
Epoch 3/10
49/50 ???????????????????? 0s 47ms/step - acc: 0.9204 - auc: 0.9763 - loss: 0.1984
Epoch 3: val_auc improved from 0.76225 to 0.86613, saving model to saved_models/best_MACSynDCR_ANN_model.keras
50/50 ???????????????????? 3s 63ms/step - acc: 0.9204 - auc: 0.9762 - loss: 0.1986 - val_acc: 0.7657 - val_auc: 0.8661 - val_loss: 0.4654
Epoch 4/10
49/50 ???????????????????? 0s 46ms/step - acc: 0.9249 - auc: 0.9768 - loss: 0.1928
Epoch 4: val_auc did not improve from 0.86613
50/50 ???????????????????? 2s 49ms/step - acc: 0.9251 - auc: 0.9769 - loss: 0.1922 - val_acc: 0.7867 - val_auc: 0.8637 - val_loss: 0.5299
Epoch 5/10
50/50 ???????????????????? 0s 47ms/step - acc: 0.9435 - auc: 0.9852 - loss: 0.1538
Epoch 5: val_auc improved from 0.86613 to 0.93386, saving model to saved_models/best_MACSynDCR_ANN_model.keras
50/50 ???????????????????? 3s 62ms/step - acc: 0.9434 - auc: 0.9852 - loss: 0.1538 - val_acc: 0.8667 - val_auc: 0.9339 - val_loss: 0.3912
Epoch 6/10
49/50 ???????????????????? 0s 47ms/step - acc: 0.9563 - auc: 0.9922 - loss: 0.1113
Epoch 6: val_auc improved from 0.93386 to 0.93860, saving model to saved_models/best_MACSynDCR_ANN_model.keras
50/50 ???????????????????? 3s 64ms/step - acc: 0.9562 - auc: 0.9921 - loss: 0.1115 - val_acc: 0.8686 - val_auc: 0.9386 - val_loss: 0.3779
Epoch 7/10
49/50 ???????????????????? 0s 47ms/step - acc: 0.9642 - auc: 0.9932 - loss: 0.1013
Epoch 7: val_auc improved from 0.93860 to 0.94542, saving model to saved_models/best_MACSynDCR_ANN_model.keras
50/50 ???????????????????? 3s 63ms/step - acc: 0.9641 - auc: 0.9932 - loss: 0.1014 - val_acc: 0.8794 - val_auc: 0.9454 - val_loss: 0.3793
Epoch 8/10
50/50 ???????????????????? 0s 47ms/step - acc: 0.9691 - auc: 0.9949 - loss: 0.0875
Epoch 8: val_auc did not improve from 0.94542
50/50 ???????????????????? 3s 53ms/step - acc: 0.9690 - auc: 0.9949 - loss: 0.0877 - val_acc: 0.8743 - val_auc: 0.9374 - val_loss: 0.4154
Epoch 9/10
49/50 ???????????????????? 0s 54ms/step - acc: 0.9652 - auc: 0.9943 - loss: 0.0933
Epoch 9: val_auc improved from 0.94542 to 0.94956, saving model to saved_models/best_MACSynDCR_ANN_model.keras
50/50 ???????????????????? 6s 70ms/step - acc: 0.9652 - auc: 0.9943 - loss: 0.0932 - val_acc: 0.8883 - val_auc: 0.9496 - val_loss: 0.3626
Epoch 10/10
49/50 ???????????????????? 0s 53ms/step - acc: 0.9797 - auc: 0.9971 - loss: 0.0636
Epoch 10: val_auc did not improve from 0.94956
50/50 ???????????????????? 3s 56ms/step - acc: 0.9796 - auc: 0.9971 - loss: 0.0636 - val_acc: 0.8756 - val_auc: 0.9386 - val_loss: 0.4514
50/50 ???????????????????? 0s 6ms/step
50/50 ???????????????????? 0s 4ms/step
ANN: Accuracy: 0.8883, AUC-ROC: 0.9520
ANN: AUC-PR: 0.9471, Precision: 0.8977,
ANN Recall: 0.8723, F1 Score: 0.8848
\ANN:RMSE: 13.2665 , PCC: 0.8131
Data processing and Training of MACSynDCR_CNN model:
MACSynDCR_CNN model:
Model: "sequential_3"
????????????????????????????????????????????????????????????????????????????????????????
? Layer (type)                         ? Output Shape                ?         Param # ?
????????????????????????????????????????????????????????????????????????????????????????
¦ conv2d_3 (Conv2D)                    ¦ (None, 66, 30, 32)          ¦             320 ¦
+--------------------------------------+-----------------------------+-----------------¦
¦ max_pooling2d_3 (MaxPooling2D)       ¦ (None, 33, 15, 32)          ¦               0 ¦
+--------------------------------------+-----------------------------+-----------------¦
¦ dropout_3 (Dropout)                  ¦ (None, 33, 15, 32)          ¦               0 ¦
+--------------------------------------+-----------------------------+-----------------¦
¦ conv2d_4 (Conv2D)                    ¦ (None, 31, 13, 64)          ¦          18,496 ¦
+--------------------------------------+-----------------------------+-----------------¦
¦ max_pooling2d_4 (MaxPooling2D)       ¦ (None, 15, 6, 64)           ¦               0 ¦
+--------------------------------------+-----------------------------+-----------------¦
¦ dropout_4 (Dropout)                  ¦ (None, 15, 6, 64)           ¦               0 ¦
+--------------------------------------+-----------------------------+-----------------¦
¦ conv2d_5 (Conv2D)                    ¦ (None, 13, 4, 128)          ¦          73,856 ¦
+--------------------------------------+-----------------------------+-----------------¦
¦ max_pooling2d_5 (MaxPooling2D)       ¦ (None, 6, 2, 128)           ¦               0 ¦
+--------------------------------------+-----------------------------+-----------------¦
¦ dropout_5 (Dropout)                  ¦ (None, 6, 2, 128)           ¦               0 ¦
+--------------------------------------+-----------------------------+-----------------¦
¦ flatten_1 (Flatten)                  ¦ (None, 1536)                ¦               0 ¦
+--------------------------------------+-----------------------------+-----------------¦
¦ dense_14 (Dense)                     ¦ (None, 128)                 ¦         196,736 ¦
+--------------------------------------+-----------------------------+-----------------¦
¦ dense_15 (Dense)                     ¦ (None, 2)                   ¦             258 ¦
+--------------------------------------------------------------------------------------+
 Total params: 289,666 (1.10 MB)
 Trainable params: 289,666 (1.10 MB)
 Non-trainable params: 0 (0.00 B)
Epoch 1/10
49/50 ???????????????????? 0s 49ms/step - acc: 0.5047 - auc: 0.5106 - loss: 0.6949
Epoch 1: val_acc improved from -inf to 0.49206, saving model to saved_models/best_MACSynDCR_CNN_model.keras
50/50 ???????????????????? 5s 58ms/step - acc: 0.5055 - auc: 0.5118 - loss: 0.6947 - val_acc: 0.4921 - val_auc: 0.6540 - val_loss: 0.6756
Epoch 2/10
49/50 ???????????????????? 0s 47ms/step - acc: 0.5871 - auc: 0.6527 - loss: 0.6544
Epoch 2: val_acc improved from 0.49206 to 0.76190, saving model to saved_models/best_MACSynDCR_CNN_model.keras
50/50 ???????????????????? 3s 50ms/step - acc: 0.5899 - auc: 0.6557 - loss: 0.6526 - val_acc: 0.7619 - val_auc: 0.8410 - val_loss: 0.5010
Epoch 3/10
49/50 ???????????????????? 0s 53ms/step - acc: 0.7576 - auc: 0.8301 - loss: 0.5117
Epoch 3: val_acc improved from 0.76190 to 0.79873, saving model to saved_models/best_MACSynDCR_CNN_model.keras
50/50 ???????????????????? 3s 58ms/step - acc: 0.7581 - auc: 0.8306 - loss: 0.5109 - val_acc: 0.7987 - val_auc: 0.8804 - val_loss: 0.4404
Epoch 4/10
49/50 ???????????????????? 0s 54ms/step - acc: 0.7724 - auc: 0.8584 - loss: 0.4684
Epoch 4: val_acc did not improve from 0.79873
50/50 ???????????????????? 3s 58ms/step - acc: 0.7726 - auc: 0.8587 - loss: 0.4680 - val_acc: 0.7924 - val_auc: 0.8692 - val_loss: 0.4534
Epoch 5/10
49/50 ???????????????????? 0s 56ms/step - acc: 0.7861 - auc: 0.8714 - loss: 0.4486
Epoch 5: val_acc improved from 0.79873 to 0.81333, saving model to saved_models/best_MACSynDCR_CNN_model.keras
50/50 ???????????????????? 3s 61ms/step - acc: 0.7865 - auc: 0.8718 - loss: 0.4480 - val_acc: 0.8133 - val_auc: 0.8954 - val_loss: 0.4134
Epoch 6/10
49/50 ???????????????????? 0s 54ms/step - acc: 0.7926 - auc: 0.8850 - loss: 0.4251
Epoch 6: val_acc did not improve from 0.81333
50/50 ???????????????????? 3s 58ms/step - acc: 0.7929 - auc: 0.8851 - loss: 0.4249 - val_acc: 0.8127 - val_auc: 0.8959 - val_loss: 0.4082
Epoch 7/10
50/50 ???????????????????? 0s 53ms/step - acc: 0.8137 - auc: 0.8958 - loss: 0.4077
Epoch 7: val_acc improved from 0.81333 to 0.82540, saving model to saved_models/best_MACSynDCR_CNN_model.keras
50/50 ???????????????????? 3s 58ms/step - acc: 0.8136 - auc: 0.8957 - loss: 0.4078 - val_acc: 0.8254 - val_auc: 0.9033 - val_loss: 0.4002
Epoch 8/10
49/50 ???????????????????? 0s 50ms/step - acc: 0.8089 - auc: 0.8933 - loss: 0.4118
Epoch 8: val_acc improved from 0.82540 to 0.83238, saving model to saved_models/best_MACSynDCR_CNN_model.keras
50/50 ???????????????????? 3s 56ms/step - acc: 0.8089 - auc: 0.8933 - loss: 0.4117 - val_acc: 0.8324 - val_auc: 0.9037 - val_loss: 0.3944
Epoch 9/10
49/50 ???????????????????? 0s 54ms/step - acc: 0.8203 - auc: 0.9007 - loss: 0.3992
Epoch 9: val_acc did not improve from 0.83238
50/50 ???????????????????? 3s 57ms/step - acc: 0.8201 - auc: 0.9006 - loss: 0.3992 - val_acc: 0.8311 - val_auc: 0.9046 - val_loss: 0.3940
Epoch 10/10
49/50 ???????????????????? 0s 48ms/step - acc: 0.8176 - auc: 0.9010 - loss: 0.3979
Epoch 10: val_acc did not improve from 0.83238
50/50 ???????????????????? 3s 51ms/step - acc: 0.8176 - auc: 0.9010 - loss: 0.3978 - val_acc: 0.8298 - val_auc: 0.9046 - val_loss: 0.3929
50/50 ???????????????????? 0s 6ms/step
50/50 ???????????????????? 0s 4ms/step
CNN: Accuracy: 0.8324, AUC-ROC: 0.9045
CNN: AUC-PR: 0.9010, Precision: 0.8127,
CNN Recall: 0.8568, F1 Score: 0.8342
CNN:RMSE: 16.2481 , PCC: 0.7109
Evaluation of Keras MACSynDCR_ANN model:
50/50 ???????????????????? 1s 4ms/step - acc: 0.8918 - auc: 0.9544 - loss: 0.3381
Evaluate->  Loss: 0.3626, Accuracy: 0.8883,AUC: 0.9496
50/50 ???????????????????? 0s 6ms/step
197/197 ???????????????????? 1s 4ms/step
ANN: Accuracy: 0.8883, AUC-ROC: 0.9520
ANN: AUC-PR: 0.9471, Precision: 0.8977,
ANN Recall: 0.8723, F1 Score: 0.8848
ANN:RMSE: 13.2665 , PCC: 0.8131
****************************************************************************************************
Evaluation of Keras MACSynDCR_CNN model:
50/50 ???????????????????? 1s 5ms/step - acc: 0.8512 - auc: 0.9147 - loss: 0.3741
Evaluate->  Loss: 0.3944, Accuracy: 0.8324,Accuracy: 0.9037
50/50 ???????????????????? 0s 5ms/step
197/197 ???????????????????? 1s 5ms/step
CNN: Accuracy: 0.8324, AUC-ROC: 0.9045
CNN: AUC-PR: 0.9010, Precision: 0.8127,
CNN Recall: 0.8568, F1 Score: 0.8342
CNN:RMSE: 16.2481 , PCC: 0.7109
****************************************************************************************************
Accuracy Score and AUC for ANN = AUC: 0.9538, Accuracy: 0.8895
Accuracy Score and AUC for KANN = AUC: 0.9520, Accuracy: 0.8883
Accuracy Score and AUC for KCNN = AUC: 0.9045, Accuracy: 0.8324
Average AUC = AUC: 0.9595, Accuracy: 0.9060
MAX AUC = AUC: 0.9538, Accuracy: 0.8489
Fitting 5 folds for each of 14 candidates, totalling 70 fits
Finall ensemble results of fold_2 for MACSynDCR:
----------------------------------------------------------------------------------------------------
Ensemble Accuracy: 0.9079, AUC-ROC: 0.9609
Ensemble AUC-PR: 0.9587, Precision: 0.9200,
Ensemble Recall: 0.8903, F1 Score: 0.9049
Ensemble RMSE: 12.0416 , PCC: 0.8424
----------------------------------------------------------------------------------------------------
Fold 3
Data processing and Training of MACSynDCR_ANN model:
ANN_model saved with Val_ACC: 0.4844 Val_AUC: 0.4659
fold_3: Epoch [1/10], Loss: 0.7004, Val_ACC: 0.4844, Val_AUC: 0.4659
ANN_model saved with Val_ACC: 0.7924 Val_AUC: 0.8847
ANN_model saved with Val_ACC: 0.8241 Val_AUC: 0.9081
ANN_model saved with Val_ACC: 0.8375 Val_AUC: 0.9172
ANN_model saved with Val_ACC: 0.8444 Val_AUC: 0.9255
ANN_model saved with Val_ACC: 0.8571 Val_AUC: 0.9341
ANN_model saved with Val_ACC: 0.8705 Val_AUC: 0.9402
ANN_model saved with Val_ACC: 0.8806 Val_AUC: 0.9460
ANN_model saved with Val_ACC: 0.8857 Val_AUC: 0.9501
ANN_model saved with Val_ACC: 0.8876 Val_AUC: 0.9529
Accuracy: 0.8876, AUC-ROC: 0.9529
 AUC-PR: 0.9461, Precision: 0.8772, Recall: 0.8944, F1 Score: 0.8857
RMSE: 11.4310 , PCC: 0.8186
Data processing and Training of MACSynDCR_ANN model:
MACSynDCR_ANN model:
Model: "sequential_4"
????????????????????????????????????????????????????????????????????????????????????????
? Layer (type)                         ? Output Shape                ?         Param # ?
????????????????????????????????????????????????????????????????????????????????????????
¦ dense_16 (Dense)                     ¦ (None, 2048)                ¦       4,458,496 ¦
+--------------------------------------+-----------------------------+-----------------¦
¦ batch_normalization_10               ¦ (None, 2048)                ¦           8,192 ¦
¦ (BatchNormalization)                 ¦                             ¦                 ¦
+--------------------------------------+-----------------------------+-----------------¦
¦ dense_17 (Dense)                     ¦ (None, 1024)                ¦       2,098,176 ¦
+--------------------------------------+-----------------------------+-----------------¦
¦ batch_normalization_11               ¦ (None, 1024)                ¦           4,096 ¦
¦ (BatchNormalization)                 ¦                             ¦                 ¦
+--------------------------------------+-----------------------------+-----------------¦
¦ dense_18 (Dense)                     ¦ (None, 512)                 ¦         524,800 ¦
+--------------------------------------+-----------------------------+-----------------¦
¦ batch_normalization_12               ¦ (None, 512)                 ¦           2,048 ¦
¦ (BatchNormalization)                 ¦                             ¦                 ¦
+--------------------------------------+-----------------------------+-----------------¦
¦ dense_19 (Dense)                     ¦ (None, 256)                 ¦         131,328 ¦
+--------------------------------------+-----------------------------+-----------------¦
¦ batch_normalization_13               ¦ (None, 256)                 ¦           1,024 ¦
¦ (BatchNormalization)                 ¦                             ¦                 ¦
+--------------------------------------+-----------------------------+-----------------¦
¦ dense_20 (Dense)                     ¦ (None, 128)                 ¦          32,896 ¦
+--------------------------------------+-----------------------------+-----------------¦
¦ batch_normalization_14               ¦ (None, 128)                 ¦             512 ¦
¦ (BatchNormalization)                 ¦                             ¦                 ¦
+--------------------------------------+-----------------------------+-----------------¦
¦ dense_21 (Dense)                     ¦ (None, 2)                   ¦             258 ¦
+--------------------------------------------------------------------------------------+
 Total params: 7,261,826 (27.70 MB)
 Trainable params: 7,253,890 (27.67 MB)
 Non-trainable params: 7,936 (31.00 KB)
Epoch 1/10
49/50 ???????????????????? 0s 47ms/step - acc: 0.7473 - auc: 0.8270 - loss: 0.5744
Epoch 1: val_auc improved from -inf to 0.63017, saving model to saved_models/best_MACSynDCR_ANN_model.keras
50/50 ???????????????????? 7s 69ms/step - acc: 0.7494 - auc: 0.8292 - loss: 0.5697 - val_acc: 0.4870 - val_auc: 0.6302 - val_loss: 2.3305
Epoch 2/10
49/50 ???????????????????? 0s 49ms/step - acc: 0.9001 - auc: 0.9648 - loss: 0.2433
Epoch 2: val_auc improved from 0.63017 to 0.81019, saving model to saved_models/best_MACSynDCR_ANN_model.keras
50/50 ???????????????????? 3s 67ms/step - acc: 0.8999 - auc: 0.9647 - loss: 0.2437 - val_acc: 0.7168 - val_auc: 0.8102 - val_loss: 0.5740
Epoch 3/10
49/50 ???????????????????? 0s 47ms/step - acc: 0.9307 - auc: 0.9808 - loss: 0.1792
Epoch 3: val_auc improved from 0.81019 to 0.85637, saving model to saved_models/best_MACSynDCR_ANN_model.keras
50/50 ???????????????????? 3s 64ms/step - acc: 0.9306 - auc: 0.9807 - loss: 0.1794 - val_acc: 0.7683 - val_auc: 0.8564 - val_loss: 0.5730
Epoch 4/10
50/50 ???????????????????? 0s 50ms/step - acc: 0.9462 - auc: 0.9876 - loss: 0.1444
Epoch 4: val_auc improved from 0.85637 to 0.90651, saving model to saved_models/best_MACSynDCR_ANN_model.keras
50/50 ???????????????????? 3s 68ms/step - acc: 0.9460 - auc: 0.9875 - loss: 0.1445 - val_acc: 0.8349 - val_auc: 0.9065 - val_loss: 0.5279
Epoch 5/10
49/50 ???????????????????? 0s 51ms/step - acc: 0.9389 - auc: 0.9841 - loss: 0.1596
Epoch 5: val_auc improved from 0.90651 to 0.93618, saving model to saved_models/best_MACSynDCR_ANN_model.keras
50/50 ???????????????????? 3s 67ms/step - acc: 0.9389 - auc: 0.9841 - loss: 0.1594 - val_acc: 0.8603 - val_auc: 0.9362 - val_loss: 0.3797
Epoch 6/10
49/50 ???????????????????? 0s 51ms/step - acc: 0.9598 - auc: 0.9912 - loss: 0.1173
Epoch 6: val_auc improved from 0.93618 to 0.93974, saving model to saved_models/best_MACSynDCR_ANN_model.keras
50/50 ???????????????????? 3s 67ms/step - acc: 0.9598 - auc: 0.9912 - loss: 0.1172 - val_acc: 0.8679 - val_auc: 0.9397 - val_loss: 0.3836
Epoch 7/10
49/50 ???????????????????? 0s 47ms/step - acc: 0.9656 - auc: 0.9927 - loss: 0.1015
Epoch 7: val_auc improved from 0.93974 to 0.94296, saving model to saved_models/best_MACSynDCR_ANN_model.keras
50/50 ???????????????????? 3s 64ms/step - acc: 0.9654 - auc: 0.9927 - loss: 0.1018 - val_acc: 0.8737 - val_auc: 0.9430 - val_loss: 0.3733
Epoch 8/10
50/50 ???????????????????? 0s 46ms/step - acc: 0.9581 - auc: 0.9911 - loss: 0.1143
Epoch 8: val_auc improved from 0.94296 to 0.94436, saving model to saved_models/best_MACSynDCR_ANN_model.keras
50/50 ???????????????????? 3s 64ms/step - acc: 0.9581 - auc: 0.9911 - loss: 0.1144 - val_acc: 0.8806 - val_auc: 0.9444 - val_loss: 0.3939
Epoch 9/10
49/50 ???????????????????? 0s 48ms/step - acc: 0.9777 - auc: 0.9971 - loss: 0.0662
Epoch 9: val_auc did not improve from 0.94436
50/50 ???????????????????? 3s 51ms/step - acc: 0.9776 - auc: 0.9971 - loss: 0.0664 - val_acc: 0.8876 - val_auc: 0.9436 - val_loss: 0.4048
Epoch 10/10
50/50 ???????????????????? 0s 48ms/step - acc: 0.9799 - auc: 0.9972 - loss: 0.0626
Epoch 10: val_auc did not improve from 0.94436
50/50 ???????????????????? 3s 50ms/step - acc: 0.9798 - auc: 0.9972 - loss: 0.0626 - val_acc: 0.8781 - val_auc: 0.9361 - val_loss: 0.4667
50/50 ???????????????????? 0s 6ms/step
50/50 ???????????????????? 0s 4ms/step
ANN: Accuracy: 0.8806, AUC-ROC: 0.9497
ANN: AUC-PR: 0.9485, Precision: 0.8896,
ANN Recall: 0.8618, F1 Score: 0.8755
\ANN:RMSE: 13.7113 , PCC: 0.7968
Data processing and Training of MACSynDCR_CNN model:
MACSynDCR_CNN model:
Model: "sequential_5"
????????????????????????????????????????????????????????????????????????????????????????
? Layer (type)                         ? Output Shape                ?         Param # ?
????????????????????????????????????????????????????????????????????????????????????????
¦ conv2d_6 (Conv2D)                    ¦ (None, 66, 30, 32)          ¦             320 ¦
+--------------------------------------+-----------------------------+-----------------¦
¦ max_pooling2d_6 (MaxPooling2D)       ¦ (None, 33, 15, 32)          ¦               0 ¦
+--------------------------------------+-----------------------------+-----------------¦
¦ dropout_6 (Dropout)                  ¦ (None, 33, 15, 32)          ¦               0 ¦
+--------------------------------------+-----------------------------+-----------------¦
¦ conv2d_7 (Conv2D)                    ¦ (None, 31, 13, 64)          ¦          18,496 ¦
+--------------------------------------+-----------------------------+-----------------¦
¦ max_pooling2d_7 (MaxPooling2D)       ¦ (None, 15, 6, 64)           ¦               0 ¦
+--------------------------------------+-----------------------------+-----------------¦
¦ dropout_7 (Dropout)                  ¦ (None, 15, 6, 64)           ¦               0 ¦
+--------------------------------------+-----------------------------+-----------------¦
¦ conv2d_8 (Conv2D)                    ¦ (None, 13, 4, 128)          ¦          73,856 ¦
+--------------------------------------+-----------------------------+-----------------¦
¦ max_pooling2d_8 (MaxPooling2D)       ¦ (None, 6, 2, 128)           ¦               0 ¦
+--------------------------------------+-----------------------------+-----------------¦
¦ dropout_8 (Dropout)                  ¦ (None, 6, 2, 128)           ¦               0 ¦
+--------------------------------------+-----------------------------+-----------------¦
¦ flatten_2 (Flatten)                  ¦ (None, 1536)                ¦               0 ¦
+--------------------------------------+-----------------------------+-----------------¦
¦ dense_22 (Dense)                     ¦ (None, 128)                 ¦         196,736 ¦
+--------------------------------------+-----------------------------+-----------------¦
¦ dense_23 (Dense)                     ¦ (None, 2)                   ¦             258 ¦
+--------------------------------------------------------------------------------------+
 Total params: 289,666 (1.10 MB)
 Trainable params: 289,666 (1.10 MB)
 Non-trainable params: 0 (0.00 B)
Epoch 1/10
49/50 ???????????????????? 0s 46ms/step - acc: 0.5195 - auc: 0.5285 - loss: 0.6929
Epoch 1: val_acc improved from -inf to 0.72635, saving model to saved_models/best_MACSynDCR_CNN_model.keras
50/50 ???????????????????? 4s 57ms/step - acc: 0.5202 - auc: 0.5298 - loss: 0.6927 - val_acc: 0.7263 - val_auc: 0.7948 - val_loss: 0.6461
Epoch 2/10
49/50 ???????????????????? 0s 51ms/step - acc: 0.6607 - auc: 0.7254 - loss: 0.6204
Epoch 2: val_acc improved from 0.72635 to 0.73778, saving model to saved_models/best_MACSynDCR_CNN_model.keras
50/50 ???????????????????? 3s 54ms/step - acc: 0.6622 - auc: 0.7272 - loss: 0.6188 - val_acc: 0.7378 - val_auc: 0.8086 - val_loss: 0.5321
Epoch 3/10
49/50 ???????????????????? 0s 47ms/step - acc: 0.7612 - auc: 0.8389 - loss: 0.4977
Epoch 3: val_acc improved from 0.73778 to 0.80889, saving model to saved_models/best_MACSynDCR_CNN_model.keras
50/50 ???????????????????? 3s 51ms/step - acc: 0.7617 - auc: 0.8394 - loss: 0.4970 - val_acc: 0.8089 - val_auc: 0.8839 - val_loss: 0.4312
Epoch 4/10
49/50 ???????????????????? 0s 47ms/step - acc: 0.7857 - auc: 0.8689 - loss: 0.4528
Epoch 4: val_acc improved from 0.80889 to 0.81651, saving model to saved_models/best_MACSynDCR_CNN_model.keras
50/50 ???????????????????? 3s 50ms/step - acc: 0.7859 - auc: 0.8690 - loss: 0.4526 - val_acc: 0.8165 - val_auc: 0.8938 - val_loss: 0.4119
Epoch 5/10
49/50 ???????????????????? 0s 46ms/step - acc: 0.8035 - auc: 0.8841 - loss: 0.4291
Epoch 5: val_acc improved from 0.81651 to 0.81778, saving model to saved_models/best_MACSynDCR_CNN_model.keras
50/50 ???????????????????? 3s 50ms/step - acc: 0.8032 - auc: 0.8839 - loss: 0.4294 - val_acc: 0.8178 - val_auc: 0.8976 - val_loss: 0.4074
Epoch 6/10
49/50 ???????????????????? 0s 45ms/step - acc: 0.8064 - auc: 0.8889 - loss: 0.4205
Epoch 6: val_acc did not improve from 0.81778
50/50 ???????????????????? 2s 48ms/step - acc: 0.8063 - auc: 0.8889 - loss: 0.4205 - val_acc: 0.8165 - val_auc: 0.8991 - val_loss: 0.4015
Epoch 7/10
49/50 ???????????????????? 0s 46ms/step - acc: 0.8110 - auc: 0.8903 - loss: 0.4187
Epoch 7: val_acc improved from 0.81778 to 0.81968, saving model to saved_models/best_MACSynDCR_CNN_model.keras
50/50 ???????????????????? 3s 50ms/step - acc: 0.8111 - auc: 0.8904 - loss: 0.4185 - val_acc: 0.8197 - val_auc: 0.9039 - val_loss: 0.3924
Epoch 8/10
49/50 ???????????????????? 0s 46ms/step - acc: 0.8000 - auc: 0.8878 - loss: 0.4214
Epoch 8: val_acc improved from 0.81968 to 0.82032, saving model to saved_models/best_MACSynDCR_CNN_model.keras
50/50 ???????????????????? 3s 50ms/step - acc: 0.8001 - auc: 0.8878 - loss: 0.4214 - val_acc: 0.8203 - val_auc: 0.9022 - val_loss: 0.3980
Epoch 9/10
49/50 ???????????????????? 0s 48ms/step - acc: 0.8161 - auc: 0.8936 - loss: 0.4117
Epoch 9: val_acc improved from 0.82032 to 0.82730, saving model to saved_models/best_MACSynDCR_CNN_model.keras
50/50 ???????????????????? 3s 52ms/step - acc: 0.8163 - auc: 0.8937 - loss: 0.4115 - val_acc: 0.8273 - val_auc: 0.9075 - val_loss: 0.3862
Epoch 10/10
49/50 ???????????????????? 0s 47ms/step - acc: 0.8189 - auc: 0.8974 - loss: 0.4055
Epoch 10: val_acc improved from 0.82730 to 0.83048, saving model to saved_models/best_MACSynDCR_CNN_model.keras
50/50 ???????????????????? 3s 51ms/step - acc: 0.8189 - auc: 0.8974 - loss: 0.4054 - val_acc: 0.8305 - val_auc: 0.9071 - val_loss: 0.3872
50/50 ???????????????????? 0s 6ms/step
50/50 ???????????????????? 0s 4ms/step
CNN: Accuracy: 0.8305, AUC-ROC: 0.9082
CNN: AUC-PR: 0.9095, Precision: 0.8141,
CNN Recall: 0.8449, F1 Score: 0.8292
CNN:RMSE: 16.3401 , PCC: 0.7117
Evaluation of Keras MACSynDCR_ANN model:
50/50 ???????????????????? 1s 4ms/step - acc: 0.8768 - auc: 0.9391 - loss: 0.4065
Evaluate->  Loss: 0.3939, Accuracy: 0.8806,AUC: 0.9444
50/50 ???????????????????? 0s 6ms/step
197/197 ???????????????????? 1s 3ms/step
ANN: Accuracy: 0.8806, AUC-ROC: 0.9497
ANN: AUC-PR: 0.9485, Precision: 0.8896,
ANN Recall: 0.8618, F1 Score: 0.8755
ANN:RMSE: 13.7113 , PCC: 0.7968
****************************************************************************************************
Evaluation of Keras MACSynDCR_CNN model:
50/50 ???????????????????? 1s 4ms/step - acc: 0.8378 - auc: 0.9155 - loss: 0.3710
Evaluate->  Loss: 0.3872, Accuracy: 0.8305,Accuracy: 0.9071
50/50 ???????????????????? 0s 5ms/step
197/197 ???????????????????? 1s 4ms/step
CNN: Accuracy: 0.8305, AUC-ROC: 0.9082
CNN: AUC-PR: 0.9095, Precision: 0.8141,
CNN Recall: 0.8449, F1 Score: 0.8292
CNN:RMSE: 16.3401 , PCC: 0.7117
****************************************************************************************************
Accuracy Score and AUC for ANN = AUC: 0.9529, Accuracy: 0.8876
Accuracy Score and AUC for KANN = AUC: 0.9497, Accuracy: 0.8806
Accuracy Score and AUC for KCNN = AUC: 0.9082, Accuracy: 0.8305
Average AUC = AUC: 0.9534, Accuracy: 0.8978
MAX AUC = AUC: 0.9483, Accuracy: 0.8540
Fitting 5 folds for each of 14 candidates, totalling 70 fits
Finall ensemble results of fold_3 for MACSynDCR:
----------------------------------------------------------------------------------------------------
Ensemble Accuracy: 0.9067, AUC-ROC: 0.9573
Ensemble AUC-PR: 0.9525, Precision: 0.9058,
Ensemble Recall: 0.9022, F1 Score: 0.9040
Ensemble RMSE: 12.1244 , PCC: 0.8325
----------------------------------------------------------------------------------------------------
Fold 4
Data processing and Training of MACSynDCR_ANN model:
ANN_model saved with Val_ACC: 0.4870 Val_AUC: 0.4708
fold_4: Epoch [1/10], Loss: 0.7170, Val_ACC: 0.4870, Val_AUC: 0.4708
ANN_model saved with Val_ACC: 0.7663 Val_AUC: 0.8735
ANN_model saved with Val_ACC: 0.8102 Val_AUC: 0.8953
ANN_model saved with Val_ACC: 0.8330 Val_AUC: 0.9127
ANN_model saved with Val_ACC: 0.8394 Val_AUC: 0.9228
ANN_model saved with Val_ACC: 0.8527 Val_AUC: 0.9327
ANN_model saved with Val_ACC: 0.8673 Val_AUC: 0.9406
ANN_model saved with Val_ACC: 0.8800 Val_AUC: 0.9467
ANN_model saved with Val_ACC: 0.8832 Val_AUC: 0.9522
ANN_model saved with Val_ACC: 0.8933 Val_AUC: 0.9552
Accuracy: 0.8933, AUC-ROC: 0.9552
 AUC-PR: 0.9565, Precision: 0.9045, Recall: 0.8842, F1 Score: 0.8942
RMSE: 11.3325 , PCC: 0.8237
Data processing and Training of MACSynDCR_ANN model:
MACSynDCR_ANN model:
Model: "sequential_6"
????????????????????????????????????????????????????????????????????????????????????????
? Layer (type)                         ? Output Shape                ?         Param # ?
????????????????????????????????????????????????????????????????????????????????????????
¦ dense_24 (Dense)                     ¦ (None, 2048)                ¦       4,458,496 ¦
+--------------------------------------+-----------------------------+-----------------¦
¦ batch_normalization_15               ¦ (None, 2048)                ¦           8,192 ¦
¦ (BatchNormalization)                 ¦                             ¦                 ¦
+--------------------------------------+-----------------------------+-----------------¦
¦ dense_25 (Dense)                     ¦ (None, 1024)                ¦       2,098,176 ¦
+--------------------------------------+-----------------------------+-----------------¦
¦ batch_normalization_16               ¦ (None, 1024)                ¦           4,096 ¦
¦ (BatchNormalization)                 ¦                             ¦                 ¦
+--------------------------------------+-----------------------------+-----------------¦
¦ dense_26 (Dense)                     ¦ (None, 512)                 ¦         524,800 ¦
+--------------------------------------+-----------------------------+-----------------¦
¦ batch_normalization_17               ¦ (None, 512)                 ¦           2,048 ¦
¦ (BatchNormalization)                 ¦                             ¦                 ¦
+--------------------------------------+-----------------------------+-----------------¦
¦ dense_27 (Dense)                     ¦ (None, 256)                 ¦         131,328 ¦
+--------------------------------------+-----------------------------+-----------------¦
¦ batch_normalization_18               ¦ (None, 256)                 ¦           1,024 ¦
¦ (BatchNormalization)                 ¦                             ¦                 ¦
+--------------------------------------+-----------------------------+-----------------¦
¦ dense_28 (Dense)                     ¦ (None, 128)                 ¦          32,896 ¦
+--------------------------------------+-----------------------------+-----------------¦
¦ batch_normalization_19               ¦ (None, 128)                 ¦             512 ¦
¦ (BatchNormalization)                 ¦                             ¦                 ¦
+--------------------------------------+-----------------------------+-----------------¦
¦ dense_29 (Dense)                     ¦ (None, 2)                   ¦             258 ¦
+--------------------------------------------------------------------------------------+
 Total params: 7,261,826 (27.70 MB)
 Trainable params: 7,253,890 (27.67 MB)
 Non-trainable params: 7,936 (31.00 KB)
Epoch 1/10
50/50 ???????????????????? 0s 47ms/step - acc: 0.7575 - auc: 0.8331 - loss: 0.5524
Epoch 1: val_auc improved from -inf to 0.63391, saving model to saved_models/best_MACSynDCR_ANN_model.keras
50/50 ???????????????????? 7s 70ms/step - acc: 0.7585 - auc: 0.8341 - loss: 0.5504 - val_acc: 0.5098 - val_auc: 0.6339 - val_loss: 1.5826
Epoch 2/10
50/50 ???????????????????? 0s 47ms/step - acc: 0.9002 - auc: 0.9605 - loss: 0.2546
Epoch 2: val_auc improved from 0.63391 to 0.71527, saving model to saved_models/best_MACSynDCR_ANN_model.keras
50/50 ???????????????????? 3s 66ms/step - acc: 0.9001 - auc: 0.9605 - loss: 0.2546 - val_acc: 0.6000 - val_auc: 0.7153 - val_loss: 0.8931
Epoch 3/10
49/50 ???????????????????? 0s 48ms/step - acc: 0.9290 - auc: 0.9805 - loss: 0.1795
Epoch 3: val_auc improved from 0.71527 to 0.83663, saving model to saved_models/best_MACSynDCR_ANN_model.keras
50/50 ???????????????????? 3s 64ms/step - acc: 0.9286 - auc: 0.9803 - loss: 0.1801 - val_acc: 0.7530 - val_auc: 0.8366 - val_loss: 0.5617
Epoch 4/10
49/50 ???????????????????? 0s 46ms/step - acc: 0.9390 - auc: 0.9836 - loss: 0.1631
Epoch 4: val_auc improved from 0.83663 to 0.91019, saving model to saved_models/best_MACSynDCR_ANN_model.keras
50/50 ???????????????????? 3s 61ms/step - acc: 0.9388 - auc: 0.9835 - loss: 0.1636 - val_acc: 0.8317 - val_auc: 0.9102 - val_loss: 0.4125
Epoch 5/10
49/50 ???????????????????? 0s 49ms/step - acc: 0.9496 - auc: 0.9896 - loss: 0.1299
Epoch 5: val_auc improved from 0.91019 to 0.93498, saving model to saved_models/best_MACSynDCR_ANN_model.keras
50/50 ???????????????????? 3s 64ms/step - acc: 0.9495 - auc: 0.9895 - loss: 0.1301 - val_acc: 0.8711 - val_auc: 0.9350 - val_loss: 0.3816
Epoch 6/10
50/50 ???????????????????? 0s 46ms/step - acc: 0.9551 - auc: 0.9908 - loss: 0.1232
Epoch 6: val_auc improved from 0.93498 to 0.94549, saving model to saved_models/best_MACSynDCR_ANN_model.keras
50/50 ???????????????????? 3s 60ms/step - acc: 0.9551 - auc: 0.9908 - loss: 0.1233 - val_acc: 0.8819 - val_auc: 0.9455 - val_loss: 0.3576
Epoch 7/10
49/50 ???????????????????? 0s 48ms/step - acc: 0.9672 - auc: 0.9950 - loss: 0.0905
Epoch 7: val_auc improved from 0.94549 to 0.94618, saving model to saved_models/best_MACSynDCR_ANN_model.keras
50/50 ???????????????????? 3s 63ms/step - acc: 0.9671 - auc: 0.9949 - loss: 0.0907 - val_acc: 0.8832 - val_auc: 0.9462 - val_loss: 0.3808
Epoch 8/10
50/50 ???????????????????? 0s 46ms/step - acc: 0.9702 - auc: 0.9946 - loss: 0.0900
Epoch 8: val_auc did not improve from 0.94618
50/50 ???????????????????? 2s 49ms/step - acc: 0.9701 - auc: 0.9946 - loss: 0.0901 - val_acc: 0.8775 - val_auc: 0.9461 - val_loss: 0.3696
Epoch 9/10
50/50 ???????????????????? 0s 49ms/step - acc: 0.9684 - auc: 0.9953 - loss: 0.0863
Epoch 9: val_auc did not improve from 0.94618
50/50 ???????????????????? 3s 52ms/step - acc: 0.9684 - auc: 0.9953 - loss: 0.0864 - val_acc: 0.8794 - val_auc: 0.9414 - val_loss: 0.4353
Epoch 10/10
49/50 ???????????????????? 0s 47ms/step - acc: 0.9682 - auc: 0.9936 - loss: 0.0931
Epoch 10: val_auc did not improve from 0.94618
50/50 ???????????????????? 3s 50ms/step - acc: 0.9681 - auc: 0.9936 - loss: 0.0932 - val_acc: 0.8806 - val_auc: 0.9440 - val_loss: 0.4010
50/50 ???????????????????? 0s 6ms/step
50/50 ???????????????????? 0s 3ms/step
ANN: Accuracy: 0.8832, AUC-ROC: 0.9484
ANN: AUC-PR: 0.9453, Precision: 0.8733,
ANN Recall: 0.9016, F1 Score: 0.8873
\ANN:RMSE: 13.5647 , PCC: 0.8070
Data processing and Training of MACSynDCR_CNN model:
MACSynDCR_CNN model:
Model: "sequential_7"
????????????????????????????????????????????????????????????????????????????????????????
? Layer (type)                         ? Output Shape                ?         Param # ?
????????????????????????????????????????????????????????????????????????????????????????
¦ conv2d_9 (Conv2D)                    ¦ (None, 66, 30, 32)          ¦             320 ¦
+--------------------------------------+-----------------------------+-----------------¦
¦ max_pooling2d_9 (MaxPooling2D)       ¦ (None, 33, 15, 32)          ¦               0 ¦
+--------------------------------------+-----------------------------+-----------------¦
¦ dropout_9 (Dropout)                  ¦ (None, 33, 15, 32)          ¦               0 ¦
+--------------------------------------+-----------------------------+-----------------¦
¦ conv2d_10 (Conv2D)                   ¦ (None, 31, 13, 64)          ¦          18,496 ¦
+--------------------------------------+-----------------------------+-----------------¦
¦ max_pooling2d_10 (MaxPooling2D)      ¦ (None, 15, 6, 64)           ¦               0 ¦
+--------------------------------------+-----------------------------+-----------------¦
¦ dropout_10 (Dropout)                 ¦ (None, 15, 6, 64)           ¦               0 ¦
+--------------------------------------+-----------------------------+-----------------¦
¦ conv2d_11 (Conv2D)                   ¦ (None, 13, 4, 128)          ¦          73,856 ¦
+--------------------------------------+-----------------------------+-----------------¦
¦ max_pooling2d_11 (MaxPooling2D)      ¦ (None, 6, 2, 128)           ¦               0 ¦
+--------------------------------------+-----------------------------+-----------------¦
¦ dropout_11 (Dropout)                 ¦ (None, 6, 2, 128)           ¦               0 ¦
+--------------------------------------+-----------------------------+-----------------¦
¦ flatten_3 (Flatten)                  ¦ (None, 1536)                ¦               0 ¦
+--------------------------------------+-----------------------------+-----------------¦
¦ dense_30 (Dense)                     ¦ (None, 128)                 ¦         196,736 ¦
+--------------------------------------+-----------------------------+-----------------¦
¦ dense_31 (Dense)                     ¦ (None, 2)                   ¦             258 ¦
+--------------------------------------------------------------------------------------+
 Total params: 289,666 (1.10 MB)
 Trainable params: 289,666 (1.10 MB)
 Non-trainable params: 0 (0.00 B)
Epoch 1/10
49/50 ???????????????????? 0s 46ms/step - acc: 0.5050 - auc: 0.5019 - loss: 0.7173
Epoch 1: val_acc improved from -inf to 0.49016, saving model to saved_models/best_MACSynDCR_CNN_model.keras
50/50 ???????????????????? 4s 55ms/step - acc: 0.5050 - auc: 0.5021 - loss: 0.7167 - val_acc: 0.4902 - val_auc: 0.5574 - val_loss: 0.6931
Epoch 2/10
48/50 ???????????????????? 0s 47ms/step - acc: 0.5230 - auc: 0.5453 - loss: 0.6910
Epoch 2: val_acc improved from 0.49016 to 0.73397, saving model to saved_models/best_MACSynDCR_CNN_model.keras
50/50 ???????????????????? 3s 51ms/step - acc: 0.5229 - auc: 0.5450 - loss: 0.6910 - val_acc: 0.7340 - val_auc: 0.8136 - val_loss: 0.6818
Epoch 3/10
49/50 ???????????????????? 0s 45ms/step - acc: 0.6060 - auc: 0.6433 - loss: 0.6735
Epoch 3: val_acc did not improve from 0.73397
50/50 ???????????????????? 2s 47ms/step - acc: 0.6064 - auc: 0.6440 - loss: 0.6728 - val_acc: 0.7206 - val_auc: 0.7895 - val_loss: 0.5630
Epoch 4/10
49/50 ???????????????????? 0s 46ms/step - acc: 0.7281 - auc: 0.8022 - loss: 0.5452
Epoch 4: val_acc improved from 0.73397 to 0.78540, saving model to saved_models/best_MACSynDCR_CNN_model.keras
50/50 ???????????????????? 3s 50ms/step - acc: 0.7289 - auc: 0.8031 - loss: 0.5441 - val_acc: 0.7854 - val_auc: 0.8722 - val_loss: 0.4505
Epoch 5/10
49/50 ???????????????????? 0s 47ms/step - acc: 0.7762 - auc: 0.8613 - loss: 0.4649
Epoch 5: val_acc improved from 0.78540 to 0.79556, saving model to saved_models/best_MACSynDCR_CNN_model.keras
50/50 ???????????????????? 3s 50ms/step - acc: 0.7762 - auc: 0.8611 - loss: 0.4651 - val_acc: 0.7956 - val_auc: 0.8828 - val_loss: 0.4328
Epoch 6/10
50/50 ???????????????????? 0s 43ms/step - acc: 0.7828 - auc: 0.8684 - loss: 0.4541
Epoch 6: val_acc improved from 0.79556 to 0.80254, saving model to saved_models/best_MACSynDCR_CNN_model.keras
50/50 ???????????????????? 2s 48ms/step - acc: 0.7828 - auc: 0.8685 - loss: 0.4539 - val_acc: 0.8025 - val_auc: 0.8874 - val_loss: 0.4229
Epoch 7/10
49/50 ???????????????????? 0s 46ms/step - acc: 0.7928 - auc: 0.8788 - loss: 0.4379
Epoch 7: val_acc improved from 0.80254 to 0.80508, saving model to saved_models/best_MACSynDCR_CNN_model.keras
50/50 ???????????????????? 3s 50ms/step - acc: 0.7929 - auc: 0.8789 - loss: 0.4378 - val_acc: 0.8051 - val_auc: 0.8884 - val_loss: 0.4230
Epoch 8/10
50/50 ???????????????????? 0s 44ms/step - acc: 0.7991 - auc: 0.8830 - loss: 0.4295
Epoch 8: val_acc improved from 0.80508 to 0.81841, saving model to saved_models/best_MACSynDCR_CNN_model.keras
50/50 ???????????????????? 2s 49ms/step - acc: 0.7992 - auc: 0.8830 - loss: 0.4295 - val_acc: 0.8184 - val_auc: 0.8982 - val_loss: 0.4039
Epoch 9/10
50/50 ???????????????????? 0s 46ms/step - acc: 0.8101 - auc: 0.8940 - loss: 0.4111
Epoch 9: val_acc did not improve from 0.81841
50/50 ???????????????????? 2s 49ms/step - acc: 0.8102 - auc: 0.8940 - loss: 0.4111 - val_acc: 0.8089 - val_auc: 0.9015 - val_loss: 0.3998
Epoch 10/10
49/50 ???????????????????? 0s 49ms/step - acc: 0.8166 - auc: 0.9013 - loss: 0.3977
Epoch 10: val_acc improved from 0.81841 to 0.82349, saving model to saved_models/best_MACSynDCR_CNN_model.keras
50/50 ???????????????????? 3s 53ms/step - acc: 0.8166 - auc: 0.9011 - loss: 0.3979 - val_acc: 0.8235 - val_auc: 0.9005 - val_loss: 0.3992
50/50 ???????????????????? 1s 13ms/step
50/50 ???????????????????? 0s 4ms/step
CNN: Accuracy: 0.8235, AUC-ROC: 0.9069
CNN: AUC-PR: 0.9049, Precision: 0.7940,
CNN Recall: 0.8829, F1 Score: 0.8361
CNN:RMSE: 16.6733 , PCC: 0.7125
Evaluation of Keras MACSynDCR_ANN model:
50/50 ???????????????????? 1s 4ms/step - acc: 0.8829 - auc: 0.9412 - loss: 0.4013
Evaluate->  Loss: 0.3808, Accuracy: 0.8832,AUC: 0.9462
50/50 ???????????????????? 0s 6ms/step
197/197 ???????????????????? 1s 4ms/step
ANN: Accuracy: 0.8832, AUC-ROC: 0.9484
ANN: AUC-PR: 0.9453, Precision: 0.8733,
ANN Recall: 0.9016, F1 Score: 0.8873
ANN:RMSE: 13.5647 , PCC: 0.8070
****************************************************************************************************
Evaluation of Keras MACSynDCR_CNN model:
50/50 ???????????????????? 1s 4ms/step - acc: 0.8226 - auc: 0.8983 - loss: 0.4035
Evaluate->  Loss: 0.3992, Accuracy: 0.8235,Accuracy: 0.9005
50/50 ???????????????????? 0s 5ms/step
197/197 ???????????????????? 1s 4ms/step
CNN: Accuracy: 0.8235, AUC-ROC: 0.9069
CNN: AUC-PR: 0.9049, Precision: 0.7940,
CNN Recall: 0.8829, F1 Score: 0.8361
CNN:RMSE: 16.6733 , PCC: 0.7125
****************************************************************************************************
Accuracy Score and AUC for ANN = AUC: 0.9552, Accuracy: 0.8933
Accuracy Score and AUC for KANN = AUC: 0.9484, Accuracy: 0.8832
Accuracy Score and AUC for KCNN = AUC: 0.9069, Accuracy: 0.8235
Average AUC = AUC: 0.9548, Accuracy: 0.9003
MAX AUC = AUC: 0.9470, Accuracy: 0.8362
Fitting 5 folds for each of 14 candidates, totalling 70 fits
Finall ensemble results of fold_4 for MACSynDCR:
----------------------------------------------------------------------------------------------------
Ensemble Accuracy: 0.8990, AUC-ROC: 0.9570
Ensemble AUC-PR: 0.9566, Precision: 0.8927,
Ensemble Recall: 0.9116, F1 Score: 0.9020
Ensemble RMSE: 12.6095 , PCC: 0.8334
----------------------------------------------------------------------------------------------------
Fold 5
Data processing and Training of MACSynDCR_ANN model:
ANN_model saved with Val_ACC: 0.4835 Val_AUC: 0.4972
fold_5: Epoch [1/10], Loss: 0.6961, Val_ACC: 0.4835, Val_AUC: 0.4972
ANN_model saved with Val_ACC: 0.7992 Val_AUC: 0.8815
ANN_model saved with Val_ACC: 0.8177 Val_AUC: 0.9030
ANN_model saved with Val_ACC: 0.8316 Val_AUC: 0.9160
ANN_model saved with Val_ACC: 0.8482 Val_AUC: 0.9278
ANN_model saved with Val_ACC: 0.8571 Val_AUC: 0.9372
ANN_model saved with Val_ACC: 0.8634 Val_AUC: 0.9445
ANN_model saved with Val_ACC: 0.8710 Val_AUC: 0.9481
ANN_model saved with Val_ACC: 0.8850 Val_AUC: 0.9503
ANN_model saved with Val_ACC: 0.8856 Val_AUC: 0.9530
Accuracy: 0.8856, AUC-ROC: 0.9530
 AUC-PR: 0.9537, Precision: 0.8923, Recall: 0.8811, F1 Score: 0.8866
RMSE: 11.4295 , PCC: 0.8180
Data processing and Training of MACSynDCR_ANN model:
MACSynDCR_ANN model:
Model: "sequential_8"
????????????????????????????????????????????????????????????????????????????????????????
? Layer (type)                         ? Output Shape                ?         Param # ?
????????????????????????????????????????????????????????????????????????????????????????
¦ dense_32 (Dense)                     ¦ (None, 2048)                ¦       4,458,496 ¦
+--------------------------------------+-----------------------------+-----------------¦
¦ batch_normalization_20               ¦ (None, 2048)                ¦           8,192 ¦
¦ (BatchNormalization)                 ¦                             ¦                 ¦
+--------------------------------------+-----------------------------+-----------------¦
¦ dense_33 (Dense)                     ¦ (None, 1024)                ¦       2,098,176 ¦
+--------------------------------------+-----------------------------+-----------------¦
¦ batch_normalization_21               ¦ (None, 1024)                ¦           4,096 ¦
¦ (BatchNormalization)                 ¦                             ¦                 ¦
+--------------------------------------+-----------------------------+-----------------¦
¦ dense_34 (Dense)                     ¦ (None, 512)                 ¦         524,800 ¦
+--------------------------------------+-----------------------------+-----------------¦
¦ batch_normalization_22               ¦ (None, 512)                 ¦           2,048 ¦
¦ (BatchNormalization)                 ¦                             ¦                 ¦
+--------------------------------------+-----------------------------+-----------------¦
¦ dense_35 (Dense)                     ¦ (None, 256)                 ¦         131,328 ¦
+--------------------------------------+-----------------------------+-----------------¦
¦ batch_normalization_23               ¦ (None, 256)                 ¦           1,024 ¦
¦ (BatchNormalization)                 ¦                             ¦                 ¦
+--------------------------------------+-----------------------------+-----------------¦
¦ dense_36 (Dense)                     ¦ (None, 128)                 ¦          32,896 ¦
+--------------------------------------+-----------------------------+-----------------¦
¦ batch_normalization_24               ¦ (None, 128)                 ¦             512 ¦
¦ (BatchNormalization)                 ¦                             ¦                 ¦
+--------------------------------------+-----------------------------+-----------------¦
¦ dense_37 (Dense)                     ¦ (None, 2)                   ¦             258 ¦
+--------------------------------------------------------------------------------------+
 Total params: 7,261,826 (27.70 MB)
 Trainable params: 7,253,890 (27.67 MB)
 Non-trainable params: 7,936 (31.00 KB)
Epoch 1/10
49/50 ???????????????????? 0s 47ms/step - acc: 0.7431 - auc: 0.8131 - loss: 0.6244
Epoch 1: val_auc improved from -inf to 0.78405, saving model to saved_models/best_MACSynDCR_ANN_model.keras
50/50 ???????????????????? 6s 68ms/step - acc: 0.7453 - auc: 0.8156 - loss: 0.6185 - val_acc: 0.6893 - val_auc: 0.7841 - val_loss: 0.5697
Epoch 2/10
49/50 ???????????????????? 0s 47ms/step - acc: 0.8982 - auc: 0.9620 - loss: 0.2510
Epoch 2: val_auc improved from 0.78405 to 0.85904, saving model to saved_models/best_MACSynDCR_ANN_model.keras
50/50 ???????????????????? 3s 62ms/step - acc: 0.8982 - auc: 0.9619 - loss: 0.2511 - val_acc: 0.7764 - val_auc: 0.8590 - val_loss: 0.4685
Epoch 3/10
49/50 ???????????????????? 0s 47ms/step - acc: 0.9350 - auc: 0.9784 - loss: 0.1883
Epoch 3: val_auc improved from 0.85904 to 0.91351, saving model to saved_models/best_MACSynDCR_ANN_model.keras
50/50 ???????????????????? 3s 62ms/step - acc: 0.9347 - auc: 0.9783 - loss: 0.1886 - val_acc: 0.8291 - val_auc: 0.9135 - val_loss: 0.3763
Epoch 4/10
49/50 ???????????????????? 0s 47ms/step - acc: 0.9448 - auc: 0.9882 - loss: 0.1417
Epoch 4: val_auc improved from 0.91351 to 0.93256, saving model to saved_models/best_MACSynDCR_ANN_model.keras
50/50 ???????????????????? 3s 60ms/step - acc: 0.9446 - auc: 0.9881 - loss: 0.1421 - val_acc: 0.8526 - val_auc: 0.9326 - val_loss: 0.3388
Epoch 5/10
49/50 ???????????????????? 0s 48ms/step - acc: 0.9511 - auc: 0.9900 - loss: 0.1273
Epoch 5: val_auc improved from 0.93256 to 0.93570, saving model to saved_models/best_MACSynDCR_ANN_model.keras
50/50 ???????????????????? 3s 61ms/step - acc: 0.9509 - auc: 0.9899 - loss: 0.1277 - val_acc: 0.8717 - val_auc: 0.9357 - val_loss: 0.3664
Epoch 6/10
49/50 ???????????????????? 0s 46ms/step - acc: 0.9436 - auc: 0.9870 - loss: 0.1443
Epoch 6: val_auc improved from 0.93570 to 0.94468, saving model to saved_models/best_MACSynDCR_ANN_model.keras
50/50 ???????????????????? 3s 60ms/step - acc: 0.9436 - auc: 0.9870 - loss: 0.1444 - val_acc: 0.8774 - val_auc: 0.9447 - val_loss: 0.3514
Epoch 7/10
49/50 ???????????????????? 0s 47ms/step - acc: 0.9594 - auc: 0.9904 - loss: 0.1202
Epoch 7: val_auc improved from 0.94468 to 0.95536, saving model to saved_models/best_MACSynDCR_ANN_model.keras
50/50 ???????????????????? 3s 64ms/step - acc: 0.9594 - auc: 0.9905 - loss: 0.1201 - val_acc: 0.8939 - val_auc: 0.9554 - val_loss: 0.3159
Epoch 8/10
50/50 ???????????????????? 0s 46ms/step - acc: 0.9763 - auc: 0.9967 - loss: 0.0715
Epoch 8: val_auc did not improve from 0.95536
50/50 ???????????????????? 2s 49ms/step - acc: 0.9762 - auc: 0.9967 - loss: 0.0715 - val_acc: 0.8818 - val_auc: 0.9520 - val_loss: 0.3348
Epoch 9/10
50/50 ???????????????????? 0s 47ms/step - acc: 0.9774 - auc: 0.9975 - loss: 0.0640
Epoch 9: val_auc did not improve from 0.95536
50/50 ???????????????????? 3s 49ms/step - acc: 0.9773 - auc: 0.9975 - loss: 0.0641 - val_acc: 0.8971 - val_auc: 0.9512 - val_loss: 0.3800
Epoch 10/10
50/50 ???????????????????? 0s 47ms/step - acc: 0.9764 - auc: 0.9967 - loss: 0.0710
Epoch 10: val_auc improved from 0.95536 to 0.95574, saving model to saved_models/best_MACSynDCR_ANN_model.keras
50/50 ???????????????????? 3s 64ms/step - acc: 0.9763 - auc: 0.9966 - loss: 0.0711 - val_acc: 0.8977 - val_auc: 0.9557 - val_loss: 0.3624
50/50 ???????????????????? 0s 6ms/step
50/50 ???????????????????? 0s 3ms/step
ANN: Accuracy: 0.8977, AUC-ROC: 0.9575
ANN: AUC-PR: 0.9559, Precision: 0.9038,
ANN Recall: 0.8936, F1 Score: 0.8987
\ANN:RMSE: 12.6886 , PCC: 0.8260
Data processing and Training of MACSynDCR_CNN model:
MACSynDCR_CNN model:
Model: "sequential_9"
????????????????????????????????????????????????????????????????????????????????????????
? Layer (type)                         ? Output Shape                ?         Param # ?
????????????????????????????????????????????????????????????????????????????????????????
¦ conv2d_12 (Conv2D)                   ¦ (None, 66, 30, 32)          ¦             320 ¦
+--------------------------------------+-----------------------------+-----------------¦
¦ max_pooling2d_12 (MaxPooling2D)      ¦ (None, 33, 15, 32)          ¦               0 ¦
+--------------------------------------+-----------------------------+-----------------¦
¦ dropout_12 (Dropout)                 ¦ (None, 33, 15, 32)          ¦               0 ¦
+--------------------------------------+-----------------------------+-----------------¦
¦ conv2d_13 (Conv2D)                   ¦ (None, 31, 13, 64)          ¦          18,496 ¦
+--------------------------------------+-----------------------------+-----------------¦
¦ max_pooling2d_13 (MaxPooling2D)      ¦ (None, 15, 6, 64)           ¦               0 ¦
+--------------------------------------+-----------------------------+-----------------¦
¦ dropout_13 (Dropout)                 ¦ (None, 15, 6, 64)           ¦               0 ¦
+--------------------------------------+-----------------------------+-----------------¦
¦ conv2d_14 (Conv2D)                   ¦ (None, 13, 4, 128)          ¦          73,856 ¦
+--------------------------------------+-----------------------------+-----------------¦
¦ max_pooling2d_14 (MaxPooling2D)      ¦ (None, 6, 2, 128)           ¦               0 ¦
+--------------------------------------+-----------------------------+-----------------¦
¦ dropout_14 (Dropout)                 ¦ (None, 6, 2, 128)           ¦               0 ¦
+--------------------------------------+-----------------------------+-----------------¦
¦ flatten_4 (Flatten)                  ¦ (None, 1536)                ¦               0 ¦
+--------------------------------------+-----------------------------+-----------------¦
¦ dense_38 (Dense)                     ¦ (None, 128)                 ¦         196,736 ¦
+--------------------------------------+-----------------------------+-----------------¦
¦ dense_39 (Dense)                     ¦ (None, 2)                   ¦             258 ¦
+--------------------------------------------------------------------------------------+
 Total params: 289,666 (1.10 MB)
 Trainable params: 289,666 (1.10 MB)
 Non-trainable params: 0 (0.00 B)
Epoch 1/10
50/50 ???????????????????? 0s 45ms/step - acc: 0.5006 - auc: 0.4960 - loss: 0.6990
Epoch 1: val_acc improved from -inf to 0.55210, saving model to saved_models/best_MACSynDCR_CNN_model.keras
50/50 ???????????????????? 4s 55ms/step - acc: 0.5006 - auc: 0.4962 - loss: 0.6989 - val_acc: 0.5521 - val_auc: 0.6001 - val_loss: 0.6905
Epoch 2/10
50/50 ???????????????????? 0s 44ms/step - acc: 0.5424 - auc: 0.5652 - loss: 0.6876
Epoch 2: val_acc improved from 0.55210 to 0.63850, saving model to saved_models/best_MACSynDCR_CNN_model.keras
50/50 ???????????????????? 2s 49ms/step - acc: 0.5429 - auc: 0.5660 - loss: 0.6874 - val_acc: 0.6385 - val_auc: 0.7502 - val_loss: 0.6125
Epoch 3/10
50/50 ???????????????????? 0s 46ms/step - acc: 0.6860 - auc: 0.7591 - loss: 0.5867
Epoch 3: val_acc improved from 0.63850 to 0.77954, saving model to saved_models/best_MACSynDCR_CNN_model.keras
50/50 ???????????????????? 3s 51ms/step - acc: 0.6866 - auc: 0.7598 - loss: 0.5861 - val_acc: 0.7795 - val_auc: 0.8596 - val_loss: 0.4714
Epoch 4/10
49/50 ???????????????????? 0s 46ms/step - acc: 0.7616 - auc: 0.8407 - loss: 0.4940
Epoch 4: val_acc did not improve from 0.77954
50/50 ???????????????????? 2s 49ms/step - acc: 0.7620 - auc: 0.8411 - loss: 0.4934 - val_acc: 0.7764 - val_auc: 0.8691 - val_loss: 0.4516
Epoch 5/10
49/50 ???????????????????? 0s 50ms/step - acc: 0.7797 - auc: 0.8595 - loss: 0.4703
Epoch 5: val_acc improved from 0.77954 to 0.80178, saving model to saved_models/best_MACSynDCR_CNN_model.keras
50/50 ???????????????????? 3s 55ms/step - acc: 0.7798 - auc: 0.8596 - loss: 0.4701 - val_acc: 0.8018 - val_auc: 0.8903 - val_loss: 0.4185
Epoch 6/10
49/50 ???????????????????? 0s 46ms/step - acc: 0.7962 - auc: 0.8726 - loss: 0.4476
Epoch 6: val_acc improved from 0.80178 to 0.81004, saving model to saved_models/best_MACSynDCR_CNN_model.keras
50/50 ???????????????????? 3s 50ms/step - acc: 0.7963 - auc: 0.8728 - loss: 0.4474 - val_acc: 0.8100 - val_auc: 0.8961 - val_loss: 0.4107
Epoch 7/10
48/50 ???????????????????? 0s 45ms/step - acc: 0.8100 - auc: 0.8881 - loss: 0.4233
Epoch 7: val_acc improved from 0.81004 to 0.81830, saving model to saved_models/best_MACSynDCR_CNN_model.keras
50/50 ???????????????????? 2s 49ms/step - acc: 0.8098 - auc: 0.8879 - loss: 0.4236 - val_acc: 0.8183 - val_auc: 0.9022 - val_loss: 0.3960
Epoch 8/10
49/50 ???????????????????? 0s 48ms/step - acc: 0.8016 - auc: 0.8825 - loss: 0.4319
Epoch 8: val_acc improved from 0.81830 to 0.82402, saving model to saved_models/best_MACSynDCR_CNN_model.keras
50/50 ???????????????????? 3s 52ms/step - acc: 0.8018 - auc: 0.8828 - loss: 0.4316 - val_acc: 0.8240 - val_auc: 0.9006 - val_loss: 0.3987
Epoch 9/10
49/50 ???????????????????? 0s 49ms/step - acc: 0.8091 - auc: 0.8885 - loss: 0.4207
Epoch 9: val_acc improved from 0.82402 to 0.83100, saving model to saved_models/best_MACSynDCR_CNN_model.keras
50/50 ???????????????????? 3s 53ms/step - acc: 0.8091 - auc: 0.8886 - loss: 0.4205 - val_acc: 0.8310 - val_auc: 0.9080 - val_loss: 0.3869
Epoch 10/10
48/50 ???????????????????? 0s 45ms/step - acc: 0.8161 - auc: 0.8935 - loss: 0.4110
Epoch 10: val_acc did not improve from 0.83100
50/50 ???????????????????? 2s 48ms/step - acc: 0.8162 - auc: 0.8936 - loss: 0.4108 - val_acc: 0.8253 - val_auc: 0.9099 - val_loss: 0.3810
50/50 ???????????????????? 0s 5ms/step
50/50 ???????????????????? 0s 4ms/step
CNN: Accuracy: 0.8310, AUC-ROC: 0.9078
CNN: AUC-PR: 0.9071, Precision: 0.8286,
CNN Recall: 0.8411, F1 Score: 0.8348
CNN:RMSE: 16.3095 , PCC: 0.7169
Evaluation of Keras MACSynDCR_ANN model:
50/50 ???????????????????? 1s 4ms/step - acc: 0.9090 - auc: 0.9602 - loss: 0.3300
Evaluate->  Loss: 0.3624, Accuracy: 0.8977,AUC: 0.9557
50/50 ???????????????????? 0s 6ms/step
197/197 ???????????????????? 1s 3ms/step
ANN: Accuracy: 0.8977, AUC-ROC: 0.9575
ANN: AUC-PR: 0.9559, Precision: 0.9038,
ANN Recall: 0.8936, F1 Score: 0.8987
ANN:RMSE: 12.6886 , PCC: 0.8260
****************************************************************************************************
Evaluation of Keras MACSynDCR_CNN model:
50/50 ???????????????????? 1s 5ms/step - acc: 0.8481 - auc: 0.9166 - loss: 0.3716
Evaluate->  Loss: 0.3869, Accuracy: 0.8310,Accuracy: 0.9080
50/50 ???????????????????? 0s 5ms/step
197/197 ???????????????????? 1s 4ms/step
CNN: Accuracy: 0.8310, AUC-ROC: 0.9078
CNN: AUC-PR: 0.9071, Precision: 0.8286,
CNN Recall: 0.8411, F1 Score: 0.8348
CNN:RMSE: 16.3095 , PCC: 0.7169
****************************************************************************************************
Accuracy Score and AUC for ANN = AUC: 0.9530, Accuracy: 0.8856
Accuracy Score and AUC for KANN = AUC: 0.9575, Accuracy: 0.8977
Accuracy Score and AUC for KCNN = AUC: 0.9078, Accuracy: 0.8310
Average AUC = AUC: 0.9577, Accuracy: 0.8983
MAX AUC = AUC: 0.9532, Accuracy: 0.8628
Fitting 5 folds for each of 14 candidates, totalling 70 fits
Finall ensemble results of fold_5 for MACSynDCR:
----------------------------------------------------------------------------------------------------
Ensemble Accuracy: 0.9034, AUC-ROC: 0.9602
Ensemble AUC-PR: 0.9598, Precision: 0.9059,
Ensemble Recall: 0.9036, F1 Score: 0.9048
Ensemble RMSE: 12.3288 , PCC: 0.8394
----------------------------------------------------------------------------------------------------
****************************************************************************************************
*           Final MACSynCDR Results:
****************************************************************************************************
 AUC: 0.9584 ± 0.0018
 Accuracy: 0.9016 ± 0.0062
 AUC-PR: 0.9564 ± 0.0027
 Precision: 0.9029 ± 0.0108
 Recall: 0.8996 ± 0.0083
 F1: 0.9011 ± 0.0057
 RMSE: 12.4438 ± 0.3885
 PCC: 0.8347 ± 0.0058
Max AUC: 0.9609
Max ACC: 0.9079
Max AUC-PR: 0.9598
Max Precision: 0.9200
Max Reacall: 0.9116
Max F1: 0.9049
MIN RMSE: 12.0416
Max PCC: 0.8424

