[2025-08-24 13:09:38] Fold 1
[2025-08-24 13:09:38] ----------------------------------------------------------------------------------------------------
[2025-08-24 13:09:43] ANN_model saved with Val_ACC: 0.4946
[2025-08-24 13:09:43] ----------------------------------------------------------------------------------------------------
[2025-08-24 13:09:44] fold_1: Epoch [1/250], Loss: 0.7053, ACC: 0.4946, AUC: 0.5076
[2025-08-24 13:09:44] ANN_model saved with Val_ACC: 0.6959
[2025-08-24 13:09:44] ----------------------------------------------------------------------------------------------------
[2025-08-24 13:09:45] ANN_model saved with Val_ACC: 0.7370
[2025-08-24 13:09:45] ----------------------------------------------------------------------------------------------------
[2025-08-24 13:09:45] ANN_model saved with Val_ACC: 0.7519
[2025-08-24 13:09:45] ----------------------------------------------------------------------------------------------------
[2025-08-24 13:09:46] ANN_model saved with Val_ACC: 0.7672
[2025-08-24 13:09:46] ----------------------------------------------------------------------------------------------------
[2025-08-24 13:09:47] ANN_model saved with Val_ACC: 0.7777
[2025-08-24 13:09:47] ----------------------------------------------------------------------------------------------------
[2025-08-24 13:09:47] ANN_model saved with Val_ACC: 0.7882
[2025-08-24 13:09:47] ----------------------------------------------------------------------------------------------------
[2025-08-24 13:09:48] ANN_model saved with Val_ACC: 0.7966
[2025-08-24 13:09:48] ----------------------------------------------------------------------------------------------------
[2025-08-24 13:09:48] ANN_model saved with Val_ACC: 0.8111
[2025-08-24 13:09:48] ----------------------------------------------------------------------------------------------------
[2025-08-24 13:09:49] ANN_model saved with Val_ACC: 0.8143
[2025-08-24 13:09:49] ----------------------------------------------------------------------------------------------------
[2025-08-24 13:09:50] ANN_model saved with Val_ACC: 0.8159
[2025-08-24 13:09:50] ----------------------------------------------------------------------------------------------------
[2025-08-24 13:09:51] ANN_model saved with Val_ACC: 0.8224
[2025-08-24 13:09:51] ----------------------------------------------------------------------------------------------------
[2025-08-24 13:09:51] ANN_model saved with Val_ACC: 0.8329
[2025-08-24 13:09:51] ----------------------------------------------------------------------------------------------------
[2025-08-24 13:09:52] ANN_model saved with Val_ACC: 0.8397
[2025-08-24 13:09:52] ----------------------------------------------------------------------------------------------------
[2025-08-24 13:09:53] ANN_model saved with Val_ACC: 0.8405
[2025-08-24 13:09:53] ----------------------------------------------------------------------------------------------------
[2025-08-24 13:09:54] ANN_model saved with Val_ACC: 0.8417
[2025-08-24 13:09:54] ----------------------------------------------------------------------------------------------------
[2025-08-24 13:09:55] fold_1: Epoch [21/250], Loss: 0.3587, ACC: 0.8409, AUC: 0.9176
[2025-08-24 13:09:55] ANN_model saved with Val_ACC: 0.8453
[2025-08-24 13:09:55] ----------------------------------------------------------------------------------------------------
[2025-08-24 13:09:57] ANN_model saved with Val_ACC: 0.8470
[2025-08-24 13:09:57] ----------------------------------------------------------------------------------------------------
[2025-08-24 13:10:03] fold_1: Epoch [41/250], Loss: 0.3251, ACC: 0.8377, AUC: 0.9156
[2025-08-24 13:10:12] fold_1: Epoch [61/250], Loss: 0.3192, ACC: 0.8466, AUC: 0.9184
[2025-08-24 13:10:20] fold_1: Epoch [81/250], Loss: 0.3167, ACC: 0.8429, AUC: 0.9196
[2025-08-24 13:10:28] fold_1: Epoch [101/250], Loss: 0.3157, ACC: 0.8441, AUC: 0.9192
[2025-08-24 13:10:30] ANN_model saved with Val_ACC: 0.8474
[2025-08-24 13:10:30] ----------------------------------------------------------------------------------------------------
[2025-08-24 13:10:42] fold_1: Epoch [121/250], Loss: 0.3151, ACC: 0.8373, AUC: 0.9193
[2025-08-24 13:11:36] fold_1: Epoch [141/250], Loss: 0.3146, ACC: 0.8397, AUC: 0.9193
[2025-08-24 13:11:46] fold_1: Epoch [161/250], Loss: 0.3146, ACC: 0.8389, AUC: 0.9182
[2025-08-24 13:11:55] fold_1: Epoch [181/250], Loss: 0.3786, ACC: 0.8244, AUC: 0.8930
[2025-08-24 13:12:03] fold_1: Epoch [201/250], Loss: 0.3254, ACC: 0.8405, AUC: 0.9121
[2025-08-24 13:12:11] fold_1: Epoch [221/250], Loss: 0.3199, ACC: 0.8466, AUC: 0.9118
[2025-08-24 13:12:20] fold_1: Epoch [241/250], Loss: 0.3187, ACC: 0.8417, AUC: 0.9151
[2025-08-24 14:18:15] Finall ensemble results of fold_1 for MACSynDCR:
[2025-08-24 14:18:15] ----------------------------------------------------------------------------------------------------
[2025-08-24 14:18:15] Ensemble Accuracy: 0.9497, AUC-ROC: 0.9784, 
Ensemble AUC-PR: 0.9755, Precision: 0.9510, 
Ensemble Recall: 0.9471, F1 Score: 0.9490, 
Ensemble RMSE: 11.1803
[2025-08-24 14:18:15] ----------------------------------------------------------------------------------------------------
[2025-08-24 14:18:15] Fold 2
[2025-08-24 14:18:15] ----------------------------------------------------------------------------------------------------
[2025-08-24 14:18:19] ANN_model saved with Val_ACC: 0.4801
[2025-08-24 14:18:19] ----------------------------------------------------------------------------------------------------
[2025-08-24 14:18:22] fold_2: Epoch [1/250], Loss: 0.7155, ACC: 0.4801, AUC: 0.4305
[2025-08-24 14:18:24] ANN_model saved with Val_ACC: 0.7088
[2025-08-24 14:18:24] ----------------------------------------------------------------------------------------------------
[2025-08-24 14:18:27] ANN_model saved with Val_ACC: 0.7306
[2025-08-24 14:18:27] ----------------------------------------------------------------------------------------------------
[2025-08-24 14:18:31] ANN_model saved with Val_ACC: 0.7495
[2025-08-24 14:18:31] ----------------------------------------------------------------------------------------------------
[2025-08-24 14:18:35] ANN_model saved with Val_ACC: 0.7624
[2025-08-24 14:18:35] ----------------------------------------------------------------------------------------------------
[2025-08-24 14:18:37] ANN_model saved with Val_ACC: 0.7684
[2025-08-24 14:18:37] ----------------------------------------------------------------------------------------------------
[2025-08-24 14:18:42] ANN_model saved with Val_ACC: 0.7777
[2025-08-24 14:18:42] ----------------------------------------------------------------------------------------------------
[2025-08-24 14:18:45] ANN_model saved with Val_ACC: 0.7914
[2025-08-24 14:18:45] ----------------------------------------------------------------------------------------------------
[2025-08-24 14:18:49] ANN_model saved with Val_ACC: 0.7978
[2025-08-24 14:18:49] ----------------------------------------------------------------------------------------------------
[2025-08-24 14:18:53] ANN_model saved with Val_ACC: 0.8035
[2025-08-24 14:18:53] ----------------------------------------------------------------------------------------------------
[2025-08-24 14:19:02] ANN_model saved with Val_ACC: 0.8159
[2025-08-24 14:19:02] ----------------------------------------------------------------------------------------------------
[2025-08-24 14:19:06] ANN_model saved with Val_ACC: 0.8236
[2025-08-24 14:19:06] ----------------------------------------------------------------------------------------------------
[2025-08-24 14:19:10] ANN_model saved with Val_ACC: 0.8252
[2025-08-24 14:19:10] ----------------------------------------------------------------------------------------------------
[2025-08-24 14:19:15] ANN_model saved with Val_ACC: 0.8341
[2025-08-24 14:19:15] ----------------------------------------------------------------------------------------------------
[2025-08-24 14:19:18] ANN_model saved with Val_ACC: 0.8345
[2025-08-24 14:19:18] ----------------------------------------------------------------------------------------------------
[2025-08-24 14:19:22] ANN_model saved with Val_ACC: 0.8381
[2025-08-24 14:19:22] ----------------------------------------------------------------------------------------------------
[2025-08-24 14:19:25] ANN_model saved with Val_ACC: 0.8393
[2025-08-24 14:19:25] ----------------------------------------------------------------------------------------------------
[2025-08-24 14:19:29] ANN_model saved with Val_ACC: 0.8470
[2025-08-24 14:19:29] ----------------------------------------------------------------------------------------------------
[2025-08-24 14:19:34] fold_2: Epoch [21/250], Loss: 0.3635, ACC: 0.8441, AUC: 0.9162
[2025-08-24 14:19:35] ANN_model saved with Val_ACC: 0.8506
[2025-08-24 14:19:36] ----------------------------------------------------------------------------------------------------
[2025-08-24 14:20:31] fold_2: Epoch [41/250], Loss: 0.3271, ACC: 0.8373, AUC: 0.9152
[2025-08-24 14:21:28] fold_2: Epoch [61/250], Loss: 0.3189, ACC: 0.8393, AUC: 0.9161
[2025-08-24 14:22:27] fold_2: Epoch [81/250], Loss: 0.3166, ACC: 0.8397, AUC: 0.9165
[2025-08-24 14:23:27] fold_2: Epoch [101/250], Loss: 0.3156, ACC: 0.8393, AUC: 0.9172
[2025-08-24 14:24:25] fold_2: Epoch [121/250], Loss: 0.3150, ACC: 0.8425, AUC: 0.9195
[2025-08-24 14:25:23] fold_2: Epoch [141/250], Loss: 0.3148, ACC: 0.8397, AUC: 0.9187
[2025-08-24 14:26:24] fold_2: Epoch [161/250], Loss: 0.3146, ACC: 0.8409, AUC: 0.9187
[2025-08-24 14:27:23] fold_2: Epoch [181/250], Loss: 0.3145, ACC: 0.8413, AUC: 0.9188
[2025-08-24 14:28:25] fold_2: Epoch [201/250], Loss: 0.3144, ACC: 0.8409, AUC: 0.9188
[2025-08-24 14:29:21] fold_2: Epoch [221/250], Loss: 0.3144, ACC: 0.8417, AUC: 0.9187
[2025-08-24 14:30:19] fold_2: Epoch [241/250], Loss: 0.3143, ACC: 0.8409, AUC: 0.9187
[2025-08-24 15:46:47] Finall ensemble results of fold_2 for MACSynDCR:
[2025-08-24 15:46:47] ----------------------------------------------------------------------------------------------------
[2025-08-24 15:46:47] Ensemble Accuracy: 0.9509, AUC-ROC: 0.9829, 
Ensemble AUC-PR: 0.9790, Precision: 0.9585, 
Ensemble Recall: 0.9414, F1 Score: 0.9499, 
Ensemble RMSE: 11.0454
[2025-08-24 15:46:47] ----------------------------------------------------------------------------------------------------
[2025-08-24 15:46:47] Fold 3
[2025-08-24 15:46:47] ----------------------------------------------------------------------------------------------------
[2025-08-24 15:46:51] ANN_model saved with Val_ACC: 0.5135
[2025-08-24 15:46:51] ----------------------------------------------------------------------------------------------------
[2025-08-24 15:46:53] fold_3: Epoch [1/250], Loss: 0.6949, ACC: 0.5135, AUC: 0.5171
[2025-08-24 15:46:54] ANN_model saved with Val_ACC: 0.7165
[2025-08-24 15:46:54] ----------------------------------------------------------------------------------------------------
[2025-08-24 15:46:58] ANN_model saved with Val_ACC: 0.7592
[2025-08-24 15:46:58] ----------------------------------------------------------------------------------------------------
[2025-08-24 15:47:02] ANN_model saved with Val_ACC: 0.7789
[2025-08-24 15:47:02] ----------------------------------------------------------------------------------------------------
[2025-08-24 15:47:06] ANN_model saved with Val_ACC: 0.7894
[2025-08-24 15:47:06] ----------------------------------------------------------------------------------------------------
[2025-08-24 15:47:10] ANN_model saved with Val_ACC: 0.7974
[2025-08-24 15:47:10] ----------------------------------------------------------------------------------------------------
[2025-08-24 15:47:15] ANN_model saved with Val_ACC: 0.8014
[2025-08-24 15:47:15] ----------------------------------------------------------------------------------------------------
[2025-08-24 15:47:18] ANN_model saved with Val_ACC: 0.8031
[2025-08-24 15:47:18] ----------------------------------------------------------------------------------------------------
[2025-08-24 15:47:22] ANN_model saved with Val_ACC: 0.8091
[2025-08-24 15:47:22] ----------------------------------------------------------------------------------------------------
[2025-08-24 15:47:25] ANN_model saved with Val_ACC: 0.8099
[2025-08-24 15:47:25] ----------------------------------------------------------------------------------------------------
[2025-08-24 15:47:29] ANN_model saved with Val_ACC: 0.8159
[2025-08-24 15:47:29] ----------------------------------------------------------------------------------------------------
[2025-08-24 15:47:33] ANN_model saved with Val_ACC: 0.8196
[2025-08-24 15:47:33] ----------------------------------------------------------------------------------------------------
[2025-08-24 15:47:40] ANN_model saved with Val_ACC: 0.8240
[2025-08-24 15:47:40] ----------------------------------------------------------------------------------------------------
[2025-08-24 15:47:42] ANN_model saved with Val_ACC: 0.8276
[2025-08-24 15:47:42] ----------------------------------------------------------------------------------------------------
[2025-08-24 15:47:49] ANN_model saved with Val_ACC: 0.8296
[2025-08-24 15:47:49] ----------------------------------------------------------------------------------------------------
[2025-08-24 15:47:53] ANN_model saved with Val_ACC: 0.8321
[2025-08-24 15:47:53] ----------------------------------------------------------------------------------------------------
[2025-08-24 15:47:57] ANN_model saved with Val_ACC: 0.8385
[2025-08-24 15:47:57] ----------------------------------------------------------------------------------------------------
[2025-08-24 15:48:01] ANN_model saved with Val_ACC: 0.8433
[2025-08-24 15:48:01] ----------------------------------------------------------------------------------------------------
[2025-08-24 15:48:05] fold_3: Epoch [21/250], Loss: 0.3570, ACC: 0.8413, AUC: 0.9127
[2025-08-24 15:48:22] ANN_model saved with Val_ACC: 0.8490
[2025-08-24 15:48:22] ----------------------------------------------------------------------------------------------------
[2025-08-24 15:48:26] ANN_model saved with Val_ACC: 0.8506
[2025-08-24 15:48:26] ----------------------------------------------------------------------------------------------------
[2025-08-24 15:48:48] ANN_model saved with Val_ACC: 0.8510
[2025-08-24 15:48:48] ----------------------------------------------------------------------------------------------------
[2025-08-24 15:49:09] fold_3: Epoch [41/250], Loss: 0.3227, ACC: 0.8425, AUC: 0.9140
[2025-08-24 15:50:06] fold_3: Epoch [61/250], Loss: 0.3185, ACC: 0.8425, AUC: 0.9178
[2025-08-24 15:51:06] fold_3: Epoch [81/250], Loss: 0.3170, ACC: 0.8433, AUC: 0.9185
[2025-08-24 15:52:08] fold_3: Epoch [101/250], Loss: 0.3162, ACC: 0.8397, AUC: 0.9179
[2025-08-24 15:53:08] fold_3: Epoch [121/250], Loss: 0.3159, ACC: 0.8466, AUC: 0.9185
[2025-08-24 15:54:07] fold_3: Epoch [141/250], Loss: 0.3150, ACC: 0.8425, AUC: 0.9174
[2025-08-24 15:54:56] fold_3: Epoch [161/250], Loss: 0.3141, ACC: 0.8478, AUC: 0.9175
[2025-08-24 15:55:53] fold_3: Epoch [181/250], Loss: 0.3139, ACC: 0.8425, AUC: 0.9168
[2025-08-24 15:56:56] fold_3: Epoch [201/250], Loss: 0.3138, ACC: 0.8458, AUC: 0.9178
[2025-08-24 15:57:53] fold_3: Epoch [221/250], Loss: 0.3137, ACC: 0.8453, AUC: 0.9177
[2025-08-24 15:58:55] fold_3: Epoch [241/250], Loss: 0.3137, ACC: 0.8441, AUC: 0.9176
[2025-08-24 16:47:52] Finall ensemble results of fold_3 for MACSynDCR:
[2025-08-24 16:47:52] ----------------------------------------------------------------------------------------------------
[2025-08-24 16:47:52] Ensemble Accuracy: 0.8667, AUC-ROC: 0.9313, 
Ensemble AUC-PR: 0.9256, Precision: 0.8617, 
Ensemble Recall: 0.8610, F1 Score: 0.8613, 
Ensemble RMSE: 18.1934
[2025-08-24 16:47:52] ----------------------------------------------------------------------------------------------------
[2025-08-24 16:47:52] Fold 4
[2025-08-24 16:47:52] ----------------------------------------------------------------------------------------------------
[2025-08-24 16:47:53] ANN_model saved with Val_ACC: 0.5070
[2025-08-24 16:47:53] ----------------------------------------------------------------------------------------------------
[2025-08-24 16:47:53] fold_4: Epoch [1/250], Loss: 0.7036, ACC: 0.5070, AUC: 0.5222
[2025-08-24 16:47:54] ANN_model saved with Val_ACC: 0.6955
[2025-08-24 16:47:54] ----------------------------------------------------------------------------------------------------
[2025-08-24 16:47:54] ANN_model saved with Val_ACC: 0.7354
[2025-08-24 16:47:54] ----------------------------------------------------------------------------------------------------
[2025-08-24 16:47:55] ANN_model saved with Val_ACC: 0.7507
[2025-08-24 16:47:55] ----------------------------------------------------------------------------------------------------
[2025-08-24 16:47:56] ANN_model saved with Val_ACC: 0.7571
[2025-08-24 16:47:56] ----------------------------------------------------------------------------------------------------
[2025-08-24 16:47:56] ANN_model saved with Val_ACC: 0.7700
[2025-08-24 16:47:56] ----------------------------------------------------------------------------------------------------
[2025-08-24 16:47:57] ANN_model saved with Val_ACC: 0.7878
[2025-08-24 16:47:57] ----------------------------------------------------------------------------------------------------
[2025-08-24 16:47:58] ANN_model saved with Val_ACC: 0.7942
[2025-08-24 16:47:58] ----------------------------------------------------------------------------------------------------
[2025-08-24 16:48:00] ANN_model saved with Val_ACC: 0.7974
[2025-08-24 16:48:00] ----------------------------------------------------------------------------------------------------
[2025-08-24 16:48:00] ANN_model saved with Val_ACC: 0.8010
[2025-08-24 16:48:00] ----------------------------------------------------------------------------------------------------
[2025-08-24 16:48:01] ANN_model saved with Val_ACC: 0.8063
[2025-08-24 16:48:01] ----------------------------------------------------------------------------------------------------
[2025-08-24 16:48:02] ANN_model saved with Val_ACC: 0.8151
[2025-08-24 16:48:02] ----------------------------------------------------------------------------------------------------
[2025-08-24 16:48:02] ANN_model saved with Val_ACC: 0.8240
[2025-08-24 16:48:02] ----------------------------------------------------------------------------------------------------
[2025-08-24 16:48:03] ANN_model saved with Val_ACC: 0.8292
[2025-08-24 16:48:03] ----------------------------------------------------------------------------------------------------
[2025-08-24 16:48:04] ANN_model saved with Val_ACC: 0.8385
[2025-08-24 16:48:04] ----------------------------------------------------------------------------------------------------
[2025-08-24 16:48:05] ANN_model saved with Val_ACC: 0.8425
[2025-08-24 16:48:05] ----------------------------------------------------------------------------------------------------
[2025-08-24 16:48:06] ANN_model saved with Val_ACC: 0.8441
[2025-08-24 16:48:06] ----------------------------------------------------------------------------------------------------
[2025-08-24 16:48:07] fold_4: Epoch [21/250], Loss: 0.3655, ACC: 0.8425, AUC: 0.9113
[2025-08-24 16:48:07] ANN_model saved with Val_ACC: 0.8453
[2025-08-24 16:48:07] ----------------------------------------------------------------------------------------------------
[2025-08-24 16:48:08] ANN_model saved with Val_ACC: 0.8522
[2025-08-24 16:48:08] ----------------------------------------------------------------------------------------------------
[2025-08-24 16:48:11] ANN_model saved with Val_ACC: 0.8550
[2025-08-24 16:48:11] ----------------------------------------------------------------------------------------------------
[2025-08-24 16:48:15] fold_4: Epoch [41/250], Loss: 0.3274, ACC: 0.8425, AUC: 0.9132
[2025-08-24 16:48:23] fold_4: Epoch [61/250], Loss: 0.3190, ACC: 0.8482, AUC: 0.9190
[2025-08-24 16:48:30] fold_4: Epoch [81/250], Loss: 0.3169, ACC: 0.8486, AUC: 0.9201
[2025-08-24 16:48:38] fold_4: Epoch [101/250], Loss: 0.3158, ACC: 0.8466, AUC: 0.9204
[2025-08-24 16:48:46] fold_4: Epoch [121/250], Loss: 0.3151, ACC: 0.8490, AUC: 0.9200
[2025-08-24 16:48:54] fold_4: Epoch [141/250], Loss: 0.3148, ACC: 0.8470, AUC: 0.9213
[2025-08-24 16:49:02] fold_4: Epoch [161/250], Loss: 0.3145, ACC: 0.8506, AUC: 0.9214
[2025-08-24 16:49:10] fold_4: Epoch [181/250], Loss: 0.3142, ACC: 0.8498, AUC: 0.9202
[2025-08-24 16:49:18] fold_4: Epoch [201/250], Loss: 0.3141, ACC: 0.8498, AUC: 0.9210
[2025-08-24 16:49:26] fold_4: Epoch [221/250], Loss: 0.3140, ACC: 0.8486, AUC: 0.9208
[2025-08-24 16:49:34] fold_4: Epoch [241/250], Loss: 0.3140, ACC: 0.8478, AUC: 0.9208
[2025-08-24 17:31:42] Finall ensemble results of fold_4 for MACSynDCR:
[2025-08-24 17:31:42] ----------------------------------------------------------------------------------------------------
[2025-08-24 17:31:42] Ensemble Accuracy: 0.8615, AUC-ROC: 0.9318, 
Ensemble AUC-PR: 0.9321, Precision: 0.8637, 
Ensemble Recall: 0.8624, F1 Score: 0.8631, 
Ensemble RMSE: 18.5472
[2025-08-24 17:31:42] ----------------------------------------------------------------------------------------------------
[2025-08-24 17:31:42] Fold 5
[2025-08-24 17:31:42] ----------------------------------------------------------------------------------------------------
[2025-08-24 17:31:43] ANN_model saved with Val_ACC: 0.5119
[2025-08-24 17:31:43] ----------------------------------------------------------------------------------------------------
[2025-08-24 17:31:44] fold_5: Epoch [1/250], Loss: 0.6946, ACC: 0.5119, AUC: 0.5220
[2025-08-24 17:31:44] ANN_model saved with Val_ACC: 0.7165
[2025-08-24 17:31:44] ----------------------------------------------------------------------------------------------------
[2025-08-24 17:31:45] ANN_model saved with Val_ACC: 0.7527
[2025-08-24 17:31:45] ----------------------------------------------------------------------------------------------------
[2025-08-24 17:31:46] ANN_model saved with Val_ACC: 0.7644
[2025-08-24 17:31:46] ----------------------------------------------------------------------------------------------------
[2025-08-24 17:31:46] ANN_model saved with Val_ACC: 0.7797
[2025-08-24 17:31:46] ----------------------------------------------------------------------------------------------------
[2025-08-24 17:31:47] ANN_model saved with Val_ACC: 0.7861
[2025-08-24 17:31:47] ----------------------------------------------------------------------------------------------------
[2025-08-24 17:31:47] ANN_model saved with Val_ACC: 0.7886
[2025-08-24 17:31:47] ----------------------------------------------------------------------------------------------------
[2025-08-24 17:31:48] ANN_model saved with Val_ACC: 0.7970
[2025-08-24 17:31:48] ----------------------------------------------------------------------------------------------------
[2025-08-24 17:31:49] ANN_model saved with Val_ACC: 0.8079
[2025-08-24 17:31:49] ----------------------------------------------------------------------------------------------------
[2025-08-24 17:31:49] ANN_model saved with Val_ACC: 0.8151
[2025-08-24 17:31:49] ----------------------------------------------------------------------------------------------------
[2025-08-24 17:31:51] ANN_model saved with Val_ACC: 0.8176
[2025-08-24 17:31:51] ----------------------------------------------------------------------------------------------------
[2025-08-24 17:31:51] ANN_model saved with Val_ACC: 0.8236
[2025-08-24 17:31:51] ----------------------------------------------------------------------------------------------------
[2025-08-24 17:31:52] ANN_model saved with Val_ACC: 0.8308
[2025-08-24 17:31:52] ----------------------------------------------------------------------------------------------------
[2025-08-24 17:31:53] ANN_model saved with Val_ACC: 0.8341
[2025-08-24 17:31:53] ----------------------------------------------------------------------------------------------------
[2025-08-24 17:31:53] ANN_model saved with Val_ACC: 0.8373
[2025-08-24 17:31:53] ----------------------------------------------------------------------------------------------------
[2025-08-24 17:31:55] ANN_model saved with Val_ACC: 0.8518
[2025-08-24 17:31:55] ----------------------------------------------------------------------------------------------------
[2025-08-24 17:31:55] fold_5: Epoch [21/250], Loss: 0.3612, ACC: 0.8518, AUC: 0.9209
[2025-08-24 17:32:01] ANN_model saved with Val_ACC: 0.8522
[2025-08-24 17:32:01] ----------------------------------------------------------------------------------------------------
[2025-08-24 17:32:04] fold_5: Epoch [41/250], Loss: 0.3264, ACC: 0.8506, AUC: 0.9190
[2025-08-24 17:32:04] ANN_model saved with Val_ACC: 0.8566
[2025-08-24 17:32:04] ----------------------------------------------------------------------------------------------------
[2025-08-24 17:32:12] fold_5: Epoch [61/250], Loss: 0.3181, ACC: 0.8494, AUC: 0.9183
[2025-08-24 17:32:21] fold_5: Epoch [81/250], Loss: 0.3160, ACC: 0.8490, AUC: 0.9211
[2025-08-24 17:32:30] fold_5: Epoch [101/250], Loss: 0.3153, ACC: 0.8498, AUC: 0.9227
[2025-08-24 17:32:40] fold_5: Epoch [121/250], Loss: 0.3149, ACC: 0.8510, AUC: 0.9233
[2025-08-24 17:32:49] fold_5: Epoch [141/250], Loss: 0.3147, ACC: 0.8498, AUC: 0.9235
[2025-08-24 17:32:57] fold_5: Epoch [161/250], Loss: 0.3145, ACC: 0.8506, AUC: 0.9231
[2025-08-24 17:33:06] fold_5: Epoch [181/250], Loss: 0.3144, ACC: 0.8494, AUC: 0.9231
[2025-08-24 17:33:14] fold_5: Epoch [201/250], Loss: 0.3142, ACC: 0.8494, AUC: 0.9224
[2025-08-24 17:33:22] fold_5: Epoch [221/250], Loss: 0.3141, ACC: 0.8494, AUC: 0.9227
[2025-08-24 17:33:30] fold_5: Epoch [241/250], Loss: 0.3140, ACC: 0.8506, AUC: 0.9235
[2025-08-24 18:13:43] Finall ensemble results of fold_5 for MACSynDCR:
[2025-08-24 18:13:43] ----------------------------------------------------------------------------------------------------
[2025-08-24 18:13:43] Ensemble Accuracy: 0.8611, AUC-ROC: 0.9360, 
Ensemble AUC-PR: 0.9335, Precision: 0.8534, 
Ensemble Recall: 0.8626, F1 Score: 0.8580, 
Ensemble RMSE: 18.5742
[2025-08-24 18:13:43] ----------------------------------------------------------------------------------------------------
[2025-08-24 18:13:43] ****************************************************************************************************
[2025-08-24 18:13:43] *          Final MACSynCDR Results:
[2025-08-24 18:13:43] ****************************************************************************************************
[2025-08-24 18:13:43]  AUC: 0.9521 ± 0.0234
[2025-08-24 18:13:43]  Accuracy: 0.8979 ± 0.0428
[2025-08-24 18:13:43]  AUC-PR: 0.9491 ± 0.0232
[2025-08-24 18:13:43]  Precision: 0.8977 ± 0.0468
[2025-08-24 18:13:43]  Recall: 0.8949 ± 0.0403
[2025-08-24 18:13:43]  F1: 0.8963 ± 0.0435
[2025-08-24 18:13:43]  BACC: 0.8979 ± 0.0428
[2025-08-24 18:13:43]  Kappa: 0.7958 ± 0.0856
[2025-08-24 18:13:43]  RMSE: 15.5081 ± 3.5915
[2025-08-24 18:13:43]  PCC: 0.8218 ± 0.0690

Epoch 228: val_acc did not improve from 0.83367
78/78 ???????????????????? 5s 62ms/step - acc: 0.9691 - auc: 0.9958 - loss: 0.0811 - val_acc: 0.8276 - val_auc: 0.9060 - val_loss: 0.5565
Epoch 229/250
77/78 ???????????????????? 0s 60ms/step - acc: 0.9696 - auc: 0.9956 - loss: 0.0816
Epoch 229: val_acc did not improve from 0.83367
78/78 ???????????????????? 5s 65ms/step - acc: 0.9696 - auc: 0.9956 - loss: 0.0816 - val_acc: 0.8260 - val_auc: 0.9022 - val_loss: 0.5738
Epoch 230/250
77/78 ???????????????????? 0s 61ms/step - acc: 0.9699 - auc: 0.9963 - loss: 0.0770
Epoch 230: val_acc did not improve from 0.83367
78/78 ???????????????????? 5s 65ms/step - acc: 0.9699 - auc: 0.9962 - loss: 0.0771 - val_acc: 0.8333 - val_auc: 0.9018 - val_loss: 0.5885
Epoch 231/250
77/78 ???????????????????? 0s 61ms/step - acc: 0.9641 - auc: 0.9949 - loss: 0.0891
Epoch 231: val_acc did not improve from 0.83367
78/78 ???????????????????? 5s 65ms/step - acc: 0.9641 - auc: 0.9949 - loss: 0.0890 - val_acc: 0.8236 - val_auc: 0.9018 - val_loss: 0.5799
Epoch 232/250
77/78 ???????????????????? 0s 60ms/step - acc: 0.9691 - auc: 0.9959 - loss: 0.0797
Epoch 232: val_acc did not improve from 0.83367
78/78 ???????????????????? 5s 64ms/step - acc: 0.9691 - auc: 0.9959 - loss: 0.0799 - val_acc: 0.8268 - val_auc: 0.9020 - val_loss: 0.5808
Epoch 233/250
77/78 ???????????????????? 0s 63ms/step - acc: 0.9628 - auc: 0.9950 - loss: 0.0889
Epoch 233: val_acc did not improve from 0.83367
78/78 ???????????????????? 5s 67ms/step - acc: 0.9629 - auc: 0.9951 - loss: 0.0888 - val_acc: 0.8333 - val_auc: 0.9045 - val_loss: 0.5711
Epoch 234/250
77/78 ???????????????????? 0s 60ms/step - acc: 0.9697 - auc: 0.9955 - loss: 0.0813
Epoch 234: val_acc did not improve from 0.83367
78/78 ???????????????????? 5s 64ms/step - acc: 0.9696 - auc: 0.9954 - loss: 0.0814 - val_acc: 0.8248 - val_auc: 0.9014 - val_loss: 0.5792
Epoch 235/250
77/78 ???????????????????? 0s 57ms/step - acc: 0.9694 - auc: 0.9954 - loss: 0.0808
Epoch 235: val_acc did not improve from 0.83367
78/78 ???????????????????? 5s 62ms/step - acc: 0.9694 - auc: 0.9954 - loss: 0.0809 - val_acc: 0.8220 - val_auc: 0.9012 - val_loss: 0.5957
Epoch 236/250
77/78 ???????????????????? 0s 59ms/step - acc: 0.9686 - auc: 0.9958 - loss: 0.0781
Epoch 236: val_acc did not improve from 0.83367
78/78 ???????????????????? 5s 63ms/step - acc: 0.9686 - auc: 0.9958 - loss: 0.0782 - val_acc: 0.8288 - val_auc: 0.9001 - val_loss: 0.5951
Epoch 237/250
77/78 ???????????????????? 0s 59ms/step - acc: 0.9702 - auc: 0.9955 - loss: 0.0795
Epoch 237: val_acc improved from 0.83367 to 0.83488, saving model to saved_models/best_MACSynDCR_CNN_model.keras
78/78 ???????????????????? 5s 63ms/step - acc: 0.9702 - auc: 0.9955 - loss: 0.0796 - val_acc: 0.8349 - val_auc: 0.9036 - val_loss: 0.5916
Epoch 238/250
77/78 ???????????????????? 0s 59ms/step - acc: 0.9691 - auc: 0.9965 - loss: 0.0734
Epoch 238: val_acc did not improve from 0.83488
78/78 ???????????????????? 5s 63ms/step - acc: 0.9691 - auc: 0.9965 - loss: 0.0735 - val_acc: 0.8292 - val_auc: 0.9048 - val_loss: 0.5845
Epoch 239/250
77/78 ???????????????????? 0s 59ms/step - acc: 0.9673 - auc: 0.9956 - loss: 0.0803
Epoch 239: val_acc did not improve from 0.83488
78/78 ???????????????????? 5s 63ms/step - acc: 0.9673 - auc: 0.9956 - loss: 0.0803 - val_acc: 0.8236 - val_auc: 0.9016 - val_loss: 0.5957
Epoch 240/250
77/78 ???????????????????? 0s 59ms/step - acc: 0.9723 - auc: 0.9969 - loss: 0.0702
Epoch 240: val_acc did not improve from 0.83488
78/78 ???????????????????? 5s 63ms/step - acc: 0.9722 - auc: 0.9969 - loss: 0.0703 - val_acc: 0.8284 - val_auc: 0.9021 - val_loss: 0.6002
Epoch 241/250
77/78 ???????????????????? 0s 60ms/step - acc: 0.9709 - auc: 0.9956 - loss: 0.0786
Epoch 241: val_acc did not improve from 0.83488
78/78 ???????????????????? 5s 64ms/step - acc: 0.9709 - auc: 0.9956 - loss: 0.0787 - val_acc: 0.8272 - val_auc: 0.9028 - val_loss: 0.6049
Epoch 242/250
77/78 ???????????????????? 0s 59ms/step - acc: 0.9653 - auc: 0.9954 - loss: 0.0854
Epoch 242: val_acc did not improve from 0.83488
78/78 ???????????????????? 5s 63ms/step - acc: 0.9653 - auc: 0.9954 - loss: 0.0853 - val_acc: 0.8349 - val_auc: 0.9035 - val_loss: 0.5820
Epoch 243/250
77/78 ???????????????????? 0s 59ms/step - acc: 0.9714 - auc: 0.9958 - loss: 0.0761
Epoch 243: val_acc did not improve from 0.83488
78/78 ???????????????????? 5s 63ms/step - acc: 0.9714 - auc: 0.9958 - loss: 0.0761 - val_acc: 0.8304 - val_auc: 0.9028 - val_loss: 0.5907
Epoch 244/250
77/78 ???????????????????? 0s 60ms/step - acc: 0.9750 - auc: 0.9966 - loss: 0.0710
Epoch 244: val_acc did not improve from 0.83488
78/78 ???????????????????? 5s 64ms/step - acc: 0.9749 - auc: 0.9965 - loss: 0.0713 - val_acc: 0.8272 - val_auc: 0.9042 - val_loss: 0.5723
Epoch 245/250
77/78 ???????????????????? 0s 62ms/step - acc: 0.9722 - auc: 0.9967 - loss: 0.0719
Epoch 245: val_acc improved from 0.83488 to 0.83649, saving model to saved_models/best_MACSynDCR_CNN_model.keras
78/78 ???????????????????? 5s 67ms/step - acc: 0.9721 - auc: 0.9967 - loss: 0.0720 - val_acc: 0.8365 - val_auc: 0.9053 - val_loss: 0.5882
Epoch 246/250
77/78 ???????????????????? 0s 59ms/step - acc: 0.9683 - auc: 0.9963 - loss: 0.0765
Epoch 246: val_acc did not improve from 0.83649
78/78 ???????????????????? 5s 64ms/step - acc: 0.9683 - auc: 0.9963 - loss: 0.0766 - val_acc: 0.8292 - val_auc: 0.9056 - val_loss: 0.5884
Epoch 247/250
77/78 ???????????????????? 0s 59ms/step - acc: 0.9687 - auc: 0.9952 - loss: 0.0829
Epoch 247: val_acc did not improve from 0.83649
78/78 ???????????????????? 5s 64ms/step - acc: 0.9687 - auc: 0.9952 - loss: 0.0829 - val_acc: 0.8288 - val_auc: 0.9054 - val_loss: 0.5788
Epoch 248/250
77/78 ???????????????????? 0s 59ms/step - acc: 0.9725 - auc: 0.9967 - loss: 0.0704
Epoch 248: val_acc did not improve from 0.83649
78/78 ???????????????????? 5s 64ms/step - acc: 0.9724 - auc: 0.9967 - loss: 0.0705 - val_acc: 0.8284 - val_auc: 0.9058 - val_loss: 0.5833
Epoch 249/250
77/78 ???????????????????? 0s 60ms/step - acc: 0.9756 - auc: 0.9967 - loss: 0.0628
Epoch 249: val_acc did not improve from 0.83649
78/78 ???????????????????? 5s 64ms/step - acc: 0.9755 - auc: 0.9967 - loss: 0.0630 - val_acc: 0.8317 - val_auc: 0.9040 - val_loss: 0.5844
Epoch 250/250
77/78 ???????????????????? 0s 60ms/step - acc: 0.9706 - auc: 0.9959 - loss: 0.0767
Epoch 250: val_acc did not improve from 0.83649
78/78 ???????????????????? 5s 64ms/step - acc: 0.9707 - auc: 0.9959 - loss: 0.0766 - val_acc: 0.8321 - val_auc: 0.9057 - val_loss: 0.5954
78/78 ???????????????????? 1s 6ms/step
78/78 ???????????????????? 0s 5ms/step
CNN: Accuracy: 0.8365, AUC-ROC: 0.9117
CNN: AUC-PR: 0.9115, Precision: 0.8331,
CNN Recall: 0.8303, F1 Score: 0.8317
CNN:RMSE: 20.1494 , PCC: 0.7098
Evaluation of Keras MACSynDCR_ANN model:
78/78 ???????????????????? 1s 4ms/step - acc: 0.8348 - auc: 0.9203 - loss: 0.4382
Evaluate->  Loss: 0.4428, Accuracy: 0.8337,AUC: 0.9205
78/78 ???????????????????? 1s 5ms/step
311/311 ???????????????????? 1s 4ms/step
ANN: Accuracy: 0.8337, AUC-ROC: 0.9242
ANN: AUC-PR: 0.9256, Precision: 0.8132,
ANN Recall: 0.8543, F1 Score: 0.8333
ANN:RMSE: 20.3224 , PCC: 0.7289
****************************************************************************************************
Evaluation of Keras MACSynDCR_CNN model:
78/78 ???????????????????? 1s 5ms/step - acc: 0.8305 - auc: 0.8999 - loss: 0.6291
Evaluate->  Loss: 0.5882, Accuracy: 0.8365,Accuracy: 0.9053
78/78 ???????????????????? 1s 5ms/step
311/311 ???????????????????? 1s 5ms/step
CNN: Accuracy: 0.8365, AUC-ROC: 0.9117
CNN: AUC-PR: 0.9115, Precision: 0.8331,
CNN Recall: 0.8303, F1 Score: 0.8317
CNN:RMSE: 20.1494 , PCC: 0.7098
****************************************************************************************************
Accuracy Score and AUC for ANN = AUC: 0.9198, Accuracy: 0.8566
Accuracy Score and AUC for KANN = AUC: 0.9242, Accuracy: 0.8337
Accuracy Score and AUC for KCNN = AUC: 0.9117, Accuracy: 0.8365
Average AUC = AUC: 0.9358, Accuracy: 0.8631
MAX AUC = AUC: 0.9309, Accuracy: 0.8341
Fitting 5 folds for each of 14 candidates, totalling 70 fits
Finall ensemble results of fold_5 for MACSynDCR:
----------------------------------------------------------------------------------------------------
Ensemble Accuracy: 0.8611, AUC-ROC: 0.9360
Ensemble AUC-PR: 0.9335, Precision: 0.8534,
Ensemble Recall: 0.8626, F1 Score: 0.8580

Ensemble Kappa: 0.7220 , BACC: 0.8611

Ensemble RMSE: 18.5742 , PCC: 0.7686
----------------------------------------------------------------------------------------------------
****************************************************************************************************
*           Final MACSynCDR Results:
****************************************************************************************************
 AUC: 0.9521 ± 0.0234
 Accuracy: 0.8979 ± 0.0428
 AUC-PR: 0.9491 ± 0.0232
 Precision: 0.8977 ± 0.0468
 Recall: 0.8949 ± 0.0403
 F1: 0.8963 ± 0.0435
 BACC: 0.8979 ± 0.0428
 Kappa: 0.7958 ± 0.0856
 RMSE: 15.5081 ± 3.5915
 PCC: 0.8218 ± 0.0690
Max AUC: 0.9829
Max ACC: 0.9509
Max AUC-PR: 0.9790
Max Precision: 0.9585
Max Reacall: 0.9471
Max F1: 0.9499
MIN RMSE: 11.0454
Max PCC: 0.9071
