[2025-08-25 00:14:29] Fold 1
[2025-08-25 00:14:29] ----------------------------------------------------------------------------------------------------
[2025-08-25 00:14:31] ANN_model saved with Val_ACC: 0.5187
[2025-08-25 00:14:31] ----------------------------------------------------------------------------------------------------
[2025-08-25 00:14:31] fold_1: Epoch [1/200], Loss: 0.6930, ACC: 0.5187, AUC: 0.5227
[2025-08-25 00:14:31] ANN_model saved with Val_ACC: 0.7714
[2025-08-25 00:14:31] ----------------------------------------------------------------------------------------------------
[2025-08-25 00:14:32] ANN_model saved with Val_ACC: 0.8070
[2025-08-25 00:14:32] ----------------------------------------------------------------------------------------------------
[2025-08-25 00:14:32] ANN_model saved with Val_ACC: 0.8159
[2025-08-25 00:14:32] ----------------------------------------------------------------------------------------------------
[2025-08-25 00:14:33] ANN_model saved with Val_ACC: 0.8279
[2025-08-25 00:14:33] ----------------------------------------------------------------------------------------------------
[2025-08-25 00:14:33] ANN_model saved with Val_ACC: 0.8406
[2025-08-25 00:14:33] ----------------------------------------------------------------------------------------------------
[2025-08-25 00:14:34] ANN_model saved with Val_ACC: 0.8527
[2025-08-25 00:14:34] ----------------------------------------------------------------------------------------------------
[2025-08-25 00:14:35] ANN_model saved with Val_ACC: 0.8711
[2025-08-25 00:14:35] ----------------------------------------------------------------------------------------------------
[2025-08-25 00:14:35] ANN_model saved with Val_ACC: 0.8806
[2025-08-25 00:14:35] ----------------------------------------------------------------------------------------------------
[2025-08-25 00:14:36] ANN_model saved with Val_ACC: 0.8813
[2025-08-25 00:14:36] ----------------------------------------------------------------------------------------------------
[2025-08-25 00:14:37] ANN_model saved with Val_ACC: 0.8844
[2025-08-25 00:14:37] ----------------------------------------------------------------------------------------------------
[2025-08-25 00:14:38] ANN_model saved with Val_ACC: 0.8914
[2025-08-25 00:14:38] ----------------------------------------------------------------------------------------------------
[2025-08-25 00:14:39] ANN_model saved with Val_ACC: 0.9029
[2025-08-25 00:14:39] ----------------------------------------------------------------------------------------------------
[2025-08-25 00:14:40] ANN_model saved with Val_ACC: 0.9060
[2025-08-25 00:14:40] ----------------------------------------------------------------------------------------------------
[2025-08-25 00:14:42] ANN_model saved with Val_ACC: 0.9086
[2025-08-25 00:14:42] ----------------------------------------------------------------------------------------------------
[2025-08-25 00:14:43] fold_1: Epoch [21/200], Loss: 0.3425, ACC: 0.9029, AUC: 0.9586
[2025-08-25 00:14:43] ANN_model saved with Val_ACC: 0.9130
[2025-08-25 00:14:43] ----------------------------------------------------------------------------------------------------
[2025-08-25 00:14:45] ANN_model saved with Val_ACC: 0.9156
[2025-08-25 00:14:45] ----------------------------------------------------------------------------------------------------
[2025-08-25 00:14:46] ANN_model saved with Val_ACC: 0.9168
[2025-08-25 00:14:46] ----------------------------------------------------------------------------------------------------
[2025-08-25 00:14:47] ANN_model saved with Val_ACC: 0.9181
[2025-08-25 00:14:47] ----------------------------------------------------------------------------------------------------
[2025-08-25 00:14:48] ANN_model saved with Val_ACC: 0.9200
[2025-08-25 00:14:48] ----------------------------------------------------------------------------------------------------
[2025-08-25 00:14:48] ANN_model saved with Val_ACC: 0.9206
[2025-08-25 00:14:48] ----------------------------------------------------------------------------------------------------
[2025-08-25 00:14:49] fold_1: Epoch [41/200], Loss: 0.3209, ACC: 0.9175, AUC: 0.9634
[2025-08-25 00:14:51] ANN_model saved with Val_ACC: 0.9232
[2025-08-25 00:14:51] ----------------------------------------------------------------------------------------------------
[2025-08-25 00:14:55] fold_1: Epoch [61/200], Loss: 0.3172, ACC: 0.9168, AUC: 0.9633
[2025-08-25 00:15:01] fold_1: Epoch [81/200], Loss: 0.3174, ACC: 0.9092, AUC: 0.9629
[2025-08-25 00:15:07] fold_1: Epoch [101/200], Loss: 0.3155, ACC: 0.9130, AUC: 0.9629
[2025-08-25 00:15:14] fold_1: Epoch [121/200], Loss: 0.3151, ACC: 0.9175, AUC: 0.9636
[2025-08-25 00:15:21] fold_1: Epoch [141/200], Loss: 0.3148, ACC: 0.9149, AUC: 0.9641
[2025-08-25 00:15:30] fold_1: Epoch [161/200], Loss: 0.3147, ACC: 0.9162, AUC: 0.9642
[2025-08-25 00:15:40] fold_1: Epoch [181/200], Loss: 0.3145, ACC: 0.9162, AUC: 0.9642
[2025-08-25 00:36:35] Finall ensemble results of fold_1 for MACSynDCR:
[2025-08-25 00:36:35] ----------------------------------------------------------------------------------------------------
[2025-08-25 00:36:35] Ensemble Accuracy: 0.9283, AUC-ROC: 0.9704, 
Ensemble AUC-PR: 0.9685, Precision: 0.9313, 
Ensemble Recall: 0.9204, F1 Score: 0.9258, 
Ensemble RMSE: 10.6301
[2025-08-25 00:36:35] ----------------------------------------------------------------------------------------------------
[2025-08-25 00:36:35] Fold 2
[2025-08-25 00:36:35] ----------------------------------------------------------------------------------------------------
[2025-08-25 00:36:36] ANN_model saved with Val_ACC: 0.5124
[2025-08-25 00:36:36] ----------------------------------------------------------------------------------------------------
[2025-08-25 00:36:37] fold_2: Epoch [1/200], Loss: 0.7063, ACC: 0.5124, AUC: 0.5011
[2025-08-25 00:36:37] ANN_model saved with Val_ACC: 0.7568
[2025-08-25 00:36:37] ----------------------------------------------------------------------------------------------------
[2025-08-25 00:36:37] ANN_model saved with Val_ACC: 0.8044
[2025-08-25 00:36:37] ----------------------------------------------------------------------------------------------------
[2025-08-25 00:36:38] ANN_model saved with Val_ACC: 0.8140
[2025-08-25 00:36:38] ----------------------------------------------------------------------------------------------------
[2025-08-25 00:36:38] ANN_model saved with Val_ACC: 0.8267
[2025-08-25 00:36:38] ----------------------------------------------------------------------------------------------------
[2025-08-25 00:36:39] ANN_model saved with Val_ACC: 0.8330
[2025-08-25 00:36:39] ----------------------------------------------------------------------------------------------------
[2025-08-25 00:36:39] ANN_model saved with Val_ACC: 0.8527
[2025-08-25 00:36:39] ----------------------------------------------------------------------------------------------------
[2025-08-25 00:36:40] ANN_model saved with Val_ACC: 0.8686
[2025-08-25 00:36:40] ----------------------------------------------------------------------------------------------------
[2025-08-25 00:36:41] ANN_model saved with Val_ACC: 0.8730
[2025-08-25 00:36:41] ----------------------------------------------------------------------------------------------------
[2025-08-25 00:36:41] ANN_model saved with Val_ACC: 0.8876
[2025-08-25 00:36:41] ----------------------------------------------------------------------------------------------------
[2025-08-25 00:36:43] ANN_model saved with Val_ACC: 0.8902
[2025-08-25 00:36:43] ----------------------------------------------------------------------------------------------------
[2025-08-25 00:36:44] ANN_model saved with Val_ACC: 0.8952
[2025-08-25 00:36:44] ----------------------------------------------------------------------------------------------------
[2025-08-25 00:36:45] ANN_model saved with Val_ACC: 0.9003
[2025-08-25 00:36:45] ----------------------------------------------------------------------------------------------------
[2025-08-25 00:36:45] ANN_model saved with Val_ACC: 0.9010
[2025-08-25 00:36:45] ----------------------------------------------------------------------------------------------------
[2025-08-25 00:36:46] ANN_model saved with Val_ACC: 0.9041
[2025-08-25 00:36:46] ----------------------------------------------------------------------------------------------------
[2025-08-25 00:36:47] fold_2: Epoch [21/200], Loss: 0.3386, ACC: 0.9041, AUC: 0.9590
[2025-08-25 00:36:48] ANN_model saved with Val_ACC: 0.9048
[2025-08-25 00:36:48] ----------------------------------------------------------------------------------------------------
[2025-08-25 00:36:48] ANN_model saved with Val_ACC: 0.9067
[2025-08-25 00:36:48] ----------------------------------------------------------------------------------------------------
[2025-08-25 00:36:49] ANN_model saved with Val_ACC: 0.9105
[2025-08-25 00:36:49] ----------------------------------------------------------------------------------------------------
[2025-08-25 00:36:51] ANN_model saved with Val_ACC: 0.9137
[2025-08-25 00:36:51] ----------------------------------------------------------------------------------------------------
[2025-08-25 00:36:55] ANN_model saved with Val_ACC: 0.9143
[2025-08-25 00:36:55] ----------------------------------------------------------------------------------------------------
[2025-08-25 00:36:55] fold_2: Epoch [41/200], Loss: 0.3189, ACC: 0.9143, AUC: 0.9632
[2025-08-25 00:36:55] ANN_model saved with Val_ACC: 0.9149
[2025-08-25 00:36:55] ----------------------------------------------------------------------------------------------------
[2025-08-25 00:36:56] ANN_model saved with Val_ACC: 0.9156
[2025-08-25 00:36:56] ----------------------------------------------------------------------------------------------------
[2025-08-25 00:37:03] fold_2: Epoch [61/200], Loss: 0.3162, ACC: 0.9117, AUC: 0.9665
[2025-08-25 00:37:10] fold_2: Epoch [81/200], Loss: 0.3153, ACC: 0.9130, AUC: 0.9665
[2025-08-25 00:37:16] fold_2: Epoch [101/200], Loss: 0.3149, ACC: 0.9124, AUC: 0.9673
[2025-08-25 00:37:20] ANN_model saved with Val_ACC: 0.9162
[2025-08-25 00:37:20] ----------------------------------------------------------------------------------------------------
[2025-08-25 00:37:22] fold_2: Epoch [121/200], Loss: 0.3146, ACC: 0.9143, AUC: 0.9675
[2025-08-25 00:37:28] fold_2: Epoch [141/200], Loss: 0.3145, ACC: 0.9149, AUC: 0.9675
[2025-08-25 00:37:33] fold_2: Epoch [161/200], Loss: 0.3143, ACC: 0.9149, AUC: 0.9675
[2025-08-25 00:37:39] fold_2: Epoch [181/200], Loss: 0.3142, ACC: 0.9149, AUC: 0.9676
[2025-08-25 00:57:55] Finall ensemble results of fold_2 for MACSynDCR:
[2025-08-25 00:57:55] ----------------------------------------------------------------------------------------------------
[2025-08-25 00:57:55] Ensemble Accuracy: 0.9225, AUC-ROC: 0.9713, 
Ensemble AUC-PR: 0.9693, Precision: 0.9238, 
Ensemble Recall: 0.9261, F1 Score: 0.9250, 
Ensemble RMSE: 11.0454
[2025-08-25 00:57:55] ----------------------------------------------------------------------------------------------------
[2025-08-25 00:57:55] Fold 3
[2025-08-25 00:57:55] ----------------------------------------------------------------------------------------------------
[2025-08-25 00:57:56] ANN_model saved with Val_ACC: 0.4768
[2025-08-25 00:57:56] ----------------------------------------------------------------------------------------------------
[2025-08-25 00:57:56] fold_3: Epoch [1/200], Loss: 0.7088, ACC: 0.4768, AUC: 0.4627
[2025-08-25 00:57:56] ANN_model saved with Val_ACC: 0.7702
[2025-08-25 00:57:56] ----------------------------------------------------------------------------------------------------
[2025-08-25 00:57:57] ANN_model saved with Val_ACC: 0.7956
[2025-08-25 00:57:57] ----------------------------------------------------------------------------------------------------
[2025-08-25 00:57:57] ANN_model saved with Val_ACC: 0.8108
[2025-08-25 00:57:57] ----------------------------------------------------------------------------------------------------
[2025-08-25 00:57:58] ANN_model saved with Val_ACC: 0.8184
[2025-08-25 00:57:58] ----------------------------------------------------------------------------------------------------
[2025-08-25 00:57:58] ANN_model saved with Val_ACC: 0.8337
[2025-08-25 00:57:58] ----------------------------------------------------------------------------------------------------
[2025-08-25 00:57:58] ANN_model saved with Val_ACC: 0.8470
[2025-08-25 00:57:58] ----------------------------------------------------------------------------------------------------
[2025-08-25 00:57:59] ANN_model saved with Val_ACC: 0.8610
[2025-08-25 00:57:59] ----------------------------------------------------------------------------------------------------
[2025-08-25 00:57:59] ANN_model saved with Val_ACC: 0.8635
[2025-08-25 00:57:59] ----------------------------------------------------------------------------------------------------
[2025-08-25 00:58:00] ANN_model saved with Val_ACC: 0.8698
[2025-08-25 00:58:00] ----------------------------------------------------------------------------------------------------
[2025-08-25 00:58:01] ANN_model saved with Val_ACC: 0.8749
[2025-08-25 00:58:01] ----------------------------------------------------------------------------------------------------
[2025-08-25 00:58:01] ANN_model saved with Val_ACC: 0.8775
[2025-08-25 00:58:01] ----------------------------------------------------------------------------------------------------
[2025-08-25 00:58:01] ANN_model saved with Val_ACC: 0.8806
[2025-08-25 00:58:01] ----------------------------------------------------------------------------------------------------
[2025-08-25 00:58:02] ANN_model saved with Val_ACC: 0.8851
[2025-08-25 00:58:02] ----------------------------------------------------------------------------------------------------
[2025-08-25 00:58:03] ANN_model saved with Val_ACC: 0.8889
[2025-08-25 00:58:03] ----------------------------------------------------------------------------------------------------
[2025-08-25 00:58:04] ANN_model saved with Val_ACC: 0.8908
[2025-08-25 00:58:04] ----------------------------------------------------------------------------------------------------
[2025-08-25 00:58:05] ANN_model saved with Val_ACC: 0.8952
[2025-08-25 00:58:05] ----------------------------------------------------------------------------------------------------
[2025-08-25 00:58:05] fold_3: Epoch [21/200], Loss: 0.3422, ACC: 0.8952, AUC: 0.9578
[2025-08-25 00:58:07] ANN_model saved with Val_ACC: 0.9016
[2025-08-25 00:58:07] ----------------------------------------------------------------------------------------------------
[2025-08-25 00:58:15] fold_3: Epoch [41/200], Loss: 0.3207, ACC: 0.8978, AUC: 0.9595
[2025-08-25 00:58:17] ANN_model saved with Val_ACC: 0.9035
[2025-08-25 00:58:17] ----------------------------------------------------------------------------------------------------
[2025-08-25 00:58:17] ANN_model saved with Val_ACC: 0.9060
[2025-08-25 00:58:17] ----------------------------------------------------------------------------------------------------
[2025-08-25 00:58:18] ANN_model saved with Val_ACC: 0.9079
[2025-08-25 00:58:18] ----------------------------------------------------------------------------------------------------
[2025-08-25 00:58:22] fold_3: Epoch [61/200], Loss: 0.3172, ACC: 0.9029, AUC: 0.9619
[2025-08-25 00:58:31] fold_3: Epoch [81/200], Loss: 0.3157, ACC: 0.9022, AUC: 0.9603
[2025-08-25 00:58:38] fold_3: Epoch [101/200], Loss: 0.3151, ACC: 0.9029, AUC: 0.9607
[2025-08-25 00:58:46] fold_3: Epoch [121/200], Loss: 0.3147, ACC: 0.9035, AUC: 0.9617
[2025-08-25 00:58:51] fold_3: Epoch [141/200], Loss: 0.3145, ACC: 0.9048, AUC: 0.9621
[2025-08-25 00:58:56] fold_3: Epoch [161/200], Loss: 0.3141, ACC: 0.9035, AUC: 0.9617
[2025-08-25 00:58:57] ANN_model saved with Val_ACC: 0.9092
[2025-08-25 00:58:57] ----------------------------------------------------------------------------------------------------
[2025-08-25 00:59:03] fold_3: Epoch [181/200], Loss: 0.3139, ACC: 0.9054, AUC: 0.9616
[2025-08-25 01:37:19] Fold 1
[2025-08-25 01:37:19] ----------------------------------------------------------------------------------------------------
[2025-08-25 01:37:21] ANN_model saved with Val_ACC: 0.5219
[2025-08-25 01:37:21] ----------------------------------------------------------------------------------------------------
[2025-08-25 01:37:21] fold_1: Epoch [1/1], Loss: 0.6904, ACC: 0.5219, AUC: 0.5083
[2025-08-25 01:37:46] Finall ensemble results of fold_1 for MACSynDCR:
[2025-08-25 01:37:46] ----------------------------------------------------------------------------------------------------
[2025-08-25 01:37:46] Ensemble Accuracy: 0.7270, AUC-ROC: 0.7986, 
Ensemble AUC-PR: 0.7875, Precision: 0.7095, 
Ensemble Recall: 0.7428, F1 Score: 0.7258, 
Ensemble RMSE: 20.7364
[2025-08-25 01:37:46] ----------------------------------------------------------------------------------------------------
[2025-08-25 01:37:46] Fold 2
[2025-08-25 01:37:46] ----------------------------------------------------------------------------------------------------
[2025-08-25 01:37:46] ANN_model saved with Val_ACC: 0.5111
[2025-08-25 01:37:46] ----------------------------------------------------------------------------------------------------
[2025-08-25 01:37:46] fold_2: Epoch [1/1], Loss: 0.6897, ACC: 0.5111, AUC: 0.5335
[2025-08-25 01:38:07] Finall ensemble results of fold_2 for MACSynDCR:
[2025-08-25 01:38:07] ----------------------------------------------------------------------------------------------------
[2025-08-25 01:38:07] Ensemble Accuracy: 0.7467, AUC-ROC: 0.8247, 
Ensemble AUC-PR: 0.8329, Precision: 0.7559, 
Ensemble Recall: 0.7512, F1 Score: 0.7536, 
Ensemble RMSE: 19.9750
[2025-08-25 01:38:07] ----------------------------------------------------------------------------------------------------
[2025-08-25 01:38:07] Fold 3
[2025-08-25 01:38:07] ----------------------------------------------------------------------------------------------------
[2025-08-25 01:38:08] ANN_model saved with Val_ACC: 0.5105
[2025-08-25 01:38:08] ----------------------------------------------------------------------------------------------------
[2025-08-25 01:38:08] fold_3: Epoch [1/1], Loss: 0.6951, ACC: 0.5105, AUC: 0.5196
[2025-08-25 01:38:29] Finall ensemble results of fold_3 for MACSynDCR:
[2025-08-25 01:38:29] ----------------------------------------------------------------------------------------------------
[2025-08-25 01:38:30] Ensemble Accuracy: 0.7562, AUC-ROC: 0.8461, 
Ensemble AUC-PR: 0.8436, Precision: 0.7062, 
Ensemble Recall: 0.8841, F1 Score: 0.7852, 
Ensemble RMSE: 19.5959
[2025-08-25 01:38:30] ----------------------------------------------------------------------------------------------------
[2025-08-25 01:38:30] Fold 4
[2025-08-25 01:38:30] ----------------------------------------------------------------------------------------------------
[2025-08-25 01:38:30] ANN_model saved with Val_ACC: 0.4984
[2025-08-25 01:38:30] ----------------------------------------------------------------------------------------------------
[2025-08-25 01:38:30] fold_4: Epoch [1/1], Loss: 0.7110, ACC: 0.4984, AUC: 0.4715
[2025-08-25 01:38:53] Finall ensemble results of fold_4 for MACSynDCR:
[2025-08-25 01:38:53] ----------------------------------------------------------------------------------------------------
[2025-08-25 01:38:53] Ensemble Accuracy: 0.7727, AUC-ROC: 0.8657, 
Ensemble AUC-PR: 0.8591, Precision: 0.7229, 
Ensemble Recall: 0.8784, F1 Score: 0.7931, 
Ensemble RMSE: 18.9209
[2025-08-25 01:38:53] ----------------------------------------------------------------------------------------------------
[2025-08-25 01:38:53] Fold 5
[2025-08-25 01:38:53] ----------------------------------------------------------------------------------------------------
[2025-08-25 01:38:53] ANN_model saved with Val_ACC: 0.5127
[2025-08-25 01:38:53] ----------------------------------------------------------------------------------------------------
[2025-08-25 01:38:53] fold_5: Epoch [1/1], Loss: 0.6931, ACC: 0.5127, AUC: 0.5303
[2025-08-25 01:39:15] Finall ensemble results of fold_5 for MACSynDCR:
[2025-08-25 01:39:15] ----------------------------------------------------------------------------------------------------
[2025-08-25 01:39:15] Ensemble Accuracy: 0.7598, AUC-ROC: 0.8473, 
Ensemble AUC-PR: 0.8424, Precision: 0.7529, 
Ensemble Recall: 0.7607, F1 Score: 0.7568, 
Ensemble RMSE: 19.4422
[2025-08-25 01:39:15] ----------------------------------------------------------------------------------------------------
[2025-08-25 01:39:15] ****************************************************************************************************
[2025-08-25 01:39:15] *          Final MACSynCDR Results:
[2025-08-25 01:39:15] ****************************************************************************************************
[2025-08-25 01:39:15]  AUC: 0.8365 ± 0.0230
[2025-08-25 01:39:15]  Accuracy: 0.7525 ± 0.0152
[2025-08-25 01:39:15]  AUC-PR: 0.8331 ± 0.0243
[2025-08-25 01:39:15]  Precision: 0.7295 ± 0.0211
[2025-08-25 01:39:15]  Recall: 0.8034 ± 0.0638
[2025-08-25 01:39:15]  F1: 0.7629 ± 0.0241
[2025-08-25 01:39:15]  BACC: 0.7525 ± 0.0153
[2025-08-25 01:39:15]  Kappa: 0.5049 ± 0.0306
[2025-08-25 01:39:15]  RMSE: 19.7341 ± 0.6047
[2025-08-25 01:39:15]  PCC: 0.5665 ± 0.0333
[2025-08-25 01:42:26] Fold 1
[2025-08-25 01:42:26] ----------------------------------------------------------------------------------------------------
[2025-08-25 01:42:28] ANN_model saved with Val_ACC: 0.4705
[2025-08-25 01:42:28] ----------------------------------------------------------------------------------------------------
[2025-08-25 01:42:29] fold_1: Epoch [1/200], Loss: 0.7041, ACC: 0.4705, AUC: 0.4495
[2025-08-25 01:42:30] ANN_model saved with Val_ACC: 0.7784
[2025-08-25 01:42:30] ----------------------------------------------------------------------------------------------------
[2025-08-25 01:42:31] ANN_model saved with Val_ACC: 0.8102
[2025-08-25 01:42:31] ----------------------------------------------------------------------------------------------------
[2025-08-25 01:42:32] ANN_model saved with Val_ACC: 0.8203
[2025-08-25 01:42:32] ----------------------------------------------------------------------------------------------------
[2025-08-25 01:42:34] ANN_model saved with Val_ACC: 0.8343
[2025-08-25 01:42:34] ----------------------------------------------------------------------------------------------------
[2025-08-25 01:42:35] ANN_model saved with Val_ACC: 0.8470
[2025-08-25 01:42:35] ----------------------------------------------------------------------------------------------------
[2025-08-25 01:42:37] ANN_model saved with Val_ACC: 0.8584
[2025-08-25 01:42:37] ----------------------------------------------------------------------------------------------------
[2025-08-25 01:42:38] ANN_model saved with Val_ACC: 0.8737
[2025-08-25 01:42:38] ----------------------------------------------------------------------------------------------------
[2025-08-25 01:42:39] ANN_model saved with Val_ACC: 0.8794
[2025-08-25 01:42:39] ----------------------------------------------------------------------------------------------------
[2025-08-25 01:42:40] ANN_model saved with Val_ACC: 0.8819
[2025-08-25 01:42:40] ----------------------------------------------------------------------------------------------------
[2025-08-25 01:42:41] ANN_model saved with Val_ACC: 0.8876
[2025-08-25 01:42:41] ----------------------------------------------------------------------------------------------------
[2025-08-25 01:42:43] ANN_model saved with Val_ACC: 0.8883
[2025-08-25 01:42:43] ----------------------------------------------------------------------------------------------------
[2025-08-25 01:42:46] ANN_model saved with Val_ACC: 0.8927
[2025-08-25 01:42:46] ----------------------------------------------------------------------------------------------------
[2025-08-25 01:42:49] ANN_model saved with Val_ACC: 0.8933
[2025-08-25 01:42:49] ----------------------------------------------------------------------------------------------------
[2025-08-25 01:42:49] ANN_model saved with Val_ACC: 0.8965
[2025-08-25 01:42:49] ----------------------------------------------------------------------------------------------------
[2025-08-25 01:42:50] ANN_model saved with Val_ACC: 0.9041
[2025-08-25 01:42:50] ----------------------------------------------------------------------------------------------------
[2025-08-25 01:42:51] ANN_model saved with Val_ACC: 0.9073
[2025-08-25 01:42:51] ----------------------------------------------------------------------------------------------------
[2025-08-25 01:42:52] ANN_model saved with Val_ACC: 0.9079
[2025-08-25 01:42:52] ----------------------------------------------------------------------------------------------------
[2025-08-25 01:42:53] fold_1: Epoch [21/200], Loss: 0.3390, ACC: 0.9048, AUC: 0.9571
[2025-08-25 01:42:54] ANN_model saved with Val_ACC: 0.9098
[2025-08-25 01:42:54] ----------------------------------------------------------------------------------------------------
[2025-08-25 01:42:57] ANN_model saved with Val_ACC: 0.9130
[2025-08-25 01:42:57] ----------------------------------------------------------------------------------------------------
[2025-08-25 01:43:11] ANN_model saved with Val_ACC: 0.9137
[2025-08-25 01:43:11] ----------------------------------------------------------------------------------------------------
[2025-08-25 01:43:17] fold_1: Epoch [41/200], Loss: 0.3225, ACC: 0.9092, AUC: 0.9593
[2025-08-25 01:43:34] fold_1: Epoch [61/200], Loss: 0.3172, ACC: 0.9124, AUC: 0.9620
[2025-08-25 01:43:47] ANN_model saved with Val_ACC: 0.9143
[2025-08-25 01:43:47] ----------------------------------------------------------------------------------------------------
[2025-08-25 01:43:49] ANN_model saved with Val_ACC: 0.9149
[2025-08-25 01:43:49] ----------------------------------------------------------------------------------------------------
[2025-08-25 01:43:53] fold_1: Epoch [81/200], Loss: 0.3159, ACC: 0.9098, AUC: 0.9624
[2025-08-25 01:43:57] ANN_model saved with Val_ACC: 0.9156
[2025-08-25 01:43:57] ----------------------------------------------------------------------------------------------------
[2025-08-25 01:44:13] fold_1: Epoch [101/200], Loss: 0.3154, ACC: 0.9137, AUC: 0.9632
[2025-08-25 01:44:31] fold_1: Epoch [121/200], Loss: 0.3151, ACC: 0.9117, AUC: 0.9632
[2025-08-25 01:44:46] fold_1: Epoch [141/200], Loss: 0.3152, ACC: 0.9079, AUC: 0.9625
[2025-08-25 01:44:47] ANN_model saved with Val_ACC: 0.9168
[2025-08-25 01:44:47] ----------------------------------------------------------------------------------------------------
[2025-08-25 01:45:02] fold_1: Epoch [161/200], Loss: 0.3162, ACC: 0.9079, AUC: 0.9583
[2025-08-25 01:45:18] fold_1: Epoch [181/200], Loss: 0.3155, ACC: 0.9079, AUC: 0.9590
[2025-08-25 02:29:19] Finall ensemble results of fold_1 for MACSynDCR:
[2025-08-25 02:29:19] ----------------------------------------------------------------------------------------------------
[2025-08-25 02:29:19] Ensemble Accuracy: 0.9168, AUC-ROC: 0.9693, 
Ensemble AUC-PR: 0.9668, Precision: 0.9107, 
Ensemble Recall: 0.9191, F1 Score: 0.9149, 
Ensemble RMSE: 11.4455
[2025-08-25 02:29:19] ----------------------------------------------------------------------------------------------------
[2025-08-25 02:29:19] Fold 2
[2025-08-25 02:29:19] ----------------------------------------------------------------------------------------------------
[2025-08-25 02:29:20] ANN_model saved with Val_ACC: 0.5143
[2025-08-25 02:29:20] ----------------------------------------------------------------------------------------------------
[2025-08-25 02:29:20] fold_2: Epoch [1/200], Loss: 0.6966, ACC: 0.5143, AUC: 0.5491
[2025-08-25 02:29:20] ANN_model saved with Val_ACC: 0.7695
[2025-08-25 02:29:20] ----------------------------------------------------------------------------------------------------
[2025-08-25 02:29:21] ANN_model saved with Val_ACC: 0.7962
[2025-08-25 02:29:21] ----------------------------------------------------------------------------------------------------
[2025-08-25 02:29:21] ANN_model saved with Val_ACC: 0.8057
[2025-08-25 02:29:21] ----------------------------------------------------------------------------------------------------
[2025-08-25 02:29:22] ANN_model saved with Val_ACC: 0.8178
[2025-08-25 02:29:22] ----------------------------------------------------------------------------------------------------
[2025-08-25 02:29:22] ANN_model saved with Val_ACC: 0.8279
[2025-08-25 02:29:22] ----------------------------------------------------------------------------------------------------
[2025-08-25 02:29:23] ANN_model saved with Val_ACC: 0.8514
[2025-08-25 02:29:23] ----------------------------------------------------------------------------------------------------
[2025-08-25 02:29:23] ANN_model saved with Val_ACC: 0.8565
[2025-08-25 02:29:23] ----------------------------------------------------------------------------------------------------
[2025-08-25 02:29:24] ANN_model saved with Val_ACC: 0.8692
[2025-08-25 02:29:24] ----------------------------------------------------------------------------------------------------
[2025-08-25 02:29:24] ANN_model saved with Val_ACC: 0.8743
[2025-08-25 02:29:24] ----------------------------------------------------------------------------------------------------
[2025-08-25 02:29:24] ANN_model saved with Val_ACC: 0.8819
[2025-08-25 02:29:24] ----------------------------------------------------------------------------------------------------
[2025-08-25 02:29:25] ANN_model saved with Val_ACC: 0.8832
[2025-08-25 02:29:25] ----------------------------------------------------------------------------------------------------
[2025-08-25 02:29:25] ANN_model saved with Val_ACC: 0.8857
[2025-08-25 02:29:25] ----------------------------------------------------------------------------------------------------
[2025-08-25 02:29:25] ANN_model saved with Val_ACC: 0.8870
[2025-08-25 02:29:25] ----------------------------------------------------------------------------------------------------
[2025-08-25 02:29:26] ANN_model saved with Val_ACC: 0.8876
[2025-08-25 02:29:26] ----------------------------------------------------------------------------------------------------
[2025-08-25 02:29:26] ANN_model saved with Val_ACC: 0.8997
[2025-08-25 02:29:26] ----------------------------------------------------------------------------------------------------
[2025-08-25 02:29:27] ANN_model saved with Val_ACC: 0.9022
[2025-08-25 02:29:27] ----------------------------------------------------------------------------------------------------
[2025-08-25 02:29:28] ANN_model saved with Val_ACC: 0.9054
[2025-08-25 02:29:28] ----------------------------------------------------------------------------------------------------
[2025-08-25 02:29:28] fold_2: Epoch [21/200], Loss: 0.3470, ACC: 0.9029, AUC: 0.9606
[2025-08-25 02:29:31] ANN_model saved with Val_ACC: 0.9060
[2025-08-25 02:29:31] ----------------------------------------------------------------------------------------------------
[2025-08-25 02:29:33] ANN_model saved with Val_ACC: 0.9073
[2025-08-25 02:29:33] ----------------------------------------------------------------------------------------------------
[2025-08-25 02:29:34] fold_2: Epoch [41/200], Loss: 0.3216, ACC: 0.9048, AUC: 0.9652
[2025-08-25 02:29:35] ANN_model saved with Val_ACC: 0.9079
[2025-08-25 02:29:35] ----------------------------------------------------------------------------------------------------
[2025-08-25 02:29:38] ANN_model saved with Val_ACC: 0.9092
[2025-08-25 02:29:38] ----------------------------------------------------------------------------------------------------
[2025-08-25 02:29:38] ANN_model saved with Val_ACC: 0.9111
[2025-08-25 02:29:38] ----------------------------------------------------------------------------------------------------
[2025-08-25 02:29:39] fold_2: Epoch [61/200], Loss: 0.3176, ACC: 0.9092, AUC: 0.9674
[2025-08-25 02:29:45] ANN_model saved with Val_ACC: 0.9124
[2025-08-25 02:29:45] ----------------------------------------------------------------------------------------------------
[2025-08-25 02:29:45] fold_2: Epoch [81/200], Loss: 0.3163, ACC: 0.9124, AUC: 0.9675
[2025-08-25 02:29:51] fold_2: Epoch [101/200], Loss: 0.3156, ACC: 0.9111, AUC: 0.9681
[2025-08-25 02:29:57] fold_2: Epoch [121/200], Loss: 0.3152, ACC: 0.9111, AUC: 0.9682
[2025-08-25 02:30:02] fold_2: Epoch [141/200], Loss: 0.3149, ACC: 0.9098, AUC: 0.9683
[2025-08-25 02:30:07] fold_2: Epoch [161/200], Loss: 0.3147, ACC: 0.9105, AUC: 0.9683
[2025-08-25 02:30:12] fold_2: Epoch [181/200], Loss: 0.3145, ACC: 0.9111, AUC: 0.9684
[2025-08-25 02:50:21] Finall ensemble results of fold_2 for MACSynDCR:
[2025-08-25 02:50:21] ----------------------------------------------------------------------------------------------------
[2025-08-25 02:50:21] Ensemble Accuracy: 0.9156, AUC-ROC: 0.9712, 
Ensemble AUC-PR: 0.9711, Precision: 0.9207, 
Ensemble Recall: 0.9150, F1 Score: 0.9179, 
Ensemble RMSE: 11.5326
[2025-08-25 02:50:21] ----------------------------------------------------------------------------------------------------
[2025-08-25 02:50:21] Fold 3
[2025-08-25 02:50:21] ----------------------------------------------------------------------------------------------------
[2025-08-25 02:50:22] ANN_model saved with Val_ACC: 0.5098
[2025-08-25 02:50:22] ----------------------------------------------------------------------------------------------------
[2025-08-25 02:50:22] fold_3: Epoch [1/200], Loss: 0.7068, ACC: 0.5098, AUC: 0.4949
[2025-08-25 02:50:22] ANN_model saved with Val_ACC: 0.7759
[2025-08-25 02:50:22] ----------------------------------------------------------------------------------------------------
[2025-08-25 02:50:22] ANN_model saved with Val_ACC: 0.8095
[2025-08-25 02:50:22] ----------------------------------------------------------------------------------------------------
[2025-08-25 02:50:23] ANN_model saved with Val_ACC: 0.8203
[2025-08-25 02:50:23] ----------------------------------------------------------------------------------------------------
[2025-08-25 02:50:23] ANN_model saved with Val_ACC: 0.8241
[2025-08-25 02:50:23] ----------------------------------------------------------------------------------------------------
[2025-08-25 02:50:24] ANN_model saved with Val_ACC: 0.8349
[2025-08-25 02:50:24] ----------------------------------------------------------------------------------------------------
[2025-08-25 02:50:24] ANN_model saved with Val_ACC: 0.8451
[2025-08-25 02:50:24] ----------------------------------------------------------------------------------------------------
[2025-08-25 02:50:24] ANN_model saved with Val_ACC: 0.8578
[2025-08-25 02:50:24] ----------------------------------------------------------------------------------------------------
[2025-08-25 02:50:25] ANN_model saved with Val_ACC: 0.8692
[2025-08-25 02:50:25] ----------------------------------------------------------------------------------------------------
[2025-08-25 02:50:25] ANN_model saved with Val_ACC: 0.8775
[2025-08-25 02:50:25] ----------------------------------------------------------------------------------------------------
[2025-08-25 02:50:26] ANN_model saved with Val_ACC: 0.8844
[2025-08-25 02:50:26] ----------------------------------------------------------------------------------------------------
[2025-08-25 02:50:26] ANN_model saved with Val_ACC: 0.8889
[2025-08-25 02:50:26] ----------------------------------------------------------------------------------------------------
[2025-08-25 02:50:27] ANN_model saved with Val_ACC: 0.8908
[2025-08-25 02:50:27] ----------------------------------------------------------------------------------------------------
[2025-08-25 02:50:27] ANN_model saved with Val_ACC: 0.8927
[2025-08-25 02:50:27] ----------------------------------------------------------------------------------------------------
[2025-08-25 02:50:28] ANN_model saved with Val_ACC: 0.8946
[2025-08-25 02:50:28] ----------------------------------------------------------------------------------------------------
[2025-08-25 02:50:29] ANN_model saved with Val_ACC: 0.9010
[2025-08-25 02:50:29] ----------------------------------------------------------------------------------------------------
[2025-08-25 02:50:29] fold_3: Epoch [21/200], Loss: 0.3370, ACC: 0.8984, AUC: 0.9585
[2025-08-25 02:50:30] ANN_model saved with Val_ACC: 0.9029
[2025-08-25 02:50:30] ----------------------------------------------------------------------------------------------------
[2025-08-25 02:50:30] ANN_model saved with Val_ACC: 0.9041
[2025-08-25 02:50:30] ----------------------------------------------------------------------------------------------------
[2025-08-25 02:50:31] ANN_model saved with Val_ACC: 0.9048
[2025-08-25 02:50:31] ----------------------------------------------------------------------------------------------------
[2025-08-25 02:50:33] ANN_model saved with Val_ACC: 0.9060
[2025-08-25 02:50:33] ----------------------------------------------------------------------------------------------------
[2025-08-25 02:50:35] fold_3: Epoch [41/200], Loss: 0.3189, ACC: 0.9010, AUC: 0.9598
[2025-08-25 02:50:37] ANN_model saved with Val_ACC: 0.9073
[2025-08-25 02:50:37] ----------------------------------------------------------------------------------------------------
[2025-08-25 02:50:40] fold_3: Epoch [61/200], Loss: 0.3163, ACC: 0.9035, AUC: 0.9618
[2025-08-25 02:50:47] fold_3: Epoch [81/200], Loss: 0.3155, ACC: 0.9016, AUC: 0.9626
[2025-08-25 02:50:54] fold_3: Epoch [101/200], Loss: 0.3150, ACC: 0.9029, AUC: 0.9627
[2025-08-25 02:50:58] ANN_model saved with Val_ACC: 0.9079
[2025-08-25 02:50:58] ----------------------------------------------------------------------------------------------------
[2025-08-25 02:50:59] ANN_model saved with Val_ACC: 0.9086
[2025-08-25 02:50:59] ----------------------------------------------------------------------------------------------------
[2025-08-25 02:50:59] fold_3: Epoch [121/200], Loss: 0.3145, ACC: 0.9079, AUC: 0.9628
[2025-08-25 02:51:05] fold_3: Epoch [141/200], Loss: 0.3143, ACC: 0.9073, AUC: 0.9631
[2025-08-25 02:51:10] fold_3: Epoch [161/200], Loss: 0.3141, ACC: 0.9086, AUC: 0.9620
[2025-08-25 02:51:15] fold_3: Epoch [181/200], Loss: 0.3139, ACC: 0.9073, AUC: 0.9627
[2025-08-25 03:11:15] Finall ensemble results of fold_3 for MACSynDCR:
[2025-08-25 03:11:15] ----------------------------------------------------------------------------------------------------
[2025-08-25 03:11:15] Ensemble Accuracy: 0.9187, AUC-ROC: 0.9689, 
Ensemble AUC-PR: 0.9709, Precision: 0.9258, 
Ensemble Recall: 0.9118, F1 Score: 0.9188, 
Ensemble RMSE: 11.3137
[2025-08-25 03:11:15] ----------------------------------------------------------------------------------------------------
[2025-08-25 03:11:15] Fold 4
[2025-08-25 03:11:15] ----------------------------------------------------------------------------------------------------
[2025-08-25 03:11:16] ANN_model saved with Val_ACC: 0.4895
[2025-08-25 03:11:16] ----------------------------------------------------------------------------------------------------
[2025-08-25 03:11:16] fold_4: Epoch [1/200], Loss: 0.6992, ACC: 0.4895, AUC: 0.4949
[2025-08-25 03:11:16] ANN_model saved with Val_ACC: 0.7879
[2025-08-25 03:11:16] ----------------------------------------------------------------------------------------------------
[2025-08-25 03:11:16] ANN_model saved with Val_ACC: 0.7987
[2025-08-25 03:11:16] ----------------------------------------------------------------------------------------------------
[2025-08-25 03:11:17] ANN_model saved with Val_ACC: 0.8292
[2025-08-25 03:11:17] ----------------------------------------------------------------------------------------------------
[2025-08-25 03:11:17] ANN_model saved with Val_ACC: 0.8387
[2025-08-25 03:11:17] ----------------------------------------------------------------------------------------------------
[2025-08-25 03:11:19] ANN_model saved with Val_ACC: 0.8527
[2025-08-25 03:11:19] ----------------------------------------------------------------------------------------------------
[2025-08-25 03:11:19] ANN_model saved with Val_ACC: 0.8686
[2025-08-25 03:11:19] ----------------------------------------------------------------------------------------------------
[2025-08-25 03:11:19] ANN_model saved with Val_ACC: 0.8724
[2025-08-25 03:11:19] ----------------------------------------------------------------------------------------------------
[2025-08-25 03:11:20] ANN_model saved with Val_ACC: 0.8781
[2025-08-25 03:11:20] ----------------------------------------------------------------------------------------------------
[2025-08-25 03:11:21] ANN_model saved with Val_ACC: 0.8806
[2025-08-25 03:11:21] ----------------------------------------------------------------------------------------------------
[2025-08-25 03:11:21] ANN_model saved with Val_ACC: 0.8832
[2025-08-25 03:11:21] ----------------------------------------------------------------------------------------------------
[2025-08-25 03:11:22] ANN_model saved with Val_ACC: 0.8895
[2025-08-25 03:11:22] ----------------------------------------------------------------------------------------------------
[2025-08-25 03:11:23] ANN_model saved with Val_ACC: 0.8940
[2025-08-25 03:11:23] ----------------------------------------------------------------------------------------------------
[2025-08-25 03:11:24] fold_4: Epoch [21/200], Loss: 0.3367, ACC: 0.8921, AUC: 0.9604
[2025-08-25 03:11:25] ANN_model saved with Val_ACC: 0.8990
[2025-08-25 03:11:25] ----------------------------------------------------------------------------------------------------
[2025-08-25 03:11:25] ANN_model saved with Val_ACC: 0.9029
[2025-08-25 03:11:25] ----------------------------------------------------------------------------------------------------
[2025-08-25 03:11:29] ANN_model saved with Val_ACC: 0.9054
[2025-08-25 03:11:29] ----------------------------------------------------------------------------------------------------
[2025-08-25 03:11:29] ANN_model saved with Val_ACC: 0.9073
[2025-08-25 03:11:29] ----------------------------------------------------------------------------------------------------
[2025-08-25 03:11:30] fold_4: Epoch [41/200], Loss: 0.3195, ACC: 0.9003, AUC: 0.9643
[2025-08-25 03:11:36] fold_4: Epoch [61/200], Loss: 0.3164, ACC: 0.9016, AUC: 0.9647
[2025-08-25 03:11:41] fold_4: Epoch [81/200], Loss: 0.3154, ACC: 0.9035, AUC: 0.9653
[2025-08-25 03:11:47] fold_4: Epoch [101/200], Loss: 0.3149, ACC: 0.9054, AUC: 0.9653
[2025-08-25 03:11:52] fold_4: Epoch [121/200], Loss: 0.3146, ACC: 0.9029, AUC: 0.9655
[2025-08-25 03:11:58] ANN_model saved with Val_ACC: 0.9079
[2025-08-25 03:11:58] ----------------------------------------------------------------------------------------------------
[2025-08-25 03:11:59] fold_4: Epoch [141/200], Loss: 0.3142, ACC: 0.9073, AUC: 0.9651
[2025-08-25 03:12:04] fold_4: Epoch [161/200], Loss: 0.3140, ACC: 0.9035, AUC: 0.9657
[2025-08-25 03:12:09] fold_4: Epoch [181/200], Loss: 0.4141, ACC: 0.7733, AUC: 0.7932
[2025-08-25 03:32:09] Finall ensemble results of fold_4 for MACSynDCR:
[2025-08-25 03:32:09] ----------------------------------------------------------------------------------------------------
[2025-08-25 03:32:09] Ensemble Accuracy: 0.9194, AUC-ROC: 0.9709, 
Ensemble AUC-PR: 0.9711, Precision: 0.9182, 
Ensemble Recall: 0.9193, F1 Score: 0.9187, 
Ensemble RMSE: 11.2694
[2025-08-25 03:32:09] ----------------------------------------------------------------------------------------------------
[2025-08-25 03:32:09] Fold 5
[2025-08-25 03:32:09] ----------------------------------------------------------------------------------------------------
[2025-08-25 03:32:09] ANN_model saved with Val_ACC: 0.4638
[2025-08-25 03:32:09] ----------------------------------------------------------------------------------------------------
[2025-08-25 03:32:09] fold_5: Epoch [1/200], Loss: 0.7082, ACC: 0.4638, AUC: 0.4483
[2025-08-25 03:32:10] ANN_model saved with Val_ACC: 0.7992
[2025-08-25 03:32:10] ----------------------------------------------------------------------------------------------------
[2025-08-25 03:32:10] ANN_model saved with Val_ACC: 0.8348
[2025-08-25 03:32:10] ----------------------------------------------------------------------------------------------------
[2025-08-25 03:32:11] ANN_model saved with Val_ACC: 0.8513
[2025-08-25 03:32:11] ----------------------------------------------------------------------------------------------------
[2025-08-25 03:32:11] ANN_model saved with Val_ACC: 0.8571
[2025-08-25 03:32:11] ----------------------------------------------------------------------------------------------------
[2025-08-25 03:32:12] ANN_model saved with Val_ACC: 0.8672
[2025-08-25 03:32:12] ----------------------------------------------------------------------------------------------------
[2025-08-25 03:32:12] ANN_model saved with Val_ACC: 0.8710
[2025-08-25 03:32:12] ----------------------------------------------------------------------------------------------------
[2025-08-25 03:32:13] ANN_model saved with Val_ACC: 0.8825
[2025-08-25 03:32:13] ----------------------------------------------------------------------------------------------------
[2025-08-25 03:32:13] ANN_model saved with Val_ACC: 0.8882
[2025-08-25 03:32:13] ----------------------------------------------------------------------------------------------------
[2025-08-25 03:32:13] ANN_model saved with Val_ACC: 0.8990
[2025-08-25 03:32:13] ----------------------------------------------------------------------------------------------------
[2025-08-25 03:32:14] ANN_model saved with Val_ACC: 0.8996
[2025-08-25 03:32:14] ----------------------------------------------------------------------------------------------------
[2025-08-25 03:32:16] ANN_model saved with Val_ACC: 0.9060
[2025-08-25 03:32:16] ----------------------------------------------------------------------------------------------------
[2025-08-25 03:32:16] ANN_model saved with Val_ACC: 0.9117
[2025-08-25 03:32:16] ----------------------------------------------------------------------------------------------------
[2025-08-25 03:32:18] fold_5: Epoch [21/200], Loss: 0.3396, ACC: 0.9072, AUC: 0.9635
[2025-08-25 03:32:19] ANN_model saved with Val_ACC: 0.9123
[2025-08-25 03:32:19] ----------------------------------------------------------------------------------------------------
[2025-08-25 03:32:22] ANN_model saved with Val_ACC: 0.9130
[2025-08-25 03:32:22] ----------------------------------------------------------------------------------------------------
[2025-08-25 03:32:25] fold_5: Epoch [41/200], Loss: 0.3203, ACC: 0.9117, AUC: 0.9678
[2025-08-25 03:32:30] fold_5: Epoch [61/200], Loss: 0.3168, ACC: 0.9098, AUC: 0.9668
[2025-08-25 03:32:35] fold_5: Epoch [81/200], Loss: 0.3155, ACC: 0.9085, AUC: 0.9687
[2025-08-25 03:32:41] fold_5: Epoch [101/200], Loss: 0.3150, ACC: 0.9091, AUC: 0.9690
[2025-08-25 03:32:46] fold_5: Epoch [121/200], Loss: 0.3147, ACC: 0.9104, AUC: 0.9690
[2025-08-25 03:32:52] fold_5: Epoch [141/200], Loss: 0.3145, ACC: 0.9117, AUC: 0.9678
[2025-08-25 03:32:58] fold_5: Epoch [161/200], Loss: 0.3514, ACC: 0.8615, AUC: 0.9510
[2025-08-25 03:33:03] fold_5: Epoch [181/200], Loss: 0.3387, ACC: 0.8875, AUC: 0.9500
[2025-08-25 03:54:17] Finall ensemble results of fold_5 for MACSynDCR:
[2025-08-25 03:54:17] ----------------------------------------------------------------------------------------------------
[2025-08-25 03:54:17] Ensemble Accuracy: 0.9187, AUC-ROC: 0.9728, 
Ensemble AUC-PR: 0.9690, Precision: 0.9119, 
Ensemble Recall: 0.9237, F1 Score: 0.9177, 
Ensemble RMSE: 11.3137
[2025-08-25 03:54:17] ----------------------------------------------------------------------------------------------------
[2025-08-25 03:54:17] ****************************************************************************************************
[2025-08-25 03:54:17] *          Final MACSynCDR Results:
[2025-08-25 03:54:17] ****************************************************************************************************
[2025-08-25 03:54:17]  AUC: 0.9706 ± 0.0014
[2025-08-25 03:54:17]  Accuracy: 0.9178 ± 0.0014
[2025-08-25 03:54:17]  AUC-PR: 0.9698 ± 0.0017
[2025-08-25 03:54:17]  Precision: 0.9175 ± 0.0056
[2025-08-25 03:54:17]  Recall: 0.9178 ± 0.0040
[2025-08-25 03:54:17]  F1: 0.9176 ± 0.0014
[2025-08-25 03:54:17]  BACC: 0.9179 ± 0.0014
[2025-08-25 03:54:17]  Kappa: 0.8356 ± 0.0029
[2025-08-25 03:54:17]  RMSE: 11.3750 ± 0.0984
[2025-08-25 03:54:17]  PCC: 0.8624 ± 0.0028

CNN: Accuracy: 0.8907, AUC-ROC: 0.9516
CNN: AUC-PR: 0.9509, Precision: 0.8742,
CNN Recall: 0.9082, F1 Score: 0.8909
CNN:RMSE: 13.1149 , PCC: 0.8002
Evaluation of Keras MACSynDCR_ANN model:
50/50 ???????????????????? 1s 4ms/step - acc: 0.9078 - auc: 0.9597 - loss: 0.3395
Evaluate->  Loss: 0.3376, Accuracy: 0.9066,AUC: 0.9618
50/50 ???????????????????? 0s 6ms/step
197/197 ???????????????????? 1s 4ms/step
ANN: Accuracy: 0.9066, AUC-ROC: 0.9675
ANN: AUC-PR: 0.9677, Precision: 0.8982,
ANN Recall: 0.9133, F1 Score: 0.9057
ANN:RMSE: 12.1244 , PCC: 0.8378
****************************************************************************************************
Evaluation of Keras MACSynDCR_CNN model:
50/50 ???????????????????? 1s 5ms/step - acc: 0.8898 - auc: 0.9434 - loss: 0.4399
Evaluate->  Loss: 0.4486, Accuracy: 0.8907,Accuracy: 0.9428
50/50 ???????????????????? 0s 6ms/step
197/197 ???????????????????? 1s 6ms/step
CNN: Accuracy: 0.8907, AUC-ROC: 0.9516
CNN: AUC-PR: 0.9509, Precision: 0.8742,
CNN Recall: 0.9082, F1 Score: 0.8909
CNN:RMSE: 13.1149 , PCC: 0.8002
****************************************************************************************************
Accuracy Score and AUC for ANN = AUC: 0.9664, Accuracy: 0.9130
Accuracy Score and AUC for KANN = AUC: 0.9675, Accuracy: 0.9066
Accuracy Score and AUC for KCNN = AUC: 0.9516, Accuracy: 0.8907
Average AUC = AUC: 0.9726, Accuracy: 0.9180
MAX AUC = AUC: 0.9700, Accuracy: 0.8945
Fitting 5 folds for each of 14 candidates, totalling 70 fits
Finall ensemble results of fold_5 for MACSynDCR:
----------------------------------------------------------------------------------------------------
Ensemble Accuracy: 0.9187, AUC-ROC: 0.9728
Ensemble AUC-PR: 0.9690, Precision: 0.9119,
Ensemble Recall: 0.9237, F1 Score: 0.9177

Ensemble Kappa: 0.8373 , BACC: 0.9188

Ensemble RMSE: 11.3137 , PCC: 0.8664
----------------------------------------------------------------------------------------------------
****************************************************************************************************
*           Final MACSynCDR Results:
****************************************************************************************************
 AUC: 0.9706 ± 0.0014
 Accuracy: 0.9178 ± 0.0014
 AUC-PR: 0.9698 ± 0.0017
 Precision: 0.9175 ± 0.0056
 Recall: 0.9178 ± 0.0040
 F1: 0.9176 ± 0.0014
 BACC: 0.9179 ± 0.0014
 Kappa: 0.8356 ± 0.0029
 RMSE: 11.3750 ± 0.0984
 PCC: 0.8624 ± 0.0028
Max AUC: 0.9728
Max ACC: 0.9194
Max AUC-PR: 0.9711
Max Precision: 0.9258
Max Reacall: 0.9237
Max F1: 0.9188
MIN RMSE: 11.2694
Max PCC: 0.8664
