[2025-08-20 21:09:24] Fold 1
[2025-08-20 21:09:24] ----------------------------------------------------------------------------------------------------
[2025-08-20 21:25:11] Fold 2
[2025-08-20 21:25:11] ----------------------------------------------------------------------------------------------------
[2025-08-20 21:40:34] Fold 3
[2025-08-20 21:40:34] ----------------------------------------------------------------------------------------------------
[2025-08-20 21:56:11] Fold 4
[2025-08-20 21:56:11] ----------------------------------------------------------------------------------------------------
[2025-08-20 22:11:43] Fold 5
[2025-08-20 22:11:43] ----------------------------------------------------------------------------------------------------
[2025-08-20 22:27:15] ****************************************************************************************************
[2025-08-20 22:27:15] *          Final MACSynCDR Results:
[2025-08-20 22:27:15] ****************************************************************************************************
[2025-08-20 22:27:15]  AUC: 0.9486 ± 0.0021
[2025-08-20 22:27:15]  Accuracy: 0.8764 ± 0.0064
[2025-08-20 22:27:15]  AUC-PR: 0.9452 ± 0.0036
[2025-08-20 22:27:15]  Precision: 0.8750 ± 0.0083
[2025-08-20 22:27:15]  Recall: 0.8775 ± 0.0080
[2025-08-20 22:27:15]  F1: 0.8762 ± 0.0069
[2025-08-20 22:27:15]  RMSE: 12.1274 ± 0.1711
[2025-08-20 22:27:15]  PCC: 0.7984 ± 0.0061


C:\Users\srahaman2\Documents\PhD research\MACSynDCR\LapMGAN>python MACSynDCR_CV_RUN_with_LMGAN_shape_ANN.py --epoch 30 --suffix Ablation_RF
2025-08-20 21:09:15.187899: I tensorflow/core/util/port.cc:153] oneDNN custom operations are on. You may see slightly different numerical results due to floating-point round-off errors from different computation orders. To turn them off, set the environment variable `TF_ENABLE_ONEDNN_OPTS=0`.
2025-08-20 21:09:16.146499: I tensorflow/core/util/port.cc:153] oneDNN custom operations are on. You may see slightly different numerical results due to floating-point round-off errors from different computation orders. To turn them off, set the environment variable `TF_ENABLE_ONEDNN_OPTS=0`.
Fold 1
Fitting 5 folds for each of 24 candidates, totalling 120 fits
Accuracy: 0.8660, AUC-ROC: 0.9458
 AUC-PR: 0.9407, Precision: 0.8619, Recall: 0.8696, F1 Score: 0.8657
RMSE: 12.3594 , PCC: 0.7891
Fold 2
Fitting 5 folds for each of 24 candidates, totalling 120 fits
Accuracy: 0.8832, AUC-ROC: 0.9480
 AUC-PR: 0.9413, Precision: 0.8823, Recall: 0.8800, F1 Score: 0.8811
RMSE: 12.1134 , PCC: 0.7989
Fold 3
Fitting 5 folds for each of 24 candidates, totalling 120 fits
Accuracy: 0.8762, AUC-ROC: 0.9517
 AUC-PR: 0.9476, Precision: 0.8686, Recall: 0.8787, F1 Score: 0.8736
RMSE: 11.9526 , PCC: 0.8049
Fold 4
Fitting 5 folds for each of 24 candidates, totalling 120 fits
Accuracy: 0.8832, AUC-ROC: 0.9501
 AUC-PR: 0.9466, Precision: 0.8816, Recall: 0.8904, F1 Score: 0.8860
RMSE: 11.9312 , PCC: 0.8048
Fold 5
Fitting 5 folds for each of 24 candidates, totalling 120 fits
Accuracy: 0.8736, AUC-ROC: 0.9473
 AUC-PR: 0.9500, Precision: 0.8807, Recall: 0.8686, F1 Score: 0.8746
RMSE: 12.2802 , PCC: 0.7944
****************************************************************************************************
*           Final MACSynCDR Results:
****************************************************************************************************
 AUC: 0.9486 ± 0.0021
 Accuracy: 0.8764 ± 0.0064
 AUC-PR: 0.9452 ± 0.0036
 Precision: 0.8750 ± 0.0083
 Recall: 0.8775 ± 0.0080
 F1: 0.8762 ± 0.0069
 RMSE: 12.1274 ± 0.1711
 PCC: 0.7984 ± 0.0061
Max AUC: 0.9517
Max ACC: 0.8832
Max AUC-PR: 0.9500
Max Precision: 0.8823
Max Reacall: 0.8904
Max F1: 0.8860
MIN RMSE: 11.9312
Max PCC: 0.8049
