[2025-08-25 21:22:37] Fold 1
[2025-08-25 21:22:37] ----------------------------------------------------------------------------------------------------
[2025-08-25 21:22:38] ANN_model saved with Val_ACC: 0.5326
[2025-08-25 21:22:38] ----------------------------------------------------------------------------------------------------
[2025-08-25 21:22:39] fold_1: Epoch [1/120], Loss: 0.6969, ACC: 0.5326, AUC: 0.5379
[2025-08-25 21:22:39] ANN_model saved with Val_ACC: 0.7934
[2025-08-25 21:22:39] ----------------------------------------------------------------------------------------------------
[2025-08-25 21:22:39] ANN_model saved with Val_ACC: 0.8280
[2025-08-25 21:22:39] ----------------------------------------------------------------------------------------------------
[2025-08-25 21:22:40] ANN_model saved with Val_ACC: 0.8429
[2025-08-25 21:22:40] ----------------------------------------------------------------------------------------------------
[2025-08-25 21:22:40] ANN_model saved with Val_ACC: 0.8539
[2025-08-25 21:22:40] ----------------------------------------------------------------------------------------------------
[2025-08-25 21:22:41] ANN_model saved with Val_ACC: 0.8657
[2025-08-25 21:22:41] ----------------------------------------------------------------------------------------------------
[2025-08-25 21:22:41] ANN_model saved with Val_ACC: 0.8814
[2025-08-25 21:22:41] ----------------------------------------------------------------------------------------------------
[2025-08-25 21:22:42] ANN_model saved with Val_ACC: 0.8861
[2025-08-25 21:22:42] ----------------------------------------------------------------------------------------------------
[2025-08-25 21:22:42] ANN_model saved with Val_ACC: 0.8916
[2025-08-25 21:22:42] ----------------------------------------------------------------------------------------------------
[2025-08-25 21:22:43] ANN_model saved with Val_ACC: 0.8979
[2025-08-25 21:22:43] ----------------------------------------------------------------------------------------------------
[2025-08-25 21:22:44] ANN_model saved with Val_ACC: 0.9010
[2025-08-25 21:22:44] ----------------------------------------------------------------------------------------------------
[2025-08-25 21:22:44] ANN_model saved with Val_ACC: 0.9097
[2025-08-25 21:22:44] ----------------------------------------------------------------------------------------------------
[2025-08-25 21:22:46] fold_1: Epoch [21/120], Loss: 0.3349, ACC: 0.9089, AUC: 0.9662
[2025-08-25 21:22:47] ANN_model saved with Val_ACC: 0.9104
[2025-08-25 21:22:47] ----------------------------------------------------------------------------------------------------
[2025-08-25 21:22:51] fold_1: Epoch [41/120], Loss: 0.3195, ACC: 0.9089, AUC: 0.9681
[2025-08-25 21:22:51] ANN_model saved with Val_ACC: 0.9120
[2025-08-25 21:22:51] ----------------------------------------------------------------------------------------------------
[2025-08-25 21:22:55] fold_1: Epoch [61/120], Loss: 0.3165, ACC: 0.9065, AUC: 0.9679
[2025-08-25 21:23:00] ANN_model saved with Val_ACC: 0.9128
[2025-08-25 21:23:00] ----------------------------------------------------------------------------------------------------
[2025-08-25 21:23:00] fold_1: Epoch [81/120], Loss: 0.3154, ACC: 0.9128, AUC: 0.9682
[2025-08-25 21:23:05] fold_1: Epoch [101/120], Loss: 0.3149, ACC: 0.9089, AUC: 0.9677
[2025-08-25 21:27:11] Fold 2
[2025-08-25 21:27:11] ----------------------------------------------------------------------------------------------------
[2025-08-25 21:27:11] ANN_model saved with Val_ACC: 0.5530
[2025-08-25 21:27:11] ----------------------------------------------------------------------------------------------------
[2025-08-25 21:27:11] fold_2: Epoch [1/120], Loss: 0.7023, ACC: 0.5530, AUC: 0.4438
[2025-08-25 21:27:12] ANN_model saved with Val_ACC: 0.7651
[2025-08-25 21:27:12] ----------------------------------------------------------------------------------------------------
[2025-08-25 21:27:12] ANN_model saved with Val_ACC: 0.7918
[2025-08-25 21:27:12] ----------------------------------------------------------------------------------------------------
[2025-08-25 21:27:12] ANN_model saved with Val_ACC: 0.8083
[2025-08-25 21:27:12] ----------------------------------------------------------------------------------------------------
[2025-08-25 21:27:13] ANN_model saved with Val_ACC: 0.8240
[2025-08-25 21:27:13] ----------------------------------------------------------------------------------------------------
[2025-08-25 21:27:13] ANN_model saved with Val_ACC: 0.8342
[2025-08-25 21:27:13] ----------------------------------------------------------------------------------------------------
[2025-08-25 21:27:13] ANN_model saved with Val_ACC: 0.8445
[2025-08-25 21:27:13] ----------------------------------------------------------------------------------------------------
[2025-08-25 21:27:13] ANN_model saved with Val_ACC: 0.8625
[2025-08-25 21:27:13] ----------------------------------------------------------------------------------------------------
[2025-08-25 21:27:14] ANN_model saved with Val_ACC: 0.8712
[2025-08-25 21:27:14] ----------------------------------------------------------------------------------------------------
[2025-08-25 21:27:14] ANN_model saved with Val_ACC: 0.8743
[2025-08-25 21:27:14] ----------------------------------------------------------------------------------------------------
[2025-08-25 21:27:15] ANN_model saved with Val_ACC: 0.8790
[2025-08-25 21:27:15] ----------------------------------------------------------------------------------------------------
[2025-08-25 21:27:15] ANN_model saved with Val_ACC: 0.8845
[2025-08-25 21:27:15] ----------------------------------------------------------------------------------------------------
[2025-08-25 21:27:15] ANN_model saved with Val_ACC: 0.8877
[2025-08-25 21:27:15] ----------------------------------------------------------------------------------------------------
[2025-08-25 21:27:16] ANN_model saved with Val_ACC: 0.8892
[2025-08-25 21:27:16] ----------------------------------------------------------------------------------------------------
[2025-08-25 21:27:17] ANN_model saved with Val_ACC: 0.8924
[2025-08-25 21:27:17] ----------------------------------------------------------------------------------------------------
[2025-08-25 21:27:17] fold_2: Epoch [21/120], Loss: 0.3436, ACC: 0.8861, AUC: 0.9563
[2025-08-25 21:27:22] fold_2: Epoch [41/120], Loss: 0.3219, ACC: 0.8869, AUC: 0.9596
[2025-08-25 21:27:26] fold_2: Epoch [61/120], Loss: 0.3179, ACC: 0.8900, AUC: 0.9590
[2025-08-25 21:27:30] fold_2: Epoch [81/120], Loss: 0.3165, ACC: 0.8885, AUC: 0.9594
[2025-08-25 21:27:35] fold_2: Epoch [101/120], Loss: 0.3155, ACC: 0.8892, AUC: 0.9598
[2025-08-25 21:30:31] Fold 3
[2025-08-25 21:30:31] ----------------------------------------------------------------------------------------------------
[2025-08-25 21:30:32] ANN_model saved with Val_ACC: 0.4988
[2025-08-25 21:30:32] ----------------------------------------------------------------------------------------------------
[2025-08-25 21:30:32] fold_3: Epoch [1/120], Loss: 0.6965, ACC: 0.4988, AUC: 0.4895
[2025-08-25 21:30:33] ANN_model saved with Val_ACC: 0.7722
[2025-08-25 21:30:33] ----------------------------------------------------------------------------------------------------
[2025-08-25 21:30:34] ANN_model saved with Val_ACC: 0.8091
[2025-08-25 21:30:34] ----------------------------------------------------------------------------------------------------
[2025-08-25 21:30:34] ANN_model saved with Val_ACC: 0.8107
[2025-08-25 21:30:34] ----------------------------------------------------------------------------------------------------
[2025-08-25 21:30:35] ANN_model saved with Val_ACC: 0.8240
[2025-08-25 21:30:35] ----------------------------------------------------------------------------------------------------
[2025-08-25 21:30:35] ANN_model saved with Val_ACC: 0.8445
[2025-08-25 21:30:35] ----------------------------------------------------------------------------------------------------
[2025-08-25 21:30:35] ANN_model saved with Val_ACC: 0.8641
[2025-08-25 21:30:35] ----------------------------------------------------------------------------------------------------
[2025-08-25 21:30:36] ANN_model saved with Val_ACC: 0.8735
[2025-08-25 21:30:36] ----------------------------------------------------------------------------------------------------
[2025-08-25 21:30:36] ANN_model saved with Val_ACC: 0.8751
[2025-08-25 21:30:36] ----------------------------------------------------------------------------------------------------
[2025-08-25 21:30:36] ANN_model saved with Val_ACC: 0.8830
[2025-08-25 21:30:36] ----------------------------------------------------------------------------------------------------
[2025-08-25 21:30:37] ANN_model saved with Val_ACC: 0.8908
[2025-08-25 21:30:37] ----------------------------------------------------------------------------------------------------
[2025-08-25 21:30:37] ANN_model saved with Val_ACC: 0.8924
[2025-08-25 21:30:37] ----------------------------------------------------------------------------------------------------
[2025-08-25 21:30:38] ANN_model saved with Val_ACC: 0.8932
[2025-08-25 21:30:38] ----------------------------------------------------------------------------------------------------
[2025-08-25 21:30:38] ANN_model saved with Val_ACC: 0.8995
[2025-08-25 21:30:38] ----------------------------------------------------------------------------------------------------
[2025-08-25 21:30:39] fold_3: Epoch [21/120], Loss: 0.3351, ACC: 0.8947, AUC: 0.9616
[2025-08-25 21:30:42] ANN_model saved with Val_ACC: 0.9002
[2025-08-25 21:30:42] ----------------------------------------------------------------------------------------------------
[2025-08-25 21:30:44] ANN_model saved with Val_ACC: 0.9010
[2025-08-25 21:30:44] ----------------------------------------------------------------------------------------------------
[2025-08-25 21:30:44] ANN_model saved with Val_ACC: 0.9018
[2025-08-25 21:30:44] ----------------------------------------------------------------------------------------------------
[2025-08-25 21:30:45] fold_3: Epoch [41/120], Loss: 0.3201, ACC: 0.9018, AUC: 0.9606
[2025-08-25 21:30:45] ANN_model saved with Val_ACC: 0.9042
[2025-08-25 21:30:45] ----------------------------------------------------------------------------------------------------
[2025-08-25 21:30:50] ANN_model saved with Val_ACC: 0.9057
[2025-08-25 21:30:50] ----------------------------------------------------------------------------------------------------
[2025-08-25 21:30:50] fold_3: Epoch [61/120], Loss: 0.3171, ACC: 0.9057, AUC: 0.9629
[2025-08-25 21:30:50] ANN_model saved with Val_ACC: 0.9065
[2025-08-25 21:30:50] ----------------------------------------------------------------------------------------------------
[2025-08-25 21:30:54] fold_3: Epoch [81/120], Loss: 0.3157, ACC: 0.8971, AUC: 0.9623
[2025-08-25 21:30:58] fold_3: Epoch [101/120], Loss: 0.3150, ACC: 0.9010, AUC: 0.9622
[2025-08-25 21:34:26] Fold 4
[2025-08-25 21:34:26] ----------------------------------------------------------------------------------------------------
[2025-08-25 21:34:26] ANN_model saved with Val_ACC: 0.4886
[2025-08-25 21:34:26] ----------------------------------------------------------------------------------------------------
[2025-08-25 21:34:26] fold_4: Epoch [1/120], Loss: 0.7107, ACC: 0.4886, AUC: 0.5606
[2025-08-25 21:34:27] ANN_model saved with Val_ACC: 0.7683
[2025-08-25 21:34:27] ----------------------------------------------------------------------------------------------------
[2025-08-25 21:34:27] ANN_model saved with Val_ACC: 0.8170
[2025-08-25 21:34:27] ----------------------------------------------------------------------------------------------------
[2025-08-25 21:34:27] ANN_model saved with Val_ACC: 0.8272
[2025-08-25 21:34:27] ----------------------------------------------------------------------------------------------------
[2025-08-25 21:34:28] ANN_model saved with Val_ACC: 0.8413
[2025-08-25 21:34:28] ----------------------------------------------------------------------------------------------------
[2025-08-25 21:34:28] ANN_model saved with Val_ACC: 0.8445
[2025-08-25 21:34:28] ----------------------------------------------------------------------------------------------------
[2025-08-25 21:34:28] ANN_model saved with Val_ACC: 0.8468
[2025-08-25 21:34:28] ----------------------------------------------------------------------------------------------------
[2025-08-25 21:34:29] ANN_model saved with Val_ACC: 0.8610
[2025-08-25 21:34:29] ----------------------------------------------------------------------------------------------------
[2025-08-25 21:34:29] ANN_model saved with Val_ACC: 0.8649
[2025-08-25 21:34:29] ----------------------------------------------------------------------------------------------------
[2025-08-25 21:34:29] ANN_model saved with Val_ACC: 0.8680
[2025-08-25 21:34:29] ----------------------------------------------------------------------------------------------------
[2025-08-25 21:34:30] ANN_model saved with Val_ACC: 0.8814
[2025-08-25 21:34:30] ----------------------------------------------------------------------------------------------------
[2025-08-25 21:34:30] ANN_model saved with Val_ACC: 0.8861
[2025-08-25 21:34:30] ----------------------------------------------------------------------------------------------------
[2025-08-25 21:34:30] ANN_model saved with Val_ACC: 0.8885
[2025-08-25 21:34:30] ----------------------------------------------------------------------------------------------------
[2025-08-25 21:34:31] ANN_model saved with Val_ACC: 0.8924
[2025-08-25 21:34:31] ----------------------------------------------------------------------------------------------------
[2025-08-25 21:34:31] ANN_model saved with Val_ACC: 0.8987
[2025-08-25 21:34:31] ----------------------------------------------------------------------------------------------------
[2025-08-25 21:34:32] ANN_model saved with Val_ACC: 0.9026
[2025-08-25 21:34:32] ----------------------------------------------------------------------------------------------------
[2025-08-25 21:34:34] fold_4: Epoch [21/120], Loss: 0.3379, ACC: 0.8979, AUC: 0.9541
[2025-08-25 21:34:34] ANN_model saved with Val_ACC: 0.9034
[2025-08-25 21:34:34] ----------------------------------------------------------------------------------------------------
[2025-08-25 21:34:36] ANN_model saved with Val_ACC: 0.9049
[2025-08-25 21:34:36] ----------------------------------------------------------------------------------------------------
[2025-08-25 21:34:39] fold_4: Epoch [41/120], Loss: 0.3211, ACC: 0.9026, AUC: 0.9599
[2025-08-25 21:34:44] ANN_model saved with Val_ACC: 0.9065
[2025-08-25 21:34:44] ----------------------------------------------------------------------------------------------------
[2025-08-25 21:34:44] ANN_model saved with Val_ACC: 0.9073
[2025-08-25 21:34:44] ----------------------------------------------------------------------------------------------------
[2025-08-25 21:34:45] ANN_model saved with Val_ACC: 0.9081
[2025-08-25 21:34:45] ----------------------------------------------------------------------------------------------------
[2025-08-25 21:34:45] fold_4: Epoch [61/120], Loss: 0.3180, ACC: 0.9081, AUC: 0.9600
[2025-08-25 21:34:50] fold_4: Epoch [81/120], Loss: 0.3169, ACC: 0.9049, AUC: 0.9599
[2025-08-25 21:34:55] fold_4: Epoch [101/120], Loss: 0.3161, ACC: 0.9018, AUC: 0.9601
[2025-08-25 21:38:59] Fold 5
[2025-08-25 21:38:59] ----------------------------------------------------------------------------------------------------
[2025-08-25 21:38:59] ANN_model saved with Val_ACC: 0.5527
[2025-08-25 21:38:59] ----------------------------------------------------------------------------------------------------
[2025-08-25 21:39:00] fold_5: Epoch [1/120], Loss: 0.6908, ACC: 0.5527, AUC: 0.4984
[2025-08-25 21:39:00] ANN_model saved with Val_ACC: 0.7610
[2025-08-25 21:39:00] ----------------------------------------------------------------------------------------------------
[2025-08-25 21:39:00] ANN_model saved with Val_ACC: 0.7885
[2025-08-25 21:39:00] ----------------------------------------------------------------------------------------------------
[2025-08-25 21:39:01] ANN_model saved with Val_ACC: 0.8121
[2025-08-25 21:39:01] ----------------------------------------------------------------------------------------------------
[2025-08-25 21:39:01] ANN_model saved with Val_ACC: 0.8231
[2025-08-25 21:39:01] ----------------------------------------------------------------------------------------------------
[2025-08-25 21:39:02] ANN_model saved with Val_ACC: 0.8278
[2025-08-25 21:39:02] ----------------------------------------------------------------------------------------------------
[2025-08-25 21:39:02] ANN_model saved with Val_ACC: 0.8365
[2025-08-25 21:39:02] ----------------------------------------------------------------------------------------------------
[2025-08-25 21:39:02] ANN_model saved with Val_ACC: 0.8491
[2025-08-25 21:39:02] ----------------------------------------------------------------------------------------------------
[2025-08-25 21:39:03] ANN_model saved with Val_ACC: 0.8719
[2025-08-25 21:39:03] ----------------------------------------------------------------------------------------------------
[2025-08-25 21:39:03] ANN_model saved with Val_ACC: 0.8742
[2025-08-25 21:39:03] ----------------------------------------------------------------------------------------------------
[2025-08-25 21:39:03] ANN_model saved with Val_ACC: 0.8766
[2025-08-25 21:39:03] ----------------------------------------------------------------------------------------------------
[2025-08-25 21:39:04] ANN_model saved with Val_ACC: 0.8789
[2025-08-25 21:39:04] ----------------------------------------------------------------------------------------------------
[2025-08-25 21:39:04] ANN_model saved with Val_ACC: 0.8813
[2025-08-25 21:39:04] ----------------------------------------------------------------------------------------------------
[2025-08-25 21:39:05] ANN_model saved with Val_ACC: 0.8852
[2025-08-25 21:39:05] ----------------------------------------------------------------------------------------------------
[2025-08-25 21:39:05] ANN_model saved with Val_ACC: 0.8915
[2025-08-25 21:39:05] ----------------------------------------------------------------------------------------------------
[2025-08-25 21:39:06] ANN_model saved with Val_ACC: 0.8947
[2025-08-25 21:39:06] ----------------------------------------------------------------------------------------------------
[2025-08-25 21:39:06] fold_5: Epoch [21/120], Loss: 0.3388, ACC: 0.8923, AUC: 0.9528
[2025-08-25 21:39:09] ANN_model saved with Val_ACC: 0.8954
[2025-08-25 21:39:09] ----------------------------------------------------------------------------------------------------
[2025-08-25 21:39:09] ANN_model saved with Val_ACC: 0.8994
[2025-08-25 21:39:09] ----------------------------------------------------------------------------------------------------
[2025-08-25 21:39:13] fold_5: Epoch [41/120], Loss: 0.3205, ACC: 0.8978, AUC: 0.9544
[2025-08-25 21:39:16] ANN_model saved with Val_ACC: 0.9002
[2025-08-25 21:39:16] ----------------------------------------------------------------------------------------------------
[2025-08-25 21:39:17] ANN_model saved with Val_ACC: 0.9009
[2025-08-25 21:39:17] ----------------------------------------------------------------------------------------------------
[2025-08-25 21:39:19] fold_5: Epoch [61/120], Loss: 0.3168, ACC: 0.8947, AUC: 0.9560
[2025-08-25 21:39:19] ANN_model saved with Val_ACC: 0.9017
[2025-08-25 21:39:19] ----------------------------------------------------------------------------------------------------
[2025-08-25 21:39:23] fold_5: Epoch [81/120], Loss: 0.3156, ACC: 0.8962, AUC: 0.9560
[2025-08-25 21:39:27] fold_5: Epoch [101/120], Loss: 0.3150, ACC: 0.9002, AUC: 0.9563
[2025-08-25 21:42:52] ****************************************************************************************************
[2025-08-25 21:42:52] *           AVG MACSynCDR Results for One Drug leave out (ODLO):
[2025-08-25 21:42:52] ****************************************************************************************************
[2025-08-25 21:42:52]  AUC: 0.7251 ± 0.0203
[2025-08-25 21:42:52]  Accuracy: 0.7725 ± 0.0998
[2025-08-25 21:42:52]  AUC-PR: 0.9165 ± 0.0089
[2025-08-25 21:42:52]  Precision: 0.8533 ± 0.0384
[2025-08-25 21:42:52]  Recall: 0.8899 ± 0.1831
[2025-08-25 21:42:52]  F1: 0.8555 ± 0.0921
[2025-08-25 21:42:52]  BACC: 0.5449 ± 0.0622
[2025-08-25 21:42:52]  Kappa: 0.0683 ± 0.0682
[2025-08-25 21:42:52]  RMSE: 15.9699 ± 2.8639
[2025-08-25 21:42:52]  PCC: 0.2473 ± 0.0282
[2025-08-25 21:42:52] ****************************************************************************************************
[2025-08-25 21:42:52] *           Final Ensemble MACSynCDR Results for One Drug leave out (ODLO):
[2025-08-25 21:42:52] ****************************************************************************************************
=== XGBoost Stacking Results ===
AUC: 0.7356
ACC: 0.7166
AUC-PR: 0.9222
Precision: 0.9121
Recall: 0.7287
F1: 0.8101
BACC: 0.6931
Kappa: 0.2779
RMSE: 0.4152
PCC: 0.3026

=== LightGBM Stacking Results ===
AUC: 0.7283
ACC: 0.7358
AUC-PR: 0.9227
Precision: 0.9013
Recall: 0.7654
F1: 0.8278
BACC: 0.6784
Kappa: 0.2761
RMSE: 0.4059
PCC: 0.3012

=== LR Stacking Results ===
AUC: 0.7520
ACC: 0.8225
AUC-PR: 0.9229
Precision: 0.8423
Recall: 0.9673
F1: 0.9004
BACC: 0.5420
Kappa: 0.1179
RMSE: 0.3742
PCC: 0.3159

Sanity check (shuffled labels accuracy): 0.8000

Accuracy: 0.8225, AUC-ROC: 0.7520
 AUC-PR: 0.9229, Precision: 0.8423, Recall: 0.9673, F1 Score: 0.9004
BACC: 0.5420 , Kappa: 0.1179
RMSE: 14.5413 , PCC: 0.3159
