[2025-06-08 18:43:14] Fold 1
[2025-06-08 18:43:14] ----------------------------------------------------------------------------------------------------
[2025-06-08 18:43:18] ANN_model saved with Val_ACC: 0.4849
[2025-06-08 18:43:18] ----------------------------------------------------------------------------------------------------
[2025-06-08 18:43:19] fold_1: Epoch [1/250], Loss: 0.7058, ACC: 0.4849, AUC: 0.4663
[2025-06-08 18:43:21] ANN_model saved with Val_ACC: 0.7356
[2025-06-08 18:43:21] ----------------------------------------------------------------------------------------------------
[2025-06-08 18:43:26] ANN_model saved with Val_ACC: 0.7598
[2025-06-08 18:43:26] ----------------------------------------------------------------------------------------------------
[2025-06-08 18:43:30] ANN_model saved with Val_ACC: 0.7693
[2025-06-08 18:43:30] ----------------------------------------------------------------------------------------------------
[2025-06-08 18:43:33] ANN_model saved with Val_ACC: 0.7779
[2025-06-08 18:43:33] ----------------------------------------------------------------------------------------------------
[2025-06-08 18:43:35] ANN_model saved with Val_ACC: 0.7857
[2025-06-08 18:43:35] ----------------------------------------------------------------------------------------------------
[2025-06-08 18:43:38] ANN_model saved with Val_ACC: 0.8027
[2025-06-08 18:43:38] ----------------------------------------------------------------------------------------------------
[2025-06-08 18:43:41] ANN_model saved with Val_ACC: 0.8161
[2025-06-08 18:43:41] ----------------------------------------------------------------------------------------------------
[2025-06-08 18:43:43] ANN_model saved with Val_ACC: 0.8256
[2025-06-08 18:43:43] ----------------------------------------------------------------------------------------------------
[2025-06-08 18:43:52] ANN_model saved with Val_ACC: 0.8292
[2025-06-08 18:43:52] ----------------------------------------------------------------------------------------------------
[2025-06-08 18:43:55] ANN_model saved with Val_ACC: 0.8310
[2025-06-08 18:43:55] ----------------------------------------------------------------------------------------------------
[2025-06-08 18:43:58] ANN_model saved with Val_ACC: 0.8343
[2025-06-08 18:43:58] ----------------------------------------------------------------------------------------------------
[2025-06-08 18:44:00] ANN_model saved with Val_ACC: 0.8429
[2025-06-08 18:44:00] ----------------------------------------------------------------------------------------------------
[2025-06-08 18:44:10] fold_1: Epoch [21/250], Loss: 0.3585, ACC: 0.8417, AUC: 0.9172
[2025-06-08 18:44:16] ANN_model saved with Val_ACC: 0.8438
[2025-06-08 18:44:16] ----------------------------------------------------------------------------------------------------
[2025-06-08 18:44:20] ANN_model saved with Val_ACC: 0.8483
[2025-06-08 18:44:20] ----------------------------------------------------------------------------------------------------
[2025-06-08 18:44:24] ANN_model saved with Val_ACC: 0.8486
[2025-06-08 18:44:24] ----------------------------------------------------------------------------------------------------
[2025-06-08 18:44:30] ANN_model saved with Val_ACC: 0.8534
[2025-06-08 18:44:30] ----------------------------------------------------------------------------------------------------
[2025-06-08 18:44:56] fold_1: Epoch [41/250], Loss: 0.3276, ACC: 0.8495, AUC: 0.9198
[2025-06-08 18:45:40] fold_1: Epoch [61/250], Loss: 0.3197, ACC: 0.8387, AUC: 0.9194
[2025-06-08 18:46:22] fold_1: Epoch [81/250], Loss: 0.3173, ACC: 0.8435, AUC: 0.9203
[2025-06-08 18:46:58] fold_1: Epoch [101/250], Loss: 0.3162, ACC: 0.8367, AUC: 0.9192
[2025-06-08 18:47:46] fold_1: Epoch [121/250], Loss: 0.3157, ACC: 0.8411, AUC: 0.9196
[2025-06-08 18:48:30] fold_1: Epoch [141/250], Loss: 0.3152, ACC: 0.8426, AUC: 0.9200
[2025-06-08 18:49:09] fold_1: Epoch [161/250], Loss: 0.3149, ACC: 0.8411, AUC: 0.9209
[2025-06-08 18:49:43] fold_1: Epoch [181/250], Loss: 0.3148, ACC: 0.8399, AUC: 0.9201
[2025-06-08 18:50:24] fold_1: Epoch [201/250], Loss: 0.3147, ACC: 0.8414, AUC: 0.9200
[2025-06-08 18:51:00] fold_1: Epoch [221/250], Loss: 0.3147, ACC: 0.8411, AUC: 0.9198
[2025-06-08 18:51:38] fold_1: Epoch [241/250], Loss: 0.3145, ACC: 0.8414, AUC: 0.9191
[2025-06-08 20:09:32] Finall ensemble results of fold_1 for MACSynDCR:
[2025-06-08 20:09:32] ----------------------------------------------------------------------------------------------------
[2025-06-08 20:09:32] Ensemble Accuracy: 0.8727, AUC-ROC: 0.9384, 
Ensemble AUC-PR: 0.9329, Precision: 0.8614, 
Ensemble Recall: 0.8727, F1 Score: 0.8670, 
Ensemble RMSE: 20.6640
[2025-06-08 20:09:32] ----------------------------------------------------------------------------------------------------
[2025-06-08 20:09:32] Fold 2
[2025-06-08 20:09:32] ----------------------------------------------------------------------------------------------------
[2025-06-08 20:09:35] ANN_model saved with Val_ACC: 0.4756
[2025-06-08 20:09:35] ----------------------------------------------------------------------------------------------------
[2025-06-08 20:09:36] fold_2: Epoch [1/250], Loss: 0.7067, ACC: 0.4756, AUC: 0.5040
[2025-06-08 20:09:38] ANN_model saved with Val_ACC: 0.7299
[2025-06-08 20:09:38] ----------------------------------------------------------------------------------------------------
[2025-06-08 20:09:40] ANN_model saved with Val_ACC: 0.7543
[2025-06-08 20:09:40] ----------------------------------------------------------------------------------------------------
[2025-06-08 20:09:43] ANN_model saved with Val_ACC: 0.7618
[2025-06-08 20:09:43] ----------------------------------------------------------------------------------------------------
[2025-06-08 20:09:46] ANN_model saved with Val_ACC: 0.7689
[2025-06-08 20:09:46] ----------------------------------------------------------------------------------------------------
[2025-06-08 20:09:52] ANN_model saved with Val_ACC: 0.7874
[2025-06-08 20:09:52] ----------------------------------------------------------------------------------------------------
[2025-06-08 20:09:54] ANN_model saved with Val_ACC: 0.7996
[2025-06-08 20:09:54] ----------------------------------------------------------------------------------------------------
[2025-06-08 20:09:58] ANN_model saved with Val_ACC: 0.8125
[2025-06-08 20:09:58] ----------------------------------------------------------------------------------------------------
[2025-06-08 20:10:00] ANN_model saved with Val_ACC: 0.8208
[2025-06-08 20:10:00] ----------------------------------------------------------------------------------------------------
[2025-06-08 20:10:04] ANN_model saved with Val_ACC: 0.8274
[2025-06-08 20:10:04] ----------------------------------------------------------------------------------------------------
[2025-06-08 20:10:10] ANN_model saved with Val_ACC: 0.8342
[2025-06-08 20:10:10] ----------------------------------------------------------------------------------------------------
[2025-06-08 20:10:20] ANN_model saved with Val_ACC: 0.8369
[2025-06-08 20:10:20] ----------------------------------------------------------------------------------------------------
[2025-06-08 20:10:27] ANN_model saved with Val_ACC: 0.8375
[2025-06-08 20:10:27] ----------------------------------------------------------------------------------------------------
[2025-06-08 20:10:30] ANN_model saved with Val_ACC: 0.8429
[2025-06-08 20:10:30] ----------------------------------------------------------------------------------------------------
[2025-06-08 20:10:33] ANN_model saved with Val_ACC: 0.8465
[2025-06-08 20:10:33] ----------------------------------------------------------------------------------------------------
[2025-06-08 20:10:34] fold_2: Epoch [21/250], Loss: 0.3673, ACC: 0.8465, AUC: 0.9199
[2025-06-08 20:10:49] ANN_model saved with Val_ACC: 0.8491
[2025-06-08 20:10:49] ----------------------------------------------------------------------------------------------------
[2025-06-08 20:11:35] fold_2: Epoch [41/250], Loss: 0.3269, ACC: 0.8396, AUC: 0.9157
[2025-06-08 20:12:27] fold_2: Epoch [61/250], Loss: 0.3265, ACC: 0.8426, AUC: 0.9153
[2025-06-08 20:13:12] fold_2: Epoch [81/250], Loss: 0.3193, ACC: 0.8435, AUC: 0.9151
[2025-06-08 20:13:47] fold_2: Epoch [101/250], Loss: 0.3170, ACC: 0.8420, AUC: 0.9178
[2025-06-08 20:14:13] fold_2: Epoch [121/250], Loss: 0.3163, ACC: 0.8408, AUC: 0.9175
[2025-06-08 20:14:50] fold_2: Epoch [141/250], Loss: 0.3158, ACC: 0.8402, AUC: 0.9168
[2025-06-08 20:15:30] fold_2: Epoch [161/250], Loss: 0.3156, ACC: 0.8393, AUC: 0.9173
[2025-06-08 20:16:02] fold_2: Epoch [181/250], Loss: 0.3155, ACC: 0.8411, AUC: 0.9172
[2025-06-08 20:16:40] fold_2: Epoch [201/250], Loss: 0.3153, ACC: 0.8402, AUC: 0.9171
[2025-06-08 20:17:11] fold_2: Epoch [221/250], Loss: 0.3151, ACC: 0.8405, AUC: 0.9170
[2025-06-08 20:17:22] fold_2: Epoch [241/250], Loss: 0.3149, ACC: 0.8408, AUC: 0.9168
[2025-06-08 21:08:28] Finall ensemble results of fold_2 for MACSynDCR:
[2025-06-08 21:08:28] ----------------------------------------------------------------------------------------------------
[2025-06-08 21:08:28] Ensemble Accuracy: 0.8623, AUC-ROC: 0.9332, 
Ensemble AUC-PR: 0.9171, Precision: 0.8487, 
Ensemble Recall: 0.8605, F1 Score: 0.8545, 
Ensemble RMSE: 21.4942
[2025-06-08 21:08:28] ----------------------------------------------------------------------------------------------------
[2025-06-08 21:08:28] Fold 3
[2025-06-08 21:08:28] ----------------------------------------------------------------------------------------------------
[2025-06-08 21:08:29] ANN_model saved with Val_ACC: 0.4651
[2025-06-08 21:08:29] ----------------------------------------------------------------------------------------------------
[2025-06-08 21:08:30] fold_3: Epoch [1/250], Loss: 0.7177, ACC: 0.4651, AUC: 0.5028
[2025-06-08 21:08:31] ANN_model saved with Val_ACC: 0.7200
[2025-06-08 21:08:31] ----------------------------------------------------------------------------------------------------
[2025-06-08 21:08:32] ANN_model saved with Val_ACC: 0.7597
[2025-06-08 21:08:32] ----------------------------------------------------------------------------------------------------
[2025-06-08 21:08:33] ANN_model saved with Val_ACC: 0.7716
[2025-06-08 21:08:33] ----------------------------------------------------------------------------------------------------
[2025-06-08 21:08:34] ANN_model saved with Val_ACC: 0.7859
[2025-06-08 21:08:34] ----------------------------------------------------------------------------------------------------
[2025-06-08 21:08:35] ANN_model saved with Val_ACC: 0.8017
[2025-06-08 21:08:35] ----------------------------------------------------------------------------------------------------
[2025-06-08 21:08:36] ANN_model saved with Val_ACC: 0.8154
[2025-06-08 21:08:36] ----------------------------------------------------------------------------------------------------
[2025-06-08 21:08:36] ANN_model saved with Val_ACC: 0.8232
[2025-06-08 21:08:36] ----------------------------------------------------------------------------------------------------
[2025-06-08 21:08:37] ANN_model saved with Val_ACC: 0.8286
[2025-06-08 21:08:37] ----------------------------------------------------------------------------------------------------
[2025-06-08 21:08:39] ANN_model saved with Val_ACC: 0.8372
[2025-06-08 21:08:39] ----------------------------------------------------------------------------------------------------
[2025-06-08 21:08:41] ANN_model saved with Val_ACC: 0.8417
[2025-06-08 21:08:41] ----------------------------------------------------------------------------------------------------
[2025-06-08 21:08:42] ANN_model saved with Val_ACC: 0.8456
[2025-06-08 21:08:42] ----------------------------------------------------------------------------------------------------
[2025-06-08 21:08:43] ANN_model saved with Val_ACC: 0.8530
[2025-06-08 21:08:43] ----------------------------------------------------------------------------------------------------
[2025-06-08 21:08:45] ANN_model saved with Val_ACC: 0.8557
[2025-06-08 21:08:45] ----------------------------------------------------------------------------------------------------
[2025-06-08 21:08:47] fold_3: Epoch [21/250], Loss: 0.3653, ACC: 0.8548, AUC: 0.9246
[2025-06-08 21:08:49] ANN_model saved with Val_ACC: 0.8578
[2025-06-08 21:08:49] ----------------------------------------------------------------------------------------------------
[2025-06-08 21:08:58] fold_3: Epoch [41/250], Loss: 0.3269, ACC: 0.8518, AUC: 0.9256
[2025-06-08 21:09:12] fold_3: Epoch [61/250], Loss: 0.3241, ACC: 0.8554, AUC: 0.9249
[2025-06-08 21:09:26] fold_3: Epoch [81/250], Loss: 0.3193, ACC: 0.8518, AUC: 0.9259
[2025-06-08 21:09:36] fold_3: Epoch [101/250], Loss: 0.3171, ACC: 0.8560, AUC: 0.9251
[2025-06-08 21:09:45] fold_3: Epoch [121/250], Loss: 0.3161, ACC: 0.8527, AUC: 0.9249
[2025-06-08 21:09:56] fold_3: Epoch [141/250], Loss: 0.3157, ACC: 0.8536, AUC: 0.9263
[2025-06-08 21:10:04] fold_3: Epoch [161/250], Loss: 0.3152, ACC: 0.8527, AUC: 0.9242
[2025-06-08 21:10:13] fold_3: Epoch [181/250], Loss: 0.3150, ACC: 0.8542, AUC: 0.9255
[2025-06-08 21:10:23] fold_3: Epoch [201/250], Loss: 0.3149, ACC: 0.8545, AUC: 0.9258
[2025-06-08 21:10:32] fold_3: Epoch [221/250], Loss: 0.3148, ACC: 0.8539, AUC: 0.9257
[2025-06-08 21:10:41] fold_3: Epoch [241/250], Loss: 0.3147, ACC: 0.8536, AUC: 0.9256
[2025-06-08 22:22:34] Finall ensemble results of fold_3 for MACSynDCR:
[2025-06-08 22:22:34] ----------------------------------------------------------------------------------------------------
[2025-06-08 22:22:34] Ensemble Accuracy: 0.8766, AUC-ROC: 0.9451, 
Ensemble AUC-PR: 0.9408, Precision: 0.8683, 
Ensemble Recall: 0.8683, F1 Score: 0.8683, 
Ensemble RMSE: 20.3470
[2025-06-08 22:22:34] ----------------------------------------------------------------------------------------------------
[2025-06-08 22:22:34] Fold 4
[2025-06-08 22:22:34] ----------------------------------------------------------------------------------------------------
[2025-06-08 22:22:37] ANN_model saved with Val_ACC: 0.5143
[2025-06-08 22:22:37] ----------------------------------------------------------------------------------------------------
[2025-06-08 22:22:38] fold_4: Epoch [1/250], Loss: 0.6919, ACC: 0.5143, AUC: 0.5210
[2025-06-08 22:22:40] ANN_model saved with Val_ACC: 0.7308
[2025-06-08 22:22:40] ----------------------------------------------------------------------------------------------------
[2025-06-08 22:22:43] ANN_model saved with Val_ACC: 0.7597
[2025-06-08 22:22:43] ----------------------------------------------------------------------------------------------------
[2025-06-08 22:22:45] ANN_model saved with Val_ACC: 0.7716
[2025-06-08 22:22:45] ----------------------------------------------------------------------------------------------------
[2025-06-08 22:22:47] ANN_model saved with Val_ACC: 0.7779
[2025-06-08 22:22:47] ----------------------------------------------------------------------------------------------------
[2025-06-08 22:22:50] ANN_model saved with Val_ACC: 0.7904
[2025-06-08 22:22:50] ----------------------------------------------------------------------------------------------------
[2025-06-08 22:22:53] ANN_model saved with Val_ACC: 0.8053
[2025-06-08 22:22:53] ----------------------------------------------------------------------------------------------------
[2025-06-08 22:22:58] ANN_model saved with Val_ACC: 0.8175
[2025-06-08 22:22:58] ----------------------------------------------------------------------------------------------------
[2025-06-08 22:23:02] ANN_model saved with Val_ACC: 0.8250
[2025-06-08 22:23:02] ----------------------------------------------------------------------------------------------------
[2025-06-08 22:23:07] ANN_model saved with Val_ACC: 0.8301
[2025-06-08 22:23:07] ----------------------------------------------------------------------------------------------------
[2025-06-08 22:23:09] ANN_model saved with Val_ACC: 0.8333
[2025-06-08 22:23:09] ----------------------------------------------------------------------------------------------------
[2025-06-08 22:23:13] ANN_model saved with Val_ACC: 0.8402
[2025-06-08 22:23:13] ----------------------------------------------------------------------------------------------------
[2025-06-08 22:23:18] ANN_model saved with Val_ACC: 0.8408
[2025-06-08 22:23:18] ----------------------------------------------------------------------------------------------------
[2025-06-08 22:23:23] ANN_model saved with Val_ACC: 0.8438
[2025-06-08 22:23:23] ----------------------------------------------------------------------------------------------------
[2025-06-08 22:23:28] ANN_model saved with Val_ACC: 0.8450
[2025-06-08 22:23:28] ----------------------------------------------------------------------------------------------------
[2025-06-08 22:23:33] ANN_model saved with Val_ACC: 0.8485
[2025-06-08 22:23:33] ----------------------------------------------------------------------------------------------------
[2025-06-08 22:23:34] fold_4: Epoch [21/250], Loss: 0.3609, ACC: 0.8485, AUC: 0.9188
[2025-06-08 22:23:40] ANN_model saved with Val_ACC: 0.8518
[2025-06-08 22:23:40] ----------------------------------------------------------------------------------------------------
[2025-06-08 22:24:26] fold_4: Epoch [41/250], Loss: 0.3267, ACC: 0.8426, AUC: 0.9157
[2025-06-08 22:25:06] fold_4: Epoch [61/250], Loss: 0.3186, ACC: 0.8465, AUC: 0.9178
[2025-06-08 22:25:51] fold_4: Epoch [81/250], Loss: 0.3165, ACC: 0.8468, AUC: 0.9170
[2025-06-08 22:26:27] fold_4: Epoch [101/250], Loss: 0.3157, ACC: 0.8426, AUC: 0.9168
[2025-06-08 22:27:07] fold_4: Epoch [121/250], Loss: 0.3152, ACC: 0.8447, AUC: 0.9171
[2025-06-08 22:27:50] fold_4: Epoch [141/250], Loss: 0.3149, ACC: 0.8432, AUC: 0.9160
[2025-06-08 22:28:27] fold_4: Epoch [161/250], Loss: 0.3147, ACC: 0.8438, AUC: 0.9166
[2025-06-08 22:29:03] fold_4: Epoch [181/250], Loss: 0.3145, ACC: 0.8438, AUC: 0.9163
[2025-06-08 22:29:37] fold_4: Epoch [201/250], Loss: 0.3144, ACC: 0.8459, AUC: 0.9168
[2025-06-08 22:30:22] fold_4: Epoch [221/250], Loss: 0.3142, ACC: 0.8402, AUC: 0.9141
[2025-06-08 22:31:07] fold_4: Epoch [241/250], Loss: 0.3139, ACC: 0.8456, AUC: 0.9169
[2025-06-09 10:50:12] Finall ensemble results of fold_4 for MACSynDCR:
[2025-06-09 10:50:12] ----------------------------------------------------------------------------------------------------
[2025-06-09 10:50:13] Ensemble Accuracy: 0.9010, AUC-ROC: 0.9588, 
Ensemble AUC-PR: 0.9553, Precision: 0.8965, 
Ensemble Recall: 0.9009, F1 Score: 0.8987, 
Ensemble RMSE: 18.2209
[2025-06-09 10:50:13] ----------------------------------------------------------------------------------------------------
[2025-06-09 10:50:13] Fold 5
[2025-06-09 10:50:13] ----------------------------------------------------------------------------------------------------
[2025-06-09 10:50:16] ANN_model saved with Val_ACC: 0.4788
[2025-06-09 10:50:16] ----------------------------------------------------------------------------------------------------
[2025-06-09 10:50:18] fold_5: Epoch [1/250], Loss: 0.7300, ACC: 0.4788, AUC: 0.4727
[2025-06-09 10:50:20] ANN_model saved with Val_ACC: 0.7212
[2025-06-09 10:50:20] ----------------------------------------------------------------------------------------------------
[2025-06-09 10:50:24] ANN_model saved with Val_ACC: 0.7576
[2025-06-09 10:50:24] ----------------------------------------------------------------------------------------------------
[2025-06-09 10:50:28] ANN_model saved with Val_ACC: 0.7680
[2025-06-09 10:50:28] ----------------------------------------------------------------------------------------------------
[2025-06-09 10:50:31] ANN_model saved with Val_ACC: 0.7773
[2025-06-09 10:50:31] ----------------------------------------------------------------------------------------------------
[2025-06-09 10:50:33] ANN_model saved with Val_ACC: 0.7865
[2025-06-09 10:50:33] ----------------------------------------------------------------------------------------------------
[2025-06-09 10:50:36] ANN_model saved with Val_ACC: 0.8002
[2025-06-09 10:50:36] ----------------------------------------------------------------------------------------------------
[2025-06-09 10:50:38] ANN_model saved with Val_ACC: 0.8095
[2025-06-09 10:50:38] ----------------------------------------------------------------------------------------------------
[2025-06-09 10:50:41] ANN_model saved with Val_ACC: 0.8199
[2025-06-09 10:50:41] ----------------------------------------------------------------------------------------------------
[2025-06-09 10:50:48] ANN_model saved with Val_ACC: 0.8295
[2025-06-09 10:50:48] ----------------------------------------------------------------------------------------------------
[2025-06-09 10:50:54] ANN_model saved with Val_ACC: 0.8354
[2025-06-09 10:50:54] ----------------------------------------------------------------------------------------------------
[2025-06-09 10:50:57] ANN_model saved with Val_ACC: 0.8381
[2025-06-09 10:50:57] ----------------------------------------------------------------------------------------------------
[2025-06-09 10:50:59] ANN_model saved with Val_ACC: 0.8399
[2025-06-09 10:50:59] ----------------------------------------------------------------------------------------------------
[2025-06-09 10:51:05] ANN_model saved with Val_ACC: 0.8420
[2025-06-09 10:51:05] ----------------------------------------------------------------------------------------------------
[2025-06-09 10:51:08] ANN_model saved with Val_ACC: 0.8551
[2025-06-09 10:51:08] ----------------------------------------------------------------------------------------------------
[2025-06-09 10:51:12] fold_5: Epoch [21/250], Loss: 0.3719, ACC: 0.8369, AUC: 0.9167
[2025-06-09 10:51:53] ANN_model saved with Val_ACC: 0.8566
[2025-06-09 10:51:53] ----------------------------------------------------------------------------------------------------
[2025-06-09 10:51:53] fold_5: Epoch [41/250], Loss: 0.3312, ACC: 0.8566, AUC: 0.9188
[2025-06-09 10:52:37] fold_5: Epoch [61/250], Loss: 0.3219, ACC: 0.8482, AUC: 0.9187
[2025-06-09 10:53:13] fold_5: Epoch [81/250], Loss: 0.3182, ACC: 0.8485, AUC: 0.9167
[2025-06-09 10:53:48] fold_5: Epoch [101/250], Loss: 0.3167, ACC: 0.8432, AUC: 0.9168
[2025-06-09 10:54:14] fold_5: Epoch [121/250], Loss: 0.3159, ACC: 0.8453, AUC: 0.9166
[2025-06-09 10:54:47] fold_5: Epoch [141/250], Loss: 0.3154, ACC: 0.8450, AUC: 0.9160
[2025-06-09 10:55:36] fold_5: Epoch [161/250], Loss: 0.3151, ACC: 0.8459, AUC: 0.9164
[2025-06-09 10:56:40] fold_5: Epoch [181/250], Loss: 0.3149, ACC: 0.8441, AUC: 0.9157
[2025-06-09 10:57:55] fold_5: Epoch [201/250], Loss: 0.3147, ACC: 0.8468, AUC: 0.9166
[2025-06-09 10:59:39] fold_5: Epoch [221/250], Loss: 0.4220, ACC: 0.7946, AUC: 0.8704
[2025-06-09 11:02:52] fold_5: Epoch [241/250], Loss: 0.3420, ACC: 0.8318, AUC: 0.9094
[2025-06-09 12:37:53] Finall ensemble results of fold_5 for MACSynDCR:
[2025-06-09 12:37:53] ----------------------------------------------------------------------------------------------------
[2025-06-09 12:37:53] Ensemble Accuracy: 0.8948, AUC-ROC: 0.9589, 
Ensemble AUC-PR: 0.9581, Precision: 0.8991, 
Ensemble Recall: 0.8878, F1 Score: 0.8934, 
Ensemble RMSE: 18.7883
[2025-06-09 12:37:53] ----------------------------------------------------------------------------------------------------
[2025-06-09 12:37:53] ****************************************************************************************************
[2025-06-09 12:37:53] *          Final MACSynCDR Results:
[2025-06-09 12:37:53] ****************************************************************************************************
[2025-06-09 12:37:53]  AUC: 0.9469 ± 0.0105
[2025-06-09 12:37:53]  Accuracy: 0.8815 ± 0.0143
[2025-06-09 12:37:53]  AUC-PR: 0.9408 ± 0.0150
[2025-06-09 12:37:53]  Precision: 0.8748 ± 0.0198
[2025-06-09 12:37:53]  Recall: 0.8780 ± 0.0145
[2025-06-09 12:37:53]  F1: 0.8764 ± 0.0168
[2025-06-09 12:37:53]  RMSE: 19.9029 ± 1.2149
[2025-06-09 12:37:53]  PCC: 0.7999 ± 0.0271
