[2025-08-24 13:18:54] Fold 1
[2025-08-24 13:18:54] ----------------------------------------------------------------------------------------------------
[2025-08-24 13:19:03] ANN_model saved with Val_ACC: 0.5358
[2025-08-24 13:19:03] ----------------------------------------------------------------------------------------------------
[2025-08-24 13:19:04] fold_1: Epoch [1/250], Loss: 0.7173, ACC: 0.5358, AUC: 0.4420
[2025-08-24 13:19:06] ANN_model saved with Val_ACC: 0.7158
[2025-08-24 13:19:06] ----------------------------------------------------------------------------------------------------
[2025-08-24 13:19:10] ANN_model saved with Val_ACC: 0.7464
[2025-08-24 13:19:10] ----------------------------------------------------------------------------------------------------
[2025-08-24 13:19:15] ANN_model saved with Val_ACC: 0.7618
[2025-08-24 13:19:15] ----------------------------------------------------------------------------------------------------
[2025-08-24 13:19:18] ANN_model saved with Val_ACC: 0.7724
[2025-08-24 13:19:18] ----------------------------------------------------------------------------------------------------
[2025-08-24 13:19:21] ANN_model saved with Val_ACC: 0.7830
[2025-08-24 13:19:21] ----------------------------------------------------------------------------------------------------
[2025-08-24 13:19:25] ANN_model saved with Val_ACC: 0.7958
[2025-08-24 13:19:25] ----------------------------------------------------------------------------------------------------
[2025-08-24 13:19:28] ANN_model saved with Val_ACC: 0.8030
[2025-08-24 13:19:28] ----------------------------------------------------------------------------------------------------
[2025-08-24 13:19:32] ANN_model saved with Val_ACC: 0.8079
[2025-08-24 13:19:32] ----------------------------------------------------------------------------------------------------
[2025-08-24 13:19:35] ANN_model saved with Val_ACC: 0.8212
[2025-08-24 13:19:35] ----------------------------------------------------------------------------------------------------
[2025-08-24 13:19:43] ANN_model saved with Val_ACC: 0.8291
[2025-08-24 13:19:43] ----------------------------------------------------------------------------------------------------
[2025-08-24 13:19:47] ANN_model saved with Val_ACC: 0.8309
[2025-08-24 13:19:47] ----------------------------------------------------------------------------------------------------
[2025-08-24 13:19:52] ANN_model saved with Val_ACC: 0.8364
[2025-08-24 13:19:52] ----------------------------------------------------------------------------------------------------
[2025-08-24 13:19:58] ANN_model saved with Val_ACC: 0.8452
[2025-08-24 13:19:58] ----------------------------------------------------------------------------------------------------
[2025-08-24 13:20:03] ANN_model saved with Val_ACC: 0.8491
[2025-08-24 13:20:03] ----------------------------------------------------------------------------------------------------
[2025-08-24 13:20:10] fold_1: Epoch [21/250], Loss: 0.3672, ACC: 0.8464, AUC: 0.9186
[2025-08-24 13:20:15] ANN_model saved with Val_ACC: 0.8518
[2025-08-24 13:20:15] ----------------------------------------------------------------------------------------------------
[2025-08-24 13:20:32] fold_1: Epoch [41/250], Loss: 0.3315, ACC: 0.8470, AUC: 0.9170
[2025-08-24 13:20:43] fold_1: Epoch [61/250], Loss: 0.3199, ACC: 0.8467, AUC: 0.9207
[2025-08-24 13:20:53] fold_1: Epoch [81/250], Loss: 0.3169, ACC: 0.8464, AUC: 0.9208
[2025-08-24 13:21:22] fold_1: Epoch [101/250], Loss: 0.3153, ACC: 0.8458, AUC: 0.9204
[2025-08-24 13:22:09] fold_1: Epoch [121/250], Loss: 0.3148, ACC: 0.8436, AUC: 0.9207
[2025-08-24 13:22:52] fold_1: Epoch [141/250], Loss: 0.3145, ACC: 0.8455, AUC: 0.9212
[2025-08-24 13:23:32] fold_1: Epoch [161/250], Loss: 0.3144, ACC: 0.8458, AUC: 0.9212
[2025-08-24 13:24:07] fold_1: Epoch [181/250], Loss: 0.3143, ACC: 0.8442, AUC: 0.9211
[2025-08-24 13:24:31] fold_1: Epoch [201/250], Loss: 0.3141, ACC: 0.8458, AUC: 0.9210
[2025-08-24 13:25:15] fold_1: Epoch [221/250], Loss: 0.3140, ACC: 0.8439, AUC: 0.9213
[2025-08-24 13:25:58] fold_1: Epoch [241/250], Loss: 0.3139, ACC: 0.8424, AUC: 0.9213
[2025-08-24 14:49:54] Finall ensemble results of fold_1 for MACSynDCR:
[2025-08-24 14:49:54] ----------------------------------------------------------------------------------------------------
[2025-08-24 14:49:54] Ensemble Accuracy: 0.9033, AUC-ROC: 0.9625, 
Ensemble AUC-PR: 0.9580, Precision: 0.9069, 
Ensemble Recall: 0.8800, F1 Score: 0.8933, 
Ensemble RMSE: 17.8606
[2025-08-24 14:49:54] ----------------------------------------------------------------------------------------------------
[2025-08-24 14:49:54] Fold 2
[2025-08-24 14:49:54] ----------------------------------------------------------------------------------------------------
[2025-08-24 14:49:59] ANN_model saved with Val_ACC: 0.4803
[2025-08-24 14:49:59] ----------------------------------------------------------------------------------------------------
[2025-08-24 14:50:00] fold_2: Epoch [1/250], Loss: 0.7058, ACC: 0.4803, AUC: 0.4759
[2025-08-24 14:50:03] ANN_model saved with Val_ACC: 0.7173
[2025-08-24 14:50:03] ----------------------------------------------------------------------------------------------------
[2025-08-24 14:50:06] ANN_model saved with Val_ACC: 0.7442
[2025-08-24 14:50:06] ----------------------------------------------------------------------------------------------------
[2025-08-24 14:50:09] ANN_model saved with Val_ACC: 0.7606
[2025-08-24 14:50:09] ----------------------------------------------------------------------------------------------------
[2025-08-24 14:50:12] ANN_model saved with Val_ACC: 0.7730
[2025-08-24 14:50:12] ----------------------------------------------------------------------------------------------------
[2025-08-24 14:50:15] ANN_model saved with Val_ACC: 0.7788
[2025-08-24 14:50:15] ----------------------------------------------------------------------------------------------------
[2025-08-24 14:50:19] ANN_model saved with Val_ACC: 0.7927
[2025-08-24 14:50:19] ----------------------------------------------------------------------------------------------------
[2025-08-24 14:50:22] ANN_model saved with Val_ACC: 0.8058
[2025-08-24 14:50:22] ----------------------------------------------------------------------------------------------------
[2025-08-24 14:50:25] ANN_model saved with Val_ACC: 0.8130
[2025-08-24 14:50:25] ----------------------------------------------------------------------------------------------------
[2025-08-24 14:50:29] ANN_model saved with Val_ACC: 0.8161
[2025-08-24 14:50:29] ----------------------------------------------------------------------------------------------------
[2025-08-24 14:50:32] ANN_model saved with Val_ACC: 0.8173
[2025-08-24 14:50:32] ----------------------------------------------------------------------------------------------------
[2025-08-24 14:50:35] ANN_model saved with Val_ACC: 0.8255
[2025-08-24 14:50:35] ----------------------------------------------------------------------------------------------------
[2025-08-24 14:50:38] ANN_model saved with Val_ACC: 0.8300
[2025-08-24 14:50:38] ----------------------------------------------------------------------------------------------------
[2025-08-24 14:50:43] ANN_model saved with Val_ACC: 0.8345
[2025-08-24 14:50:43] ----------------------------------------------------------------------------------------------------
[2025-08-24 14:50:44] ANN_model saved with Val_ACC: 0.8373
[2025-08-24 14:50:44] ----------------------------------------------------------------------------------------------------
[2025-08-24 14:50:45] ANN_model saved with Val_ACC: 0.8406
[2025-08-24 14:50:45] ----------------------------------------------------------------------------------------------------
[2025-08-24 14:50:48] ANN_model saved with Val_ACC: 0.8433
[2025-08-24 14:50:48] ----------------------------------------------------------------------------------------------------
[2025-08-24 14:50:51] ANN_model saved with Val_ACC: 0.8452
[2025-08-24 14:50:51] ----------------------------------------------------------------------------------------------------
[2025-08-24 14:50:55] ANN_model saved with Val_ACC: 0.8470
[2025-08-24 14:50:55] ----------------------------------------------------------------------------------------------------
[2025-08-24 14:50:56] fold_2: Epoch [21/250], Loss: 0.3600, ACC: 0.8470, AUC: 0.9156
[2025-08-24 14:50:57] ANN_model saved with Val_ACC: 0.8518
[2025-08-24 14:50:57] ----------------------------------------------------------------------------------------------------
[2025-08-24 14:51:02] ANN_model saved with Val_ACC: 0.8530
[2025-08-24 14:51:02] ----------------------------------------------------------------------------------------------------
[2025-08-24 14:51:03] ANN_model saved with Val_ACC: 0.8533
[2025-08-24 14:51:03] ----------------------------------------------------------------------------------------------------
[2025-08-24 14:51:07] ANN_model saved with Val_ACC: 0.8552
[2025-08-24 14:51:07] ----------------------------------------------------------------------------------------------------
[2025-08-24 14:51:25] ANN_model saved with Val_ACC: 0.8573
[2025-08-24 14:51:25] ----------------------------------------------------------------------------------------------------
[2025-08-24 14:51:39] fold_2: Epoch [41/250], Loss: 0.3312, ACC: 0.8503, AUC: 0.9205
[2025-08-24 14:52:16] fold_2: Epoch [61/250], Loss: 0.3208, ACC: 0.8530, AUC: 0.9239
[2025-08-24 14:52:48] fold_2: Epoch [81/250], Loss: 0.3173, ACC: 0.8561, AUC: 0.9253
[2025-08-24 14:52:52] ANN_model saved with Val_ACC: 0.8576
[2025-08-24 14:52:52] ----------------------------------------------------------------------------------------------------
[2025-08-24 14:53:24] fold_2: Epoch [101/250], Loss: 0.3159, ACC: 0.8524, AUC: 0.9242
[2025-08-24 14:54:08] fold_2: Epoch [121/250], Loss: 0.3154, ACC: 0.8555, AUC: 0.9239
[2025-08-24 14:54:49] fold_2: Epoch [141/250], Loss: 0.3152, ACC: 0.8536, AUC: 0.9241
[2025-08-24 14:55:40] fold_2: Epoch [161/250], Loss: 0.3148, ACC: 0.8518, AUC: 0.9222
[2025-08-24 14:56:31] fold_2: Epoch [181/250], Loss: 0.3146, ACC: 0.8506, AUC: 0.9233
[2025-08-24 14:57:09] fold_2: Epoch [201/250], Loss: 0.3172, ACC: 0.8482, AUC: 0.9223
[2025-08-24 14:57:41] fold_2: Epoch [221/250], Loss: 0.3170, ACC: 0.8515, AUC: 0.9217
[2025-08-24 14:58:18] fold_2: Epoch [241/250], Loss: 0.3165, ACC: 0.8518, AUC: 0.9224
[2025-08-24 18:19:57] Finall ensemble results of fold_2 for MACSynDCR:
[2025-08-24 18:19:57] ----------------------------------------------------------------------------------------------------
[2025-08-24 18:19:57] Ensemble Accuracy: 0.8906, AUC-ROC: 0.9566, 
Ensemble AUC-PR: 0.9538, Precision: 0.8840, 
Ensemble Recall: 0.8845, F1 Score: 0.8843, 
Ensemble RMSE: 19.0000
[2025-08-24 18:19:57] ----------------------------------------------------------------------------------------------------
[2025-08-24 18:19:57] Fold 3
[2025-08-24 18:19:57] ----------------------------------------------------------------------------------------------------
[2025-08-24 18:19:58] ANN_model saved with Val_ACC: 0.4945
[2025-08-24 18:19:58] ----------------------------------------------------------------------------------------------------
[2025-08-24 18:19:59] fold_3: Epoch [1/250], Loss: 0.7069, ACC: 0.4945, AUC: 0.4836
[2025-08-24 18:19:59] ANN_model saved with Val_ACC: 0.7106
[2025-08-24 18:19:59] ----------------------------------------------------------------------------------------------------
[2025-08-24 18:20:00] ANN_model saved with Val_ACC: 0.7400
[2025-08-24 18:20:00] ----------------------------------------------------------------------------------------------------
[2025-08-24 18:20:01] ANN_model saved with Val_ACC: 0.7515
[2025-08-24 18:20:01] ----------------------------------------------------------------------------------------------------
[2025-08-24 18:20:02] ANN_model saved with Val_ACC: 0.7552
[2025-08-24 18:20:02] ----------------------------------------------------------------------------------------------------
[2025-08-24 18:20:02] ANN_model saved with Val_ACC: 0.7664
[2025-08-24 18:20:02] ----------------------------------------------------------------------------------------------------
[2025-08-24 18:20:03] ANN_model saved with Val_ACC: 0.7827
[2025-08-24 18:20:03] ----------------------------------------------------------------------------------------------------
[2025-08-24 18:20:04] ANN_model saved with Val_ACC: 0.7982
[2025-08-24 18:20:04] ----------------------------------------------------------------------------------------------------
[2025-08-24 18:20:05] ANN_model saved with Val_ACC: 0.8067
[2025-08-24 18:20:05] ----------------------------------------------------------------------------------------------------
[2025-08-24 18:20:08] ANN_model saved with Val_ACC: 0.8118
[2025-08-24 18:20:08] ----------------------------------------------------------------------------------------------------
[2025-08-24 18:20:09] ANN_model saved with Val_ACC: 0.8164
[2025-08-24 18:20:09] ----------------------------------------------------------------------------------------------------
[2025-08-24 18:20:12] ANN_model saved with Val_ACC: 0.8270
[2025-08-24 18:20:12] ----------------------------------------------------------------------------------------------------
[2025-08-24 18:20:13] ANN_model saved with Val_ACC: 0.8352
[2025-08-24 18:20:13] ----------------------------------------------------------------------------------------------------
[2025-08-24 18:20:14] ANN_model saved with Val_ACC: 0.8364
[2025-08-24 18:20:14] ----------------------------------------------------------------------------------------------------
[2025-08-24 18:20:16] ANN_model saved with Val_ACC: 0.8400
[2025-08-24 18:20:16] ----------------------------------------------------------------------------------------------------
[2025-08-24 18:20:16] ANN_model saved with Val_ACC: 0.8418
[2025-08-24 18:20:16] ----------------------------------------------------------------------------------------------------
[2025-08-24 18:20:17] fold_3: Epoch [21/250], Loss: 0.3627, ACC: 0.8418, AUC: 0.9138
[2025-08-24 18:20:18] ANN_model saved with Val_ACC: 0.8427
[2025-08-24 18:20:18] ----------------------------------------------------------------------------------------------------
[2025-08-24 18:20:21] ANN_model saved with Val_ACC: 0.8430
[2025-08-24 18:20:21] ----------------------------------------------------------------------------------------------------
[2025-08-24 18:20:24] ANN_model saved with Val_ACC: 0.8452
[2025-08-24 18:20:24] ----------------------------------------------------------------------------------------------------
[2025-08-24 18:20:28] fold_3: Epoch [41/250], Loss: 0.3317, ACC: 0.8421, AUC: 0.9114
[2025-08-24 18:20:34] ANN_model saved with Val_ACC: 0.8455
[2025-08-24 18:20:34] ----------------------------------------------------------------------------------------------------
[2025-08-24 18:20:41] ANN_model saved with Val_ACC: 0.8461
[2025-08-24 18:20:41] ----------------------------------------------------------------------------------------------------
[2025-08-24 18:20:41] fold_3: Epoch [61/250], Loss: 0.3205, ACC: 0.8461, AUC: 0.9150
[2025-08-24 18:20:41] ANN_model saved with Val_ACC: 0.8470
[2025-08-24 18:20:41] ----------------------------------------------------------------------------------------------------
[2025-08-24 18:20:49] ANN_model saved with Val_ACC: 0.8473
[2025-08-24 18:20:49] ----------------------------------------------------------------------------------------------------
[2025-08-24 18:20:50] ANN_model saved with Val_ACC: 0.8479
[2025-08-24 18:20:50] ----------------------------------------------------------------------------------------------------
[2025-08-24 18:20:51] ANN_model saved with Val_ACC: 0.8485
[2025-08-24 18:20:51] ----------------------------------------------------------------------------------------------------
[2025-08-24 18:20:54] fold_3: Epoch [81/250], Loss: 0.3175, ACC: 0.8458, AUC: 0.9160
[2025-08-24 18:21:05] fold_3: Epoch [101/250], Loss: 0.3165, ACC: 0.8455, AUC: 0.9165
[2025-08-24 18:21:18] fold_3: Epoch [121/250], Loss: 0.3160, ACC: 0.8433, AUC: 0.9155
[2025-08-24 18:21:29] fold_3: Epoch [141/250], Loss: 0.3157, ACC: 0.8461, AUC: 0.9145
[2025-08-24 18:21:41] fold_3: Epoch [161/250], Loss: 0.3155, ACC: 0.8442, AUC: 0.9146
[2025-08-24 18:21:52] fold_3: Epoch [181/250], Loss: 0.3154, ACC: 0.8455, AUC: 0.9150
[2025-08-24 18:22:04] fold_3: Epoch [201/250], Loss: 0.3153, ACC: 0.8448, AUC: 0.9150
[2025-08-24 18:22:15] fold_3: Epoch [221/250], Loss: 0.3151, ACC: 0.8439, AUC: 0.9140
[2025-08-24 18:22:27] fold_3: Epoch [241/250], Loss: 0.3150, ACC: 0.8448, AUC: 0.9140
[2025-08-24 19:17:32] Finall ensemble results of fold_3 for MACSynDCR:
[2025-08-24 19:17:32] ----------------------------------------------------------------------------------------------------
[2025-08-24 19:17:32] Ensemble Accuracy: 0.8682, AUC-ROC: 0.9363, 
Ensemble AUC-PR: 0.9279, Precision: 0.8648, 
Ensemble Recall: 0.8531, F1 Score: 0.8589, 
Ensemble RMSE: 20.8567
[2025-08-24 19:17:32] ----------------------------------------------------------------------------------------------------
[2025-08-24 19:17:32] Fold 4
[2025-08-24 19:17:32] ----------------------------------------------------------------------------------------------------
[2025-08-24 19:17:33] ANN_model saved with Val_ACC: 0.4782
[2025-08-24 19:17:33] ----------------------------------------------------------------------------------------------------
[2025-08-24 19:17:33] fold_4: Epoch [1/250], Loss: 0.7212, ACC: 0.4782, AUC: 0.4892
[2025-08-24 19:17:34] ANN_model saved with Val_ACC: 0.6964
[2025-08-24 19:17:34] ----------------------------------------------------------------------------------------------------
[2025-08-24 19:17:35] ANN_model saved with Val_ACC: 0.7364
[2025-08-24 19:17:35] ----------------------------------------------------------------------------------------------------
[2025-08-24 19:17:35] ANN_model saved with Val_ACC: 0.7555
[2025-08-24 19:17:35] ----------------------------------------------------------------------------------------------------
[2025-08-24 19:17:36] ANN_model saved with Val_ACC: 0.7642
[2025-08-24 19:17:36] ----------------------------------------------------------------------------------------------------
[2025-08-24 19:17:37] ANN_model saved with Val_ACC: 0.7812
[2025-08-24 19:17:37] ----------------------------------------------------------------------------------------------------
[2025-08-24 19:17:38] ANN_model saved with Val_ACC: 0.7827
[2025-08-24 19:17:38] ----------------------------------------------------------------------------------------------------
[2025-08-24 19:17:38] ANN_model saved with Val_ACC: 0.7848
[2025-08-24 19:17:38] ----------------------------------------------------------------------------------------------------
[2025-08-24 19:17:39] ANN_model saved with Val_ACC: 0.7967
[2025-08-24 19:17:39] ----------------------------------------------------------------------------------------------------
[2025-08-24 19:17:40] ANN_model saved with Val_ACC: 0.7991
[2025-08-24 19:17:40] ----------------------------------------------------------------------------------------------------
[2025-08-24 19:17:41] ANN_model saved with Val_ACC: 0.8079
[2025-08-24 19:17:41] ----------------------------------------------------------------------------------------------------
[2025-08-24 19:17:42] ANN_model saved with Val_ACC: 0.8106
[2025-08-24 19:17:42] ----------------------------------------------------------------------------------------------------
[2025-08-24 19:17:43] ANN_model saved with Val_ACC: 0.8206
[2025-08-24 19:17:43] ----------------------------------------------------------------------------------------------------
[2025-08-24 19:17:44] ANN_model saved with Val_ACC: 0.8224
[2025-08-24 19:17:44] ----------------------------------------------------------------------------------------------------
[2025-08-24 19:17:45] ANN_model saved with Val_ACC: 0.8327
[2025-08-24 19:17:45] ----------------------------------------------------------------------------------------------------
[2025-08-24 19:17:46] ANN_model saved with Val_ACC: 0.8333
[2025-08-24 19:17:46] ----------------------------------------------------------------------------------------------------
[2025-08-24 19:17:47] ANN_model saved with Val_ACC: 0.8403
[2025-08-24 19:17:47] ----------------------------------------------------------------------------------------------------
[2025-08-24 19:17:48] fold_4: Epoch [21/250], Loss: 0.3684, ACC: 0.8361, AUC: 0.9135
[2025-08-24 19:17:50] ANN_model saved with Val_ACC: 0.8427
[2025-08-24 19:17:50] ----------------------------------------------------------------------------------------------------
[2025-08-24 19:17:54] ANN_model saved with Val_ACC: 0.8433
[2025-08-24 19:17:54] ----------------------------------------------------------------------------------------------------
[2025-08-24 19:17:55] ANN_model saved with Val_ACC: 0.8442
[2025-08-24 19:17:55] ----------------------------------------------------------------------------------------------------
[2025-08-24 19:17:59] fold_4: Epoch [41/250], Loss: 0.3307, ACC: 0.8385, AUC: 0.9120
[2025-08-24 19:18:09] fold_4: Epoch [61/250], Loss: 0.3208, ACC: 0.8367, AUC: 0.9132
[2025-08-24 19:18:21] fold_4: Epoch [81/250], Loss: 0.3174, ACC: 0.8336, AUC: 0.9112
[2025-08-24 19:18:36] fold_4: Epoch [101/250], Loss: 0.3162, ACC: 0.8355, AUC: 0.9138
[2025-08-24 19:18:48] fold_4: Epoch [121/250], Loss: 0.3156, ACC: 0.8373, AUC: 0.9130
[2025-08-24 19:18:59] fold_4: Epoch [141/250], Loss: 0.3152, ACC: 0.8352, AUC: 0.9129
[2025-08-24 19:19:09] fold_4: Epoch [161/250], Loss: 0.3150, ACC: 0.8345, AUC: 0.9132
[2025-08-24 19:19:20] fold_4: Epoch [181/250], Loss: 0.3149, ACC: 0.8355, AUC: 0.9136
[2025-08-24 19:19:31] fold_4: Epoch [201/250], Loss: 0.3147, ACC: 0.8336, AUC: 0.9121
[2025-08-24 19:19:42] fold_4: Epoch [221/250], Loss: 0.3146, ACC: 0.8330, AUC: 0.9122
[2025-08-24 19:19:52] fold_4: Epoch [241/250], Loss: 0.3144, ACC: 0.8345, AUC: 0.9129
[2025-08-24 20:10:30] Finall ensemble results of fold_4 for MACSynDCR:
[2025-08-24 20:10:30] ----------------------------------------------------------------------------------------------------
[2025-08-24 20:10:30] Ensemble Accuracy: 0.8673, AUC-ROC: 0.9362, 
Ensemble AUC-PR: 0.9290, Precision: 0.8613, 
Ensemble Recall: 0.8580, F1 Score: 0.8596, 
Ensemble RMSE: 20.9284
[2025-08-24 20:10:30] ----------------------------------------------------------------------------------------------------
[2025-08-24 20:10:30] Fold 5
[2025-08-24 20:10:30] ----------------------------------------------------------------------------------------------------
[2025-08-24 20:10:31] ANN_model saved with Val_ACC: 0.4674
[2025-08-24 20:10:31] ----------------------------------------------------------------------------------------------------
[2025-08-24 20:10:31] fold_5: Epoch [1/250], Loss: 0.7108, ACC: 0.4674, AUC: 0.4696
[2025-08-24 20:10:32] ANN_model saved with Val_ACC: 0.7223
[2025-08-24 20:10:32] ----------------------------------------------------------------------------------------------------
[2025-08-24 20:10:34] ANN_model saved with Val_ACC: 0.7396
[2025-08-24 20:10:34] ----------------------------------------------------------------------------------------------------
[2025-08-24 20:10:35] ANN_model saved with Val_ACC: 0.7566
[2025-08-24 20:10:35] ----------------------------------------------------------------------------------------------------
[2025-08-24 20:10:36] ANN_model saved with Val_ACC: 0.7648
[2025-08-24 20:10:36] ----------------------------------------------------------------------------------------------------
[2025-08-24 20:10:37] ANN_model saved with Val_ACC: 0.7757
[2025-08-24 20:10:37] ----------------------------------------------------------------------------------------------------
[2025-08-24 20:10:37] ANN_model saved with Val_ACC: 0.7827
[2025-08-24 20:10:37] ----------------------------------------------------------------------------------------------------
[2025-08-24 20:10:39] ANN_model saved with Val_ACC: 0.7996
[2025-08-24 20:10:39] ----------------------------------------------------------------------------------------------------
[2025-08-24 20:10:40] ANN_model saved with Val_ACC: 0.8005
[2025-08-24 20:10:40] ----------------------------------------------------------------------------------------------------
[2025-08-24 20:10:40] ANN_model saved with Val_ACC: 0.8063
[2025-08-24 20:10:40] ----------------------------------------------------------------------------------------------------
[2025-08-24 20:10:41] ANN_model saved with Val_ACC: 0.8087
[2025-08-24 20:10:41] ----------------------------------------------------------------------------------------------------
[2025-08-24 20:10:43] ANN_model saved with Val_ACC: 0.8172
[2025-08-24 20:10:43] ----------------------------------------------------------------------------------------------------
[2025-08-24 20:10:44] ANN_model saved with Val_ACC: 0.8245
[2025-08-24 20:10:44] ----------------------------------------------------------------------------------------------------
[2025-08-24 20:10:46] ANN_model saved with Val_ACC: 0.8315
[2025-08-24 20:10:46] ----------------------------------------------------------------------------------------------------
[2025-08-24 20:10:47] ANN_model saved with Val_ACC: 0.8333
[2025-08-24 20:10:47] ----------------------------------------------------------------------------------------------------
[2025-08-24 20:10:48] ANN_model saved with Val_ACC: 0.8345
[2025-08-24 20:10:48] ----------------------------------------------------------------------------------------------------
[2025-08-24 20:10:49] ANN_model saved with Val_ACC: 0.8375
[2025-08-24 20:10:49] ----------------------------------------------------------------------------------------------------
[2025-08-24 20:10:50] ANN_model saved with Val_ACC: 0.8403
[2025-08-24 20:10:50] ----------------------------------------------------------------------------------------------------
[2025-08-24 20:10:51] fold_5: Epoch [21/250], Loss: 0.3661, ACC: 0.8390, AUC: 0.9136
[2025-08-24 20:10:52] ANN_model saved with Val_ACC: 0.8412
[2025-08-24 20:10:52] ----------------------------------------------------------------------------------------------------
[2025-08-24 20:10:54] ANN_model saved with Val_ACC: 0.8490
[2025-08-24 20:10:54] ----------------------------------------------------------------------------------------------------
[2025-08-24 20:11:04] fold_5: Epoch [41/250], Loss: 0.3340, ACC: 0.8296, AUC: 0.9091
[2025-08-24 20:11:14] fold_5: Epoch [61/250], Loss: 0.3216, ACC: 0.8375, AUC: 0.9146
[2025-08-24 20:11:27] fold_5: Epoch [81/250], Loss: 0.3180, ACC: 0.8393, AUC: 0.9155
[2025-08-24 20:11:41] fold_5: Epoch [101/250], Loss: 0.3165, ACC: 0.8384, AUC: 0.9166
[2025-08-24 20:11:53] fold_5: Epoch [121/250], Loss: 0.3160, ACC: 0.8396, AUC: 0.9158
[2025-08-24 20:12:04] fold_5: Epoch [141/250], Loss: 0.3157, ACC: 0.8406, AUC: 0.9161
[2025-08-24 20:12:14] fold_5: Epoch [161/250], Loss: 0.3154, ACC: 0.8400, AUC: 0.9151
[2025-08-24 20:12:24] fold_5: Epoch [181/250], Loss: 0.3150, ACC: 0.8393, AUC: 0.9151
[2025-08-24 20:12:35] fold_5: Epoch [201/250], Loss: 0.3149, ACC: 0.8421, AUC: 0.9154
[2025-08-24 20:12:45] fold_5: Epoch [221/250], Loss: 0.3148, ACC: 0.8396, AUC: 0.9148
[2025-08-24 20:12:56] fold_5: Epoch [241/250], Loss: 0.3147, ACC: 0.8415, AUC: 0.9157
[2025-08-24 21:04:27] Finall ensemble results of fold_5 for MACSynDCR:
[2025-08-24 21:04:27] ----------------------------------------------------------------------------------------------------
[2025-08-24 21:04:27] Ensemble Accuracy: 0.8584, AUC-ROC: 0.9315, 
Ensemble AUC-PR: 0.9288, Precision: 0.8624, 
Ensemble Recall: 0.8492, F1 Score: 0.8557, 
Ensemble RMSE: 21.6102
[2025-08-24 21:04:27] ----------------------------------------------------------------------------------------------------
[2025-08-24 21:04:27] ****************************************************************************************************
[2025-08-24 21:04:27] *          Final MACSynCDR Results:
[2025-08-24 21:04:27] ****************************************************************************************************
[2025-08-24 21:04:27]  AUC: 0.9446 ± 0.0124
[2025-08-24 21:04:27]  Accuracy: 0.8776 ± 0.0167
[2025-08-24 21:04:27]  AUC-PR: 0.9395 ± 0.0135
[2025-08-24 21:04:27]  Precision: 0.8759 ± 0.0176
[2025-08-24 21:04:27]  Recall: 0.8650 ± 0.0145
[2025-08-24 21:04:27]  F1: 0.8704 ± 0.0154
[2025-08-24 21:04:27]  BACC: 0.8769 ± 0.0163
[2025-08-24 21:04:27]  Kappa: 0.7543 ± 0.0330
[2025-08-24 21:04:27]  RMSE: 20.0512 ± 1.3966
[2025-08-24 21:04:27]  PCC: 0.7929 ± 0.0286


103/104 ???????????????????? 0s 60ms/step - acc: 0.9789 - auc: 0.9977 - loss: 0.0569
Epoch 245: val_acc did not improve from 0.82904
104/104 ???????????????????? 7s 64ms/step - acc: 0.9789 - auc: 0.9977 - loss: 0.0570 - val_acc: 0.8275 - val_auc: 0.9026 - val_loss: 0.6784
Epoch 246/250
103/104 ???????????????????? 0s 60ms/step - acc: 0.9792 - auc: 0.9978 - loss: 0.0535
Epoch 246: val_acc did not improve from 0.82904
104/104 ???????????????????? 7s 64ms/step - acc: 0.9791 - auc: 0.9978 - loss: 0.0535 - val_acc: 0.8260 - val_auc: 0.8997 - val_loss: 0.6994
Epoch 247/250
103/104 ???????????????????? 0s 61ms/step - acc: 0.9721 - auc: 0.9969 - loss: 0.0664
Epoch 247: val_acc improved from 0.82904 to 0.82965, saving model to saved_models/best_MACSynDCR_CNN_model.keras
104/104 ???????????????????? 7s 65ms/step - acc: 0.9722 - auc: 0.9969 - loss: 0.0664 - val_acc: 0.8296 - val_auc: 0.9024 - val_loss: 0.6918
Epoch 248/250
103/104 ???????????????????? 0s 61ms/step - acc: 0.9761 - auc: 0.9975 - loss: 0.0603
Epoch 248: val_acc did not improve from 0.82965
104/104 ???????????????????? 7s 65ms/step - acc: 0.9761 - auc: 0.9975 - loss: 0.0603 - val_acc: 0.8269 - val_auc: 0.9007 - val_loss: 0.6924
Epoch 249/250
103/104 ???????????????????? 0s 60ms/step - acc: 0.9777 - auc: 0.9970 - loss: 0.0637
Epoch 249: val_acc did not improve from 0.82965
104/104 ???????????????????? 7s 65ms/step - acc: 0.9777 - auc: 0.9970 - loss: 0.0637 - val_acc: 0.8251 - val_auc: 0.8979 - val_loss: 0.7099
Epoch 250/250
103/104 ???????????????????? 0s 60ms/step - acc: 0.9737 - auc: 0.9962 - loss: 0.0696
Epoch 250: val_acc improved from 0.82965 to 0.83025, saving model to saved_models/best_MACSynDCR_CNN_model.keras
104/104 ???????????????????? 7s 64ms/step - acc: 0.9737 - auc: 0.9962 - loss: 0.0696 - val_acc: 0.8303 - val_auc: 0.8977 - val_loss: 0.6794
104/104 ???????????????????? 1s 5ms/step
104/104 ???????????????????? 1s 5ms/step
CNN: Accuracy: 0.8303, AUC-ROC: 0.9096
CNN: AUC-PR: 0.9105, Precision: 0.8316,
CNN Recall: 0.8234, F1 Score: 0.8275
CNN:RMSE: 23.6643 , PCC: 0.6911
Evaluation of Keras MACSynDCR_ANN model:
104/104 ???????????????????? 1s 4ms/step - acc: 0.8516 - auc: 0.9177 - loss: 0.6616
Evaluate->  Loss: 0.7066, Accuracy: 0.8475,AUC: 0.9099
104/104 ???????????????????? 1s 5ms/step
413/413 ???????????????????? 2s 4ms/step
ANN: Accuracy: 0.8475, AUC-ROC: 0.9220
ANN: AUC-PR: 0.9197, Precision: 0.8486,
ANN Recall: 0.8418, F1 Score: 0.8452
ANN:RMSE: 22.4277 , PCC: 0.7227
****************************************************************************************************
Evaluation of Keras MACSynDCR_CNN model:
104/104 ???????????????????? 1s 5ms/step - acc: 0.8371 - auc: 0.9055 - loss: 0.6502
Evaluate->  Loss: 0.6794, Accuracy: 0.8303,Accuracy: 0.8977
104/104 ???????????????????? 1s 5ms/step
413/413 ???????????????????? 2s 5ms/step
CNN: Accuracy: 0.8303, AUC-ROC: 0.9096
CNN: AUC-PR: 0.9105, Precision: 0.8316,
CNN Recall: 0.8234, F1 Score: 0.8275
CNN:RMSE: 23.6643 , PCC: 0.6911
****************************************************************************************************
Accuracy Score and AUC for ANN = AUC: 0.9154, Accuracy: 0.8490
Accuracy Score and AUC for KANN = AUC: 0.9220, Accuracy: 0.8475
Accuracy Score and AUC for KCNN = AUC: 0.9096, Accuracy: 0.8303
Average AUC = AUC: 0.9311, Accuracy: 0.8569
MAX AUC = AUC: 0.9250, Accuracy: 0.8354
Fitting 5 folds for each of 14 candidates, totalling 70 fits
Finall ensemble results of fold_5 for MACSynDCR:
----------------------------------------------------------------------------------------------------
Ensemble Accuracy: 0.8584, AUC-ROC: 0.9315
Ensemble AUC-PR: 0.9288, Precision: 0.8624,
Ensemble Recall: 0.8492, F1 Score: 0.8557

Ensemble Kappa: 0.7168 , BACC: 0.8583

Ensemble RMSE: 21.6102 , PCC: 0.7657
----------------------------------------------------------------------------------------------------
****************************************************************************************************
*           Final MACSynCDR Results:
****************************************************************************************************
 AUC: 0.9446 ± 0.0124
 Accuracy: 0.8776 ± 0.0167
 AUC-PR: 0.9395 ± 0.0135
 Precision: 0.8759 ± 0.0176
 Recall: 0.8650 ± 0.0145
 F1: 0.8704 ± 0.0154
 BACC: 0.8769 ± 0.0163
 Kappa: 0.7543 ± 0.0330
 RMSE: 20.0512 ± 1.3966
 PCC: 0.7929 ± 0.0286
Max AUC: 0.9625
Max ACC: 0.9033
Max AUC-PR: 0.9580
Max Precision: 0.9069
Max Reacall: 0.8845
Max F1: 0.8933
MIN RMSE: 17.8606
Max PCC: 0.8364

