[2025-08-20 20:48:02] Fold 1
[2025-08-20 20:48:02] ----------------------------------------------------------------------------------------------------
[2025-08-20 20:48:03] ANN_model saved with Val_ACC: 0.5035
[2025-08-20 20:48:03] ----------------------------------------------------------------------------------------------------
[2025-08-20 20:48:03] fold_1: Epoch [1/30], Loss: 0.7016, ACC: 0.5035, AUC: 0.5020
[2025-08-20 20:48:03] ANN_model saved with Val_ACC: 0.7613
[2025-08-20 20:48:03] ----------------------------------------------------------------------------------------------------
[2025-08-20 20:48:04] ANN_model saved with Val_ACC: 0.8044
[2025-08-20 20:48:04] ----------------------------------------------------------------------------------------------------
[2025-08-20 20:48:05] ANN_model saved with Val_ACC: 0.8114
[2025-08-20 20:48:05] ----------------------------------------------------------------------------------------------------
[2025-08-20 20:48:05] ANN_model saved with Val_ACC: 0.8286
[2025-08-20 20:48:05] ----------------------------------------------------------------------------------------------------
[2025-08-20 20:48:06] ANN_model saved with Val_ACC: 0.8387
[2025-08-20 20:48:06] ----------------------------------------------------------------------------------------------------
[2025-08-20 20:48:06] ANN_model saved with Val_ACC: 0.8514
[2025-08-20 20:48:06] ----------------------------------------------------------------------------------------------------
[2025-08-20 20:48:07] ANN_model saved with Val_ACC: 0.8610
[2025-08-20 20:48:07] ----------------------------------------------------------------------------------------------------
[2025-08-20 20:48:07] ANN_model saved with Val_ACC: 0.8832
[2025-08-20 20:48:07] ----------------------------------------------------------------------------------------------------
[2025-08-20 20:48:08] ANN_model saved with Val_ACC: 0.8895
[2025-08-20 20:48:08] ----------------------------------------------------------------------------------------------------
[2025-08-20 20:48:09] ANN_model saved with Val_ACC: 0.8921
[2025-08-20 20:48:09] ----------------------------------------------------------------------------------------------------
[2025-08-20 20:48:09] ANN_model saved with Val_ACC: 0.8946
[2025-08-20 20:48:09] ----------------------------------------------------------------------------------------------------
[2025-08-20 20:48:11] ANN_model saved with Val_ACC: 0.8959
[2025-08-20 20:48:11] ----------------------------------------------------------------------------------------------------
[2025-08-20 20:48:11] ANN_model saved with Val_ACC: 0.8971
[2025-08-20 20:48:11] ----------------------------------------------------------------------------------------------------
[2025-08-20 20:48:11] fold_1: Epoch [21/30], Loss: 0.3436, ACC: 0.8971, AUC: 0.9565
[2025-08-20 20:48:12] ANN_model saved with Val_ACC: 0.9003
[2025-08-20 20:48:12] ----------------------------------------------------------------------------------------------------
[2025-08-20 20:49:47] Fold 2
[2025-08-20 20:49:47] ----------------------------------------------------------------------------------------------------
[2025-08-20 20:49:47] ANN_model saved with Val_ACC: 0.4965
[2025-08-20 20:49:47] ----------------------------------------------------------------------------------------------------
[2025-08-20 20:49:47] fold_2: Epoch [1/30], Loss: 0.7055, ACC: 0.4965, AUC: 0.4709
[2025-08-20 20:49:47] ANN_model saved with Val_ACC: 0.7575
[2025-08-20 20:49:47] ----------------------------------------------------------------------------------------------------
[2025-08-20 20:49:48] ANN_model saved with Val_ACC: 0.8235
[2025-08-20 20:49:48] ----------------------------------------------------------------------------------------------------
[2025-08-20 20:49:48] ANN_model saved with Val_ACC: 0.8419
[2025-08-20 20:49:48] ----------------------------------------------------------------------------------------------------
[2025-08-20 20:49:49] ANN_model saved with Val_ACC: 0.8502
[2025-08-20 20:49:49] ----------------------------------------------------------------------------------------------------
[2025-08-20 20:49:49] ANN_model saved with Val_ACC: 0.8533
[2025-08-20 20:49:49] ----------------------------------------------------------------------------------------------------
[2025-08-20 20:49:49] ANN_model saved with Val_ACC: 0.8629
[2025-08-20 20:49:49] ----------------------------------------------------------------------------------------------------
[2025-08-20 20:49:50] ANN_model saved with Val_ACC: 0.8717
[2025-08-20 20:49:50] ----------------------------------------------------------------------------------------------------
[2025-08-20 20:49:50] ANN_model saved with Val_ACC: 0.8724
[2025-08-20 20:49:50] ----------------------------------------------------------------------------------------------------
[2025-08-20 20:49:51] ANN_model saved with Val_ACC: 0.8832
[2025-08-20 20:49:51] ----------------------------------------------------------------------------------------------------
[2025-08-20 20:49:51] ANN_model saved with Val_ACC: 0.8914
[2025-08-20 20:49:51] ----------------------------------------------------------------------------------------------------
[2025-08-20 20:49:51] ANN_model saved with Val_ACC: 0.9016
[2025-08-20 20:49:51] ----------------------------------------------------------------------------------------------------
[2025-08-20 20:49:53] ANN_model saved with Val_ACC: 0.9029
[2025-08-20 20:49:53] ----------------------------------------------------------------------------------------------------
[2025-08-20 20:49:54] fold_2: Epoch [21/30], Loss: 0.3473, ACC: 0.8965, AUC: 0.9603
[2025-08-20 20:49:55] ANN_model saved with Val_ACC: 0.9048
[2025-08-20 20:49:55] ----------------------------------------------------------------------------------------------------
[2025-08-20 20:49:55] ANN_model saved with Val_ACC: 0.9073
[2025-08-20 20:49:55] ----------------------------------------------------------------------------------------------------
[2025-08-20 20:51:41] Fold 3
[2025-08-20 20:51:41] ----------------------------------------------------------------------------------------------------
[2025-08-20 20:51:42] ANN_model saved with Val_ACC: 0.5314
[2025-08-20 20:51:42] ----------------------------------------------------------------------------------------------------
[2025-08-20 20:51:42] fold_3: Epoch [1/30], Loss: 0.6904, ACC: 0.5314, AUC: 0.5398
[2025-08-20 20:51:42] ANN_model saved with Val_ACC: 0.7835
[2025-08-20 20:51:42] ----------------------------------------------------------------------------------------------------
[2025-08-20 20:51:43] ANN_model saved with Val_ACC: 0.8127
[2025-08-20 20:51:43] ----------------------------------------------------------------------------------------------------
[2025-08-20 20:51:43] ANN_model saved with Val_ACC: 0.8349
[2025-08-20 20:51:43] ----------------------------------------------------------------------------------------------------
[2025-08-20 20:51:44] ANN_model saved with Val_ACC: 0.8451
[2025-08-20 20:51:44] ----------------------------------------------------------------------------------------------------
[2025-08-20 20:51:44] ANN_model saved with Val_ACC: 0.8502
[2025-08-20 20:51:44] ----------------------------------------------------------------------------------------------------
[2025-08-20 20:51:45] ANN_model saved with Val_ACC: 0.8584
[2025-08-20 20:51:45] ----------------------------------------------------------------------------------------------------
[2025-08-20 20:51:45] ANN_model saved with Val_ACC: 0.8711
[2025-08-20 20:51:45] ----------------------------------------------------------------------------------------------------
[2025-08-20 20:51:45] ANN_model saved with Val_ACC: 0.8756
[2025-08-20 20:51:45] ----------------------------------------------------------------------------------------------------
[2025-08-20 20:51:46] ANN_model saved with Val_ACC: 0.8800
[2025-08-20 20:51:46] ----------------------------------------------------------------------------------------------------
[2025-08-20 20:51:46] ANN_model saved with Val_ACC: 0.8883
[2025-08-20 20:51:46] ----------------------------------------------------------------------------------------------------
[2025-08-20 20:51:46] ANN_model saved with Val_ACC: 0.8902
[2025-08-20 20:51:46] ----------------------------------------------------------------------------------------------------
[2025-08-20 20:51:47] ANN_model saved with Val_ACC: 0.8921
[2025-08-20 20:51:47] ----------------------------------------------------------------------------------------------------
[2025-08-20 20:51:48] ANN_model saved with Val_ACC: 0.8971
[2025-08-20 20:51:48] ----------------------------------------------------------------------------------------------------
[2025-08-20 20:51:49] ANN_model saved with Val_ACC: 0.9029
[2025-08-20 20:51:49] ----------------------------------------------------------------------------------------------------
[2025-08-20 20:51:50] fold_3: Epoch [21/30], Loss: 0.3419, ACC: 0.8990, AUC: 0.9582
[2025-08-20 20:51:50] ANN_model saved with Val_ACC: 0.9041
[2025-08-20 20:51:50] ----------------------------------------------------------------------------------------------------
[2025-08-20 20:51:50] ANN_model saved with Val_ACC: 0.9054
[2025-08-20 20:51:50] ----------------------------------------------------------------------------------------------------
[2025-08-20 20:51:51] ANN_model saved with Val_ACC: 0.9067
[2025-08-20 20:51:51] ----------------------------------------------------------------------------------------------------
[2025-08-20 20:51:52] ANN_model saved with Val_ACC: 0.9098
[2025-08-20 20:51:52] ----------------------------------------------------------------------------------------------------
[2025-08-20 20:53:28] Fold 4
[2025-08-20 20:53:28] ----------------------------------------------------------------------------------------------------
[2025-08-20 20:53:28] ANN_model saved with Val_ACC: 0.5333
[2025-08-20 20:53:28] ----------------------------------------------------------------------------------------------------
[2025-08-20 20:53:28] fold_4: Epoch [1/30], Loss: 0.6944, ACC: 0.5333, AUC: 0.5525
[2025-08-20 20:53:29] ANN_model saved with Val_ACC: 0.7943
[2025-08-20 20:53:29] ----------------------------------------------------------------------------------------------------
[2025-08-20 20:53:29] ANN_model saved with Val_ACC: 0.8267
[2025-08-20 20:53:29] ----------------------------------------------------------------------------------------------------
[2025-08-20 20:53:29] ANN_model saved with Val_ACC: 0.8337
[2025-08-20 20:53:29] ----------------------------------------------------------------------------------------------------
[2025-08-20 20:53:30] ANN_model saved with Val_ACC: 0.8349
[2025-08-20 20:53:30] ----------------------------------------------------------------------------------------------------
[2025-08-20 20:53:30] ANN_model saved with Val_ACC: 0.8514
[2025-08-20 20:53:30] ----------------------------------------------------------------------------------------------------
[2025-08-20 20:53:31] ANN_model saved with Val_ACC: 0.8552
[2025-08-20 20:53:31] ----------------------------------------------------------------------------------------------------
[2025-08-20 20:53:31] ANN_model saved with Val_ACC: 0.8705
[2025-08-20 20:53:31] ----------------------------------------------------------------------------------------------------
[2025-08-20 20:53:32] ANN_model saved with Val_ACC: 0.8806
[2025-08-20 20:53:32] ----------------------------------------------------------------------------------------------------
[2025-08-20 20:53:32] ANN_model saved with Val_ACC: 0.8838
[2025-08-20 20:53:32] ----------------------------------------------------------------------------------------------------
[2025-08-20 20:53:32] ANN_model saved with Val_ACC: 0.8857
[2025-08-20 20:53:32] ----------------------------------------------------------------------------------------------------
[2025-08-20 20:53:33] ANN_model saved with Val_ACC: 0.8883
[2025-08-20 20:53:33] ----------------------------------------------------------------------------------------------------
[2025-08-20 20:53:33] ANN_model saved with Val_ACC: 0.8921
[2025-08-20 20:53:33] ----------------------------------------------------------------------------------------------------
[2025-08-20 20:53:34] ANN_model saved with Val_ACC: 0.8971
[2025-08-20 20:53:34] ----------------------------------------------------------------------------------------------------
[2025-08-20 20:53:34] ANN_model saved with Val_ACC: 0.8978
[2025-08-20 20:53:34] ----------------------------------------------------------------------------------------------------
[2025-08-20 20:53:35] ANN_model saved with Val_ACC: 0.8984
[2025-08-20 20:53:35] ----------------------------------------------------------------------------------------------------
[2025-08-20 20:53:36] ANN_model saved with Val_ACC: 0.9022
[2025-08-20 20:53:36] ----------------------------------------------------------------------------------------------------
[2025-08-20 20:53:36] fold_4: Epoch [21/30], Loss: 0.3402, ACC: 0.9022, AUC: 0.9659
[2025-08-20 20:53:36] ANN_model saved with Val_ACC: 0.9054
[2025-08-20 20:53:36] ----------------------------------------------------------------------------------------------------
[2025-08-20 20:53:37] ANN_model saved with Val_ACC: 0.9073
[2025-08-20 20:53:37] ----------------------------------------------------------------------------------------------------
[2025-08-20 20:53:38] ANN_model saved with Val_ACC: 0.9098
[2025-08-20 20:53:38] ----------------------------------------------------------------------------------------------------
[2025-08-20 20:55:12] Fold 5
[2025-08-20 20:55:12] ----------------------------------------------------------------------------------------------------
[2025-08-20 20:55:13] ANN_model saved with Val_ACC: 0.4911
[2025-08-20 20:55:13] ----------------------------------------------------------------------------------------------------
[2025-08-20 20:55:13] fold_5: Epoch [1/30], Loss: 0.7053, ACC: 0.4911, AUC: 0.5017
[2025-08-20 20:55:13] ANN_model saved with Val_ACC: 0.7872
[2025-08-20 20:55:13] ----------------------------------------------------------------------------------------------------
[2025-08-20 20:55:14] ANN_model saved with Val_ACC: 0.8221
[2025-08-20 20:55:14] ----------------------------------------------------------------------------------------------------
[2025-08-20 20:55:14] ANN_model saved with Val_ACC: 0.8304
[2025-08-20 20:55:14] ----------------------------------------------------------------------------------------------------
[2025-08-20 20:55:14] ANN_model saved with Val_ACC: 0.8431
[2025-08-20 20:55:14] ----------------------------------------------------------------------------------------------------
[2025-08-20 20:55:15] ANN_model saved with Val_ACC: 0.8602
[2025-08-20 20:55:15] ----------------------------------------------------------------------------------------------------
[2025-08-20 20:55:15] ANN_model saved with Val_ACC: 0.8755
[2025-08-20 20:55:15] ----------------------------------------------------------------------------------------------------
[2025-08-20 20:55:16] ANN_model saved with Val_ACC: 0.8850
[2025-08-20 20:55:16] ----------------------------------------------------------------------------------------------------
[2025-08-20 20:55:16] ANN_model saved with Val_ACC: 0.8869
[2025-08-20 20:55:16] ----------------------------------------------------------------------------------------------------
[2025-08-20 20:55:17] ANN_model saved with Val_ACC: 0.8945
[2025-08-20 20:55:17] ----------------------------------------------------------------------------------------------------
[2025-08-20 20:55:18] ANN_model saved with Val_ACC: 0.8964
[2025-08-20 20:55:18] ----------------------------------------------------------------------------------------------------
[2025-08-20 20:55:19] ANN_model saved with Val_ACC: 0.8977
[2025-08-20 20:55:19] ----------------------------------------------------------------------------------------------------
[2025-08-20 20:55:19] ANN_model saved with Val_ACC: 0.9003
[2025-08-20 20:55:19] ----------------------------------------------------------------------------------------------------
[2025-08-20 20:55:20] ANN_model saved with Val_ACC: 0.9028
[2025-08-20 20:55:20] ----------------------------------------------------------------------------------------------------
[2025-08-20 20:55:20] fold_5: Epoch [21/30], Loss: 0.3340, ACC: 0.9028, AUC: 0.9614
[2025-08-20 20:55:21] ANN_model saved with Val_ACC: 0.9041
[2025-08-20 20:55:21] ----------------------------------------------------------------------------------------------------
[2025-08-20 20:56:58] ****************************************************************************************************
[2025-08-20 20:56:58] *          Final MACSynCDR Results:
[2025-08-20 20:56:58] ****************************************************************************************************
[2025-08-20 20:56:58]  AUC: 0.9617 ± 0.0028
[2025-08-20 20:56:58]  Accuracy: 0.9063 ± 0.0037
[2025-08-20 20:56:58]  AUC-PR: 0.9590 ± 0.0056
[2025-08-20 20:56:58]  Precision: 0.9077 ± 0.0071
[2025-08-20 20:56:58]  Recall: 0.9040 ± 0.0077
[2025-08-20 20:56:58]  F1: 0.9058 ± 0.0039
[2025-08-20 20:56:58]  RMSE: 10.8174 ± 0.1224
[2025-08-20 20:56:58]  PCC: 0.8398 ± 0.0041
