[2025-08-20 23:38:44] Fold 1
[2025-08-20 23:38:44] ----------------------------------------------------------------------------------------------------
[2025-08-20 23:38:45] ANN_model saved with Val_ACC: 0.5168
[2025-08-20 23:38:45] ----------------------------------------------------------------------------------------------------
[2025-08-20 23:38:45] fold_1: Epoch [1/10], Loss: 0.6939, ACC: 0.5168, AUC: 0.5335
[2025-08-20 23:38:46] ANN_model saved with Val_ACC: 0.7587
[2025-08-20 23:38:46] ----------------------------------------------------------------------------------------------------
[2025-08-20 23:38:46] ANN_model saved with Val_ACC: 0.7956
[2025-08-20 23:38:46] ----------------------------------------------------------------------------------------------------
[2025-08-20 23:38:46] ANN_model saved with Val_ACC: 0.8121
[2025-08-20 23:38:46] ----------------------------------------------------------------------------------------------------
[2025-08-20 23:38:47] ANN_model saved with Val_ACC: 0.8203
[2025-08-20 23:38:47] ----------------------------------------------------------------------------------------------------
[2025-08-20 23:38:47] ANN_model saved with Val_ACC: 0.8254
[2025-08-20 23:38:47] ----------------------------------------------------------------------------------------------------
[2025-08-20 23:38:47] ANN_model saved with Val_ACC: 0.8406
[2025-08-20 23:38:47] ----------------------------------------------------------------------------------------------------
[2025-08-20 23:38:48] ANN_model saved with Val_ACC: 0.8489
[2025-08-20 23:38:48] ----------------------------------------------------------------------------------------------------
[2025-08-20 23:38:48] ANN_model saved with Val_ACC: 0.8597
[2025-08-20 23:38:48] ----------------------------------------------------------------------------------------------------
[2025-08-20 23:38:49] ANN_model saved with Val_ACC: 0.8641
[2025-08-20 23:38:49] ----------------------------------------------------------------------------------------------------
[2025-08-20 23:39:58] Finall ensemble results of fold_1 for MACSynDCR:
[2025-08-20 23:39:58] ----------------------------------------------------------------------------------------------------
[2025-08-20 23:39:58] Ensemble Accuracy: 0.8876, AUC-ROC: 0.9526, 
Ensemble AUC-PR: 0.9528, Precision: 0.8748, 
Ensemble Recall: 0.9028, F1 Score: 0.8886, 
Ensemble RMSE: 13.3041
[2025-08-20 23:39:58] ----------------------------------------------------------------------------------------------------
[2025-08-20 23:39:58] Fold 2
[2025-08-20 23:39:58] ----------------------------------------------------------------------------------------------------
[2025-08-20 23:39:59] ANN_model saved with Val_ACC: 0.5060
[2025-08-20 23:39:59] ----------------------------------------------------------------------------------------------------
[2025-08-20 23:39:59] fold_2: Epoch [1/10], Loss: 0.6988, ACC: 0.5060, AUC: 0.5101
[2025-08-20 23:39:59] ANN_model saved with Val_ACC: 0.7784
[2025-08-20 23:39:59] ----------------------------------------------------------------------------------------------------
[2025-08-20 23:39:59] ANN_model saved with Val_ACC: 0.8203
[2025-08-20 23:39:59] ----------------------------------------------------------------------------------------------------
[2025-08-20 23:40:00] ANN_model saved with Val_ACC: 0.8368
[2025-08-20 23:40:00] ----------------------------------------------------------------------------------------------------
[2025-08-20 23:40:00] ANN_model saved with Val_ACC: 0.8425
[2025-08-20 23:40:00] ----------------------------------------------------------------------------------------------------
[2025-08-20 23:40:00] ANN_model saved with Val_ACC: 0.8508
[2025-08-20 23:40:00] ----------------------------------------------------------------------------------------------------
[2025-08-20 23:40:01] ANN_model saved with Val_ACC: 0.8667
[2025-08-20 23:40:01] ----------------------------------------------------------------------------------------------------
[2025-08-20 23:40:01] ANN_model saved with Val_ACC: 0.8762
[2025-08-20 23:40:01] ----------------------------------------------------------------------------------------------------
[2025-08-20 23:40:02] ANN_model saved with Val_ACC: 0.8825
[2025-08-20 23:40:02] ----------------------------------------------------------------------------------------------------
[2025-08-20 23:41:09] Finall ensemble results of fold_2 for MACSynDCR:
[2025-08-20 23:41:09] ----------------------------------------------------------------------------------------------------
[2025-08-20 23:41:09] Ensemble Accuracy: 0.8927, AUC-ROC: 0.9553, 
Ensemble AUC-PR: 0.9533, Precision: 0.8945, 
Ensemble Recall: 0.8865, F1 Score: 0.8905, 
Ensemble RMSE: 13.0000
[2025-08-20 23:41:09] ----------------------------------------------------------------------------------------------------
[2025-08-20 23:41:09] Fold 3
[2025-08-20 23:41:09] ----------------------------------------------------------------------------------------------------
[2025-08-20 23:41:09] ANN_model saved with Val_ACC: 0.5067
[2025-08-20 23:41:09] ----------------------------------------------------------------------------------------------------
[2025-08-20 23:41:09] fold_3: Epoch [1/10], Loss: 0.6977, ACC: 0.5067, AUC: 0.5234
[2025-08-20 23:41:10] ANN_model saved with Val_ACC: 0.7886
[2025-08-20 23:41:10] ----------------------------------------------------------------------------------------------------
[2025-08-20 23:41:10] ANN_model saved with Val_ACC: 0.8089
[2025-08-20 23:41:10] ----------------------------------------------------------------------------------------------------
[2025-08-20 23:41:10] ANN_model saved with Val_ACC: 0.8178
[2025-08-20 23:41:10] ----------------------------------------------------------------------------------------------------
[2025-08-20 23:41:11] ANN_model saved with Val_ACC: 0.8292
[2025-08-20 23:41:11] ----------------------------------------------------------------------------------------------------
[2025-08-20 23:41:11] ANN_model saved with Val_ACC: 0.8419
[2025-08-20 23:41:11] ----------------------------------------------------------------------------------------------------
[2025-08-20 23:41:12] ANN_model saved with Val_ACC: 0.8508
[2025-08-20 23:41:12] ----------------------------------------------------------------------------------------------------
[2025-08-20 23:41:12] ANN_model saved with Val_ACC: 0.8654
[2025-08-20 23:41:12] ----------------------------------------------------------------------------------------------------
[2025-08-20 23:41:12] ANN_model saved with Val_ACC: 0.8743
[2025-08-20 23:41:12] ----------------------------------------------------------------------------------------------------
[2025-08-20 23:41:13] ANN_model saved with Val_ACC: 0.8749
[2025-08-20 23:41:13] ----------------------------------------------------------------------------------------------------
[2025-08-20 23:42:18] Finall ensemble results of fold_3 for MACSynDCR:
[2025-08-20 23:42:18] ----------------------------------------------------------------------------------------------------
[2025-08-20 23:42:18] Ensemble Accuracy: 0.8914, AUC-ROC: 0.9563, 
Ensemble AUC-PR: 0.9492, Precision: 0.8811, 
Ensemble Recall: 0.8983, F1 Score: 0.8896, 
Ensemble RMSE: 13.0767
[2025-08-20 23:42:18] ----------------------------------------------------------------------------------------------------
[2025-08-20 23:42:18] Fold 4
[2025-08-20 23:42:18] ----------------------------------------------------------------------------------------------------
[2025-08-20 23:42:18] ANN_model saved with Val_ACC: 0.5105
[2025-08-20 23:42:18] ----------------------------------------------------------------------------------------------------
[2025-08-20 23:42:19] fold_4: Epoch [1/10], Loss: 0.7085, ACC: 0.5105, AUC: 0.4959
[2025-08-20 23:42:19] ANN_model saved with Val_ACC: 0.7676
[2025-08-20 23:42:19] ----------------------------------------------------------------------------------------------------
[2025-08-20 23:42:19] ANN_model saved with Val_ACC: 0.8114
[2025-08-20 23:42:19] ----------------------------------------------------------------------------------------------------
[2025-08-20 23:42:21] ANN_model saved with Val_ACC: 0.8222
[2025-08-20 23:42:21] ----------------------------------------------------------------------------------------------------
[2025-08-20 23:42:21] ANN_model saved with Val_ACC: 0.8298
[2025-08-20 23:42:21] ----------------------------------------------------------------------------------------------------
[2025-08-20 23:42:22] ANN_model saved with Val_ACC: 0.8368
[2025-08-20 23:42:22] ----------------------------------------------------------------------------------------------------
[2025-08-20 23:42:22] ANN_model saved with Val_ACC: 0.8514
[2025-08-20 23:42:22] ----------------------------------------------------------------------------------------------------
[2025-08-20 23:42:23] ANN_model saved with Val_ACC: 0.8559
[2025-08-20 23:42:23] ----------------------------------------------------------------------------------------------------
[2025-08-20 23:42:23] ANN_model saved with Val_ACC: 0.8654
[2025-08-20 23:42:23] ----------------------------------------------------------------------------------------------------
[2025-08-20 23:42:23] ANN_model saved with Val_ACC: 0.8698
[2025-08-20 23:42:23] ----------------------------------------------------------------------------------------------------
[2025-08-20 23:43:31] Finall ensemble results of fold_4 for MACSynDCR:
[2025-08-20 23:43:31] ----------------------------------------------------------------------------------------------------
[2025-08-20 23:43:31] Ensemble Accuracy: 0.9035, AUC-ROC: 0.9600, 
Ensemble AUC-PR: 0.9613, Precision: 0.9054, 
Ensemble Recall: 0.9054, F1 Score: 0.9054, 
Ensemble RMSE: 12.3288
[2025-08-20 23:43:31] ----------------------------------------------------------------------------------------------------
[2025-08-20 23:43:31] Fold 5
[2025-08-20 23:43:31] ----------------------------------------------------------------------------------------------------
[2025-08-20 23:43:31] ANN_model saved with Val_ACC: 0.5140
[2025-08-20 23:43:31] ----------------------------------------------------------------------------------------------------
[2025-08-20 23:43:32] fold_5: Epoch [1/10], Loss: 0.6988, ACC: 0.5140, AUC: 0.5234
[2025-08-20 23:43:32] ANN_model saved with Val_ACC: 0.7592
[2025-08-20 23:43:32] ----------------------------------------------------------------------------------------------------
[2025-08-20 23:43:32] ANN_model saved with Val_ACC: 0.8050
[2025-08-20 23:43:32] ----------------------------------------------------------------------------------------------------
[2025-08-20 23:43:33] ANN_model saved with Val_ACC: 0.8215
[2025-08-20 23:43:33] ----------------------------------------------------------------------------------------------------
[2025-08-20 23:43:33] ANN_model saved with Val_ACC: 0.8355
[2025-08-20 23:43:33] ----------------------------------------------------------------------------------------------------
[2025-08-20 23:43:33] ANN_model saved with Val_ACC: 0.8501
[2025-08-20 23:43:33] ----------------------------------------------------------------------------------------------------
[2025-08-20 23:43:34] ANN_model saved with Val_ACC: 0.8634
[2025-08-20 23:43:34] ----------------------------------------------------------------------------------------------------
[2025-08-20 23:43:34] ANN_model saved with Val_ACC: 0.8742
[2025-08-20 23:43:34] ----------------------------------------------------------------------------------------------------
[2025-08-20 23:43:34] ANN_model saved with Val_ACC: 0.8761
[2025-08-20 23:43:34] ----------------------------------------------------------------------------------------------------
[2025-08-20 23:43:35] ANN_model saved with Val_ACC: 0.8774
[2025-08-20 23:43:35] ----------------------------------------------------------------------------------------------------
[2025-08-20 23:44:43] Finall ensemble results of fold_5 for MACSynDCR:
[2025-08-20 23:44:43] ----------------------------------------------------------------------------------------------------
[2025-08-20 23:44:43] Ensemble Accuracy: 0.8996, AUC-ROC: 0.9612, 
Ensemble AUC-PR: 0.9641, Precision: 0.9042, 
Ensemble Recall: 0.8974, F1 Score: 0.9008, 
Ensemble RMSE: 12.5698
[2025-08-20 23:44:43] ----------------------------------------------------------------------------------------------------
[2025-08-20 23:44:43] ****************************************************************************************************
[2025-08-20 23:44:43] *          Final MACSynCDR Results:
[2025-08-20 23:44:43] ****************************************************************************************************
[2025-08-20 23:44:43]  AUC: 0.9571 ± 0.0032
[2025-08-20 23:44:43]  Accuracy: 0.8950 ± 0.0058
[2025-08-20 23:44:43]  AUC-PR: 0.9561 ± 0.0056
[2025-08-20 23:44:43]  Precision: 0.8920 ± 0.0122
[2025-08-20 23:44:43]  Recall: 0.8981 ± 0.0065
[2025-08-20 23:44:43]  F1: 0.8950 ± 0.0068
[2025-08-20 23:44:43]  RMSE: 12.8559 ± 0.3550
[2025-08-20 23:44:43]  PCC: 0.8250 ± 0.0104

C:\Users\srahaman2\Documents\PhD research\MACSynDCR\LapMGAN>python MACSynDCR_CV_RUN_with_LMGAN_shape.py --epoch 10 --suffix Ablation_DTI
2025-08-20 23:38:35.525045: I tensorflow/core/util/port.cc:153] oneDNN custom operations are on. You may see slightly different numerical results due to floating-point round-off errors from different computation orders. To turn them off, set the environment variable `TF_ENABLE_ONEDNN_OPTS=0`.
2025-08-20 23:38:36.485432: I tensorflow/core/util/port.cc:153] oneDNN custom operations are on. You may see slightly different numerical results due to floating-point round-off errors from different computation orders. To turn them off, set the environment variable `TF_ENABLE_ONEDNN_OPTS=0`.
Fold 1
Data processing and Training of MACSynDCR_ANN model:
ANN_model saved with Val_ACC: 0.5168 Val_AUC: 0.5335
fold_1: Epoch [1/10], Loss: 0.6939, Val_ACC: 0.5168, Val_AUC: 0.5335
ANN_model saved with Val_ACC: 0.7587 Val_AUC: 0.8284
ANN_model saved with Val_ACC: 0.7956 Val_AUC: 0.8752
ANN_model saved with Val_ACC: 0.8121 Val_AUC: 0.8938
ANN_model saved with Val_ACC: 0.8203 Val_AUC: 0.9043
ANN_model saved with Val_ACC: 0.8254 Val_AUC: 0.9117
ANN_model saved with Val_ACC: 0.8406 Val_AUC: 0.9190
ANN_model saved with Val_ACC: 0.8489 Val_AUC: 0.9263
ANN_model saved with Val_ACC: 0.8597 Val_AUC: 0.9324
ANN_model saved with Val_ACC: 0.8641 Val_AUC: 0.9369
Accuracy: 0.8641, AUC-ROC: 0.9369
 AUC-PR: 0.9369, Precision: 0.8622, Recall: 0.8645, F1 Score: 0.8633
RMSE: 12.4755 , PCC: 0.7778
Data processing and Training of MACSynDCR_ANN model:
2025-08-20 23:38:49.558255: I tensorflow/core/platform/cpu_feature_guard.cc:210] This TensorFlow binary is optimized to use available CPU instructions in performance-critical operations.
To enable the following instructions: AVX2 FMA, in other operations, rebuild TensorFlow with the appropriate compiler flags.
MACSynDCR_ANN model:
Model: "sequential"
????????????????????????????????????????????????????????????????????????????????????????
? Layer (type)                         ? Output Shape                ?         Param # ?
????????????????????????????????????????????????????????????????????????????????????????
¦ dense (Dense)                        ¦ (None, 2048)                ¦       4,458,496 ¦
+--------------------------------------+-----------------------------+-----------------¦
¦ batch_normalization                  ¦ (None, 2048)                ¦           8,192 ¦
¦ (BatchNormalization)                 ¦                             ¦                 ¦
+--------------------------------------+-----------------------------+-----------------¦
¦ dense_1 (Dense)                      ¦ (None, 1024)                ¦       2,098,176 ¦
+--------------------------------------+-----------------------------+-----------------¦
¦ batch_normalization_1                ¦ (None, 1024)                ¦           4,096 ¦
¦ (BatchNormalization)                 ¦                             ¦                 ¦
+--------------------------------------+-----------------------------+-----------------¦
¦ dense_2 (Dense)                      ¦ (None, 512)                 ¦         524,800 ¦
+--------------------------------------+-----------------------------+-----------------¦
¦ batch_normalization_2                ¦ (None, 512)                 ¦           2,048 ¦
¦ (BatchNormalization)                 ¦                             ¦                 ¦
+--------------------------------------+-----------------------------+-----------------¦
¦ dense_3 (Dense)                      ¦ (None, 256)                 ¦         131,328 ¦
+--------------------------------------+-----------------------------+-----------------¦
¦ batch_normalization_3                ¦ (None, 256)                 ¦           1,024 ¦
¦ (BatchNormalization)                 ¦                             ¦                 ¦
+--------------------------------------+-----------------------------+-----------------¦
¦ dense_4 (Dense)                      ¦ (None, 128)                 ¦          32,896 ¦
+--------------------------------------+-----------------------------+-----------------¦
¦ batch_normalization_4                ¦ (None, 128)                 ¦             512 ¦
¦ (BatchNormalization)                 ¦                             ¦                 ¦
+--------------------------------------+-----------------------------+-----------------¦
¦ dense_5 (Dense)                      ¦ (None, 2)                   ¦             258 ¦
+--------------------------------------------------------------------------------------+
 Total params: 7,261,826 (27.70 MB)
 Trainable params: 7,253,890 (27.67 MB)
 Non-trainable params: 7,936 (31.00 KB)
Epoch 1/10
50/50 ???????????????????? 0s 46ms/step - acc: 0.7274 - auc: 0.8033 - loss: 0.6307
Epoch 1: val_auc improved from -inf to 0.65758, saving model to saved_models/best_MACSynDCR_ANN_model.keras
50/50 ???????????????????? 7s 71ms/step - acc: 0.7284 - auc: 0.8045 - loss: 0.6279 - val_acc: 0.4997 - val_auc: 0.6576 - val_loss: 1.5330
Epoch 2/10
50/50 ???????????????????? 0s 46ms/step - acc: 0.8854 - auc: 0.9523 - loss: 0.2835
Epoch 2: val_auc improved from 0.65758 to 0.81664, saving model to saved_models/best_MACSynDCR_ANN_model.keras
50/50 ???????????????????? 3s 63ms/step - acc: 0.8853 - auc: 0.9522 - loss: 0.2835 - val_acc: 0.7416 - val_auc: 0.8166 - val_loss: 0.5715
Epoch 3/10
50/50 ???????????????????? 0s 47ms/step - acc: 0.9220 - auc: 0.9758 - loss: 0.2022
Epoch 3: val_auc improved from 0.81664 to 0.87996, saving model to saved_models/best_MACSynDCR_ANN_model.keras
50/50 ???????????????????? 3s 62ms/step - acc: 0.9218 - auc: 0.9757 - loss: 0.2025 - val_acc: 0.7956 - val_auc: 0.8800 - val_loss: 0.4782
Epoch 4/10
49/50 ???????????????????? 0s 47ms/step - acc: 0.9421 - auc: 0.9858 - loss: 0.1539
Epoch 4: val_auc improved from 0.87996 to 0.88708, saving model to saved_models/best_MACSynDCR_ANN_model.keras
50/50 ???????????????????? 3s 64ms/step - acc: 0.9419 - auc: 0.9857 - loss: 0.1543 - val_acc: 0.8000 - val_auc: 0.8871 - val_loss: 0.4777
Epoch 5/10
49/50 ???????????????????? 0s 47ms/step - acc: 0.9458 - auc: 0.9871 - loss: 0.1440
Epoch 5: val_auc improved from 0.88708 to 0.93159, saving model to saved_models/best_MACSynDCR_ANN_model.keras
50/50 ???????????????????? 3s 63ms/step - acc: 0.9455 - auc: 0.9870 - loss: 0.1445 - val_acc: 0.8648 - val_auc: 0.9316 - val_loss: 0.3949
Epoch 6/10
49/50 ???????????????????? 0s 46ms/step - acc: 0.9553 - auc: 0.9900 - loss: 0.1261
Epoch 6: val_auc improved from 0.93159 to 0.93387, saving model to saved_models/best_MACSynDCR_ANN_model.keras
50/50 ???????????????????? 3s 60ms/step - acc: 0.9552 - auc: 0.9900 - loss: 0.1262 - val_acc: 0.8629 - val_auc: 0.9339 - val_loss: 0.4106
Epoch 7/10
50/50 ???????????????????? 0s 46ms/step - acc: 0.9579 - auc: 0.9917 - loss: 0.1142
Epoch 7: val_auc did not improve from 0.93387
50/50 ???????????????????? 3s 49ms/step - acc: 0.9578 - auc: 0.9917 - loss: 0.1143 - val_acc: 0.8584 - val_auc: 0.9268 - val_loss: 0.4473
Epoch 8/10
49/50 ???????????????????? 0s 46ms/step - acc: 0.9662 - auc: 0.9947 - loss: 0.0908
Epoch 8: val_auc improved from 0.93387 to 0.94643, saving model to saved_models/best_MACSynDCR_ANN_model.keras
50/50 ???????????????????? 3s 61ms/step - acc: 0.9662 - auc: 0.9947 - loss: 0.0908 - val_acc: 0.8813 - val_auc: 0.9464 - val_loss: 0.3789
Epoch 9/10
49/50 ???????????????????? 0s 47ms/step - acc: 0.9715 - auc: 0.9957 - loss: 0.0791
Epoch 9: val_auc did not improve from 0.94643
50/50 ???????????????????? 3s 50ms/step - acc: 0.9713 - auc: 0.9957 - loss: 0.0795 - val_acc: 0.8698 - val_auc: 0.9383 - val_loss: 0.4366
Epoch 10/10
49/50 ???????????????????? 0s 47ms/step - acc: 0.9788 - auc: 0.9972 - loss: 0.0616
Epoch 10: val_auc did not improve from 0.94643
50/50 ???????????????????? 3s 50ms/step - acc: 0.9787 - auc: 0.9971 - loss: 0.0620 - val_acc: 0.8737 - val_auc: 0.9332 - val_loss: 0.4643
50/50 ???????????????????? 0s 6ms/step
50/50 ???????????????????? 0s 4ms/step
ANN: Accuracy: 0.8813, AUC-ROC: 0.9528
ANN: AUC-PR: 0.9522, Precision: 0.8554,
ANN Recall: 0.9156, F1 Score: 0.8845
\ANN:RMSE: 13.6748 , PCC: 0.7963
Data processing and Training of MACSynDCR_CNN model:
MACSynDCR_CNN model:
Model: "sequential_1"
????????????????????????????????????????????????????????????????????????????????????????
? Layer (type)                         ? Output Shape                ?         Param # ?
????????????????????????????????????????????????????????????????????????????????????????
¦ conv2d (Conv2D)                      ¦ (None, 66, 30, 32)          ¦             320 ¦
+--------------------------------------+-----------------------------+-----------------¦
¦ max_pooling2d (MaxPooling2D)         ¦ (None, 33, 15, 32)          ¦               0 ¦
+--------------------------------------+-----------------------------+-----------------¦
¦ dropout (Dropout)                    ¦ (None, 33, 15, 32)          ¦               0 ¦
+--------------------------------------+-----------------------------+-----------------¦
¦ conv2d_1 (Conv2D)                    ¦ (None, 31, 13, 64)          ¦          18,496 ¦
+--------------------------------------+-----------------------------+-----------------¦
¦ max_pooling2d_1 (MaxPooling2D)       ¦ (None, 15, 6, 64)           ¦               0 ¦
+--------------------------------------+-----------------------------+-----------------¦
¦ dropout_1 (Dropout)                  ¦ (None, 15, 6, 64)           ¦               0 ¦
+--------------------------------------+-----------------------------+-----------------¦
¦ conv2d_2 (Conv2D)                    ¦ (None, 13, 4, 128)          ¦          73,856 ¦
+--------------------------------------+-----------------------------+-----------------¦
¦ max_pooling2d_2 (MaxPooling2D)       ¦ (None, 6, 2, 128)           ¦               0 ¦
+--------------------------------------+-----------------------------+-----------------¦
¦ dropout_2 (Dropout)                  ¦ (None, 6, 2, 128)           ¦               0 ¦
+--------------------------------------+-----------------------------+-----------------¦
¦ flatten (Flatten)                    ¦ (None, 1536)                ¦               0 ¦
+--------------------------------------+-----------------------------+-----------------¦
¦ dense_6 (Dense)                      ¦ (None, 128)                 ¦         196,736 ¦
+--------------------------------------+-----------------------------+-----------------¦
¦ dense_7 (Dense)                      ¦ (None, 2)                   ¦             258 ¦
+--------------------------------------------------------------------------------------+
 Total params: 289,666 (1.10 MB)
 Trainable params: 289,666 (1.10 MB)
 Non-trainable params: 0 (0.00 B)
Epoch 1/10
49/50 ???????????????????? 0s 44ms/step - acc: 0.5047 - auc: 0.5103 - loss: 0.7141
Epoch 1: val_acc improved from -inf to 0.49651, saving model to saved_models/best_MACSynDCR_CNN_model.keras
50/50 ???????????????????? 4s 54ms/step - acc: 0.5045 - auc: 0.5100 - loss: 0.7136 - val_acc: 0.4965 - val_auc: 0.4965 - val_loss: 0.6931
Epoch 2/10
50/50 ???????????????????? 0s 46ms/step - acc: 0.5070 - auc: 0.5149 - loss: 0.6929
Epoch 2: val_acc improved from 0.49651 to 0.54413, saving model to saved_models/best_MACSynDCR_CNN_model.keras
50/50 ???????????????????? 3s 51ms/step - acc: 0.5070 - auc: 0.5149 - loss: 0.6929 - val_acc: 0.5441 - val_auc: 0.5733 - val_loss: 0.6913
Epoch 3/10
49/50 ???????????????????? 0s 46ms/step - acc: 0.5519 - auc: 0.5812 - loss: 0.6877
Epoch 3: val_acc improved from 0.54413 to 0.56381, saving model to saved_models/best_MACSynDCR_CNN_model.keras
50/50 ???????????????????? 3s 51ms/step - acc: 0.5530 - auc: 0.5827 - loss: 0.6872 - val_acc: 0.5638 - val_auc: 0.7116 - val_loss: 0.6333
Epoch 4/10
49/50 ???????????????????? 0s 44ms/step - acc: 0.6569 - auc: 0.7303 - loss: 0.6053
Epoch 4: val_acc improved from 0.56381 to 0.74159, saving model to saved_models/best_MACSynDCR_CNN_model.keras
50/50 ???????????????????? 2s 49ms/step - acc: 0.6583 - auc: 0.7318 - loss: 0.6042 - val_acc: 0.7416 - val_auc: 0.8255 - val_loss: 0.5440
Epoch 5/10
50/50 ???????????????????? 0s 46ms/step - acc: 0.7468 - auc: 0.8189 - loss: 0.5228
Epoch 5: val_acc improved from 0.74159 to 0.78413, saving model to saved_models/best_MACSynDCR_CNN_model.keras
50/50 ???????????????????? 3s 52ms/step - acc: 0.7471 - auc: 0.8192 - loss: 0.5225 - val_acc: 0.7841 - val_auc: 0.8561 - val_loss: 0.4746
Epoch 6/10
48/50 ???????????????????? 0s 47ms/step - acc: 0.7707 - auc: 0.8510 - loss: 0.4812
Epoch 6: val_acc improved from 0.78413 to 0.79111, saving model to saved_models/best_MACSynDCR_CNN_model.keras
50/50 ???????????????????? 3s 52ms/step - acc: 0.7712 - auc: 0.8515 - loss: 0.4804 - val_acc: 0.7911 - val_auc: 0.8768 - val_loss: 0.4435
Epoch 7/10
49/50 ???????????????????? 0s 46ms/step - acc: 0.7887 - auc: 0.8720 - loss: 0.4489
Epoch 7: val_acc improved from 0.79111 to 0.79937, saving model to saved_models/best_MACSynDCR_CNN_model.keras
50/50 ???????????????????? 3s 51ms/step - acc: 0.7891 - auc: 0.8721 - loss: 0.4487 - val_acc: 0.7994 - val_auc: 0.8825 - val_loss: 0.4337
Epoch 8/10
50/50 ???????????????????? 0s 44ms/step - acc: 0.7985 - auc: 0.8798 - loss: 0.4367
Epoch 8: val_acc improved from 0.79937 to 0.80508, saving model to saved_models/best_MACSynDCR_CNN_model.keras
50/50 ???????????????????? 3s 50ms/step - acc: 0.7986 - auc: 0.8798 - loss: 0.4366 - val_acc: 0.8051 - val_auc: 0.8881 - val_loss: 0.4222
Epoch 9/10
49/50 ???????????????????? 0s 45ms/step - acc: 0.8116 - auc: 0.8879 - loss: 0.4229
Epoch 9: val_acc did not improve from 0.80508
50/50 ???????????????????? 2s 48ms/step - acc: 0.8117 - auc: 0.8880 - loss: 0.4227 - val_acc: 0.8051 - val_auc: 0.8884 - val_loss: 0.4204
Epoch 10/10
49/50 ???????????????????? 0s 46ms/step - acc: 0.8093 - auc: 0.8901 - loss: 0.4178
Epoch 10: val_acc did not improve from 0.80508
50/50 ???????????????????? 2s 49ms/step - acc: 0.8096 - auc: 0.8902 - loss: 0.4175 - val_acc: 0.7956 - val_auc: 0.8816 - val_loss: 0.4325
50/50 ???????????????????? 0s 5ms/step
50/50 ???????????????????? 0s 4ms/step
CNN: Accuracy: 0.8051, AUC-ROC: 0.8879
CNN: AUC-PR: 0.8854, Precision: 0.8041,
CNN Recall: 0.8031, F1 Score: 0.8036
CNN:RMSE: 17.5214 , PCC: 0.6787
Evaluation of Keras MACSynDCR_ANN model:
50/50 ???????????????????? 1s 4ms/step - acc: 0.8705 - auc: 0.9400 - loss: 0.4154
Evaluate->  Loss: 0.3789, Accuracy: 0.8813,AUC: 0.9464
50/50 ???????????????????? 0s 6ms/step
197/197 ???????????????????? 1s 3ms/step
ANN: Accuracy: 0.8813, AUC-ROC: 0.9528
ANN: AUC-PR: 0.9522, Precision: 0.8554,
ANN Recall: 0.9156, F1 Score: 0.8845
ANN:RMSE: 13.6748 , PCC: 0.7963
****************************************************************************************************
Evaluation of Keras MACSynDCR_CNN model:
50/50 ???????????????????? 1s 4ms/step - acc: 0.8008 - auc: 0.8836 - loss: 0.4291
Evaluate->  Loss: 0.4222, Accuracy: 0.8051,Accuracy: 0.8881
50/50 ???????????????????? 0s 5ms/step
197/197 ???????????????????? 1s 4ms/step
CNN: Accuracy: 0.8051, AUC-ROC: 0.8879
CNN: AUC-PR: 0.8854, Precision: 0.8041,
CNN Recall: 0.8031, F1 Score: 0.8036
CNN:RMSE: 17.5214 , PCC: 0.6787
****************************************************************************************************
Accuracy Score and AUC for ANN = AUC: 0.9369, Accuracy: 0.8641
Accuracy Score and AUC for KANN = AUC: 0.9528, Accuracy: 0.8813
Accuracy Score and AUC for KCNN = AUC: 0.8879, Accuracy: 0.8051
Average AUC = AUC: 0.9470, Accuracy: 0.8781
MAX AUC = AUC: 0.9474, Accuracy: 0.8324
Fitting 5 folds for each of 14 candidates, totalling 70 fits
Finall ensemble results of fold_1 for MACSynDCR:
----------------------------------------------------------------------------------------------------
Ensemble Accuracy: 0.8876, AUC-ROC: 0.9526
Ensemble AUC-PR: 0.9528, Precision: 0.8748,
Ensemble Recall: 0.9028, F1 Score: 0.8886
Ensemble RMSE: 13.3041 , PCC: 0.8084
----------------------------------------------------------------------------------------------------
Fold 2
Data processing and Training of MACSynDCR_ANN model:
ANN_model saved with Val_ACC: 0.5060 Val_AUC: 0.5101
fold_2: Epoch [1/10], Loss: 0.6988, Val_ACC: 0.5060, Val_AUC: 0.5101
ANN_model saved with Val_ACC: 0.7784 Val_AUC: 0.8417
ANN_model saved with Val_ACC: 0.8203 Val_AUC: 0.8914
ANN_model saved with Val_ACC: 0.8368 Val_AUC: 0.9064
ANN_model saved with Val_ACC: 0.8425 Val_AUC: 0.9137
ANN_model saved with Val_ACC: 0.8508 Val_AUC: 0.9224
ANN_model saved with Val_ACC: 0.8667 Val_AUC: 0.9290
ANN_model saved with Val_ACC: 0.8762 Val_AUC: 0.9413
ANN_model saved with Val_ACC: 0.8825 Val_AUC: 0.9456
Accuracy: 0.8825, AUC-ROC: 0.9456
 AUC-PR: 0.9443, Precision: 0.8753, Recall: 0.8877, F1 Score: 0.8815
RMSE: 12.0082 , PCC: 0.7963
Data processing and Training of MACSynDCR_ANN model:
MACSynDCR_ANN model:
Model: "sequential_2"
????????????????????????????????????????????????????????????????????????????????????????
? Layer (type)                         ? Output Shape                ?         Param # ?
????????????????????????????????????????????????????????????????????????????????????????
¦ dense_8 (Dense)                      ¦ (None, 2048)                ¦       4,458,496 ¦
+--------------------------------------+-----------------------------+-----------------¦
¦ batch_normalization_5                ¦ (None, 2048)                ¦           8,192 ¦
¦ (BatchNormalization)                 ¦                             ¦                 ¦
+--------------------------------------+-----------------------------+-----------------¦
¦ dense_9 (Dense)                      ¦ (None, 1024)                ¦       2,098,176 ¦
+--------------------------------------+-----------------------------+-----------------¦
¦ batch_normalization_6                ¦ (None, 1024)                ¦           4,096 ¦
¦ (BatchNormalization)                 ¦                             ¦                 ¦
+--------------------------------------+-----------------------------+-----------------¦
¦ dense_10 (Dense)                     ¦ (None, 512)                 ¦         524,800 ¦
+--------------------------------------+-----------------------------+-----------------¦
¦ batch_normalization_7                ¦ (None, 512)                 ¦           2,048 ¦
¦ (BatchNormalization)                 ¦                             ¦                 ¦
+--------------------------------------+-----------------------------+-----------------¦
¦ dense_11 (Dense)                     ¦ (None, 256)                 ¦         131,328 ¦
+--------------------------------------+-----------------------------+-----------------¦
¦ batch_normalization_8                ¦ (None, 256)                 ¦           1,024 ¦
¦ (BatchNormalization)                 ¦                             ¦                 ¦
+--------------------------------------+-----------------------------+-----------------¦
¦ dense_12 (Dense)                     ¦ (None, 128)                 ¦          32,896 ¦
+--------------------------------------+-----------------------------+-----------------¦
¦ batch_normalization_9                ¦ (None, 128)                 ¦             512 ¦
¦ (BatchNormalization)                 ¦                             ¦                 ¦
+--------------------------------------+-----------------------------+-----------------¦
¦ dense_13 (Dense)                     ¦ (None, 2)                   ¦             258 ¦
+--------------------------------------------------------------------------------------+
 Total params: 7,261,826 (27.70 MB)
 Trainable params: 7,253,890 (27.67 MB)
 Non-trainable params: 7,936 (31.00 KB)
Epoch 1/10
50/50 ???????????????????? 0s 46ms/step - acc: 0.7369 - auc: 0.8112 - loss: 0.5836
Epoch 1: val_auc improved from -inf to 0.63590, saving model to saved_models/best_MACSynDCR_ANN_model.keras
50/50 ???????????????????? 6s 68ms/step - acc: 0.7378 - auc: 0.8122 - loss: 0.5816 - val_acc: 0.5333 - val_auc: 0.6359 - val_loss: 1.1106
Epoch 2/10
50/50 ???????????????????? 0s 46ms/step - acc: 0.8752 - auc: 0.9445 - loss: 0.3014
Epoch 2: val_auc improved from 0.63590 to 0.76227, saving model to saved_models/best_MACSynDCR_ANN_model.keras
50/50 ???????????????????? 3s 61ms/step - acc: 0.8753 - auc: 0.9446 - loss: 0.3011 - val_acc: 0.6571 - val_auc: 0.7623 - val_loss: 0.6573
Epoch 3/10
50/50 ???????????????????? 0s 46ms/step - acc: 0.9233 - auc: 0.9778 - loss: 0.1968
Epoch 3: val_auc improved from 0.76227 to 0.87193, saving model to saved_models/best_MACSynDCR_ANN_model.keras
50/50 ???????????????????? 3s 63ms/step - acc: 0.9231 - auc: 0.9776 - loss: 0.1972 - val_acc: 0.7797 - val_auc: 0.8719 - val_loss: 0.4801
Epoch 4/10
49/50 ???????????????????? 0s 46ms/step - acc: 0.9202 - auc: 0.9752 - loss: 0.1991
Epoch 4: val_auc improved from 0.87193 to 0.90872, saving model to saved_models/best_MACSynDCR_ANN_model.keras
50/50 ???????????????????? 3s 63ms/step - acc: 0.9202 - auc: 0.9752 - loss: 0.1993 - val_acc: 0.8260 - val_auc: 0.9087 - val_loss: 0.4142
Epoch 5/10
50/50 ???????????????????? 0s 47ms/step - acc: 0.9433 - auc: 0.9870 - loss: 0.1471
Epoch 5: val_auc did not improve from 0.90872
50/50 ???????????????????? 2s 49ms/step - acc: 0.9432 - auc: 0.9870 - loss: 0.1473 - val_acc: 0.8241 - val_auc: 0.9047 - val_loss: 0.5321
Epoch 6/10
49/50 ???????????????????? 0s 47ms/step - acc: 0.9538 - auc: 0.9904 - loss: 0.1245
Epoch 6: val_auc improved from 0.90872 to 0.93686, saving model to saved_models/best_MACSynDCR_ANN_model.keras
50/50 ???????????????????? 3s 62ms/step - acc: 0.9534 - auc: 0.9903 - loss: 0.1253 - val_acc: 0.8648 - val_auc: 0.9369 - val_loss: 0.3578
Epoch 7/10
49/50 ???????????????????? 0s 47ms/step - acc: 0.9452 - auc: 0.9877 - loss: 0.1400
Epoch 7: val_auc improved from 0.93686 to 0.95224, saving model to saved_models/best_MACSynDCR_ANN_model.keras
50/50 ???????????????????? 3s 61ms/step - acc: 0.9453 - auc: 0.9878 - loss: 0.1396 - val_acc: 0.8825 - val_auc: 0.9522 - val_loss: 0.3366
Epoch 8/10
50/50 ???????????????????? 0s 46ms/step - acc: 0.9626 - auc: 0.9932 - loss: 0.0977
Epoch 8: val_auc did not improve from 0.95224
50/50 ???????????????????? 2s 48ms/step - acc: 0.9626 - auc: 0.9932 - loss: 0.0977 - val_acc: 0.8660 - val_auc: 0.9357 - val_loss: 0.4335
Epoch 9/10
50/50 ???????????????????? 0s 46ms/step - acc: 0.9702 - auc: 0.9955 - loss: 0.0815
Epoch 9: val_auc did not improve from 0.95224
50/50 ???????????????????? 2s 49ms/step - acc: 0.9702 - auc: 0.9954 - loss: 0.0815 - val_acc: 0.8851 - val_auc: 0.9500 - val_loss: 0.3576
Epoch 10/10
49/50 ???????????????????? 0s 46ms/step - acc: 0.9810 - auc: 0.9983 - loss: 0.0569
Epoch 10: val_auc did not improve from 0.95224
50/50 ???????????????????? 2s 48ms/step - acc: 0.9808 - auc: 0.9982 - loss: 0.0572 - val_acc: 0.8813 - val_auc: 0.9501 - val_loss: 0.3712
50/50 ???????????????????? 0s 6ms/step
50/50 ???????????????????? 0s 3ms/step
ANN: Accuracy: 0.8825, AUC-ROC: 0.9550
ANN: AUC-PR: 0.9537, Precision: 0.8933,
ANN Recall: 0.8645, F1 Score: 0.8787
\ANN:RMSE: 13.6015 , PCC: 0.8114
Data processing and Training of MACSynDCR_CNN model:
MACSynDCR_CNN model:
Model: "sequential_3"
????????????????????????????????????????????????????????????????????????????????????????
? Layer (type)                         ? Output Shape                ?         Param # ?
????????????????????????????????????????????????????????????????????????????????????????
¦ conv2d_3 (Conv2D)                    ¦ (None, 66, 30, 32)          ¦             320 ¦
+--------------------------------------+-----------------------------+-----------------¦
¦ max_pooling2d_3 (MaxPooling2D)       ¦ (None, 33, 15, 32)          ¦               0 ¦
+--------------------------------------+-----------------------------+-----------------¦
¦ dropout_3 (Dropout)                  ¦ (None, 33, 15, 32)          ¦               0 ¦
+--------------------------------------+-----------------------------+-----------------¦
¦ conv2d_4 (Conv2D)                    ¦ (None, 31, 13, 64)          ¦          18,496 ¦
+--------------------------------------+-----------------------------+-----------------¦
¦ max_pooling2d_4 (MaxPooling2D)       ¦ (None, 15, 6, 64)           ¦               0 ¦
+--------------------------------------+-----------------------------+-----------------¦
¦ dropout_4 (Dropout)                  ¦ (None, 15, 6, 64)           ¦               0 ¦
+--------------------------------------+-----------------------------+-----------------¦
¦ conv2d_5 (Conv2D)                    ¦ (None, 13, 4, 128)          ¦          73,856 ¦
+--------------------------------------+-----------------------------+-----------------¦
¦ max_pooling2d_5 (MaxPooling2D)       ¦ (None, 6, 2, 128)           ¦               0 ¦
+--------------------------------------+-----------------------------+-----------------¦
¦ dropout_5 (Dropout)                  ¦ (None, 6, 2, 128)           ¦               0 ¦
+--------------------------------------+-----------------------------+-----------------¦
¦ flatten_1 (Flatten)                  ¦ (None, 1536)                ¦               0 ¦
+--------------------------------------+-----------------------------+-----------------¦
¦ dense_14 (Dense)                     ¦ (None, 128)                 ¦         196,736 ¦
+--------------------------------------+-----------------------------+-----------------¦
¦ dense_15 (Dense)                     ¦ (None, 2)                   ¦             258 ¦
+--------------------------------------------------------------------------------------+
 Total params: 289,666 (1.10 MB)
 Trainable params: 289,666 (1.10 MB)
 Non-trainable params: 0 (0.00 B)
Epoch 1/10
49/50 ???????????????????? 0s 46ms/step - acc: 0.4916 - auc: 0.4929 - loss: 0.7052
Epoch 1: val_acc improved from -inf to 0.55175, saving model to saved_models/best_MACSynDCR_CNN_model.keras
50/50 ???????????????????? 4s 54ms/step - acc: 0.4918 - auc: 0.4930 - loss: 0.7049 - val_acc: 0.5517 - val_auc: 0.5706 - val_loss: 0.6923
Epoch 2/10
50/50 ???????????????????? 0s 45ms/step - acc: 0.5151 - auc: 0.5241 - loss: 0.6925
Epoch 2: val_acc improved from 0.55175 to 0.59111, saving model to saved_models/best_MACSynDCR_CNN_model.keras
50/50 ???????????????????? 3s 50ms/step - acc: 0.5154 - auc: 0.5245 - loss: 0.6925 - val_acc: 0.5911 - val_auc: 0.7241 - val_loss: 0.6840
Epoch 3/10
49/50 ???????????????????? 0s 45ms/step - acc: 0.5989 - auc: 0.6367 - loss: 0.6744
Epoch 3: val_acc improved from 0.59111 to 0.67619, saving model to saved_models/best_MACSynDCR_CNN_model.keras
50/50 ???????????????????? 2s 49ms/step - acc: 0.6001 - auc: 0.6384 - loss: 0.6734 - val_acc: 0.6762 - val_auc: 0.7666 - val_loss: 0.5780
Epoch 4/10
50/50 ???????????????????? 0s 46ms/step - acc: 0.7334 - auc: 0.8058 - loss: 0.5412
Epoch 4: val_acc improved from 0.67619 to 0.78159, saving model to saved_models/best_MACSynDCR_CNN_model.keras
50/50 ???????????????????? 3s 50ms/step - acc: 0.7335 - auc: 0.8061 - loss: 0.5409 - val_acc: 0.7816 - val_auc: 0.8646 - val_loss: 0.4680
Epoch 5/10
49/50 ???????????????????? 0s 47ms/step - acc: 0.7754 - auc: 0.8479 - loss: 0.4852
Epoch 5: val_acc improved from 0.78159 to 0.81206, saving model to saved_models/best_MACSynDCR_CNN_model.keras
50/50 ???????????????????? 3s 51ms/step - acc: 0.7754 - auc: 0.8482 - loss: 0.4847 - val_acc: 0.8121 - val_auc: 0.8885 - val_loss: 0.4234
Epoch 6/10
49/50 ???????????????????? 0s 45ms/step - acc: 0.7717 - auc: 0.8587 - loss: 0.4684
Epoch 6: val_acc did not improve from 0.81206
50/50 ???????????????????? 2s 49ms/step - acc: 0.7720 - auc: 0.8590 - loss: 0.4679 - val_acc: 0.8019 - val_auc: 0.8826 - val_loss: 0.4321
Epoch 7/10
49/50 ???????????????????? 0s 45ms/step - acc: 0.7949 - auc: 0.8739 - loss: 0.4462
Epoch 7: val_acc did not improve from 0.81206
50/50 ???????????????????? 2s 48ms/step - acc: 0.7950 - auc: 0.8741 - loss: 0.4458 - val_acc: 0.7975 - val_auc: 0.8808 - val_loss: 0.4352
Epoch 8/10
49/50 ???????????????????? 0s 46ms/step - acc: 0.7989 - auc: 0.8845 - loss: 0.4275
Epoch 8: val_acc improved from 0.81206 to 0.82032, saving model to saved_models/best_MACSynDCR_CNN_model.keras
50/50 ???????????????????? 3s 50ms/step - acc: 0.7989 - auc: 0.8844 - loss: 0.4278 - val_acc: 0.8203 - val_auc: 0.8903 - val_loss: 0.4192
Epoch 9/10
49/50 ???????????????????? 0s 45ms/step - acc: 0.8104 - auc: 0.8911 - loss: 0.4164
Epoch 9: val_acc improved from 0.82032 to 0.82794, saving model to saved_models/best_MACSynDCR_CNN_model.keras
50/50 ???????????????????? 2s 50ms/step - acc: 0.8104 - auc: 0.8911 - loss: 0.4165 - val_acc: 0.8279 - val_auc: 0.9019 - val_loss: 0.3996
Epoch 10/10
48/50 ???????????????????? 0s 46ms/step - acc: 0.8132 - auc: 0.8983 - loss: 0.4032
Epoch 10: val_acc did not improve from 0.82794
50/50 ???????????????????? 2s 49ms/step - acc: 0.8132 - auc: 0.8982 - loss: 0.4033 - val_acc: 0.8260 - val_auc: 0.9014 - val_loss: 0.3990
50/50 ???????????????????? 0s 5ms/step
50/50 ???????????????????? 0s 4ms/step
CNN: Accuracy: 0.8279, AUC-ROC: 0.9026
CNN: AUC-PR: 0.8989, Precision: 0.8424,
CNN Recall: 0.8000, F1 Score: 0.8206
CNN:RMSE: 16.4621 , PCC: 0.7071
Evaluation of Keras MACSynDCR_ANN model:
50/50 ???????????????????? 1s 4ms/step - acc: 0.8839 - auc: 0.9531 - loss: 0.3257
Evaluate->  Loss: 0.3366, Accuracy: 0.8825,AUC: 0.9522
50/50 ???????????????????? 0s 5ms/step
197/197 ???????????????????? 1s 3ms/step
ANN: Accuracy: 0.8825, AUC-ROC: 0.9550
ANN: AUC-PR: 0.9537, Precision: 0.8933,
ANN Recall: 0.8645, F1 Score: 0.8787
ANN:RMSE: 13.6015 , PCC: 0.8114
****************************************************************************************************
Evaluation of Keras MACSynDCR_CNN model:
50/50 ???????????????????? 1s 4ms/step - acc: 0.8501 - auc: 0.9144 - loss: 0.3775
Evaluate->  Loss: 0.3996, Accuracy: 0.8279,Accuracy: 0.9019
50/50 ???????????????????? 0s 5ms/step
197/197 ???????????????????? 1s 4ms/step
CNN: Accuracy: 0.8279, AUC-ROC: 0.9026
CNN: AUC-PR: 0.8989, Precision: 0.8424,
CNN Recall: 0.8000, F1 Score: 0.8206
CNN:RMSE: 16.4621 , PCC: 0.7071
****************************************************************************************************
Accuracy Score and AUC for ANN = AUC: 0.9456, Accuracy: 0.8825
Accuracy Score and AUC for KANN = AUC: 0.9550, Accuracy: 0.8825
Accuracy Score and AUC for KCNN = AUC: 0.9026, Accuracy: 0.8279
Average AUC = AUC: 0.9525, Accuracy: 0.8921
MAX AUC = AUC: 0.9513, Accuracy: 0.8603
Fitting 5 folds for each of 14 candidates, totalling 70 fits
Finall ensemble results of fold_2 for MACSynDCR:
----------------------------------------------------------------------------------------------------
Ensemble Accuracy: 0.8927, AUC-ROC: 0.9553
Ensemble AUC-PR: 0.9533, Precision: 0.8945,
Ensemble Recall: 0.8865, F1 Score: 0.8905
Ensemble RMSE: 13.0000 , PCC: 0.8239
----------------------------------------------------------------------------------------------------
Fold 3
Data processing and Training of MACSynDCR_ANN model:
ANN_model saved with Val_ACC: 0.5067 Val_AUC: 0.5234
fold_3: Epoch [1/10], Loss: 0.6977, Val_ACC: 0.5067, Val_AUC: 0.5234
ANN_model saved with Val_ACC: 0.7886 Val_AUC: 0.8552
ANN_model saved with Val_ACC: 0.8089 Val_AUC: 0.8962
ANN_model saved with Val_ACC: 0.8178 Val_AUC: 0.9107
ANN_model saved with Val_ACC: 0.8292 Val_AUC: 0.9184
ANN_model saved with Val_ACC: 0.8419 Val_AUC: 0.9257
ANN_model saved with Val_ACC: 0.8508 Val_AUC: 0.9336
ANN_model saved with Val_ACC: 0.8654 Val_AUC: 0.9405
ANN_model saved with Val_ACC: 0.8743 Val_AUC: 0.9439
ANN_model saved with Val_ACC: 0.8749 Val_AUC: 0.9441
Accuracy: 0.8749, AUC-ROC: 0.9441
 AUC-PR: 0.9294, Precision: 0.8554, Recall: 0.8944, F1 Score: 0.8744
RMSE: 12.0843 , PCC: 0.7977
Data processing and Training of MACSynDCR_ANN model:
MACSynDCR_ANN model:
Model: "sequential_4"
????????????????????????????????????????????????????????????????????????????????????????
? Layer (type)                         ? Output Shape                ?         Param # ?
????????????????????????????????????????????????????????????????????????????????????????
¦ dense_16 (Dense)                     ¦ (None, 2048)                ¦       4,458,496 ¦
+--------------------------------------+-----------------------------+-----------------¦
¦ batch_normalization_10               ¦ (None, 2048)                ¦           8,192 ¦
¦ (BatchNormalization)                 ¦                             ¦                 ¦
+--------------------------------------+-----------------------------+-----------------¦
¦ dense_17 (Dense)                     ¦ (None, 1024)                ¦       2,098,176 ¦
+--------------------------------------+-----------------------------+-----------------¦
¦ batch_normalization_11               ¦ (None, 1024)                ¦           4,096 ¦
¦ (BatchNormalization)                 ¦                             ¦                 ¦
+--------------------------------------+-----------------------------+-----------------¦
¦ dense_18 (Dense)                     ¦ (None, 512)                 ¦         524,800 ¦
+--------------------------------------+-----------------------------+-----------------¦
¦ batch_normalization_12               ¦ (None, 512)                 ¦           2,048 ¦
¦ (BatchNormalization)                 ¦                             ¦                 ¦
+--------------------------------------+-----------------------------+-----------------¦
¦ dense_19 (Dense)                     ¦ (None, 256)                 ¦         131,328 ¦
+--------------------------------------+-----------------------------+-----------------¦
¦ batch_normalization_13               ¦ (None, 256)                 ¦           1,024 ¦
¦ (BatchNormalization)                 ¦                             ¦                 ¦
+--------------------------------------+-----------------------------+-----------------¦
¦ dense_20 (Dense)                     ¦ (None, 128)                 ¦          32,896 ¦
+--------------------------------------+-----------------------------+-----------------¦
¦ batch_normalization_14               ¦ (None, 128)                 ¦             512 ¦
¦ (BatchNormalization)                 ¦                             ¦                 ¦
+--------------------------------------+-----------------------------+-----------------¦
¦ dense_21 (Dense)                     ¦ (None, 2)                   ¦             258 ¦
+--------------------------------------------------------------------------------------+
 Total params: 7,261,826 (27.70 MB)
 Trainable params: 7,253,890 (27.67 MB)
 Non-trainable params: 7,936 (31.00 KB)
Epoch 1/10
50/50 ???????????????????? 0s 46ms/step - acc: 0.7333 - auc: 0.8110 - loss: 0.6278
Epoch 1: val_auc improved from -inf to 0.86104, saving model to saved_models/best_MACSynDCR_ANN_model.keras
50/50 ???????????????????? 7s 66ms/step - acc: 0.7342 - auc: 0.8120 - loss: 0.6254 - val_acc: 0.7683 - val_auc: 0.8610 - val_loss: 0.4633
Epoch 2/10
49/50 ???????????????????? 0s 47ms/step - acc: 0.8786 - auc: 0.9515 - loss: 0.2854
Epoch 2: val_auc did not improve from 0.86104
50/50 ???????????????????? 2s 49ms/step - acc: 0.8785 - auc: 0.9514 - loss: 0.2855 - val_acc: 0.7644 - val_auc: 0.8527 - val_loss: 0.4757
Epoch 3/10
49/50 ???????????????????? 0s 47ms/step - acc: 0.9120 - auc: 0.9705 - loss: 0.2206
Epoch 3: val_auc did not improve from 0.86104
50/50 ???????????????????? 2s 49ms/step - acc: 0.9118 - auc: 0.9704 - loss: 0.2208 - val_acc: 0.7244 - val_auc: 0.8175 - val_loss: 0.7108
Epoch 4/10
50/50 ???????????????????? 0s 47ms/step - acc: 0.9380 - auc: 0.9852 - loss: 0.1605
Epoch 4: val_auc did not improve from 0.86104
50/50 ???????????????????? 3s 50ms/step - acc: 0.9380 - auc: 0.9851 - loss: 0.1607 - val_acc: 0.7835 - val_auc: 0.8596 - val_loss: 0.6017
Epoch 5/10
49/50 ???????????????????? 0s 47ms/step - acc: 0.9488 - auc: 0.9865 - loss: 0.1442
Epoch 5: val_auc improved from 0.86104 to 0.93794, saving model to saved_models/best_MACSynDCR_ANN_model.keras
50/50 ???????????????????? 3s 62ms/step - acc: 0.9488 - auc: 0.9865 - loss: 0.1442 - val_acc: 0.8673 - val_auc: 0.9379 - val_loss: 0.3591
Epoch 6/10
49/50 ???????????????????? 0s 47ms/step - acc: 0.9496 - auc: 0.9899 - loss: 0.1233
Epoch 6: val_auc improved from 0.93794 to 0.94720, saving model to saved_models/best_MACSynDCR_ANN_model.keras
50/50 ???????????????????? 3s 61ms/step - acc: 0.9495 - auc: 0.9899 - loss: 0.1234 - val_acc: 0.8794 - val_auc: 0.9472 - val_loss: 0.3462
Epoch 7/10
49/50 ???????????????????? 0s 47ms/step - acc: 0.9683 - auc: 0.9941 - loss: 0.0942
Epoch 7: val_auc did not improve from 0.94720
50/50 ???????????????????? 2s 49ms/step - acc: 0.9681 - auc: 0.9941 - loss: 0.0943 - val_acc: 0.8794 - val_auc: 0.9403 - val_loss: 0.3819
Epoch 8/10
49/50 ???????????????????? 0s 48ms/step - acc: 0.9623 - auc: 0.9931 - loss: 0.1026
Epoch 8: val_auc did not improve from 0.94720
50/50 ???????????????????? 3s 50ms/step - acc: 0.9621 - auc: 0.9930 - loss: 0.1032 - val_acc: 0.8762 - val_auc: 0.9412 - val_loss: 0.4124
Epoch 9/10
50/50 ???????????????????? 0s 48ms/step - acc: 0.9620 - auc: 0.9936 - loss: 0.1000
Epoch 9: val_auc did not improve from 0.94720
50/50 ???????????????????? 3s 51ms/step - acc: 0.9621 - auc: 0.9936 - loss: 0.0999 - val_acc: 0.8819 - val_auc: 0.9434 - val_loss: 0.4225
Epoch 10/10
50/50 ???????????????????? 0s 47ms/step - acc: 0.9743 - auc: 0.9964 - loss: 0.0693
Epoch 10: val_auc did not improve from 0.94720
50/50 ???????????????????? 2s 49ms/step - acc: 0.9743 - auc: 0.9964 - loss: 0.0694 - val_acc: 0.8737 - val_auc: 0.9332 - val_loss: 0.4582
50/50 ???????????????????? 0s 6ms/step
50/50 ???????????????????? 0s 3ms/step
ANN: Accuracy: 0.8794, AUC-ROC: 0.9481
ANN: AUC-PR: 0.9467, Precision: 0.8703,
ANN Recall: 0.8840, F1 Score: 0.8771
\ANN:RMSE: 13.7840 , PCC: 0.8021
Data processing and Training of MACSynDCR_CNN model:
MACSynDCR_CNN model:
Model: "sequential_5"
????????????????????????????????????????????????????????????????????????????????????????
? Layer (type)                         ? Output Shape                ?         Param # ?
????????????????????????????????????????????????????????????????????????????????????????
¦ conv2d_6 (Conv2D)                    ¦ (None, 66, 30, 32)          ¦             320 ¦
+--------------------------------------+-----------------------------+-----------------¦
¦ max_pooling2d_6 (MaxPooling2D)       ¦ (None, 33, 15, 32)          ¦               0 ¦
+--------------------------------------+-----------------------------+-----------------¦
¦ dropout_6 (Dropout)                  ¦ (None, 33, 15, 32)          ¦               0 ¦
+--------------------------------------+-----------------------------+-----------------¦
¦ conv2d_7 (Conv2D)                    ¦ (None, 31, 13, 64)          ¦          18,496 ¦
+--------------------------------------+-----------------------------+-----------------¦
¦ max_pooling2d_7 (MaxPooling2D)       ¦ (None, 15, 6, 64)           ¦               0 ¦
+--------------------------------------+-----------------------------+-----------------¦
¦ dropout_7 (Dropout)                  ¦ (None, 15, 6, 64)           ¦               0 ¦
+--------------------------------------+-----------------------------+-----------------¦
¦ conv2d_8 (Conv2D)                    ¦ (None, 13, 4, 128)          ¦          73,856 ¦
+--------------------------------------+-----------------------------+-----------------¦
¦ max_pooling2d_8 (MaxPooling2D)       ¦ (None, 6, 2, 128)           ¦               0 ¦
+--------------------------------------+-----------------------------+-----------------¦
¦ dropout_8 (Dropout)                  ¦ (None, 6, 2, 128)           ¦               0 ¦
+--------------------------------------+-----------------------------+-----------------¦
¦ flatten_2 (Flatten)                  ¦ (None, 1536)                ¦               0 ¦
+--------------------------------------+-----------------------------+-----------------¦
¦ dense_22 (Dense)                     ¦ (None, 128)                 ¦         196,736 ¦
+--------------------------------------+-----------------------------+-----------------¦
¦ dense_23 (Dense)                     ¦ (None, 2)                   ¦             258 ¦
+--------------------------------------------------------------------------------------+
 Total params: 289,666 (1.10 MB)
 Trainable params: 289,666 (1.10 MB)
 Non-trainable params: 0 (0.00 B)
Epoch 1/10
49/50 ???????????????????? 0s 44ms/step - acc: 0.5207 - auc: 0.5277 - loss: 0.6967
Epoch 1: val_acc improved from -inf to 0.56508, saving model to saved_models/best_MACSynDCR_CNN_model.keras
50/50 ???????????????????? 4s 53ms/step - acc: 0.5210 - auc: 0.5282 - loss: 0.6965 - val_acc: 0.5651 - val_auc: 0.7012 - val_loss: 0.6696
Epoch 2/10
50/50 ???????????????????? 0s 45ms/step - acc: 0.6417 - auc: 0.7003 - loss: 0.6401
Epoch 2: val_acc improved from 0.56508 to 0.78413, saving model to saved_models/best_MACSynDCR_CNN_model.keras
50/50 ???????????????????? 3s 50ms/step - acc: 0.6426 - auc: 0.7013 - loss: 0.6393 - val_acc: 0.7841 - val_auc: 0.8462 - val_loss: 0.4894
Epoch 3/10
49/50 ???????????????????? 0s 47ms/step - acc: 0.7651 - auc: 0.8432 - loss: 0.4925
Epoch 3: val_acc improved from 0.78413 to 0.80508, saving model to saved_models/best_MACSynDCR_CNN_model.keras
50/50 ???????????????????? 3s 51ms/step - acc: 0.7653 - auc: 0.8436 - loss: 0.4919 - val_acc: 0.8051 - val_auc: 0.8816 - val_loss: 0.4329
Epoch 4/10
49/50 ???????????????????? 0s 44ms/step - acc: 0.7781 - auc: 0.8586 - loss: 0.4683
Epoch 4: val_acc improved from 0.80508 to 0.81270, saving model to saved_models/best_MACSynDCR_CNN_model.keras
50/50 ???????????????????? 2s 48ms/step - acc: 0.7785 - auc: 0.8589 - loss: 0.4679 - val_acc: 0.8127 - val_auc: 0.8913 - val_loss: 0.4183
Epoch 5/10
49/50 ???????????????????? 0s 46ms/step - acc: 0.7990 - auc: 0.8797 - loss: 0.4369
Epoch 5: val_acc improved from 0.81270 to 0.81841, saving model to saved_models/best_MACSynDCR_CNN_model.keras
50/50 ???????????????????? 3s 50ms/step - acc: 0.7992 - auc: 0.8797 - loss: 0.4368 - val_acc: 0.8184 - val_auc: 0.8998 - val_loss: 0.4027
Epoch 6/10
50/50 ???????????????????? 0s 45ms/step - acc: 0.7952 - auc: 0.8779 - loss: 0.4384
Epoch 6: val_acc improved from 0.81841 to 0.82349, saving model to saved_models/best_MACSynDCR_CNN_model.keras
50/50 ???????????????????? 2s 49ms/step - acc: 0.7954 - auc: 0.8780 - loss: 0.4382 - val_acc: 0.8235 - val_auc: 0.9041 - val_loss: 0.3939
Epoch 7/10
49/50 ???????????????????? 0s 46ms/step - acc: 0.8123 - auc: 0.8923 - loss: 0.4139
Epoch 7: val_acc improved from 0.82349 to 0.82476, saving model to saved_models/best_MACSynDCR_CNN_model.keras
50/50 ???????????????????? 3s 51ms/step - acc: 0.8123 - auc: 0.8922 - loss: 0.4140 - val_acc: 0.8248 - val_auc: 0.9039 - val_loss: 0.3948
Epoch 8/10
50/50 ???????????????????? 0s 46ms/step - acc: 0.8176 - auc: 0.8941 - loss: 0.4118
Epoch 8: val_acc improved from 0.82476 to 0.82921, saving model to saved_models/best_MACSynDCR_CNN_model.keras
50/50 ???????????????????? 3s 51ms/step - acc: 0.8176 - auc: 0.8941 - loss: 0.4117 - val_acc: 0.8292 - val_auc: 0.9095 - val_loss: 0.3834
Epoch 9/10
50/50 ???????????????????? 0s 43ms/step - acc: 0.8139 - auc: 0.8947 - loss: 0.4093
Epoch 9: val_acc did not improve from 0.82921
50/50 ???????????????????? 2s 47ms/step - acc: 0.8140 - auc: 0.8948 - loss: 0.4090 - val_acc: 0.8235 - val_auc: 0.9081 - val_loss: 0.3865
Epoch 10/10
48/50 ???????????????????? 0s 45ms/step - acc: 0.8285 - auc: 0.9083 - loss: 0.3842
Epoch 10: val_acc did not improve from 0.82921
50/50 ???????????????????? 2s 48ms/step - acc: 0.8281 - auc: 0.9078 - loss: 0.3851 - val_acc: 0.8254 - val_auc: 0.9070 - val_loss: 0.3956
50/50 ???????????????????? 0s 6ms/step
50/50 ???????????????????? 0s 4ms/step
CNN: Accuracy: 0.8292, AUC-ROC: 0.9102
CNN: AUC-PR: 0.9108, Precision: 0.8144,
CNN Recall: 0.8409, F1 Score: 0.8275
CNN:RMSE: 16.4012 , PCC: 0.7180
Evaluation of Keras MACSynDCR_ANN model:
50/50 ???????????????????? 1s 4ms/step - acc: 0.8812 - auc: 0.9474 - loss: 0.3431
Evaluate->  Loss: 0.3462, Accuracy: 0.8794,AUC: 0.9472
50/50 ???????????????????? 0s 6ms/step
197/197 ???????????????????? 1s 3ms/step
ANN: Accuracy: 0.8794, AUC-ROC: 0.9481
ANN: AUC-PR: 0.9467, Precision: 0.8703,
ANN Recall: 0.8840, F1 Score: 0.8771
ANN:RMSE: 13.7840 , PCC: 0.8021
****************************************************************************************************
Evaluation of Keras MACSynDCR_CNN model:
50/50 ???????????????????? 1s 4ms/step - acc: 0.8426 - auc: 0.9200 - loss: 0.3627
Evaluate->  Loss: 0.3834, Accuracy: 0.8292,Accuracy: 0.9095
50/50 ???????????????????? 0s 5ms/step
197/197 ???????????????????? 1s 4ms/step
CNN: Accuracy: 0.8292, AUC-ROC: 0.9102
CNN: AUC-PR: 0.9108, Precision: 0.8144,
CNN Recall: 0.8409, F1 Score: 0.8275
CNN:RMSE: 16.4012 , PCC: 0.7180
****************************************************************************************************
Accuracy Score and AUC for ANN = AUC: 0.9441, Accuracy: 0.8749
Accuracy Score and AUC for KANN = AUC: 0.9481, Accuracy: 0.8794
Accuracy Score and AUC for KCNN = AUC: 0.9102, Accuracy: 0.8292
Average AUC = AUC: 0.9544, Accuracy: 0.8927
MAX AUC = AUC: 0.9490, Accuracy: 0.8495
Fitting 5 folds for each of 14 candidates, totalling 70 fits
Finall ensemble results of fold_3 for MACSynDCR:
----------------------------------------------------------------------------------------------------
Ensemble Accuracy: 0.8914, AUC-ROC: 0.9563
Ensemble AUC-PR: 0.9492, Precision: 0.8811,
Ensemble Recall: 0.8983, F1 Score: 0.8896
Ensemble RMSE: 13.0767 , PCC: 0.8212
----------------------------------------------------------------------------------------------------
Fold 4
Data processing and Training of MACSynDCR_ANN model:
ANN_model saved with Val_ACC: 0.5105 Val_AUC: 0.4959
fold_4: Epoch [1/10], Loss: 0.7085, Val_ACC: 0.5105, Val_AUC: 0.4959
ANN_model saved with Val_ACC: 0.7676 Val_AUC: 0.8475
ANN_model saved with Val_ACC: 0.8114 Val_AUC: 0.8927
ANN_model saved with Val_ACC: 0.8222 Val_AUC: 0.9110
ANN_model saved with Val_ACC: 0.8298 Val_AUC: 0.9181
ANN_model saved with Val_ACC: 0.8368 Val_AUC: 0.9256
ANN_model saved with Val_ACC: 0.8514 Val_AUC: 0.9327
ANN_model saved with Val_ACC: 0.8559 Val_AUC: 0.9392
ANN_model saved with Val_ACC: 0.8654 Val_AUC: 0.9445
ANN_model saved with Val_ACC: 0.8698 Val_AUC: 0.9480
Accuracy: 0.8698, AUC-ROC: 0.9480
 AUC-PR: 0.9493, Precision: 0.8700, Recall: 0.8755, F1 Score: 0.8727
RMSE: 11.8987 , PCC: 0.8015
Data processing and Training of MACSynDCR_ANN model:
MACSynDCR_ANN model:
Model: "sequential_6"
????????????????????????????????????????????????????????????????????????????????????????
? Layer (type)                         ? Output Shape                ?         Param # ?
????????????????????????????????????????????????????????????????????????????????????????
¦ dense_24 (Dense)                     ¦ (None, 2048)                ¦       4,458,496 ¦
+--------------------------------------+-----------------------------+-----------------¦
¦ batch_normalization_15               ¦ (None, 2048)                ¦           8,192 ¦
¦ (BatchNormalization)                 ¦                             ¦                 ¦
+--------------------------------------+-----------------------------+-----------------¦
¦ dense_25 (Dense)                     ¦ (None, 1024)                ¦       2,098,176 ¦
+--------------------------------------+-----------------------------+-----------------¦
¦ batch_normalization_16               ¦ (None, 1024)                ¦           4,096 ¦
¦ (BatchNormalization)                 ¦                             ¦                 ¦
+--------------------------------------+-----------------------------+-----------------¦
¦ dense_26 (Dense)                     ¦ (None, 512)                 ¦         524,800 ¦
+--------------------------------------+-----------------------------+-----------------¦
¦ batch_normalization_17               ¦ (None, 512)                 ¦           2,048 ¦
¦ (BatchNormalization)                 ¦                             ¦                 ¦
+--------------------------------------+-----------------------------+-----------------¦
¦ dense_27 (Dense)                     ¦ (None, 256)                 ¦         131,328 ¦
+--------------------------------------+-----------------------------+-----------------¦
¦ batch_normalization_18               ¦ (None, 256)                 ¦           1,024 ¦
¦ (BatchNormalization)                 ¦                             ¦                 ¦
+--------------------------------------+-----------------------------+-----------------¦
¦ dense_28 (Dense)                     ¦ (None, 128)                 ¦          32,896 ¦
+--------------------------------------+-----------------------------+-----------------¦
¦ batch_normalization_19               ¦ (None, 128)                 ¦             512 ¦
¦ (BatchNormalization)                 ¦                             ¦                 ¦
+--------------------------------------+-----------------------------+-----------------¦
¦ dense_29 (Dense)                     ¦ (None, 2)                   ¦             258 ¦
+--------------------------------------------------------------------------------------+
 Total params: 7,261,826 (27.70 MB)
 Trainable params: 7,253,890 (27.67 MB)
 Non-trainable params: 7,936 (31.00 KB)
Epoch 1/10
50/50 ???????????????????? 0s 46ms/step - acc: 0.7241 - auc: 0.7968 - loss: 0.6148
Epoch 1: val_auc improved from -inf to 0.83915, saving model to saved_models/best_MACSynDCR_ANN_model.keras
50/50 ???????????????????? 6s 67ms/step - acc: 0.7252 - auc: 0.7981 - loss: 0.6123 - val_acc: 0.7632 - val_auc: 0.8391 - val_loss: 0.5150
Epoch 2/10
49/50 ???????????????????? 0s 47ms/step - acc: 0.8760 - auc: 0.9471 - loss: 0.2964
Epoch 2: val_auc improved from 0.83915 to 0.86304, saving model to saved_models/best_MACSynDCR_ANN_model.keras
50/50 ???????????????????? 3s 63ms/step - acc: 0.8759 - auc: 0.9470 - loss: 0.2966 - val_acc: 0.7854 - val_auc: 0.8630 - val_loss: 0.4714
Epoch 3/10
49/50 ???????????????????? 0s 47ms/step - acc: 0.9015 - auc: 0.9678 - loss: 0.2324
Epoch 3: val_auc improved from 0.86304 to 0.88648, saving model to saved_models/best_MACSynDCR_ANN_model.keras
50/50 ???????????????????? 3s 62ms/step - acc: 0.9017 - auc: 0.9679 - loss: 0.2320 - val_acc: 0.7994 - val_auc: 0.8865 - val_loss: 0.4503
Epoch 4/10
50/50 ???????????????????? 0s 46ms/step - acc: 0.9335 - auc: 0.9815 - loss: 0.1732
Epoch 4: val_auc improved from 0.88648 to 0.90880, saving model to saved_models/best_MACSynDCR_ANN_model.keras
50/50 ???????????????????? 3s 59ms/step - acc: 0.9334 - auc: 0.9814 - loss: 0.1734 - val_acc: 0.8292 - val_auc: 0.9088 - val_loss: 0.4348
Epoch 5/10
50/50 ???????????????????? 0s 47ms/step - acc: 0.9304 - auc: 0.9811 - loss: 0.1743
Epoch 5: val_auc improved from 0.90880 to 0.92594, saving model to saved_models/best_MACSynDCR_ANN_model.keras
50/50 ???????????????????? 3s 59ms/step - acc: 0.9304 - auc: 0.9811 - loss: 0.1743 - val_acc: 0.8533 - val_auc: 0.9259 - val_loss: 0.4094
Epoch 6/10
49/50 ???????????????????? 0s 46ms/step - acc: 0.9448 - auc: 0.9858 - loss: 0.1497
Epoch 6: val_auc improved from 0.92594 to 0.95115, saving model to saved_models/best_MACSynDCR_ANN_model.keras
50/50 ???????????????????? 3s 61ms/step - acc: 0.9449 - auc: 0.9859 - loss: 0.1495 - val_acc: 0.8813 - val_auc: 0.9511 - val_loss: 0.3257
Epoch 7/10
49/50 ???????????????????? 0s 47ms/step - acc: 0.9611 - auc: 0.9933 - loss: 0.1070
Epoch 7: val_auc did not improve from 0.95115
50/50 ???????????????????? 2s 49ms/step - acc: 0.9610 - auc: 0.9932 - loss: 0.1073 - val_acc: 0.8787 - val_auc: 0.9472 - val_loss: 0.3634
Epoch 8/10
50/50 ???????????????????? 0s 46ms/step - acc: 0.9622 - auc: 0.9940 - loss: 0.0991
Epoch 8: val_auc did not improve from 0.95115
50/50 ???????????????????? 2s 48ms/step - acc: 0.9621 - auc: 0.9940 - loss: 0.0992 - val_acc: 0.8863 - val_auc: 0.9488 - val_loss: 0.3845
Epoch 9/10
49/50 ???????????????????? 0s 46ms/step - acc: 0.9675 - auc: 0.9941 - loss: 0.0950
Epoch 9: val_auc improved from 0.95115 to 0.95180, saving model to saved_models/best_MACSynDCR_ANN_model.keras
50/50 ???????????????????? 3s 61ms/step - acc: 0.9674 - auc: 0.9941 - loss: 0.0952 - val_acc: 0.8908 - val_auc: 0.9518 - val_loss: 0.3691
Epoch 10/10
49/50 ???????????????????? 0s 45ms/step - acc: 0.9635 - auc: 0.9920 - loss: 0.1077
Epoch 10: val_auc did not improve from 0.95180
50/50 ???????????????????? 2s 48ms/step - acc: 0.9634 - auc: 0.9920 - loss: 0.1077 - val_acc: 0.8844 - val_auc: 0.9458 - val_loss: 0.3779
50/50 ???????????????????? 0s 6ms/step
50/50 ???????????????????? 0s 3ms/step
ANN: Accuracy: 0.8908, AUC-ROC: 0.9553
ANN: AUC-PR: 0.9541, Precision: 0.8989,
ANN Recall: 0.8854, F1 Score: 0.8921
\ANN:RMSE: 13.1149 , PCC: 0.8120
Data processing and Training of MACSynDCR_CNN model:
MACSynDCR_CNN model:
Model: "sequential_7"
????????????????????????????????????????????????????????????????????????????????????????
? Layer (type)                         ? Output Shape                ?         Param # ?
????????????????????????????????????????????????????????????????????????????????????????
¦ conv2d_9 (Conv2D)                    ¦ (None, 66, 30, 32)          ¦             320 ¦
+--------------------------------------+-----------------------------+-----------------¦
¦ max_pooling2d_9 (MaxPooling2D)       ¦ (None, 33, 15, 32)          ¦               0 ¦
+--------------------------------------+-----------------------------+-----------------¦
¦ dropout_9 (Dropout)                  ¦ (None, 33, 15, 32)          ¦               0 ¦
+--------------------------------------+-----------------------------+-----------------¦
¦ conv2d_10 (Conv2D)                   ¦ (None, 31, 13, 64)          ¦          18,496 ¦
+--------------------------------------+-----------------------------+-----------------¦
¦ max_pooling2d_10 (MaxPooling2D)      ¦ (None, 15, 6, 64)           ¦               0 ¦
+--------------------------------------+-----------------------------+-----------------¦
¦ dropout_10 (Dropout)                 ¦ (None, 15, 6, 64)           ¦               0 ¦
+--------------------------------------+-----------------------------+-----------------¦
¦ conv2d_11 (Conv2D)                   ¦ (None, 13, 4, 128)          ¦          73,856 ¦
+--------------------------------------+-----------------------------+-----------------¦
¦ max_pooling2d_11 (MaxPooling2D)      ¦ (None, 6, 2, 128)           ¦               0 ¦
+--------------------------------------+-----------------------------+-----------------¦
¦ dropout_11 (Dropout)                 ¦ (None, 6, 2, 128)           ¦               0 ¦
+--------------------------------------+-----------------------------+-----------------¦
¦ flatten_3 (Flatten)                  ¦ (None, 1536)                ¦               0 ¦
+--------------------------------------+-----------------------------+-----------------¦
¦ dense_30 (Dense)                     ¦ (None, 128)                 ¦         196,736 ¦
+--------------------------------------+-----------------------------+-----------------¦
¦ dense_31 (Dense)                     ¦ (None, 2)                   ¦             258 ¦
+--------------------------------------------------------------------------------------+
 Total params: 289,666 (1.10 MB)
 Trainable params: 289,666 (1.10 MB)
 Non-trainable params: 0 (0.00 B)
Epoch 1/10
50/50 ???????????????????? 0s 44ms/step - acc: 0.5098 - auc: 0.5078 - loss: 0.6996
Epoch 1: val_acc improved from -inf to 0.69968, saving model to saved_models/best_MACSynDCR_CNN_model.keras
50/50 ???????????????????? 4s 54ms/step - acc: 0.5102 - auc: 0.5081 - loss: 0.6995 - val_acc: 0.6997 - val_auc: 0.7726 - val_loss: 0.6857
Epoch 2/10
50/50 ???????????????????? 0s 45ms/step - acc: 0.5931 - auc: 0.6224 - loss: 0.6785
Epoch 2: val_acc did not improve from 0.69968
50/50 ???????????????????? 2s 49ms/step - acc: 0.5934 - auc: 0.6227 - loss: 0.6782 - val_acc: 0.6584 - val_auc: 0.7665 - val_loss: 0.6068
Epoch 3/10
50/50 ???????????????????? 0s 46ms/step - acc: 0.7016 - auc: 0.7704 - loss: 0.5777
Epoch 3: val_acc improved from 0.69968 to 0.76254, saving model to saved_models/best_MACSynDCR_CNN_model.keras
50/50 ???????????????????? 3s 51ms/step - acc: 0.7021 - auc: 0.7711 - loss: 0.5770 - val_acc: 0.7625 - val_auc: 0.8670 - val_loss: 0.4601
Epoch 4/10
49/50 ???????????????????? 0s 46ms/step - acc: 0.7568 - auc: 0.8404 - loss: 0.4950
Epoch 4: val_acc improved from 0.76254 to 0.79048, saving model to saved_models/best_MACSynDCR_CNN_model.keras
50/50 ???????????????????? 2s 49ms/step - acc: 0.7573 - auc: 0.8408 - loss: 0.4944 - val_acc: 0.7905 - val_auc: 0.8820 - val_loss: 0.4338
Epoch 5/10
49/50 ???????????????????? 0s 46ms/step - acc: 0.7752 - auc: 0.8590 - loss: 0.4685
Epoch 5: val_acc improved from 0.79048 to 0.80127, saving model to saved_models/best_MACSynDCR_CNN_model.keras
50/50 ???????????????????? 3s 50ms/step - acc: 0.7755 - auc: 0.8592 - loss: 0.4681 - val_acc: 0.8013 - val_auc: 0.8906 - val_loss: 0.4195
Epoch 6/10
50/50 ???????????????????? 0s 45ms/step - acc: 0.7942 - auc: 0.8782 - loss: 0.4390
Epoch 6: val_acc improved from 0.80127 to 0.81524, saving model to saved_models/best_MACSynDCR_CNN_model.keras
50/50 ???????????????????? 3s 50ms/step - acc: 0.7943 - auc: 0.8782 - loss: 0.4389 - val_acc: 0.8152 - val_auc: 0.8973 - val_loss: 0.4093
Epoch 7/10
49/50 ???????????????????? 0s 45ms/step - acc: 0.8023 - auc: 0.8837 - loss: 0.4305
Epoch 7: val_acc improved from 0.81524 to 0.81778, saving model to saved_models/best_MACSynDCR_CNN_model.keras
50/50 ???????????????????? 2s 49ms/step - acc: 0.8023 - auc: 0.8837 - loss: 0.4303 - val_acc: 0.8178 - val_auc: 0.8941 - val_loss: 0.4119
Epoch 8/10
50/50 ???????????????????? 0s 45ms/step - acc: 0.8055 - auc: 0.8875 - loss: 0.4230
Epoch 8: val_acc did not improve from 0.81778
50/50 ???????????????????? 2s 49ms/step - acc: 0.8056 - auc: 0.8875 - loss: 0.4229 - val_acc: 0.8159 - val_auc: 0.9013 - val_loss: 0.3990
Epoch 9/10
49/50 ???????????????????? 0s 48ms/step - acc: 0.8114 - auc: 0.8876 - loss: 0.4227
Epoch 9: val_acc improved from 0.81778 to 0.83048, saving model to saved_models/best_MACSynDCR_CNN_model.keras
50/50 ???????????????????? 3s 52ms/step - acc: 0.8117 - auc: 0.8880 - loss: 0.4221 - val_acc: 0.8305 - val_auc: 0.9051 - val_loss: 0.3910
Epoch 10/10
49/50 ???????????????????? 0s 46ms/step - acc: 0.8143 - auc: 0.8978 - loss: 0.4047
Epoch 10: val_acc did not improve from 0.83048
50/50 ???????????????????? 2s 49ms/step - acc: 0.8144 - auc: 0.8978 - loss: 0.4048 - val_acc: 0.8305 - val_auc: 0.9087 - val_loss: 0.3837
50/50 ???????????????????? 0s 5ms/step
50/50 ???????????????????? 0s 4ms/step
CNN: Accuracy: 0.8305, AUC-ROC: 0.9060
CNN: AUC-PR: 0.9042, Precision: 0.8252,
CNN Recall: 0.8468, F1 Score: 0.8359
CNN:RMSE: 16.3401 , PCC: 0.7127
Evaluation of Keras MACSynDCR_ANN model:
50/50 ???????????????????? 1s 4ms/step - acc: 0.8901 - auc: 0.9510 - loss: 0.3791
Evaluate->  Loss: 0.3691, Accuracy: 0.8908,AUC: 0.9518
50/50 ???????????????????? 0s 6ms/step
197/197 ???????????????????? 1s 3ms/step
ANN: Accuracy: 0.8908, AUC-ROC: 0.9553
ANN: AUC-PR: 0.9541, Precision: 0.8989,
ANN Recall: 0.8854, F1 Score: 0.8921
ANN:RMSE: 13.1149 , PCC: 0.8120
****************************************************************************************************
Evaluation of Keras MACSynDCR_CNN model:
50/50 ???????????????????? 1s 4ms/step - acc: 0.8311 - auc: 0.9036 - loss: 0.3937
Evaluate->  Loss: 0.3910, Accuracy: 0.8305,Accuracy: 0.9051
50/50 ???????????????????? 0s 6ms/step
197/197 ???????????????????? 1s 4ms/step
CNN: Accuracy: 0.8305, AUC-ROC: 0.9060
CNN: AUC-PR: 0.9042, Precision: 0.8252,
CNN Recall: 0.8468, F1 Score: 0.8359
CNN:RMSE: 16.3401 , PCC: 0.7127
****************************************************************************************************
Accuracy Score and AUC for ANN = AUC: 0.9480, Accuracy: 0.8698
Accuracy Score and AUC for KANN = AUC: 0.9553, Accuracy: 0.8908
Accuracy Score and AUC for KCNN = AUC: 0.9060, Accuracy: 0.8305
Average AUC = AUC: 0.9542, Accuracy: 0.8940
MAX AUC = AUC: 0.9498, Accuracy: 0.8552
Fitting 5 folds for each of 14 candidates, totalling 70 fits
Finall ensemble results of fold_4 for MACSynDCR:
----------------------------------------------------------------------------------------------------
Ensemble Accuracy: 0.9035, AUC-ROC: 0.9600
Ensemble AUC-PR: 0.9613, Precision: 0.9054,
Ensemble Recall: 0.9054, F1 Score: 0.9054
Ensemble RMSE: 12.3288 , PCC: 0.8334
----------------------------------------------------------------------------------------------------
Fold 5
Data processing and Training of MACSynDCR_ANN model:
ANN_model saved with Val_ACC: 0.5140 Val_AUC: 0.5234
fold_5: Epoch [1/10], Loss: 0.6988, Val_ACC: 0.5140, Val_AUC: 0.5234
ANN_model saved with Val_ACC: 0.7592 Val_AUC: 0.8445
ANN_model saved with Val_ACC: 0.8050 Val_AUC: 0.8922
ANN_model saved with Val_ACC: 0.8215 Val_AUC: 0.9115
ANN_model saved with Val_ACC: 0.8355 Val_AUC: 0.9207
ANN_model saved with Val_ACC: 0.8501 Val_AUC: 0.9278
ANN_model saved with Val_ACC: 0.8634 Val_AUC: 0.9353
ANN_model saved with Val_ACC: 0.8742 Val_AUC: 0.9413
ANN_model saved with Val_ACC: 0.8761 Val_AUC: 0.9449
ANN_model saved with Val_ACC: 0.8774 Val_AUC: 0.9468
Accuracy: 0.8774, AUC-ROC: 0.9468
 AUC-PR: 0.9492, Precision: 0.8778, Recall: 0.8811, F1 Score: 0.8795
RMSE: 11.8248 , PCC: 0.8041
Data processing and Training of MACSynDCR_ANN model:
MACSynDCR_ANN model:
Model: "sequential_8"
????????????????????????????????????????????????????????????????????????????????????????
? Layer (type)                         ? Output Shape                ?         Param # ?
????????????????????????????????????????????????????????????????????????????????????????
¦ dense_32 (Dense)                     ¦ (None, 2048)                ¦       4,458,496 ¦
+--------------------------------------+-----------------------------+-----------------¦
¦ batch_normalization_20               ¦ (None, 2048)                ¦           8,192 ¦
¦ (BatchNormalization)                 ¦                             ¦                 ¦
+--------------------------------------+-----------------------------+-----------------¦
¦ dense_33 (Dense)                     ¦ (None, 1024)                ¦       2,098,176 ¦
+--------------------------------------+-----------------------------+-----------------¦
¦ batch_normalization_21               ¦ (None, 1024)                ¦           4,096 ¦
¦ (BatchNormalization)                 ¦                             ¦                 ¦
+--------------------------------------+-----------------------------+-----------------¦
¦ dense_34 (Dense)                     ¦ (None, 512)                 ¦         524,800 ¦
+--------------------------------------+-----------------------------+-----------------¦
¦ batch_normalization_22               ¦ (None, 512)                 ¦           2,048 ¦
¦ (BatchNormalization)                 ¦                             ¦                 ¦
+--------------------------------------+-----------------------------+-----------------¦
¦ dense_35 (Dense)                     ¦ (None, 256)                 ¦         131,328 ¦
+--------------------------------------+-----------------------------+-----------------¦
¦ batch_normalization_23               ¦ (None, 256)                 ¦           1,024 ¦
¦ (BatchNormalization)                 ¦                             ¦                 ¦
+--------------------------------------+-----------------------------+-----------------¦
¦ dense_36 (Dense)                     ¦ (None, 128)                 ¦          32,896 ¦
+--------------------------------------+-----------------------------+-----------------¦
¦ batch_normalization_24               ¦ (None, 128)                 ¦             512 ¦
¦ (BatchNormalization)                 ¦                             ¦                 ¦
+--------------------------------------+-----------------------------+-----------------¦
¦ dense_37 (Dense)                     ¦ (None, 2)                   ¦             258 ¦
+--------------------------------------------------------------------------------------+
 Total params: 7,261,826 (27.70 MB)
 Trainable params: 7,253,890 (27.67 MB)
 Non-trainable params: 7,936 (31.00 KB)
Epoch 1/10
50/50 ???????????????????? 0s 47ms/step - acc: 0.7286 - auc: 0.7968 - loss: 0.6230
Epoch 1: val_auc improved from -inf to 0.86746, saving model to saved_models/best_MACSynDCR_ANN_model.keras
50/50 ???????????????????? 6s 68ms/step - acc: 0.7298 - auc: 0.7980 - loss: 0.6204 - val_acc: 0.7922 - val_auc: 0.8675 - val_loss: 0.4524
Epoch 2/10
50/50 ???????????????????? 0s 47ms/step - acc: 0.8762 - auc: 0.9476 - loss: 0.2938
Epoch 2: val_auc did not improve from 0.86746
50/50 ???????????????????? 2s 49ms/step - acc: 0.8762 - auc: 0.9476 - loss: 0.2937 - val_acc: 0.7141 - val_auc: 0.8132 - val_loss: 0.5668
Epoch 3/10
50/50 ???????????????????? 0s 47ms/step - acc: 0.9086 - auc: 0.9700 - loss: 0.2229
Epoch 3: val_auc did not improve from 0.86746
50/50 ???????????????????? 2s 49ms/step - acc: 0.9086 - auc: 0.9700 - loss: 0.2229 - val_acc: 0.7846 - val_auc: 0.8631 - val_loss: 0.5402
Epoch 4/10
49/50 ???????????????????? 0s 48ms/step - acc: 0.9263 - auc: 0.9788 - loss: 0.1863
Epoch 4: val_auc improved from 0.86746 to 0.87407, saving model to saved_models/best_MACSynDCR_ANN_model.keras
50/50 ???????????????????? 3s 61ms/step - acc: 0.9261 - auc: 0.9787 - loss: 0.1867 - val_acc: 0.7992 - val_auc: 0.8741 - val_loss: 0.5228
Epoch 5/10
50/50 ???????????????????? 0s 46ms/step - acc: 0.9236 - auc: 0.9767 - loss: 0.1941
Epoch 5: val_auc improved from 0.87407 to 0.93204, saving model to saved_models/best_MACSynDCR_ANN_model.keras
50/50 ???????????????????? 3s 61ms/step - acc: 0.9236 - auc: 0.9767 - loss: 0.1940 - val_acc: 0.8431 - val_auc: 0.9320 - val_loss: 0.3797
Epoch 6/10
50/50 ???????????????????? 0s 47ms/step - acc: 0.9551 - auc: 0.9918 - loss: 0.1191
Epoch 6: val_auc did not improve from 0.93204
50/50 ???????????????????? 2s 49ms/step - acc: 0.9551 - auc: 0.9917 - loss: 0.1193 - val_acc: 0.8278 - val_auc: 0.9193 - val_loss: 0.4933
Epoch 7/10
49/50 ???????????????????? 0s 47ms/step - acc: 0.9597 - auc: 0.9907 - loss: 0.1148
Epoch 7: val_auc improved from 0.93204 to 0.94646, saving model to saved_models/best_MACSynDCR_ANN_model.keras
50/50 ???????????????????? 3s 63ms/step - acc: 0.9597 - auc: 0.9908 - loss: 0.1146 - val_acc: 0.8780 - val_auc: 0.9465 - val_loss: 0.3565
Epoch 8/10
49/50 ???????????????????? 0s 47ms/step - acc: 0.9658 - auc: 0.9940 - loss: 0.0961
Epoch 8: val_auc improved from 0.94646 to 0.94945, saving model to saved_models/best_MACSynDCR_ANN_model.keras
50/50 ???????????????????? 3s 63ms/step - acc: 0.9658 - auc: 0.9940 - loss: 0.0959 - val_acc: 0.8844 - val_auc: 0.9495 - val_loss: 0.3850
Epoch 9/10
49/50 ???????????????????? 0s 46ms/step - acc: 0.9720 - auc: 0.9963 - loss: 0.0773
Epoch 9: val_auc improved from 0.94945 to 0.95238, saving model to saved_models/best_MACSynDCR_ANN_model.keras
50/50 ???????????????????? 3s 62ms/step - acc: 0.9718 - auc: 0.9962 - loss: 0.0776 - val_acc: 0.8837 - val_auc: 0.9524 - val_loss: 0.3447
Epoch 10/10
50/50 ???????????????????? 0s 47ms/step - acc: 0.9678 - auc: 0.9943 - loss: 0.0897
Epoch 10: val_auc improved from 0.95238 to 0.95255, saving model to saved_models/best_MACSynDCR_ANN_model.keras
50/50 ???????????????????? 3s 63ms/step - acc: 0.9678 - auc: 0.9943 - loss: 0.0896 - val_acc: 0.8856 - val_auc: 0.9526 - val_loss: 0.3410
50/50 ???????????????????? 0s 6ms/step
50/50 ???????????????????? 0s 4ms/step
ANN: Accuracy: 0.8856, AUC-ROC: 0.9571
ANN: AUC-PR: 0.9578, Precision: 0.9004,
ANN Recall: 0.8711, F1 Score: 0.8855
\ANN:RMSE: 13.4164 , PCC: 0.8138
Data processing and Training of MACSynDCR_CNN model:
MACSynDCR_CNN model:
Model: "sequential_9"
????????????????????????????????????????????????????????????????????????????????????????
? Layer (type)                         ? Output Shape                ?         Param # ?
????????????????????????????????????????????????????????????????????????????????????????
¦ conv2d_12 (Conv2D)                   ¦ (None, 66, 30, 32)          ¦             320 ¦
+--------------------------------------+-----------------------------+-----------------¦
¦ max_pooling2d_12 (MaxPooling2D)      ¦ (None, 33, 15, 32)          ¦               0 ¦
+--------------------------------------+-----------------------------+-----------------¦
¦ dropout_12 (Dropout)                 ¦ (None, 33, 15, 32)          ¦               0 ¦
+--------------------------------------+-----------------------------+-----------------¦
¦ conv2d_13 (Conv2D)                   ¦ (None, 31, 13, 64)          ¦          18,496 ¦
+--------------------------------------+-----------------------------+-----------------¦
¦ max_pooling2d_13 (MaxPooling2D)      ¦ (None, 15, 6, 64)           ¦               0 ¦
+--------------------------------------+-----------------------------+-----------------¦
¦ dropout_13 (Dropout)                 ¦ (None, 15, 6, 64)           ¦               0 ¦
+--------------------------------------+-----------------------------+-----------------¦
¦ conv2d_14 (Conv2D)                   ¦ (None, 13, 4, 128)          ¦          73,856 ¦
+--------------------------------------+-----------------------------+-----------------¦
¦ max_pooling2d_14 (MaxPooling2D)      ¦ (None, 6, 2, 128)           ¦               0 ¦
+--------------------------------------+-----------------------------+-----------------¦
¦ dropout_14 (Dropout)                 ¦ (None, 6, 2, 128)           ¦               0 ¦
+--------------------------------------+-----------------------------+-----------------¦
¦ flatten_4 (Flatten)                  ¦ (None, 1536)                ¦               0 ¦
+--------------------------------------+-----------------------------+-----------------¦
¦ dense_38 (Dense)                     ¦ (None, 128)                 ¦         196,736 ¦
+--------------------------------------+-----------------------------+-----------------¦
¦ dense_39 (Dense)                     ¦ (None, 2)                   ¦             258 ¦
+--------------------------------------------------------------------------------------+
 Total params: 289,666 (1.10 MB)
 Trainable params: 289,666 (1.10 MB)
 Non-trainable params: 0 (0.00 B)
Epoch 1/10
49/50 ???????????????????? 0s 46ms/step - acc: 0.5022 - auc: 0.5011 - loss: 0.7217
Epoch 1: val_acc improved from -inf to 0.51271, saving model to saved_models/best_MACSynDCR_CNN_model.keras
50/50 ???????????????????? 4s 55ms/step - acc: 0.5021 - auc: 0.5010 - loss: 0.7210 - val_acc: 0.5127 - val_auc: 0.6245 - val_loss: 0.6922
Epoch 2/10
50/50 ???????????????????? 0s 45ms/step - acc: 0.5211 - auc: 0.5227 - loss: 0.6925
Epoch 2: val_acc improved from 0.51271 to 0.72363, saving model to saved_models/best_MACSynDCR_CNN_model.keras
50/50 ???????????????????? 3s 50ms/step - acc: 0.5214 - auc: 0.5230 - loss: 0.6925 - val_acc: 0.7236 - val_auc: 0.8048 - val_loss: 0.6851
Epoch 3/10
49/50 ???????????????????? 0s 45ms/step - acc: 0.6051 - auc: 0.6444 - loss: 0.6752
Epoch 3: val_acc improved from 0.72363 to 0.75286, saving model to saved_models/best_MACSynDCR_CNN_model.keras
50/50 ???????????????????? 2s 49ms/step - acc: 0.6064 - auc: 0.6464 - loss: 0.6742 - val_acc: 0.7529 - val_auc: 0.8318 - val_loss: 0.5241
Epoch 4/10
50/50 ???????????????????? 0s 46ms/step - acc: 0.7438 - auc: 0.8175 - loss: 0.5268
Epoch 4: val_acc improved from 0.75286 to 0.77065, saving model to saved_models/best_MACSynDCR_CNN_model.keras
50/50 ???????????????????? 3s 51ms/step - acc: 0.7439 - auc: 0.8177 - loss: 0.5265 - val_acc: 0.7706 - val_auc: 0.8634 - val_loss: 0.4842
Epoch 5/10
49/50 ???????????????????? 0s 47ms/step - acc: 0.7682 - auc: 0.8553 - loss: 0.4754
Epoch 5: val_acc improved from 0.77065 to 0.80496, saving model to saved_models/best_MACSynDCR_CNN_model.keras
50/50 ???????????????????? 3s 51ms/step - acc: 0.7684 - auc: 0.8554 - loss: 0.4753 - val_acc: 0.8050 - val_auc: 0.8883 - val_loss: 0.4223
Epoch 6/10
49/50 ???????????????????? 0s 47ms/step - acc: 0.7940 - auc: 0.8739 - loss: 0.4456
Epoch 6: val_acc improved from 0.80496 to 0.80750, saving model to saved_models/best_MACSynDCR_CNN_model.keras
50/50 ???????????????????? 3s 51ms/step - acc: 0.7940 - auc: 0.8739 - loss: 0.4456 - val_acc: 0.8075 - val_auc: 0.8975 - val_loss: 0.4073
Epoch 7/10
49/50 ???????????????????? 0s 45ms/step - acc: 0.8011 - auc: 0.8802 - loss: 0.4358
Epoch 7: val_acc improved from 0.80750 to 0.81258, saving model to saved_models/best_MACSynDCR_CNN_model.keras
50/50 ???????????????????? 2s 49ms/step - acc: 0.8012 - auc: 0.8803 - loss: 0.4356 - val_acc: 0.8126 - val_auc: 0.9001 - val_loss: 0.4000
Epoch 8/10
49/50 ???????????????????? 0s 45ms/step - acc: 0.7946 - auc: 0.8782 - loss: 0.4395
Epoch 8: val_acc did not improve from 0.81258
50/50 ???????????????????? 2s 47ms/step - acc: 0.7948 - auc: 0.8785 - loss: 0.4389 - val_acc: 0.8081 - val_auc: 0.8883 - val_loss: 0.4206
Epoch 9/10
50/50 ???????????????????? 0s 45ms/step - acc: 0.7980 - auc: 0.8804 - loss: 0.4346
Epoch 9: val_acc improved from 0.81258 to 0.82338, saving model to saved_models/best_MACSynDCR_CNN_model.keras
50/50 ???????????????????? 2s 50ms/step - acc: 0.7982 - auc: 0.8806 - loss: 0.4343 - val_acc: 0.8234 - val_auc: 0.9043 - val_loss: 0.3921
Epoch 10/10
49/50 ???????????????????? 0s 45ms/step - acc: 0.8141 - auc: 0.8956 - loss: 0.4076
Epoch 10: val_acc improved from 0.82338 to 0.82656, saving model to saved_models/best_MACSynDCR_CNN_model.keras
50/50 ???????????????????? 2s 49ms/step - acc: 0.8140 - auc: 0.8955 - loss: 0.4079 - val_acc: 0.8266 - val_auc: 0.9055 - val_loss: 0.3907
50/50 ???????????????????? 0s 5ms/step
50/50 ???????????????????? 0s 4ms/step
CNN: Accuracy: 0.8266, AUC-ROC: 0.9073
CNN: AUC-PR: 0.9055, Precision: 0.8044,
CNN Recall: 0.8698, F1 Score: 0.8358
CNN:RMSE: 16.5227 , PCC: 0.7144
Evaluation of Keras MACSynDCR_ANN model:
50/50 ???????????????????? 1s 4ms/step - acc: 0.8946 - auc: 0.9553 - loss: 0.3274
Evaluate->  Loss: 0.3410, Accuracy: 0.8856,AUC: 0.9526
50/50 ???????????????????? 0s 6ms/step
197/197 ???????????????????? 1s 4ms/step
ANN: Accuracy: 0.8856, AUC-ROC: 0.9571
ANN: AUC-PR: 0.9578, Precision: 0.9004,
ANN Recall: 0.8711, F1 Score: 0.8855
ANN:RMSE: 13.4164 , PCC: 0.8138
****************************************************************************************************
Evaluation of Keras MACSynDCR_CNN model:
50/50 ???????????????????? 1s 4ms/step - acc: 0.8443 - auc: 0.9141 - loss: 0.3750
Evaluate->  Loss: 0.3907, Accuracy: 0.8266,Accuracy: 0.9055
50/50 ???????????????????? 0s 5ms/step
197/197 ???????????????????? 1s 4ms/step
CNN: Accuracy: 0.8266, AUC-ROC: 0.9073
CNN: AUC-PR: 0.9055, Precision: 0.8044,
CNN Recall: 0.8698, F1 Score: 0.8358
CNN:RMSE: 16.5227 , PCC: 0.7144
****************************************************************************************************
Accuracy Score and AUC for ANN = AUC: 0.9468, Accuracy: 0.8774
Accuracy Score and AUC for KANN = AUC: 0.9571, Accuracy: 0.8856
Accuracy Score and AUC for KCNN = AUC: 0.9073, Accuracy: 0.8266
Average AUC = AUC: 0.9593, Accuracy: 0.8977
MAX AUC = AUC: 0.9534, Accuracy: 0.8475
Fitting 5 folds for each of 14 candidates, totalling 70 fits
Finall ensemble results of fold_5 for MACSynDCR:
----------------------------------------------------------------------------------------------------
Ensemble Accuracy: 0.8996, AUC-ROC: 0.9612
Ensemble AUC-PR: 0.9641, Precision: 0.9042,
Ensemble Recall: 0.8974, F1 Score: 0.9008
Ensemble RMSE: 12.5698 , PCC: 0.8383
----------------------------------------------------------------------------------------------------
****************************************************************************************************
*           Final MACSynCDR Results:
****************************************************************************************************
 AUC: 0.9571 ± 0.0032
 Accuracy: 0.8950 ± 0.0058
 AUC-PR: 0.9561 ± 0.0056
 Precision: 0.8920 ± 0.0122
 Recall: 0.8981 ± 0.0065
 F1: 0.8950 ± 0.0068
 RMSE: 12.8559 ± 0.3550
 PCC: 0.8250 ± 0.0104
Max AUC: 0.9612
Max ACC: 0.9035
Max AUC-PR: 0.9641
Max Precision: 0.9054
Max Reacall: 0.9054
Max F1: 0.9054
MIN RMSE: 12.3288
Max PCC: 0.8383
