[2025-08-20 23:15:11] Fold 1
[2025-08-20 23:15:11] ----------------------------------------------------------------------------------------------------
[2025-08-20 23:15:12] ANN_model saved with Val_ACC: 0.4895
[2025-08-20 23:15:12] ----------------------------------------------------------------------------------------------------
[2025-08-20 23:15:12] fold_1: Epoch [1/10], Loss: 0.7010, ACC: 0.4895, AUC: 0.4928
[2025-08-20 23:15:13] ANN_model saved with Val_ACC: 0.7568
[2025-08-20 23:15:13] ----------------------------------------------------------------------------------------------------
[2025-08-20 23:15:13] ANN_model saved with Val_ACC: 0.8063
[2025-08-20 23:15:13] ----------------------------------------------------------------------------------------------------
[2025-08-20 23:15:13] ANN_model saved with Val_ACC: 0.8305
[2025-08-20 23:15:13] ----------------------------------------------------------------------------------------------------
[2025-08-20 23:15:14] ANN_model saved with Val_ACC: 0.8330
[2025-08-20 23:15:14] ----------------------------------------------------------------------------------------------------
[2025-08-20 23:15:14] ANN_model saved with Val_ACC: 0.8438
[2025-08-20 23:15:14] ----------------------------------------------------------------------------------------------------
[2025-08-20 23:15:14] ANN_model saved with Val_ACC: 0.8616
[2025-08-20 23:15:14] ----------------------------------------------------------------------------------------------------
[2025-08-20 23:15:15] ANN_model saved with Val_ACC: 0.8775
[2025-08-20 23:15:15] ----------------------------------------------------------------------------------------------------
[2025-08-20 23:16:26] Finall ensemble results of fold_1 for MACSynDCR:
[2025-08-20 23:16:26] ----------------------------------------------------------------------------------------------------
[2025-08-20 23:16:26] Ensemble Accuracy: 0.8895, AUC-ROC: 0.9568, 
Ensemble AUC-PR: 0.9541, Precision: 0.8918, 
Ensemble Recall: 0.8849, F1 Score: 0.8883, 
Ensemble RMSE: 13.1909
[2025-08-20 23:16:26] ----------------------------------------------------------------------------------------------------
[2025-08-20 23:16:26] Fold 2
[2025-08-20 23:16:26] ----------------------------------------------------------------------------------------------------
[2025-08-20 23:16:26] ANN_model saved with Val_ACC: 0.4946
[2025-08-20 23:16:26] ----------------------------------------------------------------------------------------------------
[2025-08-20 23:16:26] fold_2: Epoch [1/10], Loss: 0.7138, ACC: 0.4946, AUC: 0.5034
[2025-08-20 23:16:27] ANN_model saved with Val_ACC: 0.7841
[2025-08-20 23:16:27] ----------------------------------------------------------------------------------------------------
[2025-08-20 23:16:27] ANN_model saved with Val_ACC: 0.8387
[2025-08-20 23:16:27] ----------------------------------------------------------------------------------------------------
[2025-08-20 23:16:27] ANN_model saved with Val_ACC: 0.8483
[2025-08-20 23:16:27] ----------------------------------------------------------------------------------------------------
[2025-08-20 23:16:28] ANN_model saved with Val_ACC: 0.8648
[2025-08-20 23:16:28] ----------------------------------------------------------------------------------------------------
[2025-08-20 23:16:28] ANN_model saved with Val_ACC: 0.8673
[2025-08-20 23:16:28] ----------------------------------------------------------------------------------------------------
[2025-08-20 23:16:28] ANN_model saved with Val_ACC: 0.8737
[2025-08-20 23:16:28] ----------------------------------------------------------------------------------------------------
[2025-08-20 23:16:29] ANN_model saved with Val_ACC: 0.8762
[2025-08-20 23:16:29] ----------------------------------------------------------------------------------------------------
[2025-08-20 23:16:29] ANN_model saved with Val_ACC: 0.8876
[2025-08-20 23:16:29] ----------------------------------------------------------------------------------------------------
[2025-08-20 23:16:30] ANN_model saved with Val_ACC: 0.8940
[2025-08-20 23:16:30] ----------------------------------------------------------------------------------------------------
[2025-08-20 23:17:37] Finall ensemble results of fold_2 for MACSynDCR:
[2025-08-20 23:17:37] ----------------------------------------------------------------------------------------------------
[2025-08-20 23:17:37] Ensemble Accuracy: 0.9003, AUC-ROC: 0.9630, 
Ensemble AUC-PR: 0.9626, Precision: 0.9034, 
Ensemble Recall: 0.8929, F1 Score: 0.8981, 
Ensemble RMSE: 12.5300
[2025-08-20 23:17:37] ----------------------------------------------------------------------------------------------------
[2025-08-20 23:17:37] Fold 3
[2025-08-20 23:17:37] ----------------------------------------------------------------------------------------------------
[2025-08-20 23:17:37] ANN_model saved with Val_ACC: 0.4819
[2025-08-20 23:17:37] ----------------------------------------------------------------------------------------------------
[2025-08-20 23:17:38] fold_3: Epoch [1/10], Loss: 0.6991, ACC: 0.4819, AUC: 0.4758
[2025-08-20 23:17:38] ANN_model saved with Val_ACC: 0.7949
[2025-08-20 23:17:38] ----------------------------------------------------------------------------------------------------
[2025-08-20 23:17:38] ANN_model saved with Val_ACC: 0.8292
[2025-08-20 23:17:38] ----------------------------------------------------------------------------------------------------
[2025-08-20 23:17:39] ANN_model saved with Val_ACC: 0.8337
[2025-08-20 23:17:39] ----------------------------------------------------------------------------------------------------
[2025-08-20 23:17:39] ANN_model saved with Val_ACC: 0.8463
[2025-08-20 23:17:39] ----------------------------------------------------------------------------------------------------
[2025-08-20 23:17:39] ANN_model saved with Val_ACC: 0.8552
[2025-08-20 23:17:39] ----------------------------------------------------------------------------------------------------
[2025-08-20 23:17:40] ANN_model saved with Val_ACC: 0.8673
[2025-08-20 23:17:40] ----------------------------------------------------------------------------------------------------
[2025-08-20 23:17:40] ANN_model saved with Val_ACC: 0.8819
[2025-08-20 23:17:40] ----------------------------------------------------------------------------------------------------
[2025-08-20 23:17:40] ANN_model saved with Val_ACC: 0.8838
[2025-08-20 23:17:40] ----------------------------------------------------------------------------------------------------
[2025-08-20 23:17:41] ANN_model saved with Val_ACC: 0.8895
[2025-08-20 23:17:41] ----------------------------------------------------------------------------------------------------
[2025-08-20 23:18:48] Finall ensemble results of fold_3 for MACSynDCR:
[2025-08-20 23:18:48] ----------------------------------------------------------------------------------------------------
[2025-08-20 23:18:48] Ensemble Accuracy: 0.9041, AUC-ROC: 0.9646, 
Ensemble AUC-PR: 0.9588, Precision: 0.8949, 
Ensemble Recall: 0.9100, F1 Score: 0.9024, 
Ensemble RMSE: 12.2882
[2025-08-20 23:18:48] ----------------------------------------------------------------------------------------------------
[2025-08-20 23:18:48] Fold 4
[2025-08-20 23:18:48] ----------------------------------------------------------------------------------------------------
[2025-08-20 23:18:48] ANN_model saved with Val_ACC: 0.5073
[2025-08-20 23:18:48] ----------------------------------------------------------------------------------------------------
[2025-08-20 23:18:48] fold_4: Epoch [1/10], Loss: 0.7097, ACC: 0.5073, AUC: 0.5109
[2025-08-20 23:18:49] ANN_model saved with Val_ACC: 0.7810
[2025-08-20 23:18:49] ----------------------------------------------------------------------------------------------------
[2025-08-20 23:18:49] ANN_model saved with Val_ACC: 0.8184
[2025-08-20 23:18:49] ----------------------------------------------------------------------------------------------------
[2025-08-20 23:18:49] ANN_model saved with Val_ACC: 0.8349
[2025-08-20 23:18:49] ----------------------------------------------------------------------------------------------------
[2025-08-20 23:18:50] ANN_model saved with Val_ACC: 0.8444
[2025-08-20 23:18:50] ----------------------------------------------------------------------------------------------------
[2025-08-20 23:18:50] ANN_model saved with Val_ACC: 0.8584
[2025-08-20 23:18:50] ----------------------------------------------------------------------------------------------------
[2025-08-20 23:18:51] ANN_model saved with Val_ACC: 0.8673
[2025-08-20 23:18:51] ----------------------------------------------------------------------------------------------------
[2025-08-20 23:18:51] ANN_model saved with Val_ACC: 0.8787
[2025-08-20 23:18:51] ----------------------------------------------------------------------------------------------------
[2025-08-20 23:18:51] ANN_model saved with Val_ACC: 0.8844
[2025-08-20 23:18:51] ----------------------------------------------------------------------------------------------------
[2025-08-20 23:18:52] ANN_model saved with Val_ACC: 0.8895
[2025-08-20 23:18:52] ----------------------------------------------------------------------------------------------------
[2025-08-20 23:19:59] Finall ensemble results of fold_4 for MACSynDCR:
[2025-08-20 23:19:59] ----------------------------------------------------------------------------------------------------
[2025-08-20 23:19:59] Ensemble Accuracy: 0.9054, AUC-ROC: 0.9645, 
Ensemble AUC-PR: 0.9635, Precision: 0.9067, 
Ensemble Recall: 0.9078, F1 Score: 0.9073, 
Ensemble RMSE: 12.2066
[2025-08-20 23:19:59] ----------------------------------------------------------------------------------------------------
[2025-08-20 23:19:59] Fold 5
[2025-08-20 23:19:59] ----------------------------------------------------------------------------------------------------
[2025-08-20 23:19:59] ANN_model saved with Val_ACC: 0.4644
[2025-08-20 23:19:59] ----------------------------------------------------------------------------------------------------
[2025-08-20 23:20:00] fold_5: Epoch [1/10], Loss: 0.7075, ACC: 0.4644, AUC: 0.4533
[2025-08-20 23:20:00] ANN_model saved with Val_ACC: 0.7821
[2025-08-20 23:20:00] ----------------------------------------------------------------------------------------------------
[2025-08-20 23:20:00] ANN_model saved with Val_ACC: 0.8266
[2025-08-20 23:20:00] ----------------------------------------------------------------------------------------------------
[2025-08-20 23:20:01] ANN_model saved with Val_ACC: 0.8437
[2025-08-20 23:20:01] ----------------------------------------------------------------------------------------------------
[2025-08-20 23:20:01] ANN_model saved with Val_ACC: 0.8558
[2025-08-20 23:20:01] ----------------------------------------------------------------------------------------------------
[2025-08-20 23:20:01] ANN_model saved with Val_ACC: 0.8628
[2025-08-20 23:20:01] ----------------------------------------------------------------------------------------------------
[2025-08-20 23:20:02] ANN_model saved with Val_ACC: 0.8698
[2025-08-20 23:20:02] ----------------------------------------------------------------------------------------------------
[2025-08-20 23:20:02] ANN_model saved with Val_ACC: 0.8767
[2025-08-20 23:20:02] ----------------------------------------------------------------------------------------------------
[2025-08-20 23:20:02] ANN_model saved with Val_ACC: 0.8895
[2025-08-20 23:20:02] ----------------------------------------------------------------------------------------------------
[2025-08-20 23:21:11] Finall ensemble results of fold_5 for MACSynDCR:
[2025-08-20 23:21:11] ----------------------------------------------------------------------------------------------------
[2025-08-20 23:21:11] Ensemble Accuracy: 0.9028, AUC-ROC: 0.9631, 
Ensemble AUC-PR: 0.9637, Precision: 0.9058, 
Ensemble Recall: 0.9024, F1 Score: 0.9041, 
Ensemble RMSE: 12.3693
[2025-08-20 23:21:11] ----------------------------------------------------------------------------------------------------
[2025-08-20 23:21:11] ****************************************************************************************************
[2025-08-20 23:21:11] *          Final MACSynCDR Results:
[2025-08-20 23:21:11] ****************************************************************************************************
[2025-08-20 23:21:11]  AUC: 0.9624 ± 0.0029
[2025-08-20 23:21:11]  Accuracy: 0.9004 ± 0.0057
[2025-08-20 23:21:11]  AUC-PR: 0.9606 ± 0.0037
[2025-08-20 23:21:11]  Precision: 0.9005 ± 0.0061
[2025-08-20 23:21:11]  Recall: 0.8996 ± 0.0094
[2025-08-20 23:21:11]  F1: 0.9000 ± 0.0066
[2025-08-20 23:21:11]  RMSE: 12.5170 ± 0.3535
[2025-08-20 23:21:11]  PCC: 0.8385 ± 0.0087


C:\Users\srahaman2\Documents\PhD research\MACSynDCR\LapMGAN>python MACSynDCR_CV_RUN_with_LMGAN_shape.py --epoch 10 --suffix Ablation_DESC
2025-08-20 23:15:02.475062: I tensorflow/core/util/port.cc:153] oneDNN custom operations are on. You may see slightly different numerical results due to floating-point round-off errors from different computation orders. To turn them off, set the environment variable `TF_ENABLE_ONEDNN_OPTS=0`.
2025-08-20 23:15:03.438736: I tensorflow/core/util/port.cc:153] oneDNN custom operations are on. You may see slightly different numerical results due to floating-point round-off errors from different computation orders. To turn them off, set the environment variable `TF_ENABLE_ONEDNN_OPTS=0`.
Fold 1
Data processing and Training of MACSynDCR_ANN model:
ANN_model saved with Val_ACC: 0.4895 Val_AUC: 0.4928
fold_1: Epoch [1/10], Loss: 0.7010, Val_ACC: 0.4895, Val_AUC: 0.4928
ANN_model saved with Val_ACC: 0.7568 Val_AUC: 0.8335
ANN_model saved with Val_ACC: 0.8063 Val_AUC: 0.8928
ANN_model saved with Val_ACC: 0.8305 Val_AUC: 0.9079
ANN_model saved with Val_ACC: 0.8330 Val_AUC: 0.9175
ANN_model saved with Val_ACC: 0.8438 Val_AUC: 0.9266
ANN_model saved with Val_ACC: 0.8616 Val_AUC: 0.9365
ANN_model saved with Val_ACC: 0.8775 Val_AUC: 0.9460
Accuracy: 0.8775, AUC-ROC: 0.9460
 AUC-PR: 0.9442, Precision: 0.8850, Recall: 0.8657, F1 Score: 0.8752
RMSE: 11.8128 , PCC: 0.8047
Data processing and Training of MACSynDCR_ANN model:
2025-08-20 23:15:16.122732: I tensorflow/core/platform/cpu_feature_guard.cc:210] This TensorFlow binary is optimized to use available CPU instructions in performance-critical operations.
To enable the following instructions: AVX2 FMA, in other operations, rebuild TensorFlow with the appropriate compiler flags.
MACSynDCR_ANN model:
Model: "sequential"
????????????????????????????????????????????????????????????????????????????????????????
? Layer (type)                         ? Output Shape                ?         Param # ?
????????????????????????????????????????????????????????????????????????????????????????
¦ dense (Dense)                        ¦ (None, 2048)                ¦       4,458,496 ¦
+--------------------------------------+-----------------------------+-----------------¦
¦ batch_normalization                  ¦ (None, 2048)                ¦           8,192 ¦
¦ (BatchNormalization)                 ¦                             ¦                 ¦
+--------------------------------------+-----------------------------+-----------------¦
¦ dense_1 (Dense)                      ¦ (None, 1024)                ¦       2,098,176 ¦
+--------------------------------------+-----------------------------+-----------------¦
¦ batch_normalization_1                ¦ (None, 1024)                ¦           4,096 ¦
¦ (BatchNormalization)                 ¦                             ¦                 ¦
+--------------------------------------+-----------------------------+-----------------¦
¦ dense_2 (Dense)                      ¦ (None, 512)                 ¦         524,800 ¦
+--------------------------------------+-----------------------------+-----------------¦
¦ batch_normalization_2                ¦ (None, 512)                 ¦           2,048 ¦
¦ (BatchNormalization)                 ¦                             ¦                 ¦
+--------------------------------------+-----------------------------+-----------------¦
¦ dense_3 (Dense)                      ¦ (None, 256)                 ¦         131,328 ¦
+--------------------------------------+-----------------------------+-----------------¦
¦ batch_normalization_3                ¦ (None, 256)                 ¦           1,024 ¦
¦ (BatchNormalization)                 ¦                             ¦                 ¦
+--------------------------------------+-----------------------------+-----------------¦
¦ dense_4 (Dense)                      ¦ (None, 128)                 ¦          32,896 ¦
+--------------------------------------+-----------------------------+-----------------¦
¦ batch_normalization_4                ¦ (None, 128)                 ¦             512 ¦
¦ (BatchNormalization)                 ¦                             ¦                 ¦
+--------------------------------------+-----------------------------+-----------------¦
¦ dense_5 (Dense)                      ¦ (None, 2)                   ¦             258 ¦
+--------------------------------------------------------------------------------------+
 Total params: 7,261,826 (27.70 MB)
 Trainable params: 7,253,890 (27.67 MB)
 Non-trainable params: 7,936 (31.00 KB)
Epoch 1/10
50/50 ???????????????????? 0s 47ms/step - acc: 0.7350 - auc: 0.8021 - loss: 0.6142
Epoch 1: val_auc improved from -inf to 0.64969, saving model to saved_models/best_MACSynDCR_ANN_model.keras
50/50 ???????????????????? 7s 69ms/step - acc: 0.7361 - auc: 0.8034 - loss: 0.6115 - val_acc: 0.5835 - val_auc: 0.6497 - val_loss: 0.6837
Epoch 2/10
49/50 ???????????????????? 0s 46ms/step - acc: 0.8970 - auc: 0.9621 - loss: 0.2537
Epoch 2: val_auc improved from 0.64969 to 0.72285, saving model to saved_models/best_MACSynDCR_ANN_model.keras
50/50 ???????????????????? 3s 63ms/step - acc: 0.8968 - auc: 0.9620 - loss: 0.2538 - val_acc: 0.6616 - val_auc: 0.7228 - val_loss: 0.6630
Epoch 3/10
50/50 ???????????????????? 0s 47ms/step - acc: 0.9257 - auc: 0.9793 - loss: 0.1887
Epoch 3: val_auc improved from 0.72285 to 0.85370, saving model to saved_models/best_MACSynDCR_ANN_model.keras
50/50 ???????????????????? 3s 62ms/step - acc: 0.9256 - auc: 0.9793 - loss: 0.1888 - val_acc: 0.7733 - val_auc: 0.8537 - val_loss: 0.5021
Epoch 4/10
49/50 ???????????????????? 0s 46ms/step - acc: 0.9336 - auc: 0.9813 - loss: 0.1738
Epoch 4: val_auc improved from 0.85370 to 0.91020, saving model to saved_models/best_MACSynDCR_ANN_model.keras
50/50 ???????????????????? 3s 61ms/step - acc: 0.9335 - auc: 0.9813 - loss: 0.1738 - val_acc: 0.8248 - val_auc: 0.9102 - val_loss: 0.3981
Epoch 5/10
50/50 ???????????????????? 0s 46ms/step - acc: 0.9553 - auc: 0.9921 - loss: 0.1187
Epoch 5: val_auc improved from 0.91020 to 0.92955, saving model to saved_models/best_MACSynDCR_ANN_model.keras
50/50 ???????????????????? 3s 62ms/step - acc: 0.9553 - auc: 0.9920 - loss: 0.1187 - val_acc: 0.8540 - val_auc: 0.9295 - val_loss: 0.3793
Epoch 6/10
50/50 ???????????????????? 0s 47ms/step - acc: 0.9508 - auc: 0.9903 - loss: 0.1243
Epoch 6: val_auc improved from 0.92955 to 0.93440, saving model to saved_models/best_MACSynDCR_ANN_model.keras
50/50 ???????????????????? 3s 61ms/step - acc: 0.9508 - auc: 0.9903 - loss: 0.1244 - val_acc: 0.8578 - val_auc: 0.9344 - val_loss: 0.4022
Epoch 7/10
49/50 ???????????????????? 0s 47ms/step - acc: 0.9650 - auc: 0.9943 - loss: 0.0969
Epoch 7: val_auc improved from 0.93440 to 0.93831, saving model to saved_models/best_MACSynDCR_ANN_model.keras
50/50 ???????????????????? 3s 61ms/step - acc: 0.9651 - auc: 0.9944 - loss: 0.0967 - val_acc: 0.8711 - val_auc: 0.9383 - val_loss: 0.4046
Epoch 8/10
49/50 ???????????????????? 0s 46ms/step - acc: 0.9792 - auc: 0.9973 - loss: 0.0654
Epoch 8: val_auc did not improve from 0.93831
50/50 ???????????????????? 2s 49ms/step - acc: 0.9790 - auc: 0.9973 - loss: 0.0657 - val_acc: 0.8641 - val_auc: 0.9328 - val_loss: 0.4342
Epoch 9/10
49/50 ???????????????????? 0s 47ms/step - acc: 0.9701 - auc: 0.9951 - loss: 0.0841
Epoch 9: val_auc improved from 0.93831 to 0.93901, saving model to saved_models/best_MACSynDCR_ANN_model.keras
50/50 ???????????????????? 3s 59ms/step - acc: 0.9700 - auc: 0.9950 - loss: 0.0844 - val_acc: 0.8781 - val_auc: 0.9390 - val_loss: 0.3944
Epoch 10/10
50/50 ???????????????????? 0s 47ms/step - acc: 0.9740 - auc: 0.9955 - loss: 0.0801
Epoch 10: val_auc improved from 0.93901 to 0.93984, saving model to saved_models/best_MACSynDCR_ANN_model.keras
50/50 ???????????????????? 3s 61ms/step - acc: 0.9740 - auc: 0.9956 - loss: 0.0801 - val_acc: 0.8679 - val_auc: 0.9398 - val_loss: 0.4397
50/50 ???????????????????? 0s 6ms/step
50/50 ???????????????????? 0s 3ms/step
ANN: Accuracy: 0.8679, AUC-ROC: 0.9429
ANN: AUC-PR: 0.9376, Precision: 0.8534,
ANN Recall: 0.8862, F1 Score: 0.8695
\ANN:RMSE: 14.4222 , PCC: 0.7786
Data processing and Training of MACSynDCR_CNN model:
MACSynDCR_CNN model:
Model: "sequential_1"
????????????????????????????????????????????????????????????????????????????????????????
? Layer (type)                         ? Output Shape                ?         Param # ?
????????????????????????????????????????????????????????????????????????????????????????
¦ conv2d (Conv2D)                      ¦ (None, 66, 30, 32)          ¦             320 ¦
+--------------------------------------+-----------------------------+-----------------¦
¦ max_pooling2d (MaxPooling2D)         ¦ (None, 33, 15, 32)          ¦               0 ¦
+--------------------------------------+-----------------------------+-----------------¦
¦ dropout (Dropout)                    ¦ (None, 33, 15, 32)          ¦               0 ¦
+--------------------------------------+-----------------------------+-----------------¦
¦ conv2d_1 (Conv2D)                    ¦ (None, 31, 13, 64)          ¦          18,496 ¦
+--------------------------------------+-----------------------------+-----------------¦
¦ max_pooling2d_1 (MaxPooling2D)       ¦ (None, 15, 6, 64)           ¦               0 ¦
+--------------------------------------+-----------------------------+-----------------¦
¦ dropout_1 (Dropout)                  ¦ (None, 15, 6, 64)           ¦               0 ¦
+--------------------------------------+-----------------------------+-----------------¦
¦ conv2d_2 (Conv2D)                    ¦ (None, 13, 4, 128)          ¦          73,856 ¦
+--------------------------------------+-----------------------------+-----------------¦
¦ max_pooling2d_2 (MaxPooling2D)       ¦ (None, 6, 2, 128)           ¦               0 ¦
+--------------------------------------+-----------------------------+-----------------¦
¦ dropout_2 (Dropout)                  ¦ (None, 6, 2, 128)           ¦               0 ¦
+--------------------------------------+-----------------------------+-----------------¦
¦ flatten (Flatten)                    ¦ (None, 1536)                ¦               0 ¦
+--------------------------------------+-----------------------------+-----------------¦
¦ dense_6 (Dense)                      ¦ (None, 128)                 ¦         196,736 ¦
+--------------------------------------+-----------------------------+-----------------¦
¦ dense_7 (Dense)                      ¦ (None, 2)                   ¦             258 ¦
+--------------------------------------------------------------------------------------+
 Total params: 289,666 (1.10 MB)
 Trainable params: 289,666 (1.10 MB)
 Non-trainable params: 0 (0.00 B)
Epoch 1/10
49/50 ???????????????????? 0s 47ms/step - acc: 0.5150 - auc: 0.5196 - loss: 0.6963
Epoch 1: val_acc improved from -inf to 0.55683, saving model to saved_models/best_MACSynDCR_CNN_model.keras
50/50 ???????????????????? 4s 57ms/step - acc: 0.5150 - auc: 0.5196 - loss: 0.6962 - val_acc: 0.5568 - val_auc: 0.6300 - val_loss: 0.6902
Epoch 2/10
50/50 ???????????????????? 0s 44ms/step - acc: 0.5493 - auc: 0.5788 - loss: 0.6854
Epoch 2: val_acc improved from 0.55683 to 0.71111, saving model to saved_models/best_MACSynDCR_CNN_model.keras
50/50 ???????????????????? 3s 50ms/step - acc: 0.5498 - auc: 0.5795 - loss: 0.6852 - val_acc: 0.7111 - val_auc: 0.7838 - val_loss: 0.6083
Epoch 3/10
49/50 ???????????????????? 0s 46ms/step - acc: 0.6959 - auc: 0.7628 - loss: 0.5911
Epoch 3: val_acc improved from 0.71111 to 0.76952, saving model to saved_models/best_MACSynDCR_CNN_model.keras
50/50 ???????????????????? 3s 51ms/step - acc: 0.6969 - auc: 0.7640 - loss: 0.5898 - val_acc: 0.7695 - val_auc: 0.8552 - val_loss: 0.4846
Epoch 4/10
49/50 ???????????????????? 0s 45ms/step - acc: 0.7825 - auc: 0.8648 - loss: 0.4637
Epoch 4: val_acc improved from 0.76952 to 0.80254, saving model to saved_models/best_MACSynDCR_CNN_model.keras
50/50 ???????????????????? 2s 49ms/step - acc: 0.7824 - auc: 0.8648 - loss: 0.4635 - val_acc: 0.8025 - val_auc: 0.8830 - val_loss: 0.4323
Epoch 5/10
49/50 ???????????????????? 0s 45ms/step - acc: 0.8051 - auc: 0.8832 - loss: 0.4306
Epoch 5: val_acc improved from 0.80254 to 0.80698, saving model to saved_models/best_MACSynDCR_CNN_model.keras
50/50 ???????????????????? 3s 50ms/step - acc: 0.8052 - auc: 0.8833 - loss: 0.4304 - val_acc: 0.8070 - val_auc: 0.8924 - val_loss: 0.4136
Epoch 6/10
49/50 ???????????????????? 0s 46ms/step - acc: 0.8167 - auc: 0.8994 - loss: 0.4005
Epoch 6: val_acc improved from 0.80698 to 0.81651, saving model to saved_models/best_MACSynDCR_CNN_model.keras
50/50 ???????????????????? 3s 51ms/step - acc: 0.8167 - auc: 0.8993 - loss: 0.4007 - val_acc: 0.8165 - val_auc: 0.8993 - val_loss: 0.4029
Epoch 7/10
49/50 ???????????????????? 0s 46ms/step - acc: 0.8316 - auc: 0.9109 - loss: 0.3779
Epoch 7: val_acc improved from 0.81651 to 0.82603, saving model to saved_models/best_MACSynDCR_CNN_model.keras
50/50 ???????????????????? 3s 51ms/step - acc: 0.8313 - auc: 0.9106 - loss: 0.3784 - val_acc: 0.8260 - val_auc: 0.9027 - val_loss: 0.3997
Epoch 8/10
49/50 ???????????????????? 0s 47ms/step - acc: 0.8208 - auc: 0.9053 - loss: 0.3906
Epoch 8: val_acc improved from 0.82603 to 0.83175, saving model to saved_models/best_MACSynDCR_CNN_model.keras
50/50 ???????????????????? 3s 51ms/step - acc: 0.8210 - auc: 0.9055 - loss: 0.3901 - val_acc: 0.8317 - val_auc: 0.9059 - val_loss: 0.3885
Epoch 9/10
50/50 ???????????????????? 0s 45ms/step - acc: 0.8261 - auc: 0.9014 - loss: 0.3997
Epoch 9: val_acc improved from 0.83175 to 0.83619, saving model to saved_models/best_MACSynDCR_CNN_model.keras
50/50 ???????????????????? 3s 51ms/step - acc: 0.8262 - auc: 0.9016 - loss: 0.3993 - val_acc: 0.8362 - val_auc: 0.9101 - val_loss: 0.3801
Epoch 10/10
50/50 ???????????????????? 0s 46ms/step - acc: 0.8488 - auc: 0.9209 - loss: 0.3583
Epoch 10: val_acc improved from 0.83619 to 0.84571, saving model to saved_models/best_MACSynDCR_CNN_model.keras
50/50 ???????????????????? 3s 51ms/step - acc: 0.8489 - auc: 0.9209 - loss: 0.3582 - val_acc: 0.8457 - val_auc: 0.9172 - val_loss: 0.3653
50/50 ???????????????????? 0s 5ms/step
50/50 ???????????????????? 0s 4ms/step
CNN: Accuracy: 0.8457, AUC-ROC: 0.9175
CNN: AUC-PR: 0.9144, Precision: 0.8657,
CNN Recall: 0.8159, F1 Score: 0.8400
CNN:RMSE: 15.5885 , PCC: 0.7406
Evaluation of Keras MACSynDCR_ANN model:
50/50 ???????????????????? 1s 4ms/step - acc: 0.8635 - auc: 0.9376 - loss: 0.4372
Evaluate->  Loss: 0.4397, Accuracy: 0.8679,AUC: 0.9398
50/50 ???????????????????? 0s 6ms/step
197/197 ???????????????????? 1s 3ms/step
ANN: Accuracy: 0.8679, AUC-ROC: 0.9429
ANN: AUC-PR: 0.9376, Precision: 0.8534,
ANN Recall: 0.8862, F1 Score: 0.8695
ANN:RMSE: 14.4222 , PCC: 0.7786
****************************************************************************************************
Evaluation of Keras MACSynDCR_CNN model:
50/50 ???????????????????? 1s 4ms/step - acc: 0.8324 - auc: 0.9090 - loss: 0.3820
Evaluate->  Loss: 0.3653, Accuracy: 0.8457,Accuracy: 0.9172
50/50 ???????????????????? 0s 5ms/step
197/197 ???????????????????? 1s 4ms/step
CNN: Accuracy: 0.8457, AUC-ROC: 0.9175
CNN: AUC-PR: 0.9144, Precision: 0.8657,
CNN Recall: 0.8159, F1 Score: 0.8400
CNN:RMSE: 15.5885 , PCC: 0.7406
****************************************************************************************************
Accuracy Score and AUC for ANN = AUC: 0.9460, Accuracy: 0.8775
Accuracy Score and AUC for KANN = AUC: 0.9429, Accuracy: 0.8679
Accuracy Score and AUC for KCNN = AUC: 0.9175, Accuracy: 0.8457
Average AUC = AUC: 0.9547, Accuracy: 0.8851
MAX AUC = AUC: 0.9457, Accuracy: 0.8565
Fitting 5 folds for each of 14 candidates, totalling 70 fits
Finall ensemble results of fold_1 for MACSynDCR:
----------------------------------------------------------------------------------------------------
Ensemble Accuracy: 0.8895, AUC-ROC: 0.9568
Ensemble AUC-PR: 0.9541, Precision: 0.8918,
Ensemble Recall: 0.8849, F1 Score: 0.8883
Ensemble RMSE: 13.1909 , PCC: 0.8227
----------------------------------------------------------------------------------------------------
Fold 2
Data processing and Training of MACSynDCR_ANN model:
ANN_model saved with Val_ACC: 0.4946 Val_AUC: 0.5034
fold_2: Epoch [1/10], Loss: 0.7138, Val_ACC: 0.4946, Val_AUC: 0.5034
ANN_model saved with Val_ACC: 0.7841 Val_AUC: 0.8613
ANN_model saved with Val_ACC: 0.8387 Val_AUC: 0.9100
ANN_model saved with Val_ACC: 0.8483 Val_AUC: 0.9182
ANN_model saved with Val_ACC: 0.8648 Val_AUC: 0.9266
ANN_model saved with Val_ACC: 0.8673 Val_AUC: 0.9339
ANN_model saved with Val_ACC: 0.8737 Val_AUC: 0.9413
ANN_model saved with Val_ACC: 0.8762 Val_AUC: 0.9481
ANN_model saved with Val_ACC: 0.8876 Val_AUC: 0.9555
ANN_model saved with Val_ACC: 0.8940 Val_AUC: 0.9577
Accuracy: 0.8940, AUC-ROC: 0.9577
 AUC-PR: 0.9572, Precision: 0.9032, Recall: 0.8787, F1 Score: 0.8908
RMSE: 11.1662 , PCC: 0.8278
Data processing and Training of MACSynDCR_ANN model:
MACSynDCR_ANN model:
Model: "sequential_2"
????????????????????????????????????????????????????????????????????????????????????????
? Layer (type)                         ? Output Shape                ?         Param # ?
????????????????????????????????????????????????????????????????????????????????????????
¦ dense_8 (Dense)                      ¦ (None, 2048)                ¦       4,458,496 ¦
+--------------------------------------+-----------------------------+-----------------¦
¦ batch_normalization_5                ¦ (None, 2048)                ¦           8,192 ¦
¦ (BatchNormalization)                 ¦                             ¦                 ¦
+--------------------------------------+-----------------------------+-----------------¦
¦ dense_9 (Dense)                      ¦ (None, 1024)                ¦       2,098,176 ¦
+--------------------------------------+-----------------------------+-----------------¦
¦ batch_normalization_6                ¦ (None, 1024)                ¦           4,096 ¦
¦ (BatchNormalization)                 ¦                             ¦                 ¦
+--------------------------------------+-----------------------------+-----------------¦
¦ dense_10 (Dense)                     ¦ (None, 512)                 ¦         524,800 ¦
+--------------------------------------+-----------------------------+-----------------¦
¦ batch_normalization_7                ¦ (None, 512)                 ¦           2,048 ¦
¦ (BatchNormalization)                 ¦                             ¦                 ¦
+--------------------------------------+-----------------------------+-----------------¦
¦ dense_11 (Dense)                     ¦ (None, 256)                 ¦         131,328 ¦
+--------------------------------------+-----------------------------+-----------------¦
¦ batch_normalization_8                ¦ (None, 256)                 ¦           1,024 ¦
¦ (BatchNormalization)                 ¦                             ¦                 ¦
+--------------------------------------+-----------------------------+-----------------¦
¦ dense_12 (Dense)                     ¦ (None, 128)                 ¦          32,896 ¦
+--------------------------------------+-----------------------------+-----------------¦
¦ batch_normalization_9                ¦ (None, 128)                 ¦             512 ¦
¦ (BatchNormalization)                 ¦                             ¦                 ¦
+--------------------------------------+-----------------------------+-----------------¦
¦ dense_13 (Dense)                     ¦ (None, 2)                   ¦             258 ¦
+--------------------------------------------------------------------------------------+
 Total params: 7,261,826 (27.70 MB)
 Trainable params: 7,253,890 (27.67 MB)
 Non-trainable params: 7,936 (31.00 KB)
Epoch 1/10
50/50 ???????????????????? 0s 46ms/step - acc: 0.7351 - auc: 0.8094 - loss: 0.6127
Epoch 1: val_auc improved from -inf to 0.68449, saving model to saved_models/best_MACSynDCR_ANN_model.keras
50/50 ???????????????????? 6s 66ms/step - acc: 0.7362 - auc: 0.8105 - loss: 0.6101 - val_acc: 0.5384 - val_auc: 0.6845 - val_loss: 0.9665
Epoch 2/10
49/50 ???????????????????? 0s 47ms/step - acc: 0.8897 - auc: 0.9599 - loss: 0.2575
Epoch 2: val_auc improved from 0.68449 to 0.83909, saving model to saved_models/best_MACSynDCR_ANN_model.keras
50/50 ???????????????????? 3s 61ms/step - acc: 0.8897 - auc: 0.9599 - loss: 0.2575 - val_acc: 0.7454 - val_auc: 0.8391 - val_loss: 0.5047
Epoch 3/10
49/50 ???????????????????? 0s 48ms/step - acc: 0.9189 - auc: 0.9766 - loss: 0.1981
Epoch 3: val_auc improved from 0.83909 to 0.86811, saving model to saved_models/best_MACSynDCR_ANN_model.keras
50/50 ???????????????????? 3s 61ms/step - acc: 0.9191 - auc: 0.9766 - loss: 0.1979 - val_acc: 0.7746 - val_auc: 0.8681 - val_loss: 0.5290
Epoch 4/10
49/50 ???????????????????? 0s 46ms/step - acc: 0.9519 - auc: 0.9916 - loss: 0.1208
Epoch 4: val_auc improved from 0.86811 to 0.88496, saving model to saved_models/best_MACSynDCR_ANN_model.keras
50/50 ???????????????????? 3s 59ms/step - acc: 0.9519 - auc: 0.9915 - loss: 0.1211 - val_acc: 0.7975 - val_auc: 0.8850 - val_loss: 0.4839
Epoch 5/10
49/50 ???????????????????? 0s 46ms/step - acc: 0.9509 - auc: 0.9913 - loss: 0.1189
Epoch 5: val_auc improved from 0.88496 to 0.91946, saving model to saved_models/best_MACSynDCR_ANN_model.keras
50/50 ???????????????????? 3s 59ms/step - acc: 0.9505 - auc: 0.9912 - loss: 0.1196 - val_acc: 0.8356 - val_auc: 0.9195 - val_loss: 0.4220
Epoch 6/10
50/50 ???????????????????? 0s 46ms/step - acc: 0.9537 - auc: 0.9911 - loss: 0.1204
Epoch 6: val_auc improved from 0.91946 to 0.94363, saving model to saved_models/best_MACSynDCR_ANN_model.keras
50/50 ???????????????????? 3s 60ms/step - acc: 0.9536 - auc: 0.9911 - loss: 0.1206 - val_acc: 0.8756 - val_auc: 0.9436 - val_loss: 0.3404
Epoch 7/10
49/50 ???????????????????? 0s 47ms/step - acc: 0.9575 - auc: 0.9937 - loss: 0.1038
Epoch 7: val_auc improved from 0.94363 to 0.94817, saving model to saved_models/best_MACSynDCR_ANN_model.keras
50/50 ???????????????????? 3s 61ms/step - acc: 0.9575 - auc: 0.9937 - loss: 0.1039 - val_acc: 0.8787 - val_auc: 0.9482 - val_loss: 0.3488
Epoch 8/10
49/50 ???????????????????? 0s 47ms/step - acc: 0.9660 - auc: 0.9951 - loss: 0.0895
Epoch 8: val_auc did not improve from 0.94817
50/50 ???????????????????? 2s 49ms/step - acc: 0.9660 - auc: 0.9951 - loss: 0.0896 - val_acc: 0.8851 - val_auc: 0.9438 - val_loss: 0.3766
Epoch 9/10
50/50 ???????????????????? 0s 46ms/step - acc: 0.9744 - auc: 0.9963 - loss: 0.0739
Epoch 9: val_auc did not improve from 0.94817
50/50 ???????????????????? 2s 49ms/step - acc: 0.9744 - auc: 0.9963 - loss: 0.0739 - val_acc: 0.8908 - val_auc: 0.9444 - val_loss: 0.3929
Epoch 10/10
50/50 ???????????????????? 0s 47ms/step - acc: 0.9724 - auc: 0.9956 - loss: 0.0777
Epoch 10: val_auc did not improve from 0.94817
50/50 ???????????????????? 2s 49ms/step - acc: 0.9724 - auc: 0.9956 - loss: 0.0777 - val_acc: 0.8857 - val_auc: 0.9468 - val_loss: 0.3859
50/50 ???????????????????? 0s 6ms/step
50/50 ???????????????????? 0s 4ms/step
ANN: Accuracy: 0.8787, AUC-ROC: 0.9513
ANN: AUC-PR: 0.9512, Precision: 0.8957,
ANN Recall: 0.8529, F1 Score: 0.8738
\ANN:RMSE: 13.8203 , PCC: 0.8055
Data processing and Training of MACSynDCR_CNN model:
MACSynDCR_CNN model:
Model: "sequential_3"
????????????????????????????????????????????????????????????????????????????????????????
? Layer (type)                         ? Output Shape                ?         Param # ?
????????????????????????????????????????????????????????????????????????????????????????
¦ conv2d_3 (Conv2D)                    ¦ (None, 66, 30, 32)          ¦             320 ¦
+--------------------------------------+-----------------------------+-----------------¦
¦ max_pooling2d_3 (MaxPooling2D)       ¦ (None, 33, 15, 32)          ¦               0 ¦
+--------------------------------------+-----------------------------+-----------------¦
¦ dropout_3 (Dropout)                  ¦ (None, 33, 15, 32)          ¦               0 ¦
+--------------------------------------+-----------------------------+-----------------¦
¦ conv2d_4 (Conv2D)                    ¦ (None, 31, 13, 64)          ¦          18,496 ¦
+--------------------------------------+-----------------------------+-----------------¦
¦ max_pooling2d_4 (MaxPooling2D)       ¦ (None, 15, 6, 64)           ¦               0 ¦
+--------------------------------------+-----------------------------+-----------------¦
¦ dropout_4 (Dropout)                  ¦ (None, 15, 6, 64)           ¦               0 ¦
+--------------------------------------+-----------------------------+-----------------¦
¦ conv2d_5 (Conv2D)                    ¦ (None, 13, 4, 128)          ¦          73,856 ¦
+--------------------------------------+-----------------------------+-----------------¦
¦ max_pooling2d_5 (MaxPooling2D)       ¦ (None, 6, 2, 128)           ¦               0 ¦
+--------------------------------------+-----------------------------+-----------------¦
¦ dropout_5 (Dropout)                  ¦ (None, 6, 2, 128)           ¦               0 ¦
+--------------------------------------+-----------------------------+-----------------¦
¦ flatten_1 (Flatten)                  ¦ (None, 1536)                ¦               0 ¦
+--------------------------------------+-----------------------------+-----------------¦
¦ dense_14 (Dense)                     ¦ (None, 128)                 ¦         196,736 ¦
+--------------------------------------+-----------------------------+-----------------¦
¦ dense_15 (Dense)                     ¦ (None, 2)                   ¦             258 ¦
+--------------------------------------------------------------------------------------+
 Total params: 289,666 (1.10 MB)
 Trainable params: 289,666 (1.10 MB)
 Non-trainable params: 0 (0.00 B)
Epoch 1/10
48/50 ???????????????????? 0s 45ms/step - acc: 0.5122 - auc: 0.5121 - loss: 0.7094
Epoch 1: val_acc improved from -inf to 0.50794, saving model to saved_models/best_MACSynDCR_CNN_model.keras
50/50 ???????????????????? 4s 54ms/step - acc: 0.5122 - auc: 0.5122 - loss: 0.7087 - val_acc: 0.5079 - val_auc: 0.5096 - val_loss: 0.6927
Epoch 2/10
49/50 ???????????????????? 0s 46ms/step - acc: 0.5005 - auc: 0.5146 - loss: 0.6930
Epoch 2: val_acc improved from 0.50794 to 0.66794, saving model to saved_models/best_MACSynDCR_CNN_model.keras
50/50 ???????????????????? 3s 50ms/step - acc: 0.5009 - auc: 0.5150 - loss: 0.6930 - val_acc: 0.6679 - val_auc: 0.7312 - val_loss: 0.6878
Epoch 3/10
49/50 ???????????????????? 0s 47ms/step - acc: 0.5786 - auc: 0.6009 - loss: 0.6820
Epoch 3: val_acc improved from 0.66794 to 0.73143, saving model to saved_models/best_MACSynDCR_CNN_model.keras
50/50 ???????????????????? 3s 51ms/step - acc: 0.5789 - auc: 0.6016 - loss: 0.6816 - val_acc: 0.7314 - val_auc: 0.7993 - val_loss: 0.6154
Epoch 4/10
49/50 ???????????????????? 0s 45ms/step - acc: 0.7061 - auc: 0.7744 - loss: 0.5910
Epoch 4: val_acc improved from 0.73143 to 0.77333, saving model to saved_models/best_MACSynDCR_CNN_model.keras
50/50 ???????????????????? 2s 48ms/step - acc: 0.7067 - auc: 0.7752 - loss: 0.5897 - val_acc: 0.7733 - val_auc: 0.8498 - val_loss: 0.4881
Epoch 5/10
50/50 ???????????????????? 0s 46ms/step - acc: 0.7751 - auc: 0.8530 - loss: 0.4787
Epoch 5: val_acc improved from 0.77333 to 0.80825, saving model to saved_models/best_MACSynDCR_CNN_model.keras
50/50 ???????????????????? 3s 51ms/step - acc: 0.7754 - auc: 0.8532 - loss: 0.4784 - val_acc: 0.8083 - val_auc: 0.8894 - val_loss: 0.4314
Epoch 6/10
49/50 ???????????????????? 0s 47ms/step - acc: 0.7910 - auc: 0.8726 - loss: 0.4481
Epoch 6: val_acc improved from 0.80825 to 0.81968, saving model to saved_models/best_MACSynDCR_CNN_model.keras
50/50 ???????????????????? 3s 52ms/step - acc: 0.7912 - auc: 0.8730 - loss: 0.4475 - val_acc: 0.8197 - val_auc: 0.9018 - val_loss: 0.3992
Epoch 7/10
49/50 ???????????????????? 0s 47ms/step - acc: 0.8006 - auc: 0.8825 - loss: 0.4307
Epoch 7: val_acc improved from 0.81968 to 0.82730, saving model to saved_models/best_MACSynDCR_CNN_model.keras
50/50 ???????????????????? 3s 51ms/step - acc: 0.8011 - auc: 0.8829 - loss: 0.4300 - val_acc: 0.8273 - val_auc: 0.9060 - val_loss: 0.3942
Epoch 8/10
50/50 ???????????????????? 0s 45ms/step - acc: 0.8146 - auc: 0.8954 - loss: 0.4094
Epoch 8: val_acc improved from 0.82730 to 0.83429, saving model to saved_models/best_MACSynDCR_CNN_model.keras
50/50 ???????????????????? 2s 49ms/step - acc: 0.8147 - auc: 0.8954 - loss: 0.4093 - val_acc: 0.8343 - val_auc: 0.9124 - val_loss: 0.3800
Epoch 9/10
50/50 ???????????????????? 0s 44ms/step - acc: 0.8314 - auc: 0.9058 - loss: 0.3888
Epoch 9: val_acc improved from 0.83429 to 0.84635, saving model to saved_models/best_MACSynDCR_CNN_model.keras
50/50 ???????????????????? 2s 49ms/step - acc: 0.8312 - auc: 0.9058 - loss: 0.3889 - val_acc: 0.8463 - val_auc: 0.9153 - val_loss: 0.3744
Epoch 10/10
50/50 ???????????????????? 0s 44ms/step - acc: 0.8436 - auc: 0.9124 - loss: 0.3763
Epoch 10: val_acc did not improve from 0.84635
50/50 ???????????????????? 2s 48ms/step - acc: 0.8435 - auc: 0.9124 - loss: 0.3764 - val_acc: 0.8406 - val_auc: 0.9138 - val_loss: 0.3783
50/50 ???????????????????? 0s 5ms/step
50/50 ???????????????????? 0s 4ms/step
CNN: Accuracy: 0.8463, AUC-ROC: 0.9154
CNN: AUC-PR: 0.9120, Precision: 0.8378,
CNN Recall: 0.8529, F1 Score: 0.8453
CNN:RMSE: 15.5563 , PCC: 0.7351
Evaluation of Keras MACSynDCR_ANN model:
50/50 ???????????????????? 1s 4ms/step - acc: 0.8786 - auc: 0.9510 - loss: 0.3286
Evaluate->  Loss: 0.3488, Accuracy: 0.8787,AUC: 0.9482
50/50 ???????????????????? 0s 6ms/step
197/197 ???????????????????? 1s 4ms/step
ANN: Accuracy: 0.8787, AUC-ROC: 0.9513
ANN: AUC-PR: 0.9512, Precision: 0.8957,
ANN Recall: 0.8529, F1 Score: 0.8738
ANN:RMSE: 13.8203 , PCC: 0.8055
****************************************************************************************************
Evaluation of Keras MACSynDCR_CNN model:
50/50 ???????????????????? 1s 4ms/step - acc: 0.8623 - auc: 0.9243 - loss: 0.3573
Evaluate->  Loss: 0.3744, Accuracy: 0.8463,Accuracy: 0.9153
50/50 ???????????????????? 0s 5ms/step
197/197 ???????????????????? 1s 4ms/step
CNN: Accuracy: 0.8463, AUC-ROC: 0.9154
CNN: AUC-PR: 0.9120, Precision: 0.8378,
CNN Recall: 0.8529, F1 Score: 0.8453
CNN:RMSE: 15.5563 , PCC: 0.7351
****************************************************************************************************
Accuracy Score and AUC for ANN = AUC: 0.9577, Accuracy: 0.8940
Accuracy Score and AUC for KANN = AUC: 0.9513, Accuracy: 0.8787
Accuracy Score and AUC for KCNN = AUC: 0.9154, Accuracy: 0.8463
Average AUC = AUC: 0.9616, Accuracy: 0.8984
MAX AUC = AUC: 0.9550, Accuracy: 0.8610
Fitting 5 folds for each of 14 candidates, totalling 70 fits
Finall ensemble results of fold_2 for MACSynDCR:
----------------------------------------------------------------------------------------------------
Ensemble Accuracy: 0.9003, AUC-ROC: 0.9630
Ensemble AUC-PR: 0.9626, Precision: 0.9034,
Ensemble Recall: 0.8929, F1 Score: 0.8981
Ensemble RMSE: 12.5300 , PCC: 0.8420
----------------------------------------------------------------------------------------------------
Fold 3
Data processing and Training of MACSynDCR_ANN model:
ANN_model saved with Val_ACC: 0.4819 Val_AUC: 0.4758
fold_3: Epoch [1/10], Loss: 0.6991, Val_ACC: 0.4819, Val_AUC: 0.4758
ANN_model saved with Val_ACC: 0.7949 Val_AUC: 0.8696
ANN_model saved with Val_ACC: 0.8292 Val_AUC: 0.9106
ANN_model saved with Val_ACC: 0.8337 Val_AUC: 0.9206
ANN_model saved with Val_ACC: 0.8463 Val_AUC: 0.9291
ANN_model saved with Val_ACC: 0.8552 Val_AUC: 0.9368
ANN_model saved with Val_ACC: 0.8673 Val_AUC: 0.9442
ANN_model saved with Val_ACC: 0.8819 Val_AUC: 0.9500
ANN_model saved with Val_ACC: 0.8838 Val_AUC: 0.9527
ANN_model saved with Val_ACC: 0.8895 Val_AUC: 0.9556
Accuracy: 0.8895, AUC-ROC: 0.9556
 AUC-PR: 0.9472, Precision: 0.8846, Recall: 0.8892, F1 Score: 0.8869
RMSE: 11.3124 , PCC: 0.8228
Data processing and Training of MACSynDCR_ANN model:
MACSynDCR_ANN model:
Model: "sequential_4"
????????????????????????????????????????????????????????????????????????????????????????
? Layer (type)                         ? Output Shape                ?         Param # ?
????????????????????????????????????????????????????????????????????????????????????????
¦ dense_16 (Dense)                     ¦ (None, 2048)                ¦       4,458,496 ¦
+--------------------------------------+-----------------------------+-----------------¦
¦ batch_normalization_10               ¦ (None, 2048)                ¦           8,192 ¦
¦ (BatchNormalization)                 ¦                             ¦                 ¦
+--------------------------------------+-----------------------------+-----------------¦
¦ dense_17 (Dense)                     ¦ (None, 1024)                ¦       2,098,176 ¦
+--------------------------------------+-----------------------------+-----------------¦
¦ batch_normalization_11               ¦ (None, 1024)                ¦           4,096 ¦
¦ (BatchNormalization)                 ¦                             ¦                 ¦
+--------------------------------------+-----------------------------+-----------------¦
¦ dense_18 (Dense)                     ¦ (None, 512)                 ¦         524,800 ¦
+--------------------------------------+-----------------------------+-----------------¦
¦ batch_normalization_12               ¦ (None, 512)                 ¦           2,048 ¦
¦ (BatchNormalization)                 ¦                             ¦                 ¦
+--------------------------------------+-----------------------------+-----------------¦
¦ dense_19 (Dense)                     ¦ (None, 256)                 ¦         131,328 ¦
+--------------------------------------+-----------------------------+-----------------¦
¦ batch_normalization_13               ¦ (None, 256)                 ¦           1,024 ¦
¦ (BatchNormalization)                 ¦                             ¦                 ¦
+--------------------------------------+-----------------------------+-----------------¦
¦ dense_20 (Dense)                     ¦ (None, 128)                 ¦          32,896 ¦
+--------------------------------------+-----------------------------+-----------------¦
¦ batch_normalization_14               ¦ (None, 128)                 ¦             512 ¦
¦ (BatchNormalization)                 ¦                             ¦                 ¦
+--------------------------------------+-----------------------------+-----------------¦
¦ dense_21 (Dense)                     ¦ (None, 2)                   ¦             258 ¦
+--------------------------------------------------------------------------------------+
 Total params: 7,261,826 (27.70 MB)
 Trainable params: 7,253,890 (27.67 MB)
 Non-trainable params: 7,936 (31.00 KB)
Epoch 1/10
50/50 ???????????????????? 0s 47ms/step - acc: 0.7404 - auc: 0.8144 - loss: 0.6110
Epoch 1: val_auc improved from -inf to 0.78074, saving model to saved_models/best_MACSynDCR_ANN_model.keras
50/50 ???????????????????? 7s 69ms/step - acc: 0.7415 - auc: 0.8156 - loss: 0.6084 - val_acc: 0.6997 - val_auc: 0.7807 - val_loss: 0.6014
Epoch 2/10
49/50 ???????????????????? 0s 48ms/step - acc: 0.8884 - auc: 0.9587 - loss: 0.2610
Epoch 2: val_auc improved from 0.78074 to 0.87890, saving model to saved_models/best_MACSynDCR_ANN_model.keras
50/50 ???????????????????? 3s 64ms/step - acc: 0.8887 - auc: 0.9589 - loss: 0.2605 - val_acc: 0.7930 - val_auc: 0.8789 - val_loss: 0.4388
Epoch 3/10
49/50 ???????????????????? 0s 46ms/step - acc: 0.9378 - auc: 0.9847 - loss: 0.1617
Epoch 3: val_auc improved from 0.87890 to 0.90931, saving model to saved_models/best_MACSynDCR_ANN_model.keras
50/50 ???????????????????? 3s 62ms/step - acc: 0.9376 - auc: 0.9847 - loss: 0.1620 - val_acc: 0.8260 - val_auc: 0.9093 - val_loss: 0.3882
Epoch 4/10
50/50 ???????????????????? 0s 47ms/step - acc: 0.9475 - auc: 0.9884 - loss: 0.1379
Epoch 4: val_auc did not improve from 0.90931
50/50 ???????????????????? 2s 49ms/step - acc: 0.9474 - auc: 0.9884 - loss: 0.1381 - val_acc: 0.8076 - val_auc: 0.8884 - val_loss: 0.4864
Epoch 5/10
49/50 ???????????????????? 0s 47ms/step - acc: 0.9453 - auc: 0.9877 - loss: 0.1408
Epoch 5: val_auc improved from 0.90931 to 0.92714, saving model to saved_models/best_MACSynDCR_ANN_model.keras
50/50 ???????????????????? 3s 60ms/step - acc: 0.9453 - auc: 0.9877 - loss: 0.1409 - val_acc: 0.8641 - val_auc: 0.9271 - val_loss: 0.4319
Epoch 6/10
49/50 ???????????????????? 0s 47ms/step - acc: 0.9599 - auc: 0.9928 - loss: 0.1089
Epoch 6: val_auc improved from 0.92714 to 0.94964, saving model to saved_models/best_MACSynDCR_ANN_model.keras
50/50 ???????????????????? 3s 60ms/step - acc: 0.9599 - auc: 0.9928 - loss: 0.1090 - val_acc: 0.8781 - val_auc: 0.9496 - val_loss: 0.3472
Epoch 7/10
49/50 ???????????????????? 0s 47ms/step - acc: 0.9632 - auc: 0.9934 - loss: 0.0978
Epoch 7: val_auc did not improve from 0.94964
50/50 ???????????????????? 2s 49ms/step - acc: 0.9631 - auc: 0.9934 - loss: 0.0980 - val_acc: 0.8883 - val_auc: 0.9432 - val_loss: 0.3798
Epoch 8/10
49/50 ???????????????????? 0s 47ms/step - acc: 0.9726 - auc: 0.9953 - loss: 0.0835
Epoch 8: val_auc did not improve from 0.94964
50/50 ???????????????????? 2s 49ms/step - acc: 0.9725 - auc: 0.9953 - loss: 0.0836 - val_acc: 0.8946 - val_auc: 0.9488 - val_loss: 0.3782
Epoch 9/10
49/50 ???????????????????? 0s 47ms/step - acc: 0.9705 - auc: 0.9965 - loss: 0.0759
Epoch 9: val_auc did not improve from 0.94964
50/50 ???????????????????? 3s 50ms/step - acc: 0.9704 - auc: 0.9964 - loss: 0.0763 - val_acc: 0.8743 - val_auc: 0.9345 - val_loss: 0.4306
Epoch 10/10
49/50 ???????????????????? 0s 46ms/step - acc: 0.9732 - auc: 0.9963 - loss: 0.0752
Epoch 10: val_auc improved from 0.94964 to 0.95302, saving model to saved_models/best_MACSynDCR_ANN_model.keras
50/50 ???????????????????? 3s 60ms/step - acc: 0.9731 - auc: 0.9963 - loss: 0.0754 - val_acc: 0.8870 - val_auc: 0.9530 - val_loss: 0.3627
50/50 ???????????????????? 0s 6ms/step
50/50 ???????????????????? 0s 4ms/step
ANN: Accuracy: 0.8870, AUC-ROC: 0.9581
ANN: AUC-PR: 0.9582, Precision: 0.8742,
ANN Recall: 0.8970, F1 Score: 0.8855
\ANN:RMSE: 13.3417 , PCC: 0.8095
Data processing and Training of MACSynDCR_CNN model:
MACSynDCR_CNN model:
Model: "sequential_5"
????????????????????????????????????????????????????????????????????????????????????????
? Layer (type)                         ? Output Shape                ?         Param # ?
????????????????????????????????????????????????????????????????????????????????????????
¦ conv2d_6 (Conv2D)                    ¦ (None, 66, 30, 32)          ¦             320 ¦
+--------------------------------------+-----------------------------+-----------------¦
¦ max_pooling2d_6 (MaxPooling2D)       ¦ (None, 33, 15, 32)          ¦               0 ¦
+--------------------------------------+-----------------------------+-----------------¦
¦ dropout_6 (Dropout)                  ¦ (None, 33, 15, 32)          ¦               0 ¦
+--------------------------------------+-----------------------------+-----------------¦
¦ conv2d_7 (Conv2D)                    ¦ (None, 31, 13, 64)          ¦          18,496 ¦
+--------------------------------------+-----------------------------+-----------------¦
¦ max_pooling2d_7 (MaxPooling2D)       ¦ (None, 15, 6, 64)           ¦               0 ¦
+--------------------------------------+-----------------------------+-----------------¦
¦ dropout_7 (Dropout)                  ¦ (None, 15, 6, 64)           ¦               0 ¦
+--------------------------------------+-----------------------------+-----------------¦
¦ conv2d_8 (Conv2D)                    ¦ (None, 13, 4, 128)          ¦          73,856 ¦
+--------------------------------------+-----------------------------+-----------------¦
¦ max_pooling2d_8 (MaxPooling2D)       ¦ (None, 6, 2, 128)           ¦               0 ¦
+--------------------------------------+-----------------------------+-----------------¦
¦ dropout_8 (Dropout)                  ¦ (None, 6, 2, 128)           ¦               0 ¦
+--------------------------------------+-----------------------------+-----------------¦
¦ flatten_2 (Flatten)                  ¦ (None, 1536)                ¦               0 ¦
+--------------------------------------+-----------------------------+-----------------¦
¦ dense_22 (Dense)                     ¦ (None, 128)                 ¦         196,736 ¦
+--------------------------------------+-----------------------------+-----------------¦
¦ dense_23 (Dense)                     ¦ (None, 2)                   ¦             258 ¦
+--------------------------------------------------------------------------------------+
 Total params: 289,666 (1.10 MB)
 Trainable params: 289,666 (1.10 MB)
 Non-trainable params: 0 (0.00 B)
Epoch 1/10
49/50 ???????????????????? 0s 46ms/step - acc: 0.4939 - auc: 0.4850 - loss: 0.7176
Epoch 1: val_acc improved from -inf to 0.48698, saving model to saved_models/best_MACSynDCR_CNN_model.keras
50/50 ???????????????????? 4s 56ms/step - acc: 0.4942 - auc: 0.4854 - loss: 0.7169 - val_acc: 0.4870 - val_auc: 0.4995 - val_loss: 0.6944
Epoch 2/10
49/50 ???????????????????? 0s 48ms/step - acc: 0.5074 - auc: 0.5081 - loss: 0.6939
Epoch 2: val_acc improved from 0.48698 to 0.58476, saving model to saved_models/best_MACSynDCR_CNN_model.keras
50/50 ???????????????????? 3s 52ms/step - acc: 0.5073 - auc: 0.5081 - loss: 0.6939 - val_acc: 0.5848 - val_auc: 0.5006 - val_loss: 0.6929
Epoch 3/10
49/50 ???????????????????? 0s 44ms/step - acc: 0.5193 - auc: 0.5305 - loss: 0.6923
Epoch 3: val_acc improved from 0.58476 to 0.61714, saving model to saved_models/best_MACSynDCR_CNN_model.keras
50/50 ???????????????????? 2s 49ms/step - acc: 0.5194 - auc: 0.5307 - loss: 0.6923 - val_acc: 0.6171 - val_auc: 0.6674 - val_loss: 0.6818
Epoch 4/10
49/50 ???????????????????? 0s 45ms/step - acc: 0.5837 - auc: 0.6192 - loss: 0.6716
Epoch 4: val_acc improved from 0.61714 to 0.69587, saving model to saved_models/best_MACSynDCR_CNN_model.keras
50/50 ???????????????????? 2s 49ms/step - acc: 0.5847 - auc: 0.6206 - loss: 0.6710 - val_acc: 0.6959 - val_auc: 0.7613 - val_loss: 0.6090
Epoch 5/10
49/50 ???????????????????? 0s 45ms/step - acc: 0.6976 - auc: 0.7644 - loss: 0.5909
Epoch 5: val_acc improved from 0.69587 to 0.75429, saving model to saved_models/best_MACSynDCR_CNN_model.keras
50/50 ???????????????????? 2s 49ms/step - acc: 0.6984 - auc: 0.7653 - loss: 0.5900 - val_acc: 0.7543 - val_auc: 0.8214 - val_loss: 0.5252
Epoch 6/10
49/50 ???????????????????? 0s 44ms/step - acc: 0.7460 - auc: 0.8265 - loss: 0.5169
Epoch 6: val_acc improved from 0.75429 to 0.78730, saving model to saved_models/best_MACSynDCR_CNN_model.keras
50/50 ???????????????????? 2s 48ms/step - acc: 0.7466 - auc: 0.8271 - loss: 0.5161 - val_acc: 0.7873 - val_auc: 0.8708 - val_loss: 0.4583
Epoch 7/10
50/50 ???????????????????? 0s 44ms/step - acc: 0.7882 - auc: 0.8688 - loss: 0.4558
Epoch 7: val_acc improved from 0.78730 to 0.80127, saving model to saved_models/best_MACSynDCR_CNN_model.keras
50/50 ???????????????????? 2s 49ms/step - acc: 0.7883 - auc: 0.8688 - loss: 0.4557 - val_acc: 0.8013 - val_auc: 0.8900 - val_loss: 0.4236
Epoch 8/10
49/50 ???????????????????? 0s 45ms/step - acc: 0.8095 - auc: 0.8816 - loss: 0.4341
Epoch 8: val_acc improved from 0.80127 to 0.81841, saving model to saved_models/best_MACSynDCR_CNN_model.keras
50/50 ???????????????????? 2s 49ms/step - acc: 0.8095 - auc: 0.8818 - loss: 0.4337 - val_acc: 0.8184 - val_auc: 0.8984 - val_loss: 0.4063
Epoch 9/10
49/50 ???????????????????? 0s 45ms/step - acc: 0.8061 - auc: 0.8908 - loss: 0.4171
Epoch 9: val_acc improved from 0.81841 to 0.82095, saving model to saved_models/best_MACSynDCR_CNN_model.keras
50/50 ???????????????????? 2s 49ms/step - acc: 0.8065 - auc: 0.8910 - loss: 0.4168 - val_acc: 0.8210 - val_auc: 0.9046 - val_loss: 0.4008
Epoch 10/10
49/50 ???????????????????? 0s 46ms/step - acc: 0.8168 - auc: 0.8972 - loss: 0.4054
Epoch 10: val_acc improved from 0.82095 to 0.82984, saving model to saved_models/best_MACSynDCR_CNN_model.keras
50/50 ???????????????????? 3s 50ms/step - acc: 0.8169 - auc: 0.8973 - loss: 0.4051 - val_acc: 0.8298 - val_auc: 0.9108 - val_loss: 0.3832
50/50 ???????????????????? 0s 5ms/step
50/50 ???????????????????? 0s 4ms/step
CNN: Accuracy: 0.8298, AUC-ROC: 0.9107
CNN: AUC-PR: 0.9108, Precision: 0.8287,
CNN Recall: 0.8201, F1 Score: 0.8244
CNN:RMSE: 16.3707 , PCC: 0.7199
Evaluation of Keras MACSynDCR_ANN model:
50/50 ???????????????????? 1s 4ms/step - acc: 0.8843 - auc: 0.9503 - loss: 0.3802
Evaluate->  Loss: 0.3627, Accuracy: 0.8870,AUC: 0.9530
50/50 ???????????????????? 0s 6ms/step
197/197 ???????????????????? 1s 3ms/step
ANN: Accuracy: 0.8870, AUC-ROC: 0.9581
ANN: AUC-PR: 0.9582, Precision: 0.8742,
ANN Recall: 0.8970, F1 Score: 0.8855
ANN:RMSE: 13.3417 , PCC: 0.8095
****************************************************************************************************
Evaluation of Keras MACSynDCR_CNN model:
50/50 ???????????????????? 1s 4ms/step - acc: 0.8334 - auc: 0.9163 - loss: 0.3718
Evaluate->  Loss: 0.3832, Accuracy: 0.8298,Accuracy: 0.9108
50/50 ???????????????????? 0s 6ms/step
197/197 ???????????????????? 1s 4ms/step
CNN: Accuracy: 0.8298, AUC-ROC: 0.9107
CNN: AUC-PR: 0.9108, Precision: 0.8287,
CNN Recall: 0.8201, F1 Score: 0.8244
CNN:RMSE: 16.3707 , PCC: 0.7199
****************************************************************************************************
Accuracy Score and AUC for ANN = AUC: 0.9556, Accuracy: 0.8895
Accuracy Score and AUC for KANN = AUC: 0.9581, Accuracy: 0.8870
Accuracy Score and AUC for KCNN = AUC: 0.9107, Accuracy: 0.8298
Average AUC = AUC: 0.9619, Accuracy: 0.9035
MAX AUC = AUC: 0.9594, Accuracy: 0.8629
Fitting 5 folds for each of 14 candidates, totalling 70 fits
Finall ensemble results of fold_3 for MACSynDCR:
----------------------------------------------------------------------------------------------------
Ensemble Accuracy: 0.9041, AUC-ROC: 0.9646
Ensemble AUC-PR: 0.9588, Precision: 0.8949,
Ensemble Recall: 0.9100, F1 Score: 0.9024
Ensemble RMSE: 12.2882 , PCC: 0.8377
----------------------------------------------------------------------------------------------------
Fold 4
Data processing and Training of MACSynDCR_ANN model:
ANN_model saved with Val_ACC: 0.5073 Val_AUC: 0.5109
fold_4: Epoch [1/10], Loss: 0.7097, Val_ACC: 0.5073, Val_AUC: 0.5109
ANN_model saved with Val_ACC: 0.7810 Val_AUC: 0.8599
ANN_model saved with Val_ACC: 0.8184 Val_AUC: 0.9014
ANN_model saved with Val_ACC: 0.8349 Val_AUC: 0.9152
ANN_model saved with Val_ACC: 0.8444 Val_AUC: 0.9255
ANN_model saved with Val_ACC: 0.8584 Val_AUC: 0.9341
ANN_model saved with Val_ACC: 0.8673 Val_AUC: 0.9418
ANN_model saved with Val_ACC: 0.8787 Val_AUC: 0.9473
ANN_model saved with Val_ACC: 0.8844 Val_AUC: 0.9521
ANN_model saved with Val_ACC: 0.8895 Val_AUC: 0.9552
Accuracy: 0.8895, AUC-ROC: 0.9552
 AUC-PR: 0.9573, Precision: 0.9037, Recall: 0.8767, F1 Score: 0.8900
RMSE: 11.4496 , PCC: 0.8200
Data processing and Training of MACSynDCR_ANN model:
MACSynDCR_ANN model:
Model: "sequential_6"
????????????????????????????????????????????????????????????????????????????????????????
? Layer (type)                         ? Output Shape                ?         Param # ?
????????????????????????????????????????????????????????????????????????????????????????
¦ dense_24 (Dense)                     ¦ (None, 2048)                ¦       4,458,496 ¦
+--------------------------------------+-----------------------------+-----------------¦
¦ batch_normalization_15               ¦ (None, 2048)                ¦           8,192 ¦
¦ (BatchNormalization)                 ¦                             ¦                 ¦
+--------------------------------------+-----------------------------+-----------------¦
¦ dense_25 (Dense)                     ¦ (None, 1024)                ¦       2,098,176 ¦
+--------------------------------------+-----------------------------+-----------------¦
¦ batch_normalization_16               ¦ (None, 1024)                ¦           4,096 ¦
¦ (BatchNormalization)                 ¦                             ¦                 ¦
+--------------------------------------+-----------------------------+-----------------¦
¦ dense_26 (Dense)                     ¦ (None, 512)                 ¦         524,800 ¦
+--------------------------------------+-----------------------------+-----------------¦
¦ batch_normalization_17               ¦ (None, 512)                 ¦           2,048 ¦
¦ (BatchNormalization)                 ¦                             ¦                 ¦
+--------------------------------------+-----------------------------+-----------------¦
¦ dense_27 (Dense)                     ¦ (None, 256)                 ¦         131,328 ¦
+--------------------------------------+-----------------------------+-----------------¦
¦ batch_normalization_18               ¦ (None, 256)                 ¦           1,024 ¦
¦ (BatchNormalization)                 ¦                             ¦                 ¦
+--------------------------------------+-----------------------------+-----------------¦
¦ dense_28 (Dense)                     ¦ (None, 128)                 ¦          32,896 ¦
+--------------------------------------+-----------------------------+-----------------¦
¦ batch_normalization_19               ¦ (None, 128)                 ¦             512 ¦
¦ (BatchNormalization)                 ¦                             ¦                 ¦
+--------------------------------------+-----------------------------+-----------------¦
¦ dense_29 (Dense)                     ¦ (None, 2)                   ¦             258 ¦
+--------------------------------------------------------------------------------------+
 Total params: 7,261,826 (27.70 MB)
 Trainable params: 7,253,890 (27.67 MB)
 Non-trainable params: 7,936 (31.00 KB)
Epoch 1/10
50/50 ???????????????????? 0s 46ms/step - acc: 0.7405 - auc: 0.8059 - loss: 0.6423
Epoch 1: val_auc improved from -inf to 0.74199, saving model to saved_models/best_MACSynDCR_ANN_model.keras
50/50 ???????????????????? 6s 65ms/step - acc: 0.7416 - auc: 0.8072 - loss: 0.6393 - val_acc: 0.6444 - val_auc: 0.7420 - val_loss: 0.6615
Epoch 2/10
49/50 ???????????????????? 0s 47ms/step - acc: 0.8957 - auc: 0.9623 - loss: 0.2519
Epoch 2: val_auc improved from 0.74199 to 0.88583, saving model to saved_models/best_MACSynDCR_ANN_model.keras
50/50 ???????????????????? 3s 64ms/step - acc: 0.8956 - auc: 0.9622 - loss: 0.2521 - val_acc: 0.7949 - val_auc: 0.8858 - val_loss: 0.4308
Epoch 3/10
49/50 ???????????????????? 0s 46ms/step - acc: 0.9378 - auc: 0.9827 - loss: 0.1725
Epoch 3: val_auc did not improve from 0.88583
50/50 ???????????????????? 2s 48ms/step - acc: 0.9375 - auc: 0.9826 - loss: 0.1728 - val_acc: 0.7860 - val_auc: 0.8820 - val_loss: 0.4423
Epoch 4/10
50/50 ???????????????????? 0s 47ms/step - acc: 0.9340 - auc: 0.9843 - loss: 0.1609
Epoch 4: val_auc improved from 0.88583 to 0.93908, saving model to saved_models/best_MACSynDCR_ANN_model.keras
50/50 ???????????????????? 3s 63ms/step - acc: 0.9341 - auc: 0.9843 - loss: 0.1608 - val_acc: 0.8648 - val_auc: 0.9391 - val_loss: 0.3154
Epoch 5/10
50/50 ???????????????????? 0s 46ms/step - acc: 0.9597 - auc: 0.9933 - loss: 0.1081
Epoch 5: val_auc did not improve from 0.93908
50/50 ???????????????????? 2s 49ms/step - acc: 0.9596 - auc: 0.9933 - loss: 0.1081 - val_acc: 0.8546 - val_auc: 0.9323 - val_loss: 0.3718
Epoch 6/10
49/50 ???????????????????? 0s 46ms/step - acc: 0.9655 - auc: 0.9954 - loss: 0.0882
Epoch 6: val_auc did not improve from 0.93908
50/50 ???????????????????? 2s 48ms/step - acc: 0.9654 - auc: 0.9953 - loss: 0.0885 - val_acc: 0.8692 - val_auc: 0.9360 - val_loss: 0.3746
Epoch 7/10
49/50 ???????????????????? 0s 47ms/step - acc: 0.9529 - auc: 0.9903 - loss: 0.1228
Epoch 7: val_auc improved from 0.93908 to 0.94508, saving model to saved_models/best_MACSynDCR_ANN_model.keras
50/50 ???????????????????? 3s 61ms/step - acc: 0.9528 - auc: 0.9902 - loss: 0.1231 - val_acc: 0.8705 - val_auc: 0.9451 - val_loss: 0.3628
Epoch 8/10
49/50 ???????????????????? 0s 46ms/step - acc: 0.9607 - auc: 0.9914 - loss: 0.1154
Epoch 8: val_auc improved from 0.94508 to 0.95615, saving model to saved_models/best_MACSynDCR_ANN_model.keras
50/50 ???????????????????? 3s 61ms/step - acc: 0.9607 - auc: 0.9914 - loss: 0.1150 - val_acc: 0.8971 - val_auc: 0.9562 - val_loss: 0.3156
Epoch 9/10
50/50 ???????????????????? 0s 46ms/step - acc: 0.9740 - auc: 0.9962 - loss: 0.0761
Epoch 9: val_auc did not improve from 0.95615
50/50 ???????????????????? 2s 49ms/step - acc: 0.9740 - auc: 0.9962 - loss: 0.0762 - val_acc: 0.8857 - val_auc: 0.9502 - val_loss: 0.3637
Epoch 10/10
50/50 ???????????????????? 0s 46ms/step - acc: 0.9762 - auc: 0.9973 - loss: 0.0653
Epoch 10: val_auc did not improve from 0.95615
50/50 ???????????????????? 2s 49ms/step - acc: 0.9762 - auc: 0.9973 - loss: 0.0654 - val_acc: 0.8978 - val_auc: 0.9545 - val_loss: 0.3515
50/50 ???????????????????? 0s 6ms/step
50/50 ???????????????????? 0s 3ms/step
ANN: Accuracy: 0.8971, AUC-ROC: 0.9589
ANN: AUC-PR: 0.9591, Precision: 0.9021,
ANN Recall: 0.8954, F1 Score: 0.8988
\ANN:RMSE: 12.7279 , PCC: 0.8242
Data processing and Training of MACSynDCR_CNN model:
MACSynDCR_CNN model:
Model: "sequential_7"
????????????????????????????????????????????????????????????????????????????????????????
? Layer (type)                         ? Output Shape                ?         Param # ?
????????????????????????????????????????????????????????????????????????????????????????
¦ conv2d_9 (Conv2D)                    ¦ (None, 66, 30, 32)          ¦             320 ¦
+--------------------------------------+-----------------------------+-----------------¦
¦ max_pooling2d_9 (MaxPooling2D)       ¦ (None, 33, 15, 32)          ¦               0 ¦
+--------------------------------------+-----------------------------+-----------------¦
¦ dropout_9 (Dropout)                  ¦ (None, 33, 15, 32)          ¦               0 ¦
+--------------------------------------+-----------------------------+-----------------¦
¦ conv2d_10 (Conv2D)                   ¦ (None, 31, 13, 64)          ¦          18,496 ¦
+--------------------------------------+-----------------------------+-----------------¦
¦ max_pooling2d_10 (MaxPooling2D)      ¦ (None, 15, 6, 64)           ¦               0 ¦
+--------------------------------------+-----------------------------+-----------------¦
¦ dropout_10 (Dropout)                 ¦ (None, 15, 6, 64)           ¦               0 ¦
+--------------------------------------+-----------------------------+-----------------¦
¦ conv2d_11 (Conv2D)                   ¦ (None, 13, 4, 128)          ¦          73,856 ¦
+--------------------------------------+-----------------------------+-----------------¦
¦ max_pooling2d_11 (MaxPooling2D)      ¦ (None, 6, 2, 128)           ¦               0 ¦
+--------------------------------------+-----------------------------+-----------------¦
¦ dropout_11 (Dropout)                 ¦ (None, 6, 2, 128)           ¦               0 ¦
+--------------------------------------+-----------------------------+-----------------¦
¦ flatten_3 (Flatten)                  ¦ (None, 1536)                ¦               0 ¦
+--------------------------------------+-----------------------------+-----------------¦
¦ dense_30 (Dense)                     ¦ (None, 128)                 ¦         196,736 ¦
+--------------------------------------+-----------------------------+-----------------¦
¦ dense_31 (Dense)                     ¦ (None, 2)                   ¦             258 ¦
+--------------------------------------------------------------------------------------+
 Total params: 289,666 (1.10 MB)
 Trainable params: 289,666 (1.10 MB)
 Non-trainable params: 0 (0.00 B)
Epoch 1/10
49/50 ???????????????????? 0s 47ms/step - acc: 0.5017 - auc: 0.5069 - loss: 0.6976
Epoch 1: val_acc improved from -inf to 0.49079, saving model to saved_models/best_MACSynDCR_CNN_model.keras
50/50 ???????????????????? 4s 57ms/step - acc: 0.5016 - auc: 0.5068 - loss: 0.6975 - val_acc: 0.4908 - val_auc: 0.6053 - val_loss: 0.6923
Epoch 2/10
50/50 ???????????????????? 0s 47ms/step - acc: 0.5265 - auc: 0.5475 - loss: 0.6906
Epoch 2: val_acc improved from 0.49079 to 0.62540, saving model to saved_models/best_MACSynDCR_CNN_model.keras
50/50 ???????????????????? 3s 51ms/step - acc: 0.5267 - auc: 0.5480 - loss: 0.6905 - val_acc: 0.6254 - val_auc: 0.6981 - val_loss: 0.6441
Epoch 3/10
49/50 ???????????????????? 0s 45ms/step - acc: 0.6784 - auc: 0.7423 - loss: 0.6056
Epoch 3: val_acc improved from 0.62540 to 0.80635, saving model to saved_models/best_MACSynDCR_CNN_model.keras
50/50 ???????????????????? 2s 50ms/step - acc: 0.6795 - auc: 0.7438 - loss: 0.6040 - val_acc: 0.8063 - val_auc: 0.8707 - val_loss: 0.4898
Epoch 4/10
49/50 ???????????????????? 0s 46ms/step - acc: 0.7754 - auc: 0.8588 - loss: 0.4751
Epoch 4: val_acc improved from 0.80635 to 0.80889, saving model to saved_models/best_MACSynDCR_CNN_model.keras
50/50 ???????????????????? 3s 51ms/step - acc: 0.7756 - auc: 0.8592 - loss: 0.4744 - val_acc: 0.8089 - val_auc: 0.8959 - val_loss: 0.4100
Epoch 5/10
49/50 ???????????????????? 0s 45ms/step - acc: 0.8044 - auc: 0.8861 - loss: 0.4265
Epoch 5: val_acc improved from 0.80889 to 0.81397, saving model to saved_models/best_MACSynDCR_CNN_model.keras
50/50 ???????????????????? 2s 49ms/step - acc: 0.8046 - auc: 0.8862 - loss: 0.4263 - val_acc: 0.8140 - val_auc: 0.8999 - val_loss: 0.4013
Epoch 6/10
50/50 ???????????????????? 0s 45ms/step - acc: 0.8152 - auc: 0.9006 - loss: 0.3983
Epoch 6: val_acc improved from 0.81397 to 0.82349, saving model to saved_models/best_MACSynDCR_CNN_model.keras
50/50 ???????????????????? 3s 50ms/step - acc: 0.8152 - auc: 0.9005 - loss: 0.3985 - val_acc: 0.8235 - val_auc: 0.9083 - val_loss: 0.3935
Epoch 7/10
50/50 ???????????????????? 0s 46ms/step - acc: 0.8255 - auc: 0.9076 - loss: 0.3861
Epoch 7: val_acc improved from 0.82349 to 0.83810, saving model to saved_models/best_MACSynDCR_CNN_model.keras
50/50 ???????????????????? 3s 51ms/step - acc: 0.8255 - auc: 0.9075 - loss: 0.3863 - val_acc: 0.8381 - val_auc: 0.9141 - val_loss: 0.3834
Epoch 8/10
49/50 ???????????????????? 0s 46ms/step - acc: 0.8358 - auc: 0.9172 - loss: 0.3679
Epoch 8: val_acc improved from 0.83810 to 0.84317, saving model to saved_models/best_MACSynDCR_CNN_model.keras
50/50 ???????????????????? 3s 50ms/step - acc: 0.8355 - auc: 0.9169 - loss: 0.3685 - val_acc: 0.8432 - val_auc: 0.9169 - val_loss: 0.3781
Epoch 9/10
50/50 ???????????????????? 0s 45ms/step - acc: 0.8362 - auc: 0.9107 - loss: 0.3803
Epoch 9: val_acc improved from 0.84317 to 0.84571, saving model to saved_models/best_MACSynDCR_CNN_model.keras
50/50 ???????????????????? 3s 50ms/step - acc: 0.8362 - auc: 0.9107 - loss: 0.3802 - val_acc: 0.8457 - val_auc: 0.9210 - val_loss: 0.3629
Epoch 10/10
50/50 ???????????????????? 0s 45ms/step - acc: 0.8478 - auc: 0.9161 - loss: 0.3700
Epoch 10: val_acc improved from 0.84571 to 0.85143, saving model to saved_models/best_MACSynDCR_CNN_model.keras
50/50 ???????????????????? 3s 50ms/step - acc: 0.8477 - auc: 0.9161 - loss: 0.3700 - val_acc: 0.8514 - val_auc: 0.9264 - val_loss: 0.3481
50/50 ???????????????????? 0s 6ms/step
50/50 ???????????????????? 0s 4ms/step
CNN: Accuracy: 0.8514, AUC-ROC: 0.9264
CNN: AUC-PR: 0.9235, Precision: 0.8424,
CNN Recall: 0.8717, F1 Score: 0.8568
CNN:RMSE: 15.2971 , PCC: 0.7600
Evaluation of Keras MACSynDCR_ANN model:
50/50 ???????????????????? 1s 4ms/step - acc: 0.8952 - auc: 0.9542 - loss: 0.3191
Evaluate->  Loss: 0.3156, Accuracy: 0.8971,AUC: 0.9562
50/50 ???????????????????? 0s 6ms/step
197/197 ???????????????????? 1s 3ms/step
ANN: Accuracy: 0.8971, AUC-ROC: 0.9589
ANN: AUC-PR: 0.9591, Precision: 0.9021,
ANN Recall: 0.8954, F1 Score: 0.8988
ANN:RMSE: 12.7279 , PCC: 0.8242
****************************************************************************************************
Evaluation of Keras MACSynDCR_CNN model:
50/50 ???????????????????? 1s 4ms/step - acc: 0.8438 - auc: 0.9213 - loss: 0.3562
Evaluate->  Loss: 0.3481, Accuracy: 0.8514,Accuracy: 0.9264
50/50 ???????????????????? 0s 5ms/step
197/197 ???????????????????? 1s 4ms/step
CNN: Accuracy: 0.8514, AUC-ROC: 0.9264
CNN: AUC-PR: 0.9235, Precision: 0.8424,
CNN Recall: 0.8717, F1 Score: 0.8568
CNN:RMSE: 15.2971 , PCC: 0.7600
****************************************************************************************************
Accuracy Score and AUC for ANN = AUC: 0.9552, Accuracy: 0.8895
Accuracy Score and AUC for KANN = AUC: 0.9589, Accuracy: 0.8971
Accuracy Score and AUC for KCNN = AUC: 0.9264, Accuracy: 0.8514
Average AUC = AUC: 0.9632, Accuracy: 0.9111
MAX AUC = AUC: 0.9576, Accuracy: 0.8705
Fitting 5 folds for each of 14 candidates, totalling 70 fits
Finall ensemble results of fold_4 for MACSynDCR:
----------------------------------------------------------------------------------------------------
Ensemble Accuracy: 0.9054, AUC-ROC: 0.9645
Ensemble AUC-PR: 0.9635, Precision: 0.9067,
Ensemble Recall: 0.9078, F1 Score: 0.9073
Ensemble RMSE: 12.2066 , PCC: 0.8490
----------------------------------------------------------------------------------------------------
Fold 5
Data processing and Training of MACSynDCR_ANN model:
ANN_model saved with Val_ACC: 0.4644 Val_AUC: 0.4533
fold_5: Epoch [1/10], Loss: 0.7075, Val_ACC: 0.4644, Val_AUC: 0.4533
ANN_model saved with Val_ACC: 0.7821 Val_AUC: 0.8635
ANN_model saved with Val_ACC: 0.8266 Val_AUC: 0.9107
ANN_model saved with Val_ACC: 0.8437 Val_AUC: 0.9239
ANN_model saved with Val_ACC: 0.8558 Val_AUC: 0.9358
ANN_model saved with Val_ACC: 0.8628 Val_AUC: 0.9426
ANN_model saved with Val_ACC: 0.8698 Val_AUC: 0.9458
ANN_model saved with Val_ACC: 0.8767 Val_AUC: 0.9499
ANN_model saved with Val_ACC: 0.8895 Val_AUC: 0.9529
Accuracy: 0.8895, AUC-ROC: 0.9529
 AUC-PR: 0.9537, Precision: 0.8892, Recall: 0.8936, F1 Score: 0.8914
RMSE: 11.4649 , PCC: 0.8177
Data processing and Training of MACSynDCR_ANN model:
MACSynDCR_ANN model:
Model: "sequential_8"
????????????????????????????????????????????????????????????????????????????????????????
? Layer (type)                         ? Output Shape                ?         Param # ?
????????????????????????????????????????????????????????????????????????????????????????
¦ dense_32 (Dense)                     ¦ (None, 2048)                ¦       4,458,496 ¦
+--------------------------------------+-----------------------------+-----------------¦
¦ batch_normalization_20               ¦ (None, 2048)                ¦           8,192 ¦
¦ (BatchNormalization)                 ¦                             ¦                 ¦
+--------------------------------------+-----------------------------+-----------------¦
¦ dense_33 (Dense)                     ¦ (None, 1024)                ¦       2,098,176 ¦
+--------------------------------------+-----------------------------+-----------------¦
¦ batch_normalization_21               ¦ (None, 1024)                ¦           4,096 ¦
¦ (BatchNormalization)                 ¦                             ¦                 ¦
+--------------------------------------+-----------------------------+-----------------¦
¦ dense_34 (Dense)                     ¦ (None, 512)                 ¦         524,800 ¦
+--------------------------------------+-----------------------------+-----------------¦
¦ batch_normalization_22               ¦ (None, 512)                 ¦           2,048 ¦
¦ (BatchNormalization)                 ¦                             ¦                 ¦
+--------------------------------------+-----------------------------+-----------------¦
¦ dense_35 (Dense)                     ¦ (None, 256)                 ¦         131,328 ¦
+--------------------------------------+-----------------------------+-----------------¦
¦ batch_normalization_23               ¦ (None, 256)                 ¦           1,024 ¦
¦ (BatchNormalization)                 ¦                             ¦                 ¦
+--------------------------------------+-----------------------------+-----------------¦
¦ dense_36 (Dense)                     ¦ (None, 128)                 ¦          32,896 ¦
+--------------------------------------+-----------------------------+-----------------¦
¦ batch_normalization_24               ¦ (None, 128)                 ¦             512 ¦
¦ (BatchNormalization)                 ¦                             ¦                 ¦
+--------------------------------------+-----------------------------+-----------------¦
¦ dense_37 (Dense)                     ¦ (None, 2)                   ¦             258 ¦
+--------------------------------------------------------------------------------------+
 Total params: 7,261,826 (27.70 MB)
 Trainable params: 7,253,890 (27.67 MB)
 Non-trainable params: 7,936 (31.00 KB)
Epoch 1/10
50/50 ???????????????????? 0s 47ms/step - acc: 0.7387 - auc: 0.8123 - loss: 0.6093
Epoch 1: val_auc improved from -inf to 0.79031, saving model to saved_models/best_MACSynDCR_ANN_model.keras
50/50 ???????????????????? 6s 69ms/step - acc: 0.7397 - auc: 0.8134 - loss: 0.6069 - val_acc: 0.6944 - val_auc: 0.7903 - val_loss: 0.5619
Epoch 2/10
50/50 ???????????????????? 0s 47ms/step - acc: 0.9059 - auc: 0.9684 - loss: 0.2306
Epoch 2: val_auc improved from 0.79031 to 0.85549, saving model to saved_models/best_MACSynDCR_ANN_model.keras
50/50 ???????????????????? 3s 62ms/step - acc: 0.9058 - auc: 0.9683 - loss: 0.2309 - val_acc: 0.7764 - val_auc: 0.8555 - val_loss: 0.4729
Epoch 3/10
50/50 ???????????????????? 0s 47ms/step - acc: 0.9352 - auc: 0.9840 - loss: 0.1664
Epoch 3: val_auc improved from 0.85549 to 0.86801, saving model to saved_models/best_MACSynDCR_ANN_model.keras
50/50 ???????????????????? 3s 64ms/step - acc: 0.9351 - auc: 0.9839 - loss: 0.1667 - val_acc: 0.7903 - val_auc: 0.8680 - val_loss: 0.4708
Epoch 4/10
49/50 ???????????????????? 0s 47ms/step - acc: 0.9436 - auc: 0.9876 - loss: 0.1432
Epoch 4: val_auc improved from 0.86801 to 0.91502, saving model to saved_models/best_MACSynDCR_ANN_model.keras
50/50 ???????????????????? 3s 63ms/step - acc: 0.9435 - auc: 0.9875 - loss: 0.1434 - val_acc: 0.8355 - val_auc: 0.9150 - val_loss: 0.3826
Epoch 5/10
49/50 ???????????????????? 0s 47ms/step - acc: 0.9534 - auc: 0.9916 - loss: 0.1179
Epoch 5: val_auc improved from 0.91502 to 0.93035, saving model to saved_models/best_MACSynDCR_ANN_model.keras
50/50 ???????????????????? 3s 62ms/step - acc: 0.9533 - auc: 0.9916 - loss: 0.1183 - val_acc: 0.8666 - val_auc: 0.9304 - val_loss: 0.4002
Epoch 6/10
49/50 ???????????????????? 0s 47ms/step - acc: 0.9533 - auc: 0.9890 - loss: 0.1305
Epoch 6: val_auc improved from 0.93035 to 0.94591, saving model to saved_models/best_MACSynDCR_ANN_model.keras
50/50 ???????????????????? 3s 61ms/step - acc: 0.9533 - auc: 0.9890 - loss: 0.1305 - val_acc: 0.8767 - val_auc: 0.9459 - val_loss: 0.3438
Epoch 7/10
49/50 ???????????????????? 0s 47ms/step - acc: 0.9604 - auc: 0.9933 - loss: 0.1039
Epoch 7: val_auc did not improve from 0.94591
50/50 ???????????????????? 2s 49ms/step - acc: 0.9604 - auc: 0.9933 - loss: 0.1041 - val_acc: 0.8761 - val_auc: 0.9459 - val_loss: 0.3699
Epoch 8/10
50/50 ???????????????????? 0s 47ms/step - acc: 0.9665 - auc: 0.9953 - loss: 0.0864
Epoch 8: val_auc improved from 0.94591 to 0.94891, saving model to saved_models/best_MACSynDCR_ANN_model.keras
50/50 ???????????????????? 3s 59ms/step - acc: 0.9665 - auc: 0.9953 - loss: 0.0865 - val_acc: 0.8920 - val_auc: 0.9489 - val_loss: 0.3726
Epoch 9/10
50/50 ???????????????????? 0s 46ms/step - acc: 0.9680 - auc: 0.9956 - loss: 0.0833
Epoch 9: val_auc did not improve from 0.94891
50/50 ???????????????????? 2s 48ms/step - acc: 0.9681 - auc: 0.9956 - loss: 0.0833 - val_acc: 0.8869 - val_auc: 0.9467 - val_loss: 0.3892
Epoch 10/10
50/50 ???????????????????? 0s 47ms/step - acc: 0.9739 - auc: 0.9951 - loss: 0.0771
Epoch 10: val_auc improved from 0.94891 to 0.95608, saving model to saved_models/best_MACSynDCR_ANN_model.keras
50/50 ???????????????????? 3s 60ms/step - acc: 0.9739 - auc: 0.9951 - loss: 0.0771 - val_acc: 0.8863 - val_auc: 0.9561 - val_loss: 0.3531
50/50 ???????????????????? 0s 6ms/step
50/50 ???????????????????? 0s 3ms/step
ANN: Accuracy: 0.8863, AUC-ROC: 0.9610
ANN: AUC-PR: 0.9604, Precision: 0.9026,
ANN Recall: 0.8698, F1 Score: 0.8859
\ANN:RMSE: 13.3791 , PCC: 0.8135
Data processing and Training of MACSynDCR_CNN model:
MACSynDCR_CNN model:
Model: "sequential_9"
????????????????????????????????????????????????????????????????????????????????????????
? Layer (type)                         ? Output Shape                ?         Param # ?
????????????????????????????????????????????????????????????????????????????????????????
¦ conv2d_12 (Conv2D)                   ¦ (None, 66, 30, 32)          ¦             320 ¦
+--------------------------------------+-----------------------------+-----------------¦
¦ max_pooling2d_12 (MaxPooling2D)      ¦ (None, 33, 15, 32)          ¦               0 ¦
+--------------------------------------+-----------------------------+-----------------¦
¦ dropout_12 (Dropout)                 ¦ (None, 33, 15, 32)          ¦               0 ¦
+--------------------------------------+-----------------------------+-----------------¦
¦ conv2d_13 (Conv2D)                   ¦ (None, 31, 13, 64)          ¦          18,496 ¦
+--------------------------------------+-----------------------------+-----------------¦
¦ max_pooling2d_13 (MaxPooling2D)      ¦ (None, 15, 6, 64)           ¦               0 ¦
+--------------------------------------+-----------------------------+-----------------¦
¦ dropout_13 (Dropout)                 ¦ (None, 15, 6, 64)           ¦               0 ¦
+--------------------------------------+-----------------------------+-----------------¦
¦ conv2d_14 (Conv2D)                   ¦ (None, 13, 4, 128)          ¦          73,856 ¦
+--------------------------------------+-----------------------------+-----------------¦
¦ max_pooling2d_14 (MaxPooling2D)      ¦ (None, 6, 2, 128)           ¦               0 ¦
+--------------------------------------+-----------------------------+-----------------¦
¦ dropout_14 (Dropout)                 ¦ (None, 6, 2, 128)           ¦               0 ¦
+--------------------------------------+-----------------------------+-----------------¦
¦ flatten_4 (Flatten)                  ¦ (None, 1536)                ¦               0 ¦
+--------------------------------------+-----------------------------+-----------------¦
¦ dense_38 (Dense)                     ¦ (None, 128)                 ¦         196,736 ¦
+--------------------------------------+-----------------------------+-----------------¦
¦ dense_39 (Dense)                     ¦ (None, 2)                   ¦             258 ¦
+--------------------------------------------------------------------------------------+
 Total params: 289,666 (1.10 MB)
 Trainable params: 289,666 (1.10 MB)
 Non-trainable params: 0 (0.00 B)
Epoch 1/10
49/50 ???????????????????? 0s 45ms/step - acc: 0.5190 - auc: 0.5189 - loss: 0.6955
Epoch 1: val_acc improved from -inf to 0.56417, saving model to saved_models/best_MACSynDCR_CNN_model.keras
50/50 ???????????????????? 4s 54ms/step - acc: 0.5188 - auc: 0.5191 - loss: 0.6954 - val_acc: 0.5642 - val_auc: 0.6329 - val_loss: 0.6886
Epoch 2/10
49/50 ???????????????????? 0s 45ms/step - acc: 0.5833 - auc: 0.6190 - loss: 0.6771
Epoch 2: val_acc improved from 0.56417 to 0.75667, saving model to saved_models/best_MACSynDCR_CNN_model.keras
50/50 ???????????????????? 2s 49ms/step - acc: 0.5845 - auc: 0.6209 - loss: 0.6762 - val_acc: 0.7567 - val_auc: 0.8295 - val_loss: 0.5472
Epoch 3/10
49/50 ???????????????????? 0s 46ms/step - acc: 0.7375 - auc: 0.8137 - loss: 0.5345
Epoch 3: val_acc improved from 0.75667 to 0.79479, saving model to saved_models/best_MACSynDCR_CNN_model.keras
50/50 ???????????????????? 3s 50ms/step - acc: 0.7383 - auc: 0.8146 - loss: 0.5333 - val_acc: 0.7948 - val_auc: 0.8915 - val_loss: 0.4172
Epoch 4/10
49/50 ???????????????????? 0s 45ms/step - acc: 0.7889 - auc: 0.8747 - loss: 0.4449
Epoch 4: val_acc improved from 0.79479 to 0.82274, saving model to saved_models/best_MACSynDCR_CNN_model.keras
50/50 ???????????????????? 2s 49ms/step - acc: 0.7893 - auc: 0.8749 - loss: 0.4446 - val_acc: 0.8227 - val_auc: 0.8988 - val_loss: 0.4012
Epoch 5/10
50/50 ???????????????????? 0s 44ms/step - acc: 0.8022 - auc: 0.8881 - loss: 0.4214
Epoch 5: val_acc improved from 0.82274 to 0.83164, saving model to saved_models/best_MACSynDCR_CNN_model.keras
50/50 ???????????????????? 2s 49ms/step - acc: 0.8024 - auc: 0.8881 - loss: 0.4213 - val_acc: 0.8316 - val_auc: 0.9111 - val_loss: 0.3782
Epoch 6/10
50/50 ???????????????????? 0s 45ms/step - acc: 0.8333 - auc: 0.9075 - loss: 0.3871
Epoch 6: val_acc improved from 0.83164 to 0.83227, saving model to saved_models/best_MACSynDCR_CNN_model.keras
50/50 ???????????????????? 3s 50ms/step - acc: 0.8331 - auc: 0.9074 - loss: 0.3873 - val_acc: 0.8323 - val_auc: 0.9143 - val_loss: 0.3766
Epoch 7/10
48/50 ???????????????????? 0s 46ms/step - acc: 0.8238 - auc: 0.9094 - loss: 0.3829
Epoch 7: val_acc improved from 0.83227 to 0.83418, saving model to saved_models/best_MACSynDCR_CNN_model.keras
50/50 ???????????????????? 3s 50ms/step - acc: 0.8240 - auc: 0.9093 - loss: 0.3830 - val_acc: 0.8342 - val_auc: 0.9162 - val_loss: 0.3684
Epoch 8/10
49/50 ???????????????????? 0s 45ms/step - acc: 0.8310 - auc: 0.9100 - loss: 0.3814
Epoch 8: val_acc improved from 0.83418 to 0.84498, saving model to saved_models/best_MACSynDCR_CNN_model.keras
50/50 ???????????????????? 3s 50ms/step - acc: 0.8313 - auc: 0.9102 - loss: 0.3810 - val_acc: 0.8450 - val_auc: 0.9203 - val_loss: 0.3612
Epoch 9/10
48/50 ???????????????????? 0s 46ms/step - acc: 0.8418 - auc: 0.9162 - loss: 0.3689
Epoch 9: val_acc improved from 0.84498 to 0.84562, saving model to saved_models/best_MACSynDCR_CNN_model.keras
50/50 ???????????????????? 2s 50ms/step - acc: 0.8418 - auc: 0.9162 - loss: 0.3688 - val_acc: 0.8456 - val_auc: 0.9222 - val_loss: 0.3598
Epoch 10/10
49/50 ???????????????????? 0s 45ms/step - acc: 0.8573 - auc: 0.9252 - loss: 0.3501
Epoch 10: val_acc did not improve from 0.84562
50/50 ???????????????????? 2s 48ms/step - acc: 0.8572 - auc: 0.9251 - loss: 0.3502 - val_acc: 0.8456 - val_auc: 0.9244 - val_loss: 0.3533
50/50 ???????????????????? 0s 5ms/step
50/50 ???????????????????? 0s 4ms/step
CNN: Accuracy: 0.8456, AUC-ROC: 0.9218
CNN: AUC-PR: 0.9208, Precision: 0.8382,
CNN Recall: 0.8623, F1 Score: 0.8501
CNN:RMSE: 15.5885 , PCC: 0.7461
Evaluation of Keras MACSynDCR_ANN model:
50/50 ???????????????????? 1s 3ms/step - acc: 0.8953 - auc: 0.9612 - loss: 0.3208
Evaluate->  Loss: 0.3531, Accuracy: 0.8863,AUC: 0.9561
50/50 ???????????????????? 0s 6ms/step
197/197 ???????????????????? 1s 3ms/step
ANN: Accuracy: 0.8863, AUC-ROC: 0.9610
ANN: AUC-PR: 0.9604, Precision: 0.9026,
ANN Recall: 0.8698, F1 Score: 0.8859
ANN:RMSE: 13.3791 , PCC: 0.8135
****************************************************************************************************
Evaluation of Keras MACSynDCR_CNN model:
50/50 ???????????????????? 1s 5ms/step - acc: 0.8530 - auc: 0.9291 - loss: 0.3464
Evaluate->  Loss: 0.3598, Accuracy: 0.8456,Accuracy: 0.9222
50/50 ???????????????????? 0s 6ms/step
197/197 ???????????????????? 1s 4ms/step
CNN: Accuracy: 0.8456, AUC-ROC: 0.9218
CNN: AUC-PR: 0.9208, Precision: 0.8382,
CNN Recall: 0.8623, F1 Score: 0.8501
CNN:RMSE: 15.5885 , PCC: 0.7461
****************************************************************************************************
Accuracy Score and AUC for ANN = AUC: 0.9529, Accuracy: 0.8895
Accuracy Score and AUC for KANN = AUC: 0.9610, Accuracy: 0.8863
Accuracy Score and AUC for KCNN = AUC: 0.9218, Accuracy: 0.8456
Average AUC = AUC: 0.9608, Accuracy: 0.9022
MAX AUC = AUC: 0.9572, Accuracy: 0.8672
Fitting 5 folds for each of 14 candidates, totalling 70 fits
Finall ensemble results of fold_5 for MACSynDCR:
----------------------------------------------------------------------------------------------------
Ensemble Accuracy: 0.9028, AUC-ROC: 0.9631
Ensemble AUC-PR: 0.9637, Precision: 0.9058,
Ensemble Recall: 0.9024, F1 Score: 0.9041
Ensemble RMSE: 12.3693 , PCC: 0.8414
----------------------------------------------------------------------------------------------------
****************************************************************************************************
*           Final MACSynCDR Results:
****************************************************************************************************
 AUC: 0.9624 ± 0.0029
 Accuracy: 0.9004 ± 0.0057
 AUC-PR: 0.9606 ± 0.0037
 Precision: 0.9005 ± 0.0061
 Recall: 0.8996 ± 0.0094
 F1: 0.9000 ± 0.0066
 RMSE: 12.5170 ± 0.3535
 PCC: 0.8385 ± 0.0087
Max AUC: 0.9646
Max ACC: 0.9054
Max AUC-PR: 0.9637
Max Precision: 0.9067
Max Reacall: 0.9100
Max F1: 0.9073
MIN RMSE: 12.2066
Max PCC: 0.8490
