[2025-08-19 22:53:21] Fold 1
[2025-08-19 22:53:21] ----------------------------------------------------------------------------------------------------
[2025-08-19 22:53:23] ANN_model saved with Val_ACC: 0.5167
[2025-08-19 22:53:23] ----------------------------------------------------------------------------------------------------
[2025-08-19 22:53:24] fold_1: Epoch [1/250], Loss: 0.6999, ACC: 0.5167, AUC: 0.5099
[2025-08-19 22:53:24] ANN_model saved with Val_ACC: 0.7264
[2025-08-19 22:53:24] ----------------------------------------------------------------------------------------------------
[2025-08-19 22:53:25] ANN_model saved with Val_ACC: 0.7542
[2025-08-19 22:53:25] ----------------------------------------------------------------------------------------------------
[2025-08-19 22:53:26] ANN_model saved with Val_ACC: 0.7664
[2025-08-19 22:53:26] ----------------------------------------------------------------------------------------------------
[2025-08-19 22:53:27] ANN_model saved with Val_ACC: 0.7724
[2025-08-19 22:53:27] ----------------------------------------------------------------------------------------------------
[2025-08-19 22:53:28] ANN_model saved with Val_ACC: 0.7830
[2025-08-19 22:53:28] ----------------------------------------------------------------------------------------------------
[2025-08-19 22:53:29] ANN_model saved with Val_ACC: 0.7948
[2025-08-19 22:53:29] ----------------------------------------------------------------------------------------------------
[2025-08-19 22:53:30] ANN_model saved with Val_ACC: 0.8015
[2025-08-19 22:53:30] ----------------------------------------------------------------------------------------------------
[2025-08-19 22:53:31] ANN_model saved with Val_ACC: 0.8161
[2025-08-19 22:53:31] ----------------------------------------------------------------------------------------------------
[2025-08-19 22:53:32] ANN_model saved with Val_ACC: 0.8212
[2025-08-19 22:53:32] ----------------------------------------------------------------------------------------------------
[2025-08-19 22:53:33] ANN_model saved with Val_ACC: 0.8267
[2025-08-19 22:53:33] ----------------------------------------------------------------------------------------------------
[2025-08-19 22:53:34] ANN_model saved with Val_ACC: 0.8270
[2025-08-19 22:53:34] ----------------------------------------------------------------------------------------------------
[2025-08-19 22:53:35] ANN_model saved with Val_ACC: 0.8309
[2025-08-19 22:53:35] ----------------------------------------------------------------------------------------------------
[2025-08-19 22:53:36] ANN_model saved with Val_ACC: 0.8394
[2025-08-19 22:53:36] ----------------------------------------------------------------------------------------------------
[2025-08-19 22:53:36] ANN_model saved with Val_ACC: 0.8430
[2025-08-19 22:53:36] ----------------------------------------------------------------------------------------------------
[2025-08-19 22:53:40] ANN_model saved with Val_ACC: 0.8485
[2025-08-19 22:53:40] ----------------------------------------------------------------------------------------------------
[2025-08-19 22:53:40] fold_1: Epoch [21/250], Loss: 0.3617, ACC: 0.8485, AUC: 0.9200
[2025-08-19 22:53:42] ANN_model saved with Val_ACC: 0.8494
[2025-08-19 22:53:42] ----------------------------------------------------------------------------------------------------
[2025-08-19 22:53:50] ANN_model saved with Val_ACC: 0.8527
[2025-08-19 22:53:50] ----------------------------------------------------------------------------------------------------
[2025-08-19 22:53:50] ANN_model saved with Val_ACC: 0.8545
[2025-08-19 22:53:50] ----------------------------------------------------------------------------------------------------
[2025-08-19 22:53:51] fold_1: Epoch [41/250], Loss: 0.3240, ACC: 0.8509, AUC: 0.9221
[2025-08-19 22:54:01] fold_1: Epoch [61/250], Loss: 0.3175, ACC: 0.8464, AUC: 0.9205
[2025-08-19 22:54:13] fold_1: Epoch [81/250], Loss: 0.3155, ACC: 0.8494, AUC: 0.9229
[2025-08-19 22:54:22] fold_1: Epoch [101/250], Loss: 0.3149, ACC: 0.8512, AUC: 0.9225
[2025-08-19 22:54:32] fold_1: Epoch [121/250], Loss: 0.3145, ACC: 0.8503, AUC: 0.9221
[2025-08-19 22:54:45] fold_1: Epoch [141/250], Loss: 0.3144, ACC: 0.8509, AUC: 0.9221
[2025-08-19 22:54:55] fold_1: Epoch [161/250], Loss: 0.3143, ACC: 0.8509, AUC: 0.9220
[2025-08-19 22:55:05] fold_1: Epoch [181/250], Loss: 0.3141, ACC: 0.8488, AUC: 0.9221
[2025-08-19 22:55:16] fold_1: Epoch [201/250], Loss: 0.3140, ACC: 0.8509, AUC: 0.9216
[2025-08-19 22:55:27] fold_1: Epoch [221/250], Loss: 0.3140, ACC: 0.8509, AUC: 0.9216
[2025-08-19 22:55:36] fold_1: Epoch [241/250], Loss: 0.3139, ACC: 0.8500, AUC: 0.9215
[2025-08-19 23:47:47] Finall ensemble results of fold_1 for MACSynDCR:
[2025-08-19 23:47:47] ----------------------------------------------------------------------------------------------------
[2025-08-19 23:47:47] Ensemble Accuracy: 0.8767, AUC-ROC: 0.9432, 
Ensemble AUC-PR: 0.9403, Precision: 0.8811, 
Ensemble Recall: 0.8618, F1 Score: 0.8713, 
Ensemble RMSE: 20.1742
[2025-08-19 23:47:47] ----------------------------------------------------------------------------------------------------
[2025-08-19 23:47:47] Fold 2
[2025-08-19 23:47:47] ----------------------------------------------------------------------------------------------------
[2025-08-19 23:47:49] ANN_model saved with Val_ACC: 0.5027
[2025-08-19 23:47:49] ----------------------------------------------------------------------------------------------------
[2025-08-19 23:47:49] fold_2: Epoch [1/250], Loss: 0.7033, ACC: 0.5027, AUC: 0.5324
[2025-08-19 23:47:50] ANN_model saved with Val_ACC: 0.7218
[2025-08-19 23:47:50] ----------------------------------------------------------------------------------------------------
[2025-08-19 23:47:50] ANN_model saved with Val_ACC: 0.7470
[2025-08-19 23:47:50] ----------------------------------------------------------------------------------------------------
[2025-08-19 23:47:51] ANN_model saved with Val_ACC: 0.7561
[2025-08-19 23:47:51] ----------------------------------------------------------------------------------------------------
[2025-08-19 23:47:52] ANN_model saved with Val_ACC: 0.7694
[2025-08-19 23:47:52] ----------------------------------------------------------------------------------------------------
[2025-08-19 23:47:53] ANN_model saved with Val_ACC: 0.7791
[2025-08-19 23:47:53] ----------------------------------------------------------------------------------------------------
[2025-08-19 23:47:54] ANN_model saved with Val_ACC: 0.7921
[2025-08-19 23:47:54] ----------------------------------------------------------------------------------------------------
[2025-08-19 23:47:54] ANN_model saved with Val_ACC: 0.7982
[2025-08-19 23:47:54] ----------------------------------------------------------------------------------------------------
[2025-08-19 23:47:55] ANN_model saved with Val_ACC: 0.8085
[2025-08-19 23:47:55] ----------------------------------------------------------------------------------------------------
[2025-08-19 23:47:56] ANN_model saved with Val_ACC: 0.8091
[2025-08-19 23:47:56] ----------------------------------------------------------------------------------------------------
[2025-08-19 23:47:57] ANN_model saved with Val_ACC: 0.8124
[2025-08-19 23:47:57] ----------------------------------------------------------------------------------------------------
[2025-08-19 23:47:58] ANN_model saved with Val_ACC: 0.8130
[2025-08-19 23:47:58] ----------------------------------------------------------------------------------------------------
[2025-08-19 23:47:58] ANN_model saved with Val_ACC: 0.8209
[2025-08-19 23:47:58] ----------------------------------------------------------------------------------------------------
[2025-08-19 23:48:00] ANN_model saved with Val_ACC: 0.8297
[2025-08-19 23:48:00] ----------------------------------------------------------------------------------------------------
[2025-08-19 23:48:01] ANN_model saved with Val_ACC: 0.8318
[2025-08-19 23:48:01] ----------------------------------------------------------------------------------------------------
[2025-08-19 23:48:03] ANN_model saved with Val_ACC: 0.8352
[2025-08-19 23:48:03] ----------------------------------------------------------------------------------------------------
[2025-08-19 23:48:04] ANN_model saved with Val_ACC: 0.8403
[2025-08-19 23:48:04] ----------------------------------------------------------------------------------------------------
[2025-08-19 23:48:04] fold_2: Epoch [21/250], Loss: 0.3608, ACC: 0.8403, AUC: 0.9147
[2025-08-19 23:48:06] ANN_model saved with Val_ACC: 0.8418
[2025-08-19 23:48:06] ----------------------------------------------------------------------------------------------------
[2025-08-19 23:48:07] ANN_model saved with Val_ACC: 0.8436
[2025-08-19 23:48:07] ----------------------------------------------------------------------------------------------------
[2025-08-19 23:48:08] ANN_model saved with Val_ACC: 0.8445
[2025-08-19 23:48:08] ----------------------------------------------------------------------------------------------------
[2025-08-19 23:48:16] fold_2: Epoch [41/250], Loss: 0.3264, ACC: 0.8382, AUC: 0.9161
[2025-08-19 23:48:27] fold_2: Epoch [61/250], Loss: 0.3265, ACC: 0.8342, AUC: 0.9153
[2025-08-19 23:48:39] fold_2: Epoch [81/250], Loss: 0.3194, ACC: 0.8406, AUC: 0.9154
[2025-08-19 23:48:50] fold_2: Epoch [101/250], Loss: 0.3175, ACC: 0.8400, AUC: 0.9167
[2025-08-19 23:49:00] fold_2: Epoch [121/250], Loss: 0.3165, ACC: 0.8400, AUC: 0.9150
[2025-08-19 23:49:12] fold_2: Epoch [141/250], Loss: 0.3162, ACC: 0.8397, AUC: 0.9160
[2025-08-19 23:49:22] fold_2: Epoch [161/250], Loss: 0.3159, ACC: 0.8400, AUC: 0.9154
[2025-08-19 23:49:34] fold_2: Epoch [181/250], Loss: 0.3157, ACC: 0.8418, AUC: 0.9158
[2025-08-19 23:49:44] fold_2: Epoch [201/250], Loss: 0.3154, ACC: 0.8379, AUC: 0.9149
[2025-08-19 23:49:55] fold_2: Epoch [221/250], Loss: 0.3150, ACC: 0.8430, AUC: 0.9153
[2025-08-19 23:50:05] fold_2: Epoch [241/250], Loss: 0.3149, ACC: 0.8415, AUC: 0.9155
[2025-08-20 00:53:36] Finall ensemble results of fold_2 for MACSynDCR:
[2025-08-20 00:53:36] ----------------------------------------------------------------------------------------------------
[2025-08-20 00:53:36] Ensemble Accuracy: 0.8564, AUC-ROC: 0.9367, 
Ensemble AUC-PR: 0.9341, Precision: 0.8492, 
Ensemble Recall: 0.8503, F1 Score: 0.8497, 
Ensemble RMSE: 21.7715
[2025-08-20 00:53:36] ----------------------------------------------------------------------------------------------------
[2025-08-20 00:53:36] Fold 3
[2025-08-20 00:53:36] ----------------------------------------------------------------------------------------------------
[2025-08-20 00:53:38] ANN_model saved with Val_ACC: 0.5224
[2025-08-20 00:53:38] ----------------------------------------------------------------------------------------------------
[2025-08-20 00:53:39] fold_3: Epoch [1/250], Loss: 0.6934, ACC: 0.5224, AUC: 0.5437
[2025-08-20 00:53:40] ANN_model saved with Val_ACC: 0.7236
[2025-08-20 00:53:40] ----------------------------------------------------------------------------------------------------
[2025-08-20 00:53:42] ANN_model saved with Val_ACC: 0.7539
[2025-08-20 00:53:42] ----------------------------------------------------------------------------------------------------
[2025-08-20 00:53:44] ANN_model saved with Val_ACC: 0.7685
[2025-08-20 00:53:44] ----------------------------------------------------------------------------------------------------
[2025-08-20 00:53:45] ANN_model saved with Val_ACC: 0.7812
[2025-08-20 00:53:45] ----------------------------------------------------------------------------------------------------
[2025-08-20 00:53:47] ANN_model saved with Val_ACC: 0.7976
[2025-08-20 00:53:47] ----------------------------------------------------------------------------------------------------
[2025-08-20 00:53:49] ANN_model saved with Val_ACC: 0.8079
[2025-08-20 00:53:49] ----------------------------------------------------------------------------------------------------
[2025-08-20 00:53:50] ANN_model saved with Val_ACC: 0.8124
[2025-08-20 00:53:50] ----------------------------------------------------------------------------------------------------
[2025-08-20 00:53:52] ANN_model saved with Val_ACC: 0.8139
[2025-08-20 00:53:52] ----------------------------------------------------------------------------------------------------
[2025-08-20 00:53:56] ANN_model saved with Val_ACC: 0.8233
[2025-08-20 00:53:56] ----------------------------------------------------------------------------------------------------
[2025-08-20 00:53:59] ANN_model saved with Val_ACC: 0.8345
[2025-08-20 00:53:59] ----------------------------------------------------------------------------------------------------
[2025-08-20 00:54:01] ANN_model saved with Val_ACC: 0.8427
[2025-08-20 00:54:01] ----------------------------------------------------------------------------------------------------
[2025-08-20 00:54:02] ANN_model saved with Val_ACC: 0.8442
[2025-08-20 00:54:02] ----------------------------------------------------------------------------------------------------
[2025-08-20 00:54:04] ANN_model saved with Val_ACC: 0.8455
[2025-08-20 00:54:04] ----------------------------------------------------------------------------------------------------
[2025-08-20 00:54:07] ANN_model saved with Val_ACC: 0.8476
[2025-08-20 00:54:07] ----------------------------------------------------------------------------------------------------
[2025-08-20 00:54:09] ANN_model saved with Val_ACC: 0.8479
[2025-08-20 00:54:09] ----------------------------------------------------------------------------------------------------
[2025-08-20 00:54:10] ANN_model saved with Val_ACC: 0.8500
[2025-08-20 00:54:10] ----------------------------------------------------------------------------------------------------
[2025-08-20 00:54:11] fold_3: Epoch [21/250], Loss: 0.3560, ACC: 0.8500, AUC: 0.9242
[2025-08-20 00:54:13] ANN_model saved with Val_ACC: 0.8521
[2025-08-20 00:54:13] ----------------------------------------------------------------------------------------------------
[2025-08-20 00:54:36] fold_3: Epoch [41/250], Loss: 0.3254, ACC: 0.8433, AUC: 0.9222
[2025-08-20 00:55:05] fold_3: Epoch [61/250], Loss: 0.3186, ACC: 0.8409, AUC: 0.9216
[2025-08-20 00:55:33] fold_3: Epoch [81/250], Loss: 0.3165, ACC: 0.8409, AUC: 0.9215
[2025-08-20 00:55:52] fold_3: Epoch [101/250], Loss: 0.3156, ACC: 0.8409, AUC: 0.9223
[2025-08-20 00:56:15] fold_3: Epoch [121/250], Loss: 0.3148, ACC: 0.8464, AUC: 0.9226
[2025-08-20 00:56:36] fold_3: Epoch [141/250], Loss: 0.3145, ACC: 0.8433, AUC: 0.9232
[2025-08-20 00:56:57] fold_3: Epoch [161/250], Loss: 0.3143, ACC: 0.8442, AUC: 0.9222
[2025-08-20 00:57:14] fold_3: Epoch [181/250], Loss: 0.3139, ACC: 0.8439, AUC: 0.9227
[2025-08-20 00:57:36] fold_3: Epoch [201/250], Loss: 0.3138, ACC: 0.8445, AUC: 0.9228
[2025-08-20 00:57:54] fold_3: Epoch [221/250], Loss: 0.3137, ACC: 0.8430, AUC: 0.9228
[2025-08-20 00:58:17] fold_3: Epoch [241/250], Loss: 0.3137, ACC: 0.8430, AUC: 0.9227
[2025-08-20 01:57:44] Finall ensemble results of fold_3 for MACSynDCR:
[2025-08-20 01:57:44] ----------------------------------------------------------------------------------------------------
[2025-08-20 01:57:44] Ensemble Accuracy: 0.8645, AUC-ROC: 0.9419, 
Ensemble AUC-PR: 0.9346, Precision: 0.8524, 
Ensemble Recall: 0.8585, F1 Score: 0.8555, 
Ensemble RMSE: 21.1424
[2025-08-20 01:57:44] ----------------------------------------------------------------------------------------------------
[2025-08-20 01:57:44] Fold 4
[2025-08-20 01:57:44] ----------------------------------------------------------------------------------------------------
[2025-08-20 01:57:45] ANN_model saved with Val_ACC: 0.5561
[2025-08-20 01:57:45] ----------------------------------------------------------------------------------------------------
[2025-08-20 01:57:45] fold_4: Epoch [1/250], Loss: 0.6893, ACC: 0.5561, AUC: 0.5620
[2025-08-20 01:57:46] ANN_model saved with Val_ACC: 0.7276
[2025-08-20 01:57:46] ----------------------------------------------------------------------------------------------------
[2025-08-20 01:57:47] ANN_model saved with Val_ACC: 0.7530
[2025-08-20 01:57:47] ----------------------------------------------------------------------------------------------------
[2025-08-20 01:57:48] ANN_model saved with Val_ACC: 0.7679
[2025-08-20 01:57:48] ----------------------------------------------------------------------------------------------------
[2025-08-20 01:57:49] ANN_model saved with Val_ACC: 0.7727
[2025-08-20 01:57:49] ----------------------------------------------------------------------------------------------------
[2025-08-20 01:57:50] ANN_model saved with Val_ACC: 0.7864
[2025-08-20 01:57:50] ----------------------------------------------------------------------------------------------------
[2025-08-20 01:57:51] ANN_model saved with Val_ACC: 0.7952
[2025-08-20 01:57:51] ----------------------------------------------------------------------------------------------------
[2025-08-20 01:57:53] ANN_model saved with Val_ACC: 0.8048
[2025-08-20 01:57:53] ----------------------------------------------------------------------------------------------------
[2025-08-20 01:57:53] ANN_model saved with Val_ACC: 0.8106
[2025-08-20 01:57:53] ----------------------------------------------------------------------------------------------------
[2025-08-20 01:57:54] ANN_model saved with Val_ACC: 0.8155
[2025-08-20 01:57:54] ----------------------------------------------------------------------------------------------------
[2025-08-20 01:57:56] ANN_model saved with Val_ACC: 0.8233
[2025-08-20 01:57:56] ----------------------------------------------------------------------------------------------------
[2025-08-20 01:57:56] ANN_model saved with Val_ACC: 0.8288
[2025-08-20 01:57:56] ----------------------------------------------------------------------------------------------------
[2025-08-20 01:57:57] ANN_model saved with Val_ACC: 0.8348
[2025-08-20 01:57:57] ----------------------------------------------------------------------------------------------------
[2025-08-20 01:57:58] ANN_model saved with Val_ACC: 0.8397
[2025-08-20 01:57:58] ----------------------------------------------------------------------------------------------------
[2025-08-20 01:57:59] ANN_model saved with Val_ACC: 0.8452
[2025-08-20 01:57:59] ----------------------------------------------------------------------------------------------------
[2025-08-20 01:58:00] ANN_model saved with Val_ACC: 0.8461
[2025-08-20 01:58:00] ----------------------------------------------------------------------------------------------------
[2025-08-20 01:58:01] fold_4: Epoch [21/250], Loss: 0.3564, ACC: 0.8421, AUC: 0.9169
[2025-08-20 01:58:04] ANN_model saved with Val_ACC: 0.8473
[2025-08-20 01:58:04] ----------------------------------------------------------------------------------------------------
[2025-08-20 01:58:07] ANN_model saved with Val_ACC: 0.8497
[2025-08-20 01:58:07] ----------------------------------------------------------------------------------------------------
[2025-08-20 01:58:12] fold_4: Epoch [41/250], Loss: 0.3272, ACC: 0.8488, AUC: 0.9155
[2025-08-20 01:58:23] fold_4: Epoch [61/250], Loss: 0.3180, ACC: 0.8385, AUC: 0.9157
[2025-08-20 01:58:35] fold_4: Epoch [81/250], Loss: 0.3165, ACC: 0.8424, AUC: 0.9170
[2025-08-20 01:58:45] fold_4: Epoch [101/250], Loss: 0.3155, ACC: 0.8400, AUC: 0.9174
[2025-08-20 01:58:56] fold_4: Epoch [121/250], Loss: 0.3150, ACC: 0.8461, AUC: 0.9187
[2025-08-20 01:59:07] fold_4: Epoch [141/250], Loss: 0.3147, ACC: 0.8400, AUC: 0.9185
[2025-08-20 01:59:17] fold_4: Epoch [161/250], Loss: 0.3143, ACC: 0.8430, AUC: 0.9173
[2025-08-20 01:59:28] fold_4: Epoch [181/250], Loss: 0.3141, ACC: 0.8409, AUC: 0.9160
[2025-08-20 01:59:37] fold_4: Epoch [201/250], Loss: 0.3139, ACC: 0.8412, AUC: 0.9165
[2025-08-20 01:59:47] fold_4: Epoch [221/250], Loss: 0.3138, ACC: 0.8421, AUC: 0.9178
[2025-08-20 01:59:56] fold_4: Epoch [241/250], Loss: 0.3138, ACC: 0.8415, AUC: 0.9181
[2025-08-20 02:50:19] Finall ensemble results of fold_4 for MACSynDCR:
[2025-08-20 02:50:19] ----------------------------------------------------------------------------------------------------
[2025-08-20 02:50:19] Ensemble Accuracy: 0.8697, AUC-ROC: 0.9400, 
Ensemble AUC-PR: 0.9302, Precision: 0.8597, 
Ensemble Recall: 0.8630, F1 Score: 0.8614, 
Ensemble RMSE: 20.7364
[2025-08-20 02:50:19] ----------------------------------------------------------------------------------------------------
[2025-08-20 02:50:19] Fold 5
[2025-08-20 02:50:19] ----------------------------------------------------------------------------------------------------
[2025-08-20 02:50:21] ANN_model saved with Val_ACC: 0.5186
[2025-08-20 02:50:21] ----------------------------------------------------------------------------------------------------
[2025-08-20 02:50:21] fold_5: Epoch [1/250], Loss: 0.6971, ACC: 0.5186, AUC: 0.5262
[2025-08-20 02:50:22] ANN_model saved with Val_ACC: 0.7248
[2025-08-20 02:50:22] ----------------------------------------------------------------------------------------------------
[2025-08-20 02:50:23] ANN_model saved with Val_ACC: 0.7533
[2025-08-20 02:50:23] ----------------------------------------------------------------------------------------------------
[2025-08-20 02:50:24] ANN_model saved with Val_ACC: 0.7620
[2025-08-20 02:50:24] ----------------------------------------------------------------------------------------------------
[2025-08-20 02:50:24] ANN_model saved with Val_ACC: 0.7702
[2025-08-20 02:50:24] ----------------------------------------------------------------------------------------------------
[2025-08-20 02:50:25] ANN_model saved with Val_ACC: 0.7857
[2025-08-20 02:50:25] ----------------------------------------------------------------------------------------------------
[2025-08-20 02:50:26] ANN_model saved with Val_ACC: 0.7963
[2025-08-20 02:50:26] ----------------------------------------------------------------------------------------------------
[2025-08-20 02:50:28] ANN_model saved with Val_ACC: 0.8087
[2025-08-20 02:50:28] ----------------------------------------------------------------------------------------------------
[2025-08-20 02:50:28] ANN_model saved with Val_ACC: 0.8199
[2025-08-20 02:50:28] ----------------------------------------------------------------------------------------------------
[2025-08-20 02:50:30] ANN_model saved with Val_ACC: 0.8224
[2025-08-20 02:50:30] ----------------------------------------------------------------------------------------------------
[2025-08-20 02:50:31] ANN_model saved with Val_ACC: 0.8278
[2025-08-20 02:50:31] ----------------------------------------------------------------------------------------------------
[2025-08-20 02:50:32] ANN_model saved with Val_ACC: 0.8354
[2025-08-20 02:50:32] ----------------------------------------------------------------------------------------------------
[2025-08-20 02:50:32] ANN_model saved with Val_ACC: 0.8400
[2025-08-20 02:50:32] ----------------------------------------------------------------------------------------------------
[2025-08-20 02:50:34] ANN_model saved with Val_ACC: 0.8424
[2025-08-20 02:50:34] ----------------------------------------------------------------------------------------------------
[2025-08-20 02:50:35] ANN_model saved with Val_ACC: 0.8439
[2025-08-20 02:50:35] ----------------------------------------------------------------------------------------------------
[2025-08-20 02:50:36] ANN_model saved with Val_ACC: 0.8469
[2025-08-20 02:50:36] ----------------------------------------------------------------------------------------------------
[2025-08-20 02:50:37] fold_5: Epoch [21/250], Loss: 0.3585, ACC: 0.8436, AUC: 0.9240
[2025-08-20 02:50:39] ANN_model saved with Val_ACC: 0.8536
[2025-08-20 02:50:39] ----------------------------------------------------------------------------------------------------
[2025-08-20 02:50:42] ANN_model saved with Val_ACC: 0.8557
[2025-08-20 02:50:42] ----------------------------------------------------------------------------------------------------
[2025-08-20 02:50:48] fold_5: Epoch [41/250], Loss: 0.3227, ACC: 0.8512, AUC: 0.9262
[2025-08-20 02:50:59] fold_5: Epoch [61/250], Loss: 0.3194, ACC: 0.8460, AUC: 0.9254
[2025-08-20 02:51:09] ANN_model saved with Val_ACC: 0.8569
[2025-08-20 02:51:09] ----------------------------------------------------------------------------------------------------
[2025-08-20 02:51:09] fold_5: Epoch [81/250], Loss: 0.3157, ACC: 0.8569, AUC: 0.9272
[2025-08-20 02:51:19] fold_5: Epoch [101/250], Loss: 0.3148, ACC: 0.8524, AUC: 0.9271
[2025-08-20 02:51:22] ANN_model saved with Val_ACC: 0.8575
[2025-08-20 02:51:22] ----------------------------------------------------------------------------------------------------
[2025-08-20 02:51:31] fold_5: Epoch [121/250], Loss: 0.3144, ACC: 0.8536, AUC: 0.9267
[2025-08-20 02:51:41] fold_5: Epoch [141/250], Loss: 0.3143, ACC: 0.8533, AUC: 0.9276
[2025-08-20 02:51:52] fold_5: Epoch [161/250], Loss: 0.3141, ACC: 0.8557, AUC: 0.9272
[2025-08-20 02:52:03] fold_5: Epoch [181/250], Loss: 0.3140, ACC: 0.8542, AUC: 0.9274
[2025-08-20 02:52:13] fold_5: Epoch [201/250], Loss: 0.3139, ACC: 0.8533, AUC: 0.9272
[2025-08-20 02:52:23] fold_5: Epoch [221/250], Loss: 0.3139, ACC: 0.8542, AUC: 0.9272
[2025-08-20 02:52:35] fold_5: Epoch [241/250], Loss: 0.3138, ACC: 0.8554, AUC: 0.9270
[2025-08-20 03:45:59] Finall ensemble results of fold_5 for MACSynDCR:
[2025-08-20 03:45:59] ----------------------------------------------------------------------------------------------------
[2025-08-20 03:45:59] Ensemble Accuracy: 0.8721, AUC-ROC: 0.9449, 
Ensemble AUC-PR: 0.9381, Precision: 0.8646, 
Ensemble Recall: 0.8646, F1 Score: 0.8646, 
Ensemble RMSE: 20.5426
[2025-08-20 03:45:59] ----------------------------------------------------------------------------------------------------
[2025-08-20 03:45:59] ****************************************************************************************************
[2025-08-20 03:45:59] *          Final MACSynCDR Results:
[2025-08-20 03:45:59] ****************************************************************************************************
[2025-08-20 03:45:59]  AUC: 0.9413 ± 0.0028
[2025-08-20 03:45:59]  Accuracy: 0.8679 ± 0.0070
[2025-08-20 03:45:59]  AUC-PR: 0.9355 ± 0.0035
[2025-08-20 03:45:59]  Precision: 0.8614 ± 0.0112
[2025-08-20 03:45:59]  Recall: 0.8596 ± 0.0051
[2025-08-20 03:45:59]  F1: 0.8605 ± 0.0074
[2025-08-20 03:45:59]  RMSE: 20.8734 ± 0.5470
[2025-08-20 03:45:59]  PCC: 0.7806 ± 0.0090
